[2m2026-09-08T02:08:39.886184Z[0m [32m INFO[0m [2mlighter_vmm::net[0m[2m:[0m network started [3mgateway[0m[2m=[0m"192.168.127.1" [3mguest[0m[2m=[0m"192.168.127.2" [3mmtu[0m[2m=[0m1500
[2m2026-09-08T02:08:39.886325Z[0m [32m INFO[0m [2mlighter_vmm::machine[0m[2m:[0m attached disk [3mpath[0m[2m=[0m/var/folders/t_/gbzzqq_x4hvg4qdrhspkp37m0000gn/T/lighter-rootfs.4LptmSljUD.ext4 [3mcapacity_mib[0m[2m=[0m2048 [3mallocated_kib[0m[2m=[0m2097152
[2m2026-09-08T02:08:39.886410Z[0m [32m INFO[0m [2mlighter_vmm::machine[0m[2m:[0m attached disk [3mpath[0m[2m=[0m/var/folders/t_/gbzzqq_x4hvg4qdrhspkp37m0000gn/T/lighter-bench.Y9sSFFa7HJ/data.img [3mcapacity_mib[0m[2m=[0m131072 [3mallocated_kib[0m[2m=[0m0
[2m2026-09-08T02:08:39.888423Z[0m [32m INFO[0m [2mlighter_fs::server[0m[2m:[0m share opened [3mroot[0m[2m=[0m~/.lighter-bench/lighter [3mattr_ms[0m[2m=[0m100 [3mentry_ms[0m[2m=[0m100 [3mdir_entry_ms[0m[2m=[0m1000 [3mwatched[0m[2m=[0mtrue [3mdescriptors[0m[2m=[0m10240
[2m2026-09-08T02:08:39.889210Z[0m [32m INFO[0m [2mlighter_fs::server[0m[2m:[0m share opened [3mroot[0m[2m=[0m/Library/Apple/usr/libexec/oah/RosettaLinux [3mattr_ms[0m[2m=[0m100 [3mentry_ms[0m[2m=[0m100 [3mdir_entry_ms[0m[2m=[0m1000 [3mwatched[0m[2m=[0mtrue [3mdescriptors[0m[2m=[0m10240
[2m2026-09-08T02:08:39.891697Z[0m [32m INFO[0m [2mlighter_vmm::machine[0m[2m:[0m machine started [3mvcpus[0m[2m=[0m8 [3mram_mib[0m[2m=[0m1024 [3mentry[0m[2m=[0m0x40000000 [3mdtb[0m[2m=[0m0x43400000
[2m2026-09-08T02:08:39.892062Z[0m [32m INFO[0m [2mlighter_vmm::vsock_proxy[0m[2m:[0m proxying a socket into the guest [3mpath[0m[2m=[0m/var/folders/t_/gbzzqq_x4hvg4qdrhspkp37m0000gn/T/lighter-bench.Y9sSFFa7HJ/docker.sock [3mguest_port[0m[2m=[0m2375
[2m2026-09-08T02:08:39.892140Z[0m [32m INFO[0m [2mlighter_vmm::vsock_proxy[0m[2m:[0m proxying a socket into the guest [3mpath[0m[2m=[0m/var/folders/t_/gbzzqq_x4hvg4qdrhspkp37m0000gn/T/lighter-bench.Y9sSFFa7HJ/control.sock [3mguest_port[0m[2m=[0m2376
[2m2026-09-08T02:08:39.892214Z[0m [33m WARN[0m [2mlighter_vmm::virtio::mmio[0m[2m:[0m queue notified before the driver was ready [3mdevice[0m[2m=[0m"virtio-vsock" [3mindex[0m[2m=[0m0
[    0.000000] Booting Linux on physical CPU 0x0000000000 [0x610f0000]
[    0.000000] Linux version 6.18.49-lighter (root@cc682f9944e9) (gcc (Debian 12.2.0-14+deb12u1) 12.2.0, GNU ld (GNU Binutils for Debian) 2.40) #1 SMP Mon Sep  7 19:57:38 UTC 2026
[    0.000000] KASLR disabled due to lack of seed
[    0.000000] Machine model: linux,dummy-virt
[    0.000000] efi: UEFI not found.
[    0.000000] OF: reserved mem: Reserved memory: No reserved-memory node in the DT
[    0.000000] NUMA: Faking a node at [mem 0x0000000040000000-0x000000007fffffff]
[    0.000000] NODE_DATA(0) allocated [mem 0x7fe05d00-0x7fe0847f]
[    0.000000] Zone ranges:
[    0.000000]   DMA      [mem 0x0000000040000000-0x000000007fffffff]
[    0.000000]   DMA32    empty
[    0.000000]   Normal   empty
[    0.000000] Movable zone start for each node
[    0.000000] Early memory node ranges
[    0.000000]   node   0: [mem 0x0000000040000000-0x000000007fffffff]
[    0.000000] Initmem setup node 0 [mem 0x0000000040000000-0x000000007fffffff]
[    0.000000] cma: Reserved 32 MiB at 0x000000007cc00000
[    0.000000] psci: probing for conduit method from DT.
[    0.000000] psci: PSCIv1.1 detected in firmware.
[    0.000000] psci: Using standard PSCI v0.2 function IDs
[    0.000000] psci: Trusted OS migration not required
[    0.000000] psci: SMC Calling Convention v1.0
[    0.000000] percpu: Embedded 23 pages/cpu s63320 r0 d30888 u94208
[    0.000000] Detected PIPT I-cache on CPU0
[    0.000000] CPU features: detected: Address authentication (IMP DEF algorithm)
[    0.000000] CPU features: detected: GICv3 CPU interface
[    0.000000] CPU features: detected: Spectre-v4
[    0.000000] CPU features: detected: Spectre-BHB
[    0.000000] alternatives: applying boot alternatives
[    0.000000] Kernel command line: console=ttyAMA0 panic=-1 root=/dev/vda rw init=/sbin/lighter-init psi=0 idle.poll_ns=50000 lighter.time=1788833319 lighter.share=bench:/mnt/bench  lighter.rosetta 
[    0.000000] printk: log buffer data + meta data: 131072 + 458752 = 589824 bytes
[    0.000000] Dentry cache hash table entries: 131072 (order: 8, 1048576 bytes, linear)
[    0.000000] Inode-cache hash table entries: 65536 (order: 7, 524288 bytes, linear)
[    0.000000] software IO TLB: SWIOTLB bounce buffer size adjusted to 1MB
[    0.000000] software IO TLB: area num 8.
[    0.000000] software IO TLB: SWIOTLB bounce buffer size roundup to 2MB
[    0.000000] software IO TLB: mapped [mem 0x000000007c980000-0x000000007cb80000] (2MB)
[    0.000000] Fallback order for Node 0: 0 
[    0.000000] Built 1 zonelists, mobility grouping on.  Total pages: 262144
[    0.000000] Policy zone: DMA
[    0.000000] mem auto-init: stack:off, heap alloc:off, heap free:off
[    0.000000] SLUB: HWalign=64, Order=0-3, MinObjects=0, CPUs=8, Nodes=1
[    0.000000] rcu: Hierarchical RCU implementation.
[    0.000000] rcu: 	RCU event tracing is enabled.
[    0.000000] rcu: 	RCU restricting CPUs from NR_CPUS=512 to nr_cpu_ids=8.
[    0.000000] 	Tracing variant of Tasks RCU enabled.
[    0.000000] rcu: RCU calculated value of scheduler-enlistment delay is 25 jiffies.
[    0.000000] rcu: Adjusting geometry for rcu_fanout_leaf=16, nr_cpu_ids=8
[    0.000000] RCU Tasks Trace: Setting shift to 3 and lim to 1 rcu_task_cb_adjust=1 rcu_task_cpu_ids=8.
[    0.000000] NR_IRQS: 64, nr_irqs: 64, preallocated irqs: 0
[    0.000000] GICv3: 988 SPIs implemented
[    0.000000] GICv3: 0 Extended SPIs implemented
[    0.000000] Root IRQ handler: gic_handle_irq
[    0.000000] GICv3: GICv3 features: 16 PPIs, RSS
[    0.000000] GICv3: GICD_CTLR.DS=1, SCR_EL3.FIQ=0
[    0.000000] GICv3: CPU0: found redistributor 0 region 0:0x00000000080a0000
[    0.000000] rcu: srcu_init: Setting srcu_struct sizes based on contention.
[    0.000000] clocksource: jiffies: mask: 0xffffffff max_cycles: 0xffffffff, max_idle_ns: 7645041785100000 ns
[    0.000000] arch_timer: cp15 timer running at 24.00MHz (virt).
[    0.000000] clocksource: arch_sys_counter: mask: 0xffffffffffffff max_cycles: 0x588fe9dc0, max_idle_ns: 440795202592 ns
[    0.000000] sched_clock: 56 bits at 24MHz, resolution 41ns, wraps every 4398046511097ns
[    0.000080] Console: colour dummy device 80x25
[    0.000106] Calibrating delay loop (skipped), value calculated using timer frequency.. 48.00 BogoMIPS (lpj=96000)
[    0.000107] pid_max: default: 32768 minimum: 301
[    0.000135] LSM: initializing lsm=capability
[    0.000219] Mount-cache hash table entries: 2048 (order: 2, 16384 bytes, linear)
[    0.000222] Mountpoint-cache hash table entries: 2048 (order: 2, 16384 bytes, linear)
[    0.000583] cacheinfo: Unable to detect cache hierarchy for CPU 0
[    0.000773] Apple TSO: available per thread (PR_SET_MEM_MODEL); boot value off
[    0.000804] rcu: Hierarchical SRCU implementation.
[    0.000805] rcu: 	Max phase no-delay instances is 1000.
[    0.000860] Timer migration: 1 hierarchy levels; 8 children per group; 1 crossnode level
[    0.000927] EFI services will not be available.
[    0.001043] smp: Bringing up secondary CPUs ...
[    0.001223] Detected PIPT I-cache on CPU1
[    0.001236] GICv3: CPU1: found redistributor 1 region 0:0x00000000080c0000
[    0.001275] CPU1: Booted secondary processor 0x0000000001 [0x610f0000]
[    0.001542] Detected PIPT I-cache on CPU2
[    0.001558] GICv3: CPU2: found redistributor 2 region 0:0x00000000080e0000
[    0.001599] CPU2: Booted secondary processor 0x0000000002 [0x610f0000]
[    0.001853] Detected PIPT I-cache on CPU3
[    0.001871] GICv3: CPU3: found redistributor 3 region 0:0x0000000008100000
[    0.001912] CPU3: Booted secondary processor 0x0000000003 [0x610f0000]
[    0.002170] Detected PIPT I-cache on CPU4
[    0.002188] GICv3: CPU4: found redistributor 4 region 0:0x0000000008120000
[    0.002227] CPU4: Booted secondary processor 0x0000000004 [0x610f0000]
[    0.002469] Detected PIPT I-cache on CPU5
[    0.002488] GICv3: CPU5: found redistributor 5 region 0:0x0000000008140000
[    0.002528] CPU5: Booted secondary processor 0x0000000005 [0x610f0000]
[    0.002739] Detected PIPT I-cache on CPU6
[    0.002760] GICv3: CPU6: found redistributor 6 region 0:0x0000000008160000
[    0.002799] CPU6: Booted secondary processor 0x0000000006 [0x610f0000]
[    0.003050] Detected PIPT I-cache on CPU7
[    0.003073] GICv3: CPU7: found redistributor 7 region 0:0x0000000008180000
[    0.003112] CPU7: Booted secondary processor 0x0000000007 [0x610f0000]
[    0.003189] smp: Brought up 1 node, 8 CPUs
[    0.003191] SMP: Total of 8 processors activated.
[    0.003191] CPU: All CPU(s) started at EL1
[    0.003201] CPU features: detected: ARMv8.4 Translation Table Level
[    0.003202] CPU features: detected: Data cache clean to the PoU not required for I/D coherence
[    0.003202] CPU features: detected: Common not Private translations
[    0.003202] CPU features: detected: CRC32 instructions
[    0.003203] CPU features: detected: Data independent timing control (DIT)
[    0.003203] CPU features: detected: E0PD
[    0.003204] CPU features: detected: Generic authentication (IMP DEF algorithm)
[    0.003204] CPU features: detected: RCpc load-acquire (LDAPR)
[    0.003205] CPU features: detected: LSE atomic instructions
[    0.003205] CPU features: detected: Privileged Access Never
[    0.003205] CPU features: detected: RAS Extension Support
[    0.003206] CPU features: detected: Speculation barrier (SB)
[    0.003206] CPU features: detected: TLB range maintenance instructions
[    0.003327] alternatives: applying system-wide alternatives
[    0.005691] Memory: 935880K/1048576K available (19008K kernel code, 6390K rwdata, 12684K rodata, 12224K init, 709K bss, 74108K reserved, 32768K cma-reserved)
[    0.005837] devtmpfs: initialized
[    0.006171] posixtimers hash table entries: 4096 (order: 4, 65536 bytes, linear)
[    0.006213] futex hash table entries: 2048 (131072 bytes on 1 NUMA nodes, total 128 KiB, linear).
[    0.006244] 19952 pages in range for non-PLT usage
[    0.006244] 511472 pages in range for PLT usage
[    0.006260] pinctrl core: initialized pinctrl subsystem
[    0.006436] DMI not present or invalid.
[    0.007595] NET: Registered PF_NETLINK/PF_ROUTE protocol family
[    0.007842] DMA: preallocated 128 KiB GFP_KERNEL pool for atomic allocations
[    0.007917] DMA: preallocated 128 KiB GFP_KERNEL|GFP_DMA pool for atomic allocations
[    0.008008] DMA: preallocated 128 KiB GFP_KERNEL|GFP_DMA32 pool for atomic allocations
[    0.008087] thermal_sys: Registered thermal governor 'step_wise'
[    0.008087] thermal_sys: Registered thermal governor 'power_allocator'
[    0.008092] cpuidle: using governor menu
[    0.008105] NET: Registered PF_QIPCRTR protocol family
[    0.008129] hw-breakpoint: found 6 breakpoint and 4 watchpoint registers.
[    0.008245] ASID allocator initialised with 256 entries
[    0.008427] Serial: AMBA PL011 UART driver
[    0.008592] c000000.pl011: ttyAMA0 at MMIO 0xc000000 (irq = 13, base_baud = 0) is a PL011 rev1
[    0.008656] printk: console [ttyAMA0] enabled
[2m2026-09-08T02:08:39.934034Z[0m [33m WARN[0m [2mlighter_vmm::virtio::mmio[0m[2m:[0m queue notified before the driver was ready [3mdevice[0m[2m=[0m"virtio-vsock" [3mindex[0m[2m=[0m0
[2m2026-09-08T02:08:39.934178Z[0m [33m WARN[0m [2mlighter_vmm::virtio::mmio[0m[2m:[0m queue notified before the driver was ready [3mdevice[0m[2m=[0m"fs" [3mindex[0m[2m=[0m5
[2m2026-09-08T02:08:39.934195Z[0m [32m INFO[0m [2mlighter_fs::cache[0m[2m:[0m cache lifetime set by whether the guest can be told to forget [3minvalidation[0m[2m=[0m"push" [3mattr_ms[0m[2m=[0m20000 [3mentry_ms[0m[2m=[0m20000
[    0.009446] HugeTLB: registered 1.00 GiB page size, pre-allocated 0 pages
[2m2026-09-08T02:08:39.934347Z[0m [32m INFO[0m [2mlighter_vmm::virtio::fs[0m[2m:[0m share activated [3mtag[0m[2m=[0mbench [3mroot[0m[2m=[0m~/.lighter-bench/lighter
[    0.009448] HugeTLB: 0 KiB vmemmap can be freed for a 1.00 GiB page
[    0.009448] HugeTLB: registered 32.0 MiB page size, pre-allocated 0 pages
[2m2026-09-08T02:08:39.934620Z[0m [33m WARN[0m [2mlighter_vmm::virtio::mmio[0m[2m:[0m queue notified before the driver was ready [3mdevice[0m[2m=[0m"fs" [3mindex[0m[2m=[0m5
[2m2026-09-08T02:08:39.934629Z[0m [32m INFO[0m [2mlighter_fs::cache[0m[2m:[0m cache lifetime set by whether the guest can be told to forget [3minvalidation[0m[2m=[0m"push" [3mattr_ms[0m[2m=[0m20000 [3mentry_ms[0m[2m=[0m20000
[    0.009453] HugeTLB: 0 KiB vmemmap can be freed for a 32.0 MiB page
[2m2026-09-08T02:08:39.934765Z[0m [32m INFO[0m [2mlighter_vmm::virtio::fs[0m[2m:[0m share activated [3mtag[0m[2m=[0mrosetta [3mroot[0m[2m=[0m/Library/Apple/usr/libexec/oah/RosettaLinux
[    0.009453] HugeTLB: registered 2.00 MiB page size, pre-allocated 0 pages
[    0.009454] HugeTLB: 0 KiB vmemmap can be freed for a 2.00 MiB page
[    0.009454] HugeTLB: registered 64.0 KiB page size, pre-allocated 0 pages
[    0.009454] HugeTLB: 0 KiB vmemmap can be freed for a 64.0 KiB page
[    0.010526] raid6: skipped pq benchmark and selected neonx8
[    0.010526] raid6: using neon recovery algorithm
[    0.010552] ACPI: Interpreter disabled.
[    0.010694] iommu: Default domain type: Translated
[    0.010695] iommu: DMA domain TLB invalidation policy: strict mode
[    0.014532] pps_core: LinuxPPS API ver. 1 registered
[    0.014532] pps_core: Software ver. 5.3.6 - Copyright 2005-2007 Rodolfo Giometti <giometti@linux.it>
[    0.014533] PTP clock support registered
[    0.014542] EDAC MC: Ver: 3.0.0
[    0.014601] scmi_core: SCMI protocol bus registered
[    0.014676] FPGA manager framework
[    0.014820] nfc: nfc_init: NFC Core ver 0.1
[    0.014825] NET: Registered PF_NFC protocol family
[    0.015159] clocksource: Switched to clocksource arch_sys_counter
[    0.015254] VFS: Disk quotas dquot_6.6.0
[    0.015259] VFS: Dquot-cache hash table entries: 512 (order 0, 4096 bytes)
[    0.015446] pnp: PnP ACPI: disabled
[    0.016194] NET: Registered PF_INET protocol family
[    0.016244] IP idents hash table entries: 16384 (order: 5, 131072 bytes, linear)
[    0.016410] tcp_listen_portaddr_hash hash table entries: 512 (order: 1, 8192 bytes, linear)
[    0.016412] Table-perturb hash table entries: 65536 (order: 6, 262144 bytes, linear)
[    0.016414] TCP established hash table entries: 8192 (order: 4, 65536 bytes, linear)
[    0.016429] TCP bind hash table entries: 8192 (order: 6, 262144 bytes, linear)
[    0.016478] TCP: Hash tables configured (established 8192 bind 8192)
[    0.016513] UDP hash table entries: 512 (order: 3, 32768 bytes, linear)
[    0.016521] UDP-Lite hash table entries: 512 (order: 3, 32768 bytes, linear)
[    0.016540] NET: Registered PF_UNIX/PF_LOCAL protocol family
[    0.016737] kvm [1]: HYP mode not available
[    0.016840] Initialise system trusted keyrings
[    0.016953] workingset: timestamp_bits=42 max_order=18 bucket_order=0
[    0.016999] squashfs: version 4.0 (2009/01/31) Phillip Lougher
[    0.017023] fuse: init (API version 7.45)
[    0.017096] SGI XFS with ACLs, security attributes, scrub, repair, no debug enabled
[    0.017289] 9p: Installing v9fs 9p2000 file system support
[    0.023324] NET: Registered PF_ALG protocol family
[    0.023328] xor: measuring software checksum speed
[    0.023499]    8regs           : 19256 MB/sec
[    0.023577]    32regs          : 42334 MB/sec
[    0.023642]    arm64_neon      : 50281 MB/sec
[    0.023643] xor: using function: arm64_neon (50281 MB/sec)
[    0.023652] Key type asymmetric registered
[    0.023653] Asymmetric key parser 'x509' registered
[    0.023658] Block layer SCSI generic (bsg) driver version 0.4 loaded (major 239)
[    0.023659] io scheduler mq-deadline registered
[    0.023660] io scheduler kyber registered
[    0.023663] io scheduler bfq registered
[    0.027413] ledtrig-cpu: registered to indicate activity on CPUs
[    0.027429] IPMI message handler: version 39.2
[    0.027433] ipmi device interface
[    0.027511] ipmi_si: IPMI System Interface driver
[    0.027520] ipmi_si: Unable to find any System Interface(s)
[    0.029339] virtiofs virtio4: discovered new tag: bench
[    0.029794] virtiofs virtio5: discovered new tag: rosetta
[    0.030327] Free page reporting enabled
[    0.030412] virtio_mem virtio8: start address: 0x80000000
[    0.030412] virtio_mem virtio8: region size: 0xc0000000
[    0.030413] virtio_mem virtio8: device block size: 0x8000000
[    0.030413] virtio_mem virtio8: nid: 0
[    0.030414] virtio_mem virtio8: memory block size: 0x8000000
[    0.030414] virtio_mem virtio8: big block size: 0x8000000
[    0.030436] virtio_mem virtio8: plugged size: 0x0
[    0.030436] virtio_mem virtio8: requested size: 0xc0000000
[    0.031034] Fallback order for Node 0: 0 
[    0.031035] Built 1 zonelists, mobility grouping on.  Total pages: 267393
[    0.031036] Policy zone: DMA
[    0.032197] Serial: 8250/16550 driver, 4 ports, IRQ sharing enabled
[    0.032558] msm_serial: driver initialized
[    0.032587] SuperH (H)SCI(F) driver initialized
[    0.032596] STM32 USART driver initialized
[    0.032822] random: crng init done
[    0.034561] loop: module loaded
[    0.035703] Fallback order for Node 0: 0 
[    0.035705] Built 1 zonelists, mobility grouping on.  Total pages: 490481
[    0.035705] Policy zone: Normal
[    0.049087] virtio_blk virtio0: 8/0/0 default/read/poll queues
[    0.049497] virtio_blk virtio0: [vda] 4194304 512-byte logical blocks (2.15 GB/2.00 GiB)
[    0.050529] virtio_blk virtio1: 8/0/0 default/read/poll queues
[    0.050945] virtio_blk virtio1: [vdb] 268435456 512-byte logical blocks (137 GB/128 GiB)
[    0.051193] zram: Added device: zram0
[    0.051838] tun: Universal TUN/TAP device driver, 1.6
[    0.052526] VFIO - User Level meta-driver version: 0.3
[    0.054144]  cs_system_cfg: CoreSight Configuration manager initialised
[    0.054360] gnss: GNSS driver registered with major 503
[    0.054555] GACT probability NOT on
[    0.054561] Mirror/redirect action on
[    0.054858] IPVS: Registered protocols ()
[    0.054867] IPVS: Connection hash table configured (size=4096, memory=32Kbytes)
[    0.054892] IPVS: ipvs loaded.
[    0.054931] Initializing XFRM netlink socket
[    0.054941] NET: Registered PF_INET6 protocol family
[    0.055143] Segment Routing with IPv6
[    0.055154] In-situ OAM (IOAM) with IPv6
[    0.055165] sit: IPv6, IPv4 and MPLS over IPv4 tunneling driver
[    0.055223] NET: Registered PF_PACKET protocol family
[    0.055277] 8021q: 802.1Q VLAN Support v1.8
[    0.055299] 9pnet: Installing 9P2000 support
[    0.055306] Key type dns_resolver registered
[    0.055340] NET: Registered PF_VSOCK protocol family
[    0.056975] registered taskstats version 1
[    0.057025] Loading compiled-in X.509 certificates
[    0.057867] Demotion targets for Node 0: null
[    0.058000] Btrfs loaded, zoned=no, fsverity=no
[    0.058096] clk: Disabling unused clocks
[    0.058097] PM: genpd: Disabling unused power domains
[    0.058412] check access for rdinit=/init failed: -2, ignoring
[    0.091329] EXT4-fs (vda): mounted filesystem b6b766ac-cd49-44a5-aac0-ad1817245fe0 r/w with ordered data mode. Quota mode: none.
[    0.091344] VFS: Mounted root (ext4 filesystem) on device 254:0.
[    0.091526] devtmpfs: mounted
[    0.092315] Freeing unused kernel memory: 12224K
[    0.092344] Run /sbin/lighter-init as init process
INIT clock=2026-09-08T02:08:39Z
INIT filesystems=ok
INIT formatting=/dev/vdb fs=btrfs mkfs=
INIT data_fs=btrfs
INIT data_opts=noatime,nodatacow,commit=30,thread_pool=1
[    0.173432] BTRFS: device label lighter-data devid 1 transid 8 /dev/vdb (254:16) scanned by mount (138)
[    0.173661] BTRFS info (device vdb): first mount of filesystem 8e5f9855-c364-444c-8144-2ac67a7e8303
[    0.173677] BTRFS info (device vdb): using crc32c (crc32c-lib) checksum algorithm
[    0.174629] BTRFS info (device vdb): checking UUID tree
[    0.174728] BTRFS info (device vdb): setting nodatasum
[    0.174730] BTRFS info (device vdb): setting nodatacow
INIT data=mounted[    0.174730] BTRFS info (device vdb): turning on async discard
[    0.174731] BTRFS info (device vdb): enabling free space tree

INIT fstrim=0ms
[    0.182110] zram0: detected capacity change from 0 to 4194304
[    0.185016] Adding 2097148k swap on /dev/zram0.  Priority:100 extents:1 across:2097148k SS
INIT zram=on
[    0.185951] rcu: RCU calculated value of scheduler-enlistment delay is 25 jiffies.
[2m2026-09-08T02:08:40.091928Z[0m [32m INFO[0m [2mlighter_fs::server[0m[2m:[0m filesystem negotiated [3mguest[0m[2m=[0m7.45 [3mmax_write[0m[2m=[0m262144 [3mreaddirplus[0m[2m=[0mtrue [3mcreate_dialect[0m[2m=[0mtrue
INIT binfmt=x86_64 via=rosetta
[2m2026-09-08T02:08:40.092969Z[0m [32m INFO[0m [2mlighter_fs::server[0m[2m:[0m filesystem negotiated [3mguest[0m[2m=[0m7.45 [3mmax_write[0m[2m=[0m262144 [3mreaddirplus[0m[2m=[0mtrue [3mcreate_dialect[0m[2m=[0mtrue
INIT share=bench at=/mnt/bench
INIT dhcp=ok t=0.20
INIT ipv6=ok
INIT dockerd=ready after=100ms t=0.32
AGENT listening port=2376
AGENT dns addr=192.168.127.2
AGENT listening port=2375
AGENT tcp-proxy port=15201
AGENT udp-inbound
AGENT inbound port=2378
AGENT clock=set trip_us=9 attempt=0
AGENT udp-proxy port=15202
AGENT udp-proxy port=15202
INIT streams=on
INIT ready t=0.33
[2m2026-09-08T02:08:47.694413Z[0m [32m INFO[0m [2mlighter_vmm::virtio::mem[0m[2m:[0m virtio-mem offer [3mrequested_mib[0m[2m=[0m512 [3mplugged_mib[0m[2m=[0m3072
[    7.789603] virtio_mem virtio8: plugged size: 0xc0000000
[    7.789623] virtio_mem virtio8: requested size: 0x20000000
[2m2026-09-08T02:08:47.939592Z[0m [32m INFO[0m [2mlighter_vmm::virtio::mem[0m[2m:[0m virtio-mem offer [3mrequested_mib[0m[2m=[0m0 [3mplugged_mib[0m[2m=[0m1280
[    8.044923] Fallback order for Node 0: 0 
[    8.044940] Built 1 zonelists, mobility grouping on.  Total pages: 520084
[    8.044946] Policy zone: Normal
[    8.045093] virtio_mem virtio8: plugged size: 0x50000000
[    8.045094] virtio_mem virtio8: requested size: 0x0
[2m2026-09-08T02:08:55.302246Z[0m [32m INFO[0m [2mlighter_vmm::virtio::mem[0m[2m:[0m virtio-mem offer [3mrequested_mib[0m[2m=[0m3072 [3mplugged_mib[0m[2m=[0m384
[   15.397285] virtio_mem virtio8: plugged size: 0x18000000
[   15.397297] virtio_mem virtio8: requested size: 0xc0000000
[   15.398056] Fallback order for Node 0: 0 
[   15.398065] Built 1 zonelists, mobility grouping on.  Total pages: 358772
[   15.398070] Policy zone: Normal
[   15.773827] docker0: port 1(veth50bb4c1) entered blocking state
[   15.773838] docker0: port 1(veth50bb4c1) entered disabled state
[   15.773846] veth50bb4c1: entered allmulticast mode
[   15.773871] veth50bb4c1: entered promiscuous mode
[   15.778432] eth0: renamed from veth59f048f
[   15.778840] docker0: port 1(veth50bb4c1) entered blocking state
[   15.778850] docker0: port 1(veth50bb4c1) entered forwarding state
AGENT sockmap=on
[   28.613433] docker0: port 1(veth50bb4c1) entered disabled state
[   28.613467] veth59f048f: renamed from eth0
[   28.641193] docker0: port 1(veth50bb4c1) entered disabled state
[   28.641307] veth50bb4c1 (unregistering): left allmulticast mode
[   28.641309] veth50bb4c1 (unregistering): left promiscuous mode
[   28.641310] docker0: port 1(veth50bb4c1) entered disabled state
[   29.075960] docker0: port 1(veth0baa1cf) entered blocking state
[   29.075970] docker0: port 1(veth0baa1cf) entered disabled state
[   29.075977] veth0baa1cf: entered allmulticast mode
[   29.076002] veth0baa1cf: entered promiscuous mode
[   29.080211] eth0: renamed from vethbd5ad0f
[   29.080605] docker0: port 1(veth0baa1cf) entered blocking state
[   29.080612] docker0: port 1(veth0baa1cf) entered forwarding state
[2m2026-09-08T02:09:17.042510Z[0m [33m WARN[0m [2mlighter_fs::inode[0m[2m:[0m the share is holding more descriptors than it may [3mopen[0m[2m=[0m6242 [3mbudget[0m[2m=[0m6144 [3minodes[0m[2m=[0m24423 [3mlive[0m[2m=[0m24423 [3mexamined[0m[2m=[0m8192 [3mparked[0m[2m=[0m0 [3munheld[0m[2m=[0m0 [3mused[0m[2m=[0m0 [3mprivileged[0m[2m=[0m0 [3munparkable[0m[2m=[0m0
[   49.194255] docker0: port 1(veth0baa1cf) entered disabled state
[   49.194336] vethbd5ad0f: renamed from eth0
[   49.212150] docker0: port 1(veth0baa1cf) entered disabled state
[   49.212429] veth0baa1cf (unregistering): left allmulticast mode
[   49.212440] veth0baa1cf (unregistering): left promiscuous mode
[   49.212445] docker0: port 1(veth0baa1cf) entered disabled state
[   49.355391] docker0: port 1(veth647a01f) entered blocking state
[   49.355399] docker0: port 1(veth647a01f) entered disabled state
[   49.355402] veth647a01f: entered allmulticast mode
[   49.355421] veth647a01f: entered promiscuous mode
[   49.358610] eth0: renamed from veth38883b1
[   49.358981] docker0: port 1(veth647a01f) entered blocking state
[   49.358988] docker0: port 1(veth647a01f) entered forwarding state
[   89.168989] docker0: port 1(veth647a01f) entered disabled state
[   89.169133] veth38883b1: renamed from eth0
[   89.193131] docker0: port 1(veth647a01f) entered disabled state
[   89.193504] veth647a01f (unregistering): left allmulticast mode
[   89.193520] veth647a01f (unregistering): left promiscuous mode
[   89.193526] docker0: port 1(veth647a01f) entered disabled state
[   89.782663] docker0: port 1(veth38d924e) entered blocking state
[   89.782674] docker0: port 1(veth38d924e) entered disabled state
[   89.782685] veth38d924e: entered allmulticast mode
[   89.782709] veth38d924e: entered promiscuous mode
[   89.786374] eth0: renamed from veth08e8312
[   89.786914] docker0: port 1(veth38d924e) entered blocking state
[   89.786923] docker0: port 1(veth38d924e) entered forwarding state
[  142.144144] docker0: port 1(veth38d924e) entered disabled state
[  142.144267] veth08e8312: renamed from eth0
[  142.176053] docker0: port 1(veth38d924e) entered disabled state
[  142.176418] veth38d924e (unregistering): left allmulticast mode
[  142.176432] veth38d924e (unregistering): left promiscuous mode
[  142.176438] docker0: port 1(veth38d924e) entered disabled state
[  142.396788] docker0: port 1(veth190ab5c) entered blocking state
[  142.396799] docker0: port 1(veth190ab5c) entered disabled state
[  142.396806] veth190ab5c: entered allmulticast mode
[  142.396839] veth190ab5c: entered promiscuous mode
[  142.400728] eth0: renamed from vethffc7230
[  142.402790] docker0: port 1(veth190ab5c) entered blocking state
[  142.402808] docker0: port 1(veth190ab5c) entered forwarding state
[2m2026-09-08T02:11:11.098001Z[0m [33m WARN[0m [2mlighter_fs::inode[0m[2m:[0m the share is holding more descriptors than it may [3mopen[0m[2m=[0m6241 [3mbudget[0m[2m=[0m6144 [3minodes[0m[2m=[0m64201 [3mlive[0m[2m=[0m64201 [3mexamined[0m[2m=[0m8192 [3mparked[0m[2m=[0m0 [3munheld[0m[2m=[0m0 [3mused[0m[2m=[0m0 [3mprivileged[0m[2m=[0m0 [3munparkable[0m[2m=[0m0
[2m2026-09-08T02:11:35.380218Z[0m [33m WARN[0m [2mlighter_fs::inode[0m[2m:[0m the share is holding more descriptors than it may [3mopen[0m[2m=[0m6249 [3mbudget[0m[2m=[0m6144 [3minodes[0m[2m=[0m74234 [3mlive[0m[2m=[0m74234 [3mexamined[0m[2m=[0m8192 [3mparked[0m[2m=[0m0 [3munheld[0m[2m=[0m1434 [3mused[0m[2m=[0m0 [3mprivileged[0m[2m=[0m0 [3munparkable[0m[2m=[0m0
[  180.750591] docker0: port 1(veth190ab5c) entered disabled state
[  180.750635] vethffc7230: renamed from eth0
[  180.780252] docker0: port 1(veth190ab5c) entered disabled state
[  180.780558] veth190ab5c (unregistering): left allmulticast mode
[  180.780568] veth190ab5c (unregistering): left promiscuous mode
[  180.780575] docker0: port 1(veth190ab5c) entered disabled state
[  180.975415] docker0: port 1(veth7f0869c) entered blocking state
[  180.975426] docker0: port 1(veth7f0869c) entered disabled state
[  180.975433] veth7f0869c: entered allmulticast mode
[  180.975451] veth7f0869c: entered promiscuous mode
[  180.978925] eth0: renamed from vethb565d68
[  180.979411] docker0: port 1(veth7f0869c) entered blocking state
[  180.979419] docker0: port 1(veth7f0869c) entered forwarding state
[2m2026-09-08T02:11:53.225373Z[0m [33m WARN[0m [2mlighter_fs::server[0m[2m:[0m an acknowledged setattr failed to apply [3merrno[0m[2m=[0m116
[2m2026-09-08T02:11:58.692308Z[0m [32m INFO[0m [2mlighter_vmm::memory_policy[0m[2m:[0m balloon target [3mtarget_mib[0m[2m=[0m256
[2m2026-09-08T02:12:12.019361Z[0m [32m INFO[0m [2mlighter_vmm::memory_policy[0m[2m:[0m balloon target [3mtarget_mib[0m[2m=[0m0
[  228.982002] docker0: port 1(veth7f0869c) entered disabled state
[  228.982162] vethb565d68: renamed from eth0
[  229.004045] docker0: port 1(veth7f0869c) entered disabled state
[  229.004645] veth7f0869c (unregistering): left allmulticast mode
[  229.004660] veth7f0869c (unregistering): left promiscuous mode
[  229.004669] docker0: port 1(veth7f0869c) entered disabled state
[  229.224532] docker0: port 1(vethb3605a2) entered blocking state
[  229.224545] docker0: port 1(vethb3605a2) entered disabled state
[  229.224556] vethb3605a2: entered allmulticast mode
[  229.224577] vethb3605a2: entered promiscuous mode
[  229.228926] eth0: renamed from vethad91397
[  229.229596] docker0: port 1(vethb3605a2) entered blocking state
[  229.229606] docker0: port 1(vethb3605a2) entered forwarding state
[  246.036176] docker0: port 1(vethb3605a2) entered disabled state
[  246.036646] vethad91397: renamed from eth0
[  246.057329] docker0: port 1(vethb3605a2) entered disabled state
[  246.057700] vethb3605a2 (unregistering): left allmulticast mode
[  246.057718] vethb3605a2 (unregistering): left promiscuous mode
[  246.057728] docker0: port 1(vethb3605a2) entered disabled state
[  246.302425] docker0: port 1(veth9ddb8ed) entered blocking state
[  246.302435] docker0: port 1(veth9ddb8ed) entered disabled state
[  246.302446] veth9ddb8ed: entered allmulticast mode
[  246.302483] veth9ddb8ed: entered promiscuous mode
[  246.305999] eth0: renamed from veth9be4d70
[  246.307305] docker0: port 1(veth9ddb8ed) entered blocking state
[  246.307334] docker0: port 1(veth9ddb8ed) entered forwarding state
[  253.836146] docker0: port 1(veth9ddb8ed) entered disabled state
[  253.836201] veth9be4d70: renamed from eth0
[  253.855754] docker0: port 1(veth9ddb8ed) entered disabled state
[  253.856029] veth9ddb8ed (unregistering): left allmulticast mode
[  253.856039] veth9ddb8ed (unregistering): left promiscuous mode
[  253.856045] docker0: port 1(veth9ddb8ed) entered disabled state
[2m2026-09-08T02:12:53.858831Z[0m [32m INFO[0m [2mlighter_vmm::memory_policy[0m[2m:[0m balloon target [3mtarget_mib[0m[2m=[0m256
[  254.070217] docker0: port 1(veth683d189) entered blocking state
[  254.070231] docker0: port 1(veth683d189) entered disabled state
[  254.070240] veth683d189: entered allmulticast mode
[  254.070259] veth683d189: entered promiscuous mode
[  254.073880] eth0: renamed from veth5f3b2cb
[  254.074410] docker0: port 1(veth683d189) entered blocking state
[  254.074424] docker0: port 1(veth683d189) entered forwarding state
[  254.604641] docker0: port 1(veth683d189) entered disabled state
[  254.604675] veth5f3b2cb: renamed from eth0
[  254.623551] docker0: port 1(veth683d189) entered disabled state
[  254.623812] veth683d189 (unregistering): left allmulticast mode
[  254.623821] veth683d189 (unregistering): left promiscuous mode
[  254.623827] docker0: port 1(veth683d189) entered disabled state
[  254.766917] docker0: port 1(vetheb38ef0) entered blocking state
[  254.766926] docker0: port 1(vetheb38ef0) entered disabled state
[  254.766928] vetheb38ef0: entered allmulticast mode
[  254.766944] vetheb38ef0: entered promiscuous mode
[  254.770710] eth0: renamed from vethfa263ab
[  254.771118] docker0: port 1(vetheb38ef0) entered blocking state
[  254.771126] docker0: port 1(vetheb38ef0) entered forwarding state
[2m2026-09-08T02:13:01.682768Z[0m [32m INFO[0m [2mlighter_vmm::memory_policy[0m[2m:[0m balloon target [3mtarget_mib[0m[2m=[0m0
[2m2026-09-08T02:13:21.985867Z[0m [32m INFO[0m [2mlighter_vmm::memory_policy[0m[2m:[0m balloon target [3mtarget_mib[0m[2m=[0m256
[2m2026-09-08T02:13:24.922758Z[0m [32m INFO[0m [2mlighter_vmm::memory_policy[0m[2m:[0m balloon target [3mtarget_mib[0m[2m=[0m0
[  285.646419] docker0: port 1(vetheb38ef0) entered disabled state
[  285.646594] vethfa263ab: renamed from eth0
[  285.664744] docker0: port 1(vetheb38ef0) entered disabled state
[  285.665147] vetheb38ef0 (unregistering): left allmulticast mode
[  285.665162] vetheb38ef0 (unregistering): left promiscuous mode
[  285.665168] docker0: port 1(vetheb38ef0) entered disabled state
[  285.929449] docker0: port 1(vetha4e76e2) entered blocking state
[  285.929460] docker0: port 1(vetha4e76e2) entered disabled state
[  285.929475] vetha4e76e2: entered allmulticast mode
[  285.929496] vetha4e76e2: entered promiscuous mode
[  285.933148] eth0: renamed from veth8a36215
[  285.934790] docker0: port 1(vetha4e76e2) entered blocking state
[  285.934814] docker0: port 1(vetha4e76e2) entered forwarding state
[  314.511194] docker0: port 1(vetha4e76e2) entered disabled state
[  314.511349] veth8a36215: renamed from eth0
[  314.557435] docker0: port 1(vetha4e76e2) entered disabled state
[  314.557877] vetha4e76e2 (unregistering): left allmulticast mode
[  314.557894] vetha4e76e2 (unregistering): left promiscuous mode
[  314.557901] docker0: port 1(vetha4e76e2) entered disabled state
