[2m2026-09-08T02:28:51.824404Z[0m [32m INFO[0m [2mlighter_vmm::net[0m[2m:[0m network started [3mgateway[0m[2m=[0m"192.168.127.1" [3mguest[0m[2m=[0m"192.168.127.2" [3mmtu[0m[2m=[0m1500
[2m2026-09-08T02:28:51.824549Z[0m [32m INFO[0m [2mlighter_vmm::machine[0m[2m:[0m attached disk [3mpath[0m[2m=[0m/var/folders/t_/gbzzqq_x4hvg4qdrhspkp37m0000gn/T/lighter-rootfs.FGcDgIf7M0.ext4 [3mcapacity_mib[0m[2m=[0m2048 [3mallocated_kib[0m[2m=[0m2097152
[2m2026-09-08T02:28:51.824647Z[0m [32m INFO[0m [2mlighter_vmm::machine[0m[2m:[0m attached disk [3mpath[0m[2m=[0m/var/folders/t_/gbzzqq_x4hvg4qdrhspkp37m0000gn/T/lighter-bench.Oef5JCcbWs/data.img [3mcapacity_mib[0m[2m=[0m131072 [3mallocated_kib[0m[2m=[0m0
[2m2026-09-08T02:28:51.825570Z[0m [32m INFO[0m [2mlighter_fs::server[0m[2m:[0m share opened [3mroot[0m[2m=[0m~/.lighter-bench/lighter [3mattr_ms[0m[2m=[0m100 [3mentry_ms[0m[2m=[0m100 [3mdir_entry_ms[0m[2m=[0m1000 [3mwatched[0m[2m=[0mtrue [3mdescriptors[0m[2m=[0m10240
[2m2026-09-08T02:28:51.826066Z[0m [32m INFO[0m [2mlighter_fs::server[0m[2m:[0m share opened [3mroot[0m[2m=[0m/Library/Apple/usr/libexec/oah/RosettaLinux [3mattr_ms[0m[2m=[0m100 [3mentry_ms[0m[2m=[0m100 [3mdir_entry_ms[0m[2m=[0m1000 [3mwatched[0m[2m=[0mtrue [3mdescriptors[0m[2m=[0m10240
[2m2026-09-08T02:28:51.830579Z[0m [32m INFO[0m [2mlighter_vmm::machine[0m[2m:[0m machine started [3mvcpus[0m[2m=[0m8 [3mram_mib[0m[2m=[0m1024 [3mentry[0m[2m=[0m0x40000000 [3mdtb[0m[2m=[0m0x43400000
[2m2026-09-08T02:28:51.830930Z[0m [32m INFO[0m [2mlighter_vmm::vsock_proxy[0m[2m:[0m proxying a socket into the guest [3mpath[0m[2m=[0m/var/folders/t_/gbzzqq_x4hvg4qdrhspkp37m0000gn/T/lighter-bench.Oef5JCcbWs/docker.sock [3mguest_port[0m[2m=[0m2375
[2m2026-09-08T02:28:51.831002Z[0m [32m INFO[0m [2mlighter_vmm::vsock_proxy[0m[2m:[0m proxying a socket into the guest [3mpath[0m[2m=[0m/var/folders/t_/gbzzqq_x4hvg4qdrhspkp37m0000gn/T/lighter-bench.Oef5JCcbWs/control.sock [3mguest_port[0m[2m=[0m2376
[2m2026-09-08T02:28:51.831080Z[0m [33m WARN[0m [2mlighter_vmm::virtio::mmio[0m[2m:[0m queue notified before the driver was ready [3mdevice[0m[2m=[0m"virtio-vsock" [3mindex[0m[2m=[0m0
[    0.000000] Booting Linux on physical CPU 0x0000000000 [0x610f0000]
[    0.000000] Linux version 6.18.49-lighter (root@cc682f9944e9) (gcc (Debian 12.2.0-14+deb12u1) 12.2.0, GNU ld (GNU Binutils for Debian) 2.40) #1 SMP Mon Sep  7 19:57:38 UTC 2026
[    0.000000] KASLR disabled due to lack of seed
[    0.000000] Machine model: linux,dummy-virt
[    0.000000] efi: UEFI not found.
[    0.000000] OF: reserved mem: Reserved memory: No reserved-memory node in the DT
[    0.000000] NUMA: Faking a node at [mem 0x0000000040000000-0x000000007fffffff]
[    0.000000] NODE_DATA(0) allocated [mem 0x7fe05d00-0x7fe0847f]
[    0.000000] Zone ranges:
[    0.000000]   DMA      [mem 0x0000000040000000-0x000000007fffffff]
[    0.000000]   DMA32    empty
[    0.000000]   Normal   empty
[    0.000000] Movable zone start for each node
[    0.000000] Early memory node ranges
[    0.000000]   node   0: [mem 0x0000000040000000-0x000000007fffffff]
[    0.000000] Initmem setup node 0 [mem 0x0000000040000000-0x000000007fffffff]
[    0.000000] cma: Reserved 32 MiB at 0x000000007cc00000
[    0.000000] psci: probing for conduit method from DT.
[    0.000000] psci: PSCIv1.1 detected in firmware.
[    0.000000] psci: Using standard PSCI v0.2 function IDs
[    0.000000] psci: Trusted OS migration not required
[    0.000000] psci: SMC Calling Convention v1.0
[    0.000000] percpu: Embedded 23 pages/cpu s63320 r0 d30888 u94208
[    0.000000] Detected PIPT I-cache on CPU0
[    0.000000] CPU features: detected: Address authentication (IMP DEF algorithm)
[    0.000000] CPU features: detected: GICv3 CPU interface
[    0.000000] CPU features: detected: Spectre-v4
[    0.000000] CPU features: detected: Spectre-BHB
[    0.000000] alternatives: applying boot alternatives
[    0.000000] Kernel command line: console=ttyAMA0 panic=-1 root=/dev/vda rw init=/sbin/lighter-init psi=0 idle.poll_ns=50000 lighter.time=1788834531 lighter.share=bench:/mnt/bench  lighter.rosetta 
[    0.000000] printk: log buffer data + meta data: 131072 + 458752 = 589824 bytes
[    0.000000] Dentry cache hash table entries: 131072 (order: 8, 1048576 bytes, linear)
[    0.000000] Inode-cache hash table entries: 65536 (order: 7, 524288 bytes, linear)
[    0.000000] software IO TLB: SWIOTLB bounce buffer size adjusted to 1MB
[    0.000000] software IO TLB: area num 8.
[    0.000000] software IO TLB: SWIOTLB bounce buffer size roundup to 2MB
[    0.000000] software IO TLB: mapped [mem 0x000000007c980000-0x000000007cb80000] (2MB)
[    0.000000] Fallback order for Node 0: 0 
[    0.000000] Built 1 zonelists, mobility grouping on.  Total pages: 262144
[    0.000000] Policy zone: DMA
[    0.000000] mem auto-init: stack:off, heap alloc:off, heap free:off
[    0.000000] SLUB: HWalign=64, Order=0-3, MinObjects=0, CPUs=8, Nodes=1
[    0.000000] rcu: Hierarchical RCU implementation.
[    0.000000] rcu: 	RCU event tracing is enabled.
[    0.000000] rcu: 	RCU restricting CPUs from NR_CPUS=512 to nr_cpu_ids=8.
[    0.000000] 	Tracing variant of Tasks RCU enabled.
[    0.000000] rcu: RCU calculated value of scheduler-enlistment delay is 25 jiffies.
[    0.000000] rcu: Adjusting geometry for rcu_fanout_leaf=16, nr_cpu_ids=8
[    0.000000] RCU Tasks Trace: Setting shift to 3 and lim to 1 rcu_task_cb_adjust=1 rcu_task_cpu_ids=8.
[    0.000000] NR_IRQS: 64, nr_irqs: 64, preallocated irqs: 0
[    0.000000] GICv3: 988 SPIs implemented
[    0.000000] GICv3: 0 Extended SPIs implemented
[    0.000000] Root IRQ handler: gic_handle_irq
[    0.000000] GICv3: GICv3 features: 16 PPIs, RSS
[    0.000000] GICv3: GICD_CTLR.DS=1, SCR_EL3.FIQ=0
[    0.000000] GICv3: CPU0: found redistributor 0 region 0:0x00000000080a0000
[    0.000000] rcu: srcu_init: Setting srcu_struct sizes based on contention.
[    0.000000] clocksource: jiffies: mask: 0xffffffff max_cycles: 0xffffffff, max_idle_ns: 7645041785100000 ns
[    0.000000] arch_timer: cp15 timer running at 24.00MHz (virt).
[    0.000000] clocksource: arch_sys_counter: mask: 0xffffffffffffff max_cycles: 0x588fe9dc0, max_idle_ns: 440795202592 ns
[    0.000000] sched_clock: 56 bits at 24MHz, resolution 41ns, wraps every 4398046511097ns
[    0.000070] Console: colour dummy device 80x25
[    0.000095] Calibrating delay loop (skipped), value calculated using timer frequency.. 48.00 BogoMIPS (lpj=96000)
[    0.000096] pid_max: default: 32768 minimum: 301
[    0.000128] LSM: initializing lsm=capability
[    0.000217] Mount-cache hash table entries: 2048 (order: 2, 16384 bytes, linear)
[    0.000220] Mountpoint-cache hash table entries: 2048 (order: 2, 16384 bytes, linear)
[    0.000586] cacheinfo: Unable to detect cache hierarchy for CPU 0
[    0.000792] Apple TSO: available per thread (PR_SET_MEM_MODEL); boot value off
[    0.000823] rcu: Hierarchical SRCU implementation.
[    0.000824] rcu: 	Max phase no-delay instances is 1000.
[    0.000878] Timer migration: 1 hierarchy levels; 8 children per group; 1 crossnode level
[    0.000959] EFI services will not be available.
[    0.001069] smp: Bringing up secondary CPUs ...
[    0.001245] Detected PIPT I-cache on CPU1
[    0.001258] GICv3: CPU1: found redistributor 1 region 0:0x00000000080c0000
[    0.001298] CPU1: Booted secondary processor 0x0000000001 [0x610f0000]
[    0.001560] Detected PIPT I-cache on CPU2
[    0.001573] GICv3: CPU2: found redistributor 2 region 0:0x00000000080e0000
[    0.001611] CPU2: Booted secondary processor 0x0000000002 [0x610f0000]
[    0.001843] Detected PIPT I-cache on CPU3
[    0.001861] GICv3: CPU3: found redistributor 3 region 0:0x0000000008100000
[    0.001902] CPU3: Booted secondary processor 0x0000000003 [0x610f0000]
[    0.002160] Detected PIPT I-cache on CPU4
[    0.002177] GICv3: CPU4: found redistributor 4 region 0:0x0000000008120000
[    0.002216] CPU4: Booted secondary processor 0x0000000004 [0x610f0000]
[    0.002457] Detected PIPT I-cache on CPU5
[    0.002476] GICv3: CPU5: found redistributor 5 region 0:0x0000000008140000
[    0.002516] CPU5: Booted secondary processor 0x0000000005 [0x610f0000]
[    0.002724] Detected PIPT I-cache on CPU6
[    0.002745] GICv3: CPU6: found redistributor 6 region 0:0x0000000008160000
[    0.002783] CPU6: Booted secondary processor 0x0000000006 [0x610f0000]
[    0.003033] Detected PIPT I-cache on CPU7
[    0.003059] GICv3: CPU7: found redistributor 7 region 0:0x0000000008180000
[    0.003098] CPU7: Booted secondary processor 0x0000000007 [0x610f0000]
[    0.003182] smp: Brought up 1 node, 8 CPUs
[    0.003184] SMP: Total of 8 processors activated.
[    0.003184] CPU: All CPU(s) started at EL1
[    0.003195] CPU features: detected: ARMv8.4 Translation Table Level
[    0.003195] CPU features: detected: Data cache clean to the PoU not required for I/D coherence
[    0.003196] CPU features: detected: Common not Private translations
[    0.003196] CPU features: detected: CRC32 instructions
[    0.003196] CPU features: detected: Data independent timing control (DIT)
[    0.003196] CPU features: detected: E0PD
[    0.003197] CPU features: detected: Generic authentication (IMP DEF algorithm)
[    0.003198] CPU features: detected: RCpc load-acquire (LDAPR)
[    0.003198] CPU features: detected: LSE atomic instructions
[    0.003198] CPU features: detected: Privileged Access Never
[    0.003198] CPU features: detected: RAS Extension Support
[    0.003199] CPU features: detected: Speculation barrier (SB)
[    0.003199] CPU features: detected: TLB range maintenance instructions
[    0.003326] alternatives: applying system-wide alternatives
[    0.005684] Memory: 935880K/1048576K available (19008K kernel code, 6390K rwdata, 12684K rodata, 12224K init, 709K bss, 74108K reserved, 32768K cma-reserved)
[    0.005826] devtmpfs: initialized
[    0.006170] posixtimers hash table entries: 4096 (order: 4, 65536 bytes, linear)
[    0.006211] futex hash table entries: 2048 (131072 bytes on 1 NUMA nodes, total 128 KiB, linear).
[    0.006241] 19952 pages in range for non-PLT usage
[    0.006242] 511472 pages in range for PLT usage
[    0.006257] pinctrl core: initialized pinctrl subsystem
[    0.006434] DMI not present or invalid.
[    0.007614] NET: Registered PF_NETLINK/PF_ROUTE protocol family
[    0.007877] DMA: preallocated 128 KiB GFP_KERNEL pool for atomic allocations
[    0.007951] DMA: preallocated 128 KiB GFP_KERNEL|GFP_DMA pool for atomic allocations
[    0.008042] DMA: preallocated 128 KiB GFP_KERNEL|GFP_DMA32 pool for atomic allocations
[    0.008116] thermal_sys: Registered thermal governor 'step_wise'
[    0.008117] thermal_sys: Registered thermal governor 'power_allocator'
[    0.008121] cpuidle: using governor menu
[    0.008134] NET: Registered PF_QIPCRTR protocol family
[    0.008157] hw-breakpoint: found 6 breakpoint and 4 watchpoint registers.
[    0.008275] ASID allocator initialised with 256 entries
[    0.008455] Serial: AMBA PL011 UART driver
[    0.008624] c000000.pl011: ttyAMA0 at MMIO 0xc000000 (irq = 13, base_baud = 0) is a PL011 rev1
[    0.008688] printk: console [ttyAMA0] enabled
[    0.009509] HugeTLB: registered 1.00 GiB page size, pre-allocated 0 pages
[    0.009510] HugeTLB: 0 KiB vmemmap can be freed for a 1.00 GiB page
[    0.009511] HugeTLB: registered 32.0 MiB page size, pre-allocated 0 pages
[    0.009516] HugeTLB: 0 KiB vmemmap can be freed for a 32.0 MiB page
[    0.009516] HugeTLB: registered 2.00 MiB page size, pre-allocated 0 pages
[    0.009516] HugeTLB: 0 KiB vmemmap can be freed for a 2.00 MiB page
[    0.009517] HugeTLB: registered 64.0 KiB page size, pre-allocated 0 pages
[    0.009517] HugeTLB: 0 KiB vmemmap can be freed for a 64.0 KiB page
[    0.010565] raid6: skipped pq benchmark and selected neonx8
[    0.010566] raid6: using neon recovery algorithm
[    0.010591] ACPI: Interpreter disabled.
[    0.010740] iommu: Default domain type: Translated
[    0.010741] iommu: DMA domain TLB invalidation policy: strict mode
[    0.014365] pps_core: LinuxPPS API ver. 1 registered
[    0.014366] pps_core: Software ver. 5.3.6 - Copyright 2005-2007 Rodolfo Giometti <giometti@linux.it>
[    0.014367] PTP clock support registered
[    0.014376] EDAC MC: Ver: 3.0.0
[    0.014501] scmi_core: SCMI protocol bus registered
[    0.014586] FPGA manager framework
[    0.014737] nfc: nfc_init: NFC Core ver 0.1
[    0.014742] NET: Registered PF_NFC protocol family
[    0.014895] clocksource: Switched to clocksource arch_sys_counter
[    0.014980] VFS: Disk quotas dquot_6.6.0
[    0.014985] VFS: Dquot-cache hash table entries: 512 (order 0, 4096 bytes)
[    0.015319] pnp: PnP ACPI: disabled
[    0.015866] NET: Registered PF_INET protocol family
[    0.015923] IP idents hash table entries: 16384 (order: 5, 131072 bytes, linear)
[    0.016092] tcp_listen_portaddr_hash hash table entries: 512 (order: 1, 8192 bytes, linear)
[    0.016093] Table-perturb hash table entries: 65536 (order: 6, 262144 bytes, linear)
[    0.016095] TCP established hash table entries: 8192 (order: 4, 65536 bytes, linear)
[2m2026-09-08T02:28:51.877507Z[0m [33m WARN[0m [2mlighter_vmm::virtio::mmio[0m[2m:[0m queue notified before the driver was ready [3mdevice[0m[2m=[0m"virtio-vsock" [3mindex[0m[2m=[0m0
[2m2026-09-08T02:28:51.877650Z[0m [33m WARN[0m [2mlighter_vmm::virtio::mmio[0m[2m:[0m queue notified before the driver was ready [3mdevice[0m[2m=[0m"fs" [3mindex[0m[2m=[0m5
[2m2026-09-08T02:28:51.877666Z[0m [32m INFO[0m [2mlighter_fs::cache[0m[2m:[0m cache lifetime set by whether the guest can be told to forget [3minvalidation[0m[2m=[0m"push" [3mattr_ms[0m[2m=[0m20000 [3mentry_ms[0m[2m=[0m20000
[    0.016114] TCP bind hash table entries: 8192 (order: 6, 262144 bytes, linear)
[2m2026-09-08T02:28:51.877822Z[0m [32m INFO[0m [2mlighter_vmm::virtio::fs[0m[2m:[0m share activated [3mtag[0m[2m=[0mbench [3mroot[0m[2m=[0m~/.lighter-bench/lighter
[    0.016164] TCP: Hash tables configured (established 8192 bind 8192)
[    0.016198] UDP hash table entries: 512 (order: 3, 32768 bytes, linear)
[2m2026-09-08T02:28:51.878089Z[0m [33m WARN[0m [2mlighter_vmm::virtio::mmio[0m[2m:[0m queue notified before the driver was ready [3mdevice[0m[2m=[0m"fs" [3mindex[0m[2m=[0m5
[2m2026-09-08T02:28:51.878098Z[0m [32m INFO[0m [2mlighter_fs::cache[0m[2m:[0m cache lifetime set by whether the guest can be told to forget [3minvalidation[0m[2m=[0m"push" [3mattr_ms[0m[2m=[0m20000 [3mentry_ms[0m[2m=[0m20000
[2m2026-09-08T02:28:51.878244Z[0m [32m INFO[0m [2mlighter_vmm::virtio::fs[0m[2m:[0m share activated [3mtag[0m[2m=[0mrosetta [3mroot[0m[2m=[0m/Library/Apple/usr/libexec/oah/RosettaLinux
[    0.016205] UDP-Lite hash table entries: 512 (order: 3, 32768 bytes, linear)
[    0.016224] NET: Registered PF_UNIX/PF_LOCAL protocol family
[    0.016721] kvm [1]: HYP mode not available
[    0.016849] Initialise system trusted keyrings
[    0.016939] workingset: timestamp_bits=42 max_order=18 bucket_order=0
[    0.016981] squashfs: version 4.0 (2009/01/31) Phillip Lougher
[    0.017012] fuse: init (API version 7.45)
[    0.017071] SGI XFS with ACLs, security attributes, scrub, repair, no debug enabled
[    0.017229] 9p: Installing v9fs 9p2000 file system support
[    0.023257] NET: Registered PF_ALG protocol family
[    0.023261] xor: measuring software checksum speed
[    0.023434]    8regs           : 18992 MB/sec
[    0.023511]    32regs          : 42724 MB/sec
[    0.023580]    arm64_neon      : 48159 MB/sec
[    0.023580] xor: using function: arm64_neon (48159 MB/sec)
[    0.023586] Key type asymmetric registered
[    0.023586] Asymmetric key parser 'x509' registered
[    0.023594] Block layer SCSI generic (bsg) driver version 0.4 loaded (major 239)
[    0.023595] io scheduler mq-deadline registered
[    0.023595] io scheduler kyber registered
[    0.023599] io scheduler bfq registered
[    0.031899] ledtrig-cpu: registered to indicate activity on CPUs
[    0.031922] IPMI message handler: version 39.2
[    0.031926] ipmi device interface
[    0.032009] ipmi_si: IPMI System Interface driver
[    0.032020] ipmi_si: Unable to find any System Interface(s)
[    0.033793] virtiofs virtio4: discovered new tag: bench
[    0.034248] virtiofs virtio5: discovered new tag: rosetta
[    0.034802] Free page reporting enabled
[    0.034886] virtio_mem virtio8: start address: 0x80000000
[    0.034887] virtio_mem virtio8: region size: 0xc0000000
[    0.034888] virtio_mem virtio8: device block size: 0x8000000
[    0.034888] virtio_mem virtio8: nid: 0
[    0.034889] virtio_mem virtio8: memory block size: 0x8000000
[    0.034889] virtio_mem virtio8: big block size: 0x8000000
[    0.034970] virtio_mem virtio8: plugged size: 0x0
[    0.034970] virtio_mem virtio8: requested size: 0xc0000000
[    0.035594] Fallback order for Node 0: 0 
[    0.035595] Built 1 zonelists, mobility grouping on.  Total pages: 267393
[    0.035596] Policy zone: DMA
[    0.039515] Serial: 8250/16550 driver, 4 ports, IRQ sharing enabled
[    0.039865] msm_serial: driver initialized
[    0.039890] SuperH (H)SCI(F) driver initialized
[    0.039899] STM32 USART driver initialized
[    0.040190] random: crng init done
[    0.040232] Fallback order for Node 0: 0 
[    0.040234] Built 1 zonelists, mobility grouping on.  Total pages: 490481
[    0.040234] Policy zone: Normal
[    0.044279] loop: module loaded
[    0.048512] virtio_blk virtio0: 8/0/0 default/read/poll queues
[    0.048983] virtio_blk virtio0: [vda] 4194304 512-byte logical blocks (2.15 GB/2.00 GiB)
[    0.050065] virtio_blk virtio1: 8/0/0 default/read/poll queues
[    0.050567] virtio_blk virtio1: [vdb] 268435456 512-byte logical blocks (137 GB/128 GiB)
[    0.050859] zram: Added device: zram0
[    0.051469] tun: Universal TUN/TAP device driver, 1.6
[    0.052179] VFIO - User Level meta-driver version: 0.3
[    0.053799]  cs_system_cfg: CoreSight Configuration manager initialised
[    0.054016] gnss: GNSS driver registered with major 503
[    0.054204] GACT probability NOT on
[    0.054210] Mirror/redirect action on
[    0.054480] IPVS: Registered protocols ()
[    0.054488] IPVS: Connection hash table configured (size=4096, memory=32Kbytes)
[    0.054514] IPVS: ipvs loaded.
[    0.054549] Initializing XFRM netlink socket
[    0.054559] NET: Registered PF_INET6 protocol family
[    0.054754] Segment Routing with IPv6
[    0.054757] In-situ OAM (IOAM) with IPv6
[    0.054776] sit: IPv6, IPv4 and MPLS over IPv4 tunneling driver
[    0.054830] NET: Registered PF_PACKET protocol family
[    0.054928] 8021q: 802.1Q VLAN Support v1.8
[    0.054948] 9pnet: Installing 9P2000 support
[    0.054953] Key type dns_resolver registered
[    0.054983] NET: Registered PF_VSOCK protocol family
[    0.056597] registered taskstats version 1
[    0.056654] Loading compiled-in X.509 certificates
[    0.057479] Demotion targets for Node 0: null
[    0.057618] Btrfs loaded, zoned=no, fsverity=no
[    0.057713] clk: Disabling unused clocks
[    0.057714] PM: genpd: Disabling unused power domains
[    0.057997] check access for rdinit=/init failed: -2, ignoring
[    0.080263] EXT4-fs (vda): mounted filesystem b6b766ac-cd49-44a5-aac0-ad1817245fe0 r/w with ordered data mode. Quota mode: none.
[    0.080277] VFS: Mounted root (ext4 filesystem) on device 254:0.
[    0.080445] devtmpfs: mounted
[    0.081202] Freeing unused kernel memory: 12224K
[    0.081237] Run /sbin/lighter-init as init process
INIT clock=2026-09-08T02:28:51Z
INIT filesystems=ok
INIT formatting=/dev/vdb fs=btrfs mkfs=
INIT data_fs=btrfs
INIT data_opts=noatime,nodatacow,commit=30,thread_pool=1
[    0.185835] BTRFS: device label lighter-data devid 1 transid 8 /dev/vdb (254:16) scanned by mount (137)
[    0.186070] BTRFS info (device vdb): first mount of filesystem 48566015-472b-41db-a291-6dfa9739de63
[    0.186085] BTRFS info (device vdb): using crc32c (crc32c-lib) checksum algorithm
[    0.186947] BTRFS info (device vdb): checking UUID tree
[    0.186968] BTRFS info (device vdb): setting nodatasum
[    0.186975] BTRFS info (device vdb): setting nodatacow
INIT data=mounted[    0.186981] BTRFS info (device vdb): turning on async discard
[    0.186987] BTRFS info (device vdb): enabling free space tree

INIT fstrim=0ms
[    0.194948] zram0: detected capacity change from 0 to 4194304
[    0.197909] Adding 2097148k swap on /dev/zram0.  Priority:100 extents:1 across:2097148k SS
INIT zram=on
[    0.198913] rcu: RCU calculated value of scheduler-enlistment delay is 25 jiffies.
[2m2026-09-08T02:28:52.044030Z[0m [32m INFO[0m [2mlighter_fs::server[0m[2m:[0m filesystem negotiated [3mguest[0m[2m=[0m7.45 [3mmax_write[0m[2m=[0m262144 [3mreaddirplus[0m[2m=[0mtrue [3mcreate_dialect[0m[2m=[0mtrue
INIT binfmt=x86_64 via=rosetta
[2m2026-09-08T02:28:52.046525Z[0m [32m INFO[0m [2mlighter_fs::server[0m[2m:[0m filesystem negotiated [3mguest[0m[2m=[0m7.45 [3mmax_write[0m[2m=[0m262144 [3mreaddirplus[0m[2m=[0mtrue [3mcreate_dialect[0m[2m=[0mtrue
INIT share=bench at=/mnt/bench
INIT dhcp=ok t=0.21
INIT ipv6=ok
INIT dockerd=ready after=100ms t=0.34
AGENT listening port=2375
AGENT listening port=2376
AGENT inbound port=2378
AGENT tcp-proxy port=15201
AGENT udp-inbound
AGENT udp-proxy port=15202
AGENT dns addr=192.168.127.2
AGENT clock=set trip_us=43 attempt=0
AGENT udp-proxy port=15202
INIT streams=on
INIT ready t=0.35
[2m2026-09-08T02:28:59.653154Z[0m [32m INFO[0m [2mlighter_vmm::virtio::mem[0m[2m:[0m virtio-mem offer [3mrequested_mib[0m[2m=[0m512 [3mplugged_mib[0m[2m=[0m3072
[    7.809366] virtio_mem virtio8: plugged size: 0xc0000000
[    7.809378] virtio_mem virtio8: requested size: 0x20000000
[2m2026-09-08T02:28:59.904120Z[0m [32m INFO[0m [2mlighter_vmm::virtio::mem[0m[2m:[0m virtio-mem offer [3mrequested_mib[0m[2m=[0m0 [3mplugged_mib[0m[2m=[0m1280
[    8.060332] virtio_mem virtio8: plugged size: 0x50000000
[    8.060345] virtio_mem virtio8: requested size: 0x0
[    8.083086] Fallback order for Node 0: 0 
[    8.083102] Built 1 zonelists, mobility grouping on.  Total pages: 520084
[    8.083107] Policy zone: Normal
[2m2026-09-08T02:29:07.179722Z[0m [32m INFO[0m [2mlighter_vmm::virtio::mem[0m[2m:[0m virtio-mem offer [3mrequested_mib[0m[2m=[0m3072 [3mplugged_mib[0m[2m=[0m384
[   15.335745] virtio_mem virtio8: plugged size: 0x18000000
[   15.335756] virtio_mem virtio8: requested size: 0xc0000000
[   15.336547] Fallback order for Node 0: 0 
[   15.336559] Built 1 zonelists, mobility grouping on.  Total pages: 358772
[   15.336564] Policy zone: Normal
[   15.710595] docker0: port 1(veth2302ee8) entered blocking state
[   15.710607] docker0: port 1(veth2302ee8) entered disabled state
[   15.710615] veth2302ee8: entered allmulticast mode
[   15.710634] veth2302ee8: entered promiscuous mode
[   15.715020] eth0: renamed from vethe4dd8e4
[   15.715485] docker0: port 1(veth2302ee8) entered blocking state
[   15.715494] docker0: port 1(veth2302ee8) entered forwarding state
AGENT sockmap=on
[   28.380350] vethe4dd8e4: renamed from eth0
[   28.380633] docker0: port 1(veth2302ee8) entered disabled state
[   28.404777] docker0: port 1(veth2302ee8) entered disabled state
[   28.405059] veth2302ee8 (unregistering): left allmulticast mode
[   28.405069] veth2302ee8 (unregistering): left promiscuous mode
[   28.405075] docker0: port 1(veth2302ee8) entered disabled state
[   28.788520] docker0: port 1(veth42727c5) entered blocking state
[   28.788532] docker0: port 1(veth42727c5) entered disabled state
[   28.788539] veth42727c5: entered allmulticast mode
[   28.788560] veth42727c5: entered promiscuous mode
[   28.792525] eth0: renamed from veth4f0f079
[   28.792997] docker0: port 1(veth42727c5) entered blocking state
[   28.793009] docker0: port 1(veth42727c5) entered forwarding state
[2m2026-09-08T02:29:28.811362Z[0m [33m WARN[0m [2mlighter_fs::inode[0m[2m:[0m the share is holding more descriptors than it may [3mopen[0m[2m=[0m6263 [3mbudget[0m[2m=[0m6144 [3minodes[0m[2m=[0m24501 [3mlive[0m[2m=[0m24501 [3mexamined[0m[2m=[0m8192 [3mparked[0m[2m=[0m0 [3munheld[0m[2m=[0m0 [3mused[0m[2m=[0m0 [3mprivileged[0m[2m=[0m0 [3munparkable[0m[2m=[0m0
[   47.969871] docker0: port 1(veth42727c5) entered disabled state
[   47.969905] veth4f0f079: renamed from eth0
[   48.000401] docker0: port 1(veth42727c5) entered disabled state
[   48.000722] veth42727c5 (unregistering): left allmulticast mode
[   48.000733] veth42727c5 (unregistering): left promiscuous mode
[   48.000739] docker0: port 1(veth42727c5) entered disabled state
[   48.158753] docker0: port 1(veth5afd7b0) entered blocking state
[   48.158763] docker0: port 1(veth5afd7b0) entered disabled state
[   48.158769] veth5afd7b0: entered allmulticast mode
[   48.158788] veth5afd7b0: entered promiscuous mode
[   48.162214] eth0: renamed from veth7259fc5
[   48.162586] docker0: port 1(veth5afd7b0) entered blocking state
[   48.162596] docker0: port 1(veth5afd7b0) entered forwarding state
[   83.145702] docker0: port 1(veth5afd7b0) entered disabled state
[   83.145813] veth7259fc5: renamed from eth0
[   83.163822] docker0: port 1(veth5afd7b0) entered disabled state
[   83.164197] veth5afd7b0 (unregistering): left allmulticast mode
[   83.164213] veth5afd7b0 (unregistering): left promiscuous mode
[   83.164219] docker0: port 1(veth5afd7b0) entered disabled state
[   83.334646] docker0: port 1(vethfab79c4) entered blocking state
[   83.334658] docker0: port 1(vethfab79c4) entered disabled state
[   83.334671] vethfab79c4: entered allmulticast mode
[   83.334695] vethfab79c4: entered promiscuous mode
[   83.338310] eth0: renamed from veth578b63b
[   83.339667] docker0: port 1(vethfab79c4) entered blocking state
[   83.339679] docker0: port 1(vethfab79c4) entered forwarding state
[  133.629760] docker0: port 1(vethfab79c4) entered disabled state
[  133.629877] veth578b63b: renamed from eth0
[  133.657176] docker0: port 1(vethfab79c4) entered disabled state
[  133.657595] vethfab79c4 (unregistering): left allmulticast mode
[  133.657615] vethfab79c4 (unregistering): left promiscuous mode
[  133.657625] docker0: port 1(vethfab79c4) entered disabled state
[  133.898237] docker0: port 1(vethe665165) entered blocking state
[  133.898249] docker0: port 1(vethe665165) entered disabled state
[  133.898263] vethe665165: entered allmulticast mode
[  133.898290] vethe665165: entered promiscuous mode
[  133.903000] eth0: renamed from veth078e14c
[  133.904886] docker0: port 1(vethe665165) entered blocking state
[  133.904938] docker0: port 1(vethe665165) entered forwarding state
[2m2026-09-08T02:31:13.994983Z[0m [33m WARN[0m [2mlighter_fs::inode[0m[2m:[0m the share is holding more descriptors than it may [3mopen[0m[2m=[0m6266 [3mbudget[0m[2m=[0m6144 [3minodes[0m[2m=[0m63894 [3mlive[0m[2m=[0m63894 [3mexamined[0m[2m=[0m8192 [3mparked[0m[2m=[0m0 [3munheld[0m[2m=[0m0 [3mused[0m[2m=[0m0 [3mprivileged[0m[2m=[0m0 [3munparkable[0m[2m=[0m0
[2m2026-09-08T02:31:35.901265Z[0m [33m WARN[0m [2mlighter_fs::inode[0m[2m:[0m the share is holding more descriptors than it may [3mopen[0m[2m=[0m6243 [3mbudget[0m[2m=[0m6144 [3minodes[0m[2m=[0m74890 [3mlive[0m[2m=[0m74890 [3mexamined[0m[2m=[0m8192 [3mparked[0m[2m=[0m16 [3munheld[0m[2m=[0m908 [3mused[0m[2m=[0m16 [3mprivileged[0m[2m=[0m0 [3munparkable[0m[2m=[0m0
[  168.426595] veth078e14c: renamed from eth0
[  168.426886] docker0: port 1(vethe665165) entered disabled state
[  168.443485] docker0: port 1(vethe665165) entered disabled state
[  168.443741] vethe665165 (unregistering): left allmulticast mode
[  168.443750] vethe665165 (unregistering): left promiscuous mode
[  168.443756] docker0: port 1(vethe665165) entered disabled state
[  168.650437] docker0: port 1(veth47b3b6b) entered blocking state
[  168.650452] docker0: port 1(veth47b3b6b) entered disabled state
[  168.650458] veth47b3b6b: entered allmulticast mode
[  168.650477] veth47b3b6b: entered promiscuous mode
[  168.654164] eth0: renamed from veth251818a
[  168.655454] docker0: port 1(veth47b3b6b) entered blocking state
[  168.655465] docker0: port 1(veth47b3b6b) entered forwarding state
[  212.660695] docker0: port 1(veth47b3b6b) entered disabled state
[  212.660835] veth251818a: renamed from eth0
[  212.679998] docker0: port 1(veth47b3b6b) entered disabled state
[  212.680408] veth47b3b6b (unregistering): left allmulticast mode
[  212.680436] veth47b3b6b (unregistering): left promiscuous mode
[  212.680445] docker0: port 1(veth47b3b6b) entered disabled state
[  212.886173] docker0: port 1(vetha30551b) entered blocking state
[  212.886184] docker0: port 1(vetha30551b) entered disabled state
[  212.886193] vetha30551b: entered allmulticast mode
[  212.886224] vetha30551b: entered promiscuous mode
[  212.891005] eth0: renamed from veth3df2687
[  212.891942] docker0: port 1(vetha30551b) entered blocking state
[  212.891962] docker0: port 1(vetha30551b) entered forwarding state
[  228.812383] docker0: port 1(vetha30551b) entered disabled state
[  228.812438] veth3df2687: renamed from eth0
[  228.833183] docker0: port 1(vetha30551b) entered disabled state
[  228.833486] vetha30551b (unregistering): left allmulticast mode
[  228.833498] vetha30551b (unregistering): left promiscuous mode
[  228.833508] docker0: port 1(vetha30551b) entered disabled state
[  229.005794] docker0: port 1(veth77aa73f) entered blocking state
[  229.005810] docker0: port 1(veth77aa73f) entered disabled state
[  229.005820] veth77aa73f: entered allmulticast mode
[  229.005858] veth77aa73f: entered promiscuous mode
[  229.009376] eth0: renamed from vethd9ddbb2
[  229.011015] docker0: port 1(veth77aa73f) entered blocking state
[  229.011023] docker0: port 1(veth77aa73f) entered forwarding state
[  235.307326] vethd9ddbb2: renamed from eth0
[  235.307655] docker0: port 1(veth77aa73f) entered disabled state
[  235.335594] docker0: port 1(veth77aa73f) entered disabled state
[  235.335888] veth77aa73f (unregistering): left allmulticast mode
[  235.335899] veth77aa73f (unregistering): left promiscuous mode
[  235.335905] docker0: port 1(veth77aa73f) entered disabled state
[  235.548632] docker0: port 1(veth6fe7a17) entered blocking state
[  235.548647] docker0: port 1(veth6fe7a17) entered disabled state
[  235.548654] veth6fe7a17: entered allmulticast mode
[  235.548675] veth6fe7a17: entered promiscuous mode
[  235.552723] eth0: renamed from vethd2d44f4
[  235.553231] docker0: port 1(veth6fe7a17) entered blocking state
[  235.553242] docker0: port 1(veth6fe7a17) entered forwarding state
[  235.982706] docker0: port 1(veth6fe7a17) entered disabled state
[  235.982749] vethd2d44f4: renamed from eth0
[  236.015646] docker0: port 1(veth6fe7a17) entered disabled state
[  236.015932] veth6fe7a17 (unregistering): left allmulticast mode
[  236.015943] veth6fe7a17 (unregistering): left promiscuous mode
[  236.015949] docker0: port 1(veth6fe7a17) entered disabled state
[  236.151857] docker0: port 1(vethacd3c79) entered blocking state
[  236.151870] docker0: port 1(vethacd3c79) entered disabled state
[  236.151877] vethacd3c79: entered allmulticast mode
[  236.151899] vethacd3c79: entered promiscuous mode
[  236.155879] eth0: renamed from veth011d871
[  236.156299] docker0: port 1(vethacd3c79) entered blocking state
[  236.156309] docker0: port 1(vethacd3c79) entered forwarding state
[2m2026-09-08T02:32:50.801849Z[0m [32m INFO[0m [2mlighter_vmm::memory_policy[0m[2m:[0m balloon target [3mtarget_mib[0m[2m=[0m256
[2m2026-09-08T02:32:51.152813Z[0m [33m WARN[0m [2mlighter_fs::inode[0m[2m:[0m the share is holding more descriptors than it may [3mopen[0m[2m=[0m6241 [3mbudget[0m[2m=[0m6144 [3minodes[0m[2m=[0m160296 [3mlive[0m[2m=[0m160296 [3mexamined[0m[2m=[0m8192 [3mparked[0m[2m=[0m0 [3munheld[0m[2m=[0m0 [3mused[0m[2m=[0m0 [3mprivileged[0m[2m=[0m0 [3munparkable[0m[2m=[0m0
[2m2026-09-08T02:32:54.171045Z[0m [32m INFO[0m [2mlighter_vmm::memory_policy[0m[2m:[0m balloon target [3mtarget_mib[0m[2m=[0m0
[2m2026-09-08T02:33:04.854957Z[0m [32m INFO[0m [2mlighter_vmm::memory_policy[0m[2m:[0m balloon target [3mtarget_mib[0m[2m=[0m256
[2m2026-09-08T02:33:06.484937Z[0m [32m INFO[0m [2mlighter_vmm::memory_policy[0m[2m:[0m balloon target [3mtarget_mib[0m[2m=[0m0
[  266.589184] docker0: port 1(vethacd3c79) entered disabled state
[  266.589368] veth011d871: renamed from eth0
[  266.616471] docker0: port 1(vethacd3c79) entered disabled state
[  266.616894] vethacd3c79 (unregistering): left allmulticast mode
[  266.616909] vethacd3c79 (unregistering): left promiscuous mode
[  266.616919] docker0: port 1(vethacd3c79) entered disabled state
[  266.885552] docker0: port 1(veth4727f55) entered blocking state
[  266.885564] docker0: port 1(veth4727f55) entered disabled state
[  266.885572] veth4727f55: entered allmulticast mode
[  266.885602] veth4727f55: entered promiscuous mode
[  266.889595] eth0: renamed from vethb6bebb9
[  266.890125] docker0: port 1(veth4727f55) entered blocking state
[  266.890134] docker0: port 1(veth4727f55) entered forwarding state
[  294.076331] docker0: port 1(veth4727f55) entered disabled state
[  294.076458] vethb6bebb9: renamed from eth0
[  294.104185] docker0: port 1(veth4727f55) entered disabled state
[  294.104602] veth4727f55 (unregistering): left allmulticast mode
[  294.104619] veth4727f55 (unregistering): left promiscuous mode
[  294.104633] docker0: port 1(veth4727f55) entered disabled state
