[2m2026-09-08T02:15:56.598252Z[0m [32m INFO[0m [2mlighter_vmm::net[0m[2m:[0m network started [3mgateway[0m[2m=[0m"192.168.127.1" [3mguest[0m[2m=[0m"192.168.127.2" [3mmtu[0m[2m=[0m1500
[2m2026-09-08T02:15:56.598826Z[0m [32m INFO[0m [2mlighter_vmm::machine[0m[2m:[0m attached disk [3mpath[0m[2m=[0m/var/folders/t_/gbzzqq_x4hvg4qdrhspkp37m0000gn/T/lighter-rootfs.g7ixoiiIcG.ext4 [3mcapacity_mib[0m[2m=[0m2048 [3mallocated_kib[0m[2m=[0m2097152
[2m2026-09-08T02:15:56.599091Z[0m [32m INFO[0m [2mlighter_vmm::machine[0m[2m:[0m attached disk [3mpath[0m[2m=[0m/var/folders/t_/gbzzqq_x4hvg4qdrhspkp37m0000gn/T/lighter-bench.CoHZpISOru/data.img [3mcapacity_mib[0m[2m=[0m131072 [3mallocated_kib[0m[2m=[0m0
[2m2026-09-08T02:15:56.600578Z[0m [32m INFO[0m [2mlighter_fs::server[0m[2m:[0m share opened [3mroot[0m[2m=[0m~/.lighter-bench/lighter [3mattr_ms[0m[2m=[0m100 [3mentry_ms[0m[2m=[0m100 [3mdir_entry_ms[0m[2m=[0m1000 [3mwatched[0m[2m=[0mtrue [3mdescriptors[0m[2m=[0m10240
[2m2026-09-08T02:15:56.601007Z[0m [32m INFO[0m [2mlighter_fs::server[0m[2m:[0m share opened [3mroot[0m[2m=[0m/Library/Apple/usr/libexec/oah/RosettaLinux [3mattr_ms[0m[2m=[0m100 [3mentry_ms[0m[2m=[0m100 [3mdir_entry_ms[0m[2m=[0m1000 [3mwatched[0m[2m=[0mtrue [3mdescriptors[0m[2m=[0m10240
[2m2026-09-08T02:15:56.606011Z[0m [32m INFO[0m [2mlighter_vmm::machine[0m[2m:[0m machine started [3mvcpus[0m[2m=[0m8 [3mram_mib[0m[2m=[0m1024 [3mentry[0m[2m=[0m0x40000000 [3mdtb[0m[2m=[0m0x43400000
[2m2026-09-08T02:15:56.606338Z[0m [32m INFO[0m [2mlighter_vmm::vsock_proxy[0m[2m:[0m proxying a socket into the guest [3mpath[0m[2m=[0m/var/folders/t_/gbzzqq_x4hvg4qdrhspkp37m0000gn/T/lighter-bench.CoHZpISOru/docker.sock [3mguest_port[0m[2m=[0m2375
[2m2026-09-08T02:15:56.606414Z[0m [32m INFO[0m [2mlighter_vmm::vsock_proxy[0m[2m:[0m proxying a socket into the guest [3mpath[0m[2m=[0m/var/folders/t_/gbzzqq_x4hvg4qdrhspkp37m0000gn/T/lighter-bench.CoHZpISOru/control.sock [3mguest_port[0m[2m=[0m2376
[2m2026-09-08T02:15:56.606491Z[0m [33m WARN[0m [2mlighter_vmm::virtio::mmio[0m[2m:[0m queue notified before the driver was ready [3mdevice[0m[2m=[0m"virtio-vsock" [3mindex[0m[2m=[0m0
[    0.000000] Booting Linux on physical CPU 0x0000000000 [0x610f0000]
[    0.000000] Linux version 6.18.49-lighter (root@65945b322116) (gcc (Debian 12.2.0-14+deb12u1) 12.2.0, GNU ld (GNU Binutils for Debian) 2.40) #3 SMP Mon Sep  7 00:53:47 UTC 2026
[    0.000000] KASLR disabled due to lack of seed
[    0.000000] Machine model: linux,dummy-virt
[    0.000000] efi: UEFI not found.
[    0.000000] OF: reserved mem: Reserved memory: No reserved-memory node in the DT
[    0.000000] NUMA: Faking a node at [mem 0x0000000040000000-0x000000007fffffff]
[    0.000000] NODE_DATA(0) allocated [mem 0x7fe05d00-0x7fe0847f]
[    0.000000] Zone ranges:
[    0.000000]   DMA      [mem 0x0000000040000000-0x000000007fffffff]
[    0.000000]   DMA32    empty
[    0.000000]   Normal   empty
[    0.000000] Movable zone start for each node
[    0.000000] Early memory node ranges
[    0.000000]   node   0: [mem 0x0000000040000000-0x000000007fffffff]
[    0.000000] Initmem setup node 0 [mem 0x0000000040000000-0x000000007fffffff]
[    0.000000] cma: Reserved 32 MiB at 0x000000007cc00000
[    0.000000] psci: probing for conduit method from DT.
[    0.000000] psci: PSCIv1.1 detected in firmware.
[    0.000000] psci: Using standard PSCI v0.2 function IDs
[    0.000000] psci: Trusted OS migration not required
[    0.000000] psci: SMC Calling Convention v1.0
[    0.000000] percpu: Embedded 23 pages/cpu s63320 r0 d30888 u94208
[    0.000000] Detected PIPT I-cache on CPU0
[    0.000000] CPU features: detected: Address authentication (IMP DEF algorithm)
[    0.000000] CPU features: detected: GICv3 CPU interface
[    0.000000] CPU features: detected: Spectre-v4
[    0.000000] CPU features: detected: Spectre-BHB
[    0.000000] alternatives: applying boot alternatives
[    0.000000] Kernel command line: console=ttyAMA0 panic=-1 root=/dev/vda rw init=/sbin/lighter-init psi=0 idle.poll_ns=50000 lighter.time=1788833756 lighter.share=bench:/mnt/bench  lighter.rosetta 
[    0.000000] printk: log buffer data + meta data: 131072 + 458752 = 589824 bytes
[    0.000000] Dentry cache hash table entries: 131072 (order: 8, 1048576 bytes, linear)
[    0.000000] Inode-cache hash table entries: 65536 (order: 7, 524288 bytes, linear)
[    0.000000] software IO TLB: SWIOTLB bounce buffer size adjusted to 1MB
[    0.000000] software IO TLB: area num 8.
[    0.000000] software IO TLB: SWIOTLB bounce buffer size roundup to 2MB
[    0.000000] software IO TLB: mapped [mem 0x000000007c980000-0x000000007cb80000] (2MB)
[    0.000000] Fallback order for Node 0: 0 
[    0.000000] Built 1 zonelists, mobility grouping on.  Total pages: 262144
[    0.000000] Policy zone: DMA
[    0.000000] mem auto-init: stack:off, heap alloc:off, heap free:off
[    0.000000] SLUB: HWalign=64, Order=0-3, MinObjects=0, CPUs=8, Nodes=1
[    0.000000] rcu: Hierarchical RCU implementation.
[    0.000000] rcu: 	RCU event tracing is enabled.
[    0.000000] rcu: 	RCU restricting CPUs from NR_CPUS=512 to nr_cpu_ids=8.
[    0.000000] 	Tracing variant of Tasks RCU enabled.
[    0.000000] rcu: RCU calculated value of scheduler-enlistment delay is 25 jiffies.
[    0.000000] rcu: Adjusting geometry for rcu_fanout_leaf=16, nr_cpu_ids=8
[    0.000000] RCU Tasks Trace: Setting shift to 3 and lim to 1 rcu_task_cb_adjust=1 rcu_task_cpu_ids=8.
[    0.000000] NR_IRQS: 64, nr_irqs: 64, preallocated irqs: 0
[    0.000000] GICv3: 988 SPIs implemented
[    0.000000] GICv3: 0 Extended SPIs implemented
[    0.000000] Root IRQ handler: gic_handle_irq
[    0.000000] GICv3: GICv3 features: 16 PPIs, RSS
[    0.000000] GICv3: GICD_CTLR.DS=1, SCR_EL3.FIQ=0
[    0.000000] GICv3: CPU0: found redistributor 0 region 0:0x00000000080a0000
[    0.000000] rcu: srcu_init: Setting srcu_struct sizes based on contention.
[    0.000000] clocksource: jiffies: mask: 0xffffffff max_cycles: 0xffffffff, max_idle_ns: 7645041785100000 ns
[    0.000000] arch_timer: cp15 timer running at 24.00MHz (virt).
[    0.000000] clocksource: arch_sys_counter: mask: 0xffffffffffffff max_cycles: 0x588fe9dc0, max_idle_ns: 440795202592 ns
[    0.000000] sched_clock: 56 bits at 24MHz, resolution 41ns, wraps every 4398046511097ns
[    0.000086] Console: colour dummy device 80x25
[    0.000111] Calibrating delay loop (skipped), value calculated using timer frequency.. 48.00 BogoMIPS (lpj=96000)
[    0.000111] pid_max: default: 32768 minimum: 301
[    0.000139] LSM: initializing lsm=capability
[    0.000226] Mount-cache hash table entries: 2048 (order: 2, 16384 bytes, linear)
[    0.000229] Mountpoint-cache hash table entries: 2048 (order: 2, 16384 bytes, linear)
[    0.000592] cacheinfo: Unable to detect cache hierarchy for CPU 0
[    0.000795] Apple TSO: available per thread (PR_SET_MEM_MODEL); boot value off
[    0.000826] rcu: Hierarchical SRCU implementation.
[    0.000826] rcu: 	Max phase no-delay instances is 1000.
[    0.000885] Timer migration: 1 hierarchy levels; 8 children per group; 1 crossnode level
[    0.000950] EFI services will not be available.
[    0.001060] smp: Bringing up secondary CPUs ...
[    0.001239] Detected PIPT I-cache on CPU1
[    0.001255] GICv3: CPU1: found redistributor 1 region 0:0x00000000080c0000
[    0.001294] CPU1: Booted secondary processor 0x0000000001 [0x610f0000]
[    0.001553] Detected PIPT I-cache on CPU2
[    0.001566] GICv3: CPU2: found redistributor 2 region 0:0x00000000080e0000
[    0.001605] CPU2: Booted secondary processor 0x0000000002 [0x610f0000]
[    0.001837] Detected PIPT I-cache on CPU3
[    0.001854] GICv3: CPU3: found redistributor 3 region 0:0x0000000008100000
[    0.001895] CPU3: Booted secondary processor 0x0000000003 [0x610f0000]
[    0.002148] Detected PIPT I-cache on CPU4
[    0.002165] GICv3: CPU4: found redistributor 4 region 0:0x0000000008120000
[    0.002204] CPU4: Booted secondary processor 0x0000000004 [0x610f0000]
[    0.002457] Detected PIPT I-cache on CPU5
[    0.002476] GICv3: CPU5: found redistributor 5 region 0:0x0000000008140000
[    0.002516] CPU5: Booted secondary processor 0x0000000005 [0x610f0000]
[    0.002747] Detected PIPT I-cache on CPU6
[    0.002767] GICv3: CPU6: found redistributor 6 region 0:0x0000000008160000
[    0.002806] CPU6: Booted secondary processor 0x0000000006 [0x610f0000]
[    0.003055] Detected PIPT I-cache on CPU7
[    0.003078] GICv3: CPU7: found redistributor 7 region 0:0x0000000008180000
[    0.003117] CPU7: Booted secondary processor 0x0000000007 [0x610f0000]
[    0.003171] smp: Brought up 1 node, 8 CPUs
[    0.003173] SMP: Total of 8 processors activated.
[    0.003173] CPU: All CPU(s) started at EL1
[    0.003184] CPU features: detected: ARMv8.4 Translation Table Level
[    0.003184] CPU features: detected: Data cache clean to the PoU not required for I/D coherence
[    0.003185] CPU features: detected: Common not Private translations
[    0.003185] CPU features: detected: CRC32 instructions
[    0.003185] CPU features: detected: Data independent timing control (DIT)
[    0.003185] CPU features: detected: E0PD
[    0.003186] CPU features: detected: Generic authentication (IMP DEF algorithm)
[    0.003187] CPU features: detected: RCpc load-acquire (LDAPR)
[    0.003187] CPU features: detected: LSE atomic instructions
[    0.003187] CPU features: detected: Privileged Access Never
[    0.003187] CPU features: detected: RAS Extension Support
[    0.003188] CPU features: detected: Speculation barrier (SB)
[    0.003188] CPU features: detected: TLB range maintenance instructions
[    0.003358] alternatives: applying system-wide alternatives
[    0.005707] Memory: 935880K/1048576K available (19008K kernel code, 6390K rwdata, 12684K rodata, 12224K init, 709K bss, 74108K reserved, 32768K cma-reserved)
[    0.005841] devtmpfs: initialized
[    0.006195] posixtimers hash table entries: 4096 (order: 4, 65536 bytes, linear)
[    0.006235] futex hash table entries: 2048 (131072 bytes on 1 NUMA nodes, total 128 KiB, linear).
[    0.006266] 19952 pages in range for non-PLT usage
[    0.006270] 511472 pages in range for PLT usage
[    0.006284] pinctrl core: initialized pinctrl subsystem
[    0.006463] DMI not present or invalid.
[    0.007603] NET: Registered PF_NETLINK/PF_ROUTE protocol family
[    0.007875] DMA: preallocated 128 KiB GFP_KERNEL pool for atomic allocations
[    0.007959] DMA: preallocated 128 KiB GFP_KERNEL|GFP_DMA pool for atomic allocations
[    0.008050] DMA: preallocated 128 KiB GFP_KERNEL|GFP_DMA32 pool for atomic allocations
[    0.008127] thermal_sys: Registered thermal governor 'step_wise'
[    0.008128] thermal_sys: Registered thermal governor 'power_allocator'
[    0.008133] cpuidle: using governor menu
[    0.008145] NET: Registered PF_QIPCRTR protocol family
[    0.008169] hw-breakpoint: found 6 breakpoint and 4 watchpoint registers.
[    0.008279] ASID allocator initialised with 256 entries
[    0.008459] Serial: AMBA PL011 UART driver
[    0.008623] c000000.pl011: ttyAMA0 at MMIO 0xc000000 (irq = 13, base_baud = 0) is a PL011 rev1
[    0.008681] printk: console [ttyAMA0] enabled
[    0.009492] HugeTLB: registered 1.00 GiB page size, pre-allocated 0 pages
[    0.009493] HugeTLB: 0 KiB vmemmap can be freed for a 1.00 GiB page
[    0.009494] HugeTLB: registered 32.0 MiB page size, pre-allocated 0 pages
[    0.009494] HugeTLB: 0 KiB vmemmap can be freed for a 32.0 MiB page
[    0.009495] HugeTLB: registered 2.00 MiB page size, pre-allocated 0 pages
[    0.009500] HugeTLB: 0 KiB vmemmap can be freed for a 2.00 MiB page
[    0.009500] HugeTLB: registered 64.0 KiB page size, pre-allocated 0 pages
[    0.009500] HugeTLB: 0 KiB vmemmap can be freed for a 64.0 KiB page
[    0.010637] raid6: skipped pq benchmark and selected neonx8
[    0.010638] raid6: using neon recovery algorithm
[    0.010664] ACPI: Interpreter disabled.
[    0.010831] iommu: Default domain type: Translated
[    0.010832] iommu: DMA domain TLB invalidation policy: strict mode
[    0.015299] pps_core: LinuxPPS API ver. 1 registered
[    0.015300] pps_core: Software ver. 5.3.6 - Copyright 2005-2007 Rodolfo Giometti <giometti@linux.it>
[    0.015301] PTP clock support registered
[    0.015311] EDAC MC: Ver: 3.0.0
[    0.015430] scmi_core: SCMI protocol bus registered
[    0.015531] FPGA manager framework
[    0.015663] nfc: nfc_init: NFC Core ver 0.1
[    0.015668] NET: Registered PF_NFC protocol family
[    0.015917] clocksource: Switched to clocksource arch_sys_counter
[    0.015996] VFS: Disk quotas dquot_6.6.0
[    0.016001] VFS: Dquot-cache hash table entries: 512 (order 0, 4096 bytes)
[    0.016434] pnp: PnP ACPI: disabled
[    0.017019] NET: Registered PF_INET protocol family
[    0.017064] IP idents hash table entries: 16384 (order: 5, 131072 bytes, linear)
[    0.017229] tcp_listen_portaddr_hash hash table entries: 512 (order: 1, 8192 bytes, linear)
[    0.017231] Table-perturb hash table entries: 65536 (order: 6, 262144 bytes, linear)
[    0.017234] TCP established hash table entries: 8192 (order: 4, 65536 bytes, linear)
[    0.017249] TCP bind hash table entries: 8192 (order: 6, 262144 bytes, linear)
[    0.017298] TCP: Hash tables configured (established 8192 bind 8192)
[    0.017331] UDP hash table entries: 512 (order: 3, 32768 bytes, linear)
[    0.017338] UDP-Lite hash table entries: 512 (order: 3, 32768 bytes, linear)
[    0.017357] NET: Registered PF_UNIX/PF_LOCAL protocol family
[    0.017808] kvm [1]: HYP mode not available
[    0.017937] Initialise system trusted keyrings
[    0.018022] workingset: timestamp_bits=42 max_order=18 bucket_order=0
[2m2026-09-08T02:15:56.653851Z[0m [33m WARN[0m [2mlighter_vmm::virtio::mmio[0m[2m:[0m queue notified before the driver was ready [3mdevice[0m[2m=[0m"virtio-vsock" [3mindex[0m[2m=[0m0
[    0.018069] squashfs: version 4.0 (2009/01/31) Phillip Lougher
[2m2026-09-08T02:15:56.653988Z[0m [33m WARN[0m [2mlighter_vmm::virtio::mmio[0m[2m:[0m queue notified before the driver was ready [3mdevice[0m[2m=[0m"fs" [3mindex[0m[2m=[0m5
[2m2026-09-08T02:15:56.654007Z[0m [32m INFO[0m [2mlighter_fs::cache[0m[2m:[0m cache lifetime set by whether the guest can be told to forget [3minvalidation[0m[2m=[0m"push" [3mattr_ms[0m[2m=[0m20000 [3mentry_ms[0m[2m=[0m20000
[    0.018097] fuse: init (API version 7.45)
[2m2026-09-08T02:15:56.654195Z[0m [32m INFO[0m [2mlighter_vmm::virtio::fs[0m[2m:[0m share activated [3mtag[0m[2m=[0mbench [3mroot[0m[2m=[0m~/.lighter-bench/lighter
[    0.018161] SGI XFS with ACLs, security attributes, scrub, repair, no debug enabled
[    0.018318] 9p: Installing v9fs 9p2000 file system support
[2m2026-09-08T02:15:56.654466Z[0m [33m WARN[0m [2mlighter_vmm::virtio::mmio[0m[2m:[0m queue notified before the driver was ready [3mdevice[0m[2m=[0m"fs" [3mindex[0m[2m=[0m5
[2m2026-09-08T02:15:56.654474Z[0m [32m INFO[0m [2mlighter_fs::cache[0m[2m:[0m cache lifetime set by whether the guest can be told to forget [3minvalidation[0m[2m=[0m"push" [3mattr_ms[0m[2m=[0m20000 [3mentry_ms[0m[2m=[0m20000
[    0.024720] NET: Registered PF_ALG protocol family
[2m2026-09-08T02:15:56.654592Z[0m [32m INFO[0m [2mlighter_vmm::virtio::fs[0m[2m:[0m share activated [3mtag[0m[2m=[0mrosetta [3mroot[0m[2m=[0m/Library/Apple/usr/libexec/oah/RosettaLinux
[    0.024723] xor: measuring software checksum speed
[    0.024888]    8regs           : 19959 MB/sec
[    0.024966]    32regs          : 42609 MB/sec
[    0.025032]    arm64_neon      : 50057 MB/sec
[    0.025032] xor: using function: arm64_neon (50057 MB/sec)
[    0.025033] Key type asymmetric registered
[    0.025033] Asymmetric key parser 'x509' registered
[    0.025038] Block layer SCSI generic (bsg) driver version 0.4 loaded (major 239)
[    0.025039] io scheduler mq-deadline registered
[    0.025039] io scheduler kyber registered
[    0.025043] io scheduler bfq registered
[    0.033068] ledtrig-cpu: registered to indicate activity on CPUs
[    0.033079] IPMI message handler: version 39.2
[    0.033084] ipmi device interface
[    0.033129] ipmi_si: IPMI System Interface driver
[    0.033136] ipmi_si: Unable to find any System Interface(s)
[    0.034927] virtiofs virtio4: discovered new tag: bench
[    0.035411] virtiofs virtio5: discovered new tag: rosetta
[    0.035937] Free page reporting enabled
[    0.036028] virtio_mem virtio8: start address: 0x80000000
[    0.036029] virtio_mem virtio8: region size: 0xc0000000
[    0.036029] virtio_mem virtio8: device block size: 0x8000000
[    0.036030] virtio_mem virtio8: nid: 0
[    0.036030] virtio_mem virtio8: memory block size: 0x8000000
[    0.036031] virtio_mem virtio8: big block size: 0x8000000
[    0.036054] virtio_mem virtio8: plugged size: 0x0
[    0.036054] virtio_mem virtio8: requested size: 0xc0000000
[    0.036669] Fallback order for Node 0: 0 
[    0.036670] Built 1 zonelists, mobility grouping on.  Total pages: 267393
[    0.036671] Policy zone: DMA
[    0.040715] Serial: 8250/16550 driver, 4 ports, IRQ sharing enabled
[    0.041216] msm_serial: driver initialized
[    0.041254] SuperH (H)SCI(F) driver initialized
[    0.041263] STM32 USART driver initialized
[    0.041286] Fallback order for Node 0: 0 
[    0.041288] Built 1 zonelists, mobility grouping on.  Total pages: 490481
[    0.041288] Policy zone: Normal
[    0.041581] random: crng init done
[    0.045663] loop: module loaded
[    0.054997] virtio_blk virtio0: 8/0/0 default/read/poll queues
[    0.055396] virtio_blk virtio0: [vda] 4194304 512-byte logical blocks (2.15 GB/2.00 GiB)
[    0.056476] virtio_blk virtio1: 8/0/0 default/read/poll queues
[    0.056860] virtio_blk virtio1: [vdb] 268435456 512-byte logical blocks (137 GB/128 GiB)
[    0.057085] zram: Added device: zram0
[    0.057705] tun: Universal TUN/TAP device driver, 1.6
[    0.058422] VFIO - User Level meta-driver version: 0.3
[    0.060070]  cs_system_cfg: CoreSight Configuration manager initialised
[    0.060282] gnss: GNSS driver registered with major 503
[    0.060473] GACT probability NOT on
[    0.060481] Mirror/redirect action on
[    0.060797] IPVS: Registered protocols ()
[    0.060806] IPVS: Connection hash table configured (size=4096, memory=32Kbytes)
[    0.060831] IPVS: ipvs loaded.
[    0.060867] Initializing XFRM netlink socket
[    0.060877] NET: Registered PF_INET6 protocol family
[    0.061053] Segment Routing with IPv6
[    0.061056] In-situ OAM (IOAM) with IPv6
[    0.061066] sit: IPv6, IPv4 and MPLS over IPv4 tunneling driver
[    0.061124] NET: Registered PF_PACKET protocol family
[    0.061198] 8021q: 802.1Q VLAN Support v1.8
[    0.061218] 9pnet: Installing 9P2000 support
[    0.061225] Key type dns_resolver registered
[    0.061256] NET: Registered PF_VSOCK protocol family
[    0.062804] registered taskstats version 1
[    0.062843] Loading compiled-in X.509 certificates
[    0.063668] Demotion targets for Node 0: null
[    0.063804] Btrfs loaded, zoned=no, fsverity=no
[    0.063916] clk: Disabling unused clocks
[    0.063917] PM: genpd: Disabling unused power domains
[    0.064227] check access for rdinit=/init failed: -2, ignoring
[    0.079645] EXT4-fs (vda): mounted filesystem 7fe18a50-9e40-44d4-ac16-9dd044db8a05 r/w with ordered data mode. Quota mode: none.
[    0.079663] VFS: Mounted root (ext4 filesystem) on device 254:0.
[    0.079856] devtmpfs: mounted
[    0.080632] Freeing unused kernel memory: 12224K
[    0.080659] Run /sbin/lighter-init as init process
INIT clock=2026-09-08T02:15:56Z
INIT filesystems=ok
INIT formatting=/dev/vdb fs=btrfs mkfs=
INIT data_fs=btrfs
INIT data_opts=noatime,nodatacow,commit=30,thread_pool=1
[    0.170413] BTRFS: device label lighter-data devid 1 transid 8 /dev/vdb (254:16) scanned by mount (137)
[    0.170716] BTRFS info (device vdb): first mount of filesystem aee0094f-f230-460d-9b80-30edb6464177
[    0.170730] BTRFS info (device vdb): using crc32c (crc32c-lib) checksum algorithm
[    0.171452] BTRFS info (device vdb): checking UUID tree
[    0.171506] BTRFS info (device vdb): setting nodatasum
[    0.171507] BTRFS info (device vdb): setting nodatacow
INIT data=mounted[    0.171507] BTRFS info (device vdb): turning on async discard
[    0.171507] BTRFS info (device vdb): enabling free space tree

INIT fstrim=0ms
[    0.179383] zram0: detected capacity change from 0 to 4194304
[    0.182416] Adding 2097148k swap on /dev/zram0.  Priority:100 extents:1 across:2097148k SS
INIT zram=on
[    0.183445] rcu: RCU calculated value of scheduler-enlistment delay is 25 jiffies.
[2m2026-09-08T02:15:56.803713Z[0m [32m INFO[0m [2mlighter_fs::server[0m[2m:[0m filesystem negotiated [3mguest[0m[2m=[0m7.45 [3mmax_write[0m[2m=[0m262144 [3mreaddirplus[0m[2m=[0mtrue [3mcreate_dialect[0m[2m=[0mtrue
INIT binfmt=x86_64 via=rosetta
[2m2026-09-08T02:15:56.806427Z[0m [32m INFO[0m [2mlighter_fs::server[0m[2m:[0m filesystem negotiated [3mguest[0m[2m=[0m7.45 [3mmax_write[0m[2m=[0m262144 [3mreaddirplus[0m[2m=[0mtrue [3mcreate_dialect[0m[2m=[0mtrue
INIT share=bench at=/mnt/bench
INIT dhcp=ok t=0.20
INIT ipv6=ok
INIT dockerd=ready after=100ms t=0.32
AGENT tcp-proxy port=15201
AGENT inbound port=2378
AGENT listening port=2376
AGENT listening port=2375
AGENT udp-inbound
AGENT udp-proxy port=15202
AGENT dns addr=192.168.127.2
AGENT udp-proxy port=15202
AGENT clock=set trip_us=72 attempt=0
INIT streams=on
INIT ready t=0.33
[2m2026-09-08T02:16:04.377749Z[0m [32m INFO[0m [2mlighter_vmm::virtio::mem[0m[2m:[0m virtio-mem offer [3mrequested_mib[0m[2m=[0m384 [3mplugged_mib[0m[2m=[0m3072
[    7.758746] virtio_mem virtio8: plugged size: 0xc0000000
[    7.758759] virtio_mem virtio8: requested size: 0x18000000
[    8.008730] Fallback order for Node 0: 0 
[    8.008742] Built 1 zonelists, mobility grouping on.  Total pages: 520084
[    8.008747] Policy zone: Normal
[2m2026-09-08T02:16:05.422716Z[0m [32m INFO[0m [2mlighter_vmm::virtio::mem[0m[2m:[0m virtio-mem offer [3mrequested_mib[0m[2m=[0m0 [3mplugged_mib[0m[2m=[0m384
[    8.803688] virtio_mem virtio8: plugged size: 0x18000000
[    8.803700] virtio_mem virtio8: requested size: 0x0
[2m2026-09-08T02:16:11.066897Z[0m [32m INFO[0m [2mlighter_vmm::virtio::mem[0m[2m:[0m virtio-mem offer [3mrequested_mib[0m[2m=[0m3072 [3mplugged_mib[0m[2m=[0m256
[   14.447731] virtio_mem virtio8: plugged size: 0x10000000
[   14.447742] virtio_mem virtio8: requested size: 0xc0000000
[   14.448521] Fallback order for Node 0: 0 
[   14.448532] Built 1 zonelists, mobility grouping on.  Total pages: 326516
[   14.448537] Policy zone: Normal
[   14.831930] docker0: port 1(veth8a73e45) entered blocking state
[   14.831941] docker0: port 1(veth8a73e45) entered disabled state
[   14.831949] veth8a73e45: entered allmulticast mode
[   14.831970] veth8a73e45: entered promiscuous mode
[   14.838346] eth0: renamed from vethe1e48b3
[   14.838783] docker0: port 1(veth8a73e45) entered blocking state
[   14.838793] docker0: port 1(veth8a73e45) entered forwarding state
AGENT sockmap=on
[   27.364333] docker0: port 1(veth8a73e45) entered disabled state
[   27.364367] vethe1e48b3: renamed from eth0
[   27.384521] docker0: port 1(veth8a73e45) entered disabled state
[   27.384782] veth8a73e45 (unregistering): left allmulticast mode
[   27.384792] veth8a73e45 (unregistering): left promiscuous mode
[   27.384797] docker0: port 1(veth8a73e45) entered disabled state
[   27.630209] docker0: port 1(vetha2444fe) entered blocking state
[   27.630221] docker0: port 1(vetha2444fe) entered disabled state
[   27.630229] vetha2444fe: entered allmulticast mode
[   27.630247] vetha2444fe: entered promiscuous mode
[   27.633179] eth0: renamed from veth06cf437
[   27.633840] docker0: port 1(vetha2444fe) entered blocking state
[   27.633867] docker0: port 1(vetha2444fe) entered forwarding state
[2m2026-09-08T02:16:31.255610Z[0m [33m WARN[0m [2mlighter_fs::inode[0m[2m:[0m the share is holding more descriptors than it may [3mopen[0m[2m=[0m6241 [3mbudget[0m[2m=[0m6144 [3minodes[0m[2m=[0m9265 [3mlive[0m[2m=[0m9265 [3mexamined[0m[2m=[0m8192 [3mparked[0m[2m=[0m2 [3munheld[0m[2m=[0m2 [3mused[0m[2m=[0m0 [3mprivileged[0m[2m=[0m0 [3munparkable[0m[2m=[0m0
[   46.419479] docker0: port 1(vetha2444fe) entered disabled state
[   46.419514] veth06cf437: renamed from eth0
[   46.439998] docker0: port 1(vetha2444fe) entered disabled state
[   46.440297] vetha2444fe (unregistering): left allmulticast mode
[   46.440311] vetha2444fe (unregistering): left promiscuous mode
[   46.440316] docker0: port 1(vetha2444fe) entered disabled state
[   46.583137] docker0: port 1(vethd00e303) entered blocking state
[   46.583148] docker0: port 1(vethd00e303) entered disabled state
[   46.583154] vethd00e303: entered allmulticast mode
[   46.583173] vethd00e303: entered promiscuous mode
[   46.586995] eth0: renamed from veth576382f
[   46.587230] docker0: port 1(vethd00e303) entered blocking state
[   46.587239] docker0: port 1(vethd00e303) entered forwarding state
[   61.884179] virtio_vsock: the large receive buffer was refused; posting a small one
[   61.885395] virtio_vsock: the large receive buffer was refused; posting a small one
[   61.885456] virtio_vsock: the large receive buffer was refused; posting a small one
[   61.885491] virtio_vsock: the large receive buffer was refused; posting a small one
[   61.885807] virtio_vsock: the large receive buffer was refused; posting a small one
[   61.896099] virtio_vsock: the large receive buffer was refused; posting a small one
[   81.936574] docker0: port 1(vethd00e303) entered disabled state
[   81.936662] veth576382f: renamed from eth0
[   81.952761] docker0: port 1(vethd00e303) entered disabled state
[   81.953139] vethd00e303 (unregistering): left allmulticast mode
[   81.953152] vethd00e303 (unregistering): left promiscuous mode
[   81.953158] docker0: port 1(vethd00e303) entered disabled state
[   82.164020] docker0: port 1(vethabb60e4) entered blocking state
[   82.164031] docker0: port 1(vethabb60e4) entered disabled state
[   82.164044] vethabb60e4: entered allmulticast mode
[   82.164085] vethabb60e4: entered promiscuous mode
[   82.167845] eth0: renamed from veth43ba599
[   82.168851] docker0: port 1(vethabb60e4) entered blocking state
[   82.168859] docker0: port 1(vethabb60e4) entered forwarding state
[  133.562482] docker0: port 1(vethabb60e4) entered disabled state
[  133.562598] veth43ba599: renamed from eth0
[  133.593873] docker0: port 1(vethabb60e4) entered disabled state
[  133.594286] vethabb60e4 (unregistering): left allmulticast mode
[  133.594307] vethabb60e4 (unregistering): left promiscuous mode
[  133.594313] docker0: port 1(vethabb60e4) entered disabled state
[  133.840158] docker0: port 1(veth86672f5) entered blocking state
[  133.840169] docker0: port 1(veth86672f5) entered disabled state
[  133.840176] veth86672f5: entered allmulticast mode
[  133.840202] veth86672f5: entered promiscuous mode
[  133.844029] eth0: renamed from vethe87abac
[  133.844664] docker0: port 1(veth86672f5) entered blocking state
[  133.844673] docker0: port 1(veth86672f5) entered forwarding state
[2m2026-09-08T02:18:18.636474Z[0m [33m WARN[0m [2mlighter_fs::inode[0m[2m:[0m the share is holding more descriptors than it may [3mopen[0m[2m=[0m6249 [3mbudget[0m[2m=[0m6144 [3minodes[0m[2m=[0m62174 [3mlive[0m[2m=[0m62174 [3mexamined[0m[2m=[0m8192 [3mparked[0m[2m=[0m0 [3munheld[0m[2m=[0m0 [3mused[0m[2m=[0m0 [3mprivileged[0m[2m=[0m0 [3munparkable[0m[2m=[0m0
[2m2026-09-08T02:18:41.588367Z[0m [33m WARN[0m [2mlighter_fs::inode[0m[2m:[0m the share is holding more descriptors than it may [3mopen[0m[2m=[0m6283 [3mbudget[0m[2m=[0m6144 [3minodes[0m[2m=[0m78128 [3mlive[0m[2m=[0m78128 [3mexamined[0m[2m=[0m8192 [3mparked[0m[2m=[0m20 [3munheld[0m[2m=[0m2153 [3mused[0m[2m=[0m0 [3mprivileged[0m[2m=[0m0 [3munparkable[0m[2m=[0m0
[  169.311980] docker0: port 1(veth86672f5) entered disabled state
[  169.312051] vethe87abac: renamed from eth0
[  169.332645] docker0: port 1(veth86672f5) entered disabled state
[  169.332801] veth86672f5 (unregistering): left allmulticast mode
[  169.332804] veth86672f5 (unregistering): left promiscuous mode
[  169.332806] docker0: port 1(veth86672f5) entered disabled state
[  169.552390] docker0: port 1(veth90aa6a0) entered blocking state
[  169.552402] docker0: port 1(veth90aa6a0) entered disabled state
[  169.552412] veth90aa6a0: entered allmulticast mode
[  169.552429] veth90aa6a0: entered promiscuous mode
[  169.556213] eth0: renamed from vethd0483e7
[  169.556638] docker0: port 1(veth90aa6a0) entered blocking state
[  169.556691] docker0: port 1(veth90aa6a0) entered forwarding state
[  216.444705] docker0: port 1(veth90aa6a0) entered disabled state
[  216.444902] vethd0483e7: renamed from eth0
[  216.469440] docker0: port 1(veth90aa6a0) entered disabled state
[  216.469832] veth90aa6a0 (unregistering): left allmulticast mode
[  216.469847] veth90aa6a0 (unregistering): left promiscuous mode
[  216.469856] docker0: port 1(veth90aa6a0) entered disabled state
[  216.695998] docker0: port 1(vethfe98979) entered blocking state
[  216.696011] docker0: port 1(vethfe98979) entered disabled state
[  216.696019] vethfe98979: entered allmulticast mode
[  216.696048] vethfe98979: entered promiscuous mode
[  216.700383] eth0: renamed from vethf2abca7
[  216.700988] docker0: port 1(vethfe98979) entered blocking state
[  216.700996] docker0: port 1(vethfe98979) entered forwarding state
[  233.625179] docker0: port 1(vethfe98979) entered disabled state
[  233.625273] vethf2abca7: renamed from eth0
[  233.653553] docker0: port 1(vethfe98979) entered disabled state
[  233.653954] vethfe98979 (unregistering): left allmulticast mode
[  233.653966] vethfe98979 (unregistering): left promiscuous mode
[  233.653969] docker0: port 1(vethfe98979) entered disabled state
[  233.845831] docker0: port 1(veth9aec626) entered blocking state
[  233.845845] docker0: port 1(veth9aec626) entered disabled state
[  233.845853] veth9aec626: entered allmulticast mode
[  233.845880] veth9aec626: entered promiscuous mode
[  233.849680] eth0: renamed from veth83b6ac8
[  233.850278] docker0: port 1(veth9aec626) entered blocking state
[  233.850291] docker0: port 1(veth9aec626) entered forwarding state
[  240.328343] docker0: port 1(veth9aec626) entered disabled state
[  240.328382] veth83b6ac8: renamed from eth0
[  240.348309] docker0: port 1(veth9aec626) entered disabled state
[  240.348600] veth9aec626 (unregistering): left allmulticast mode
[  240.348610] veth9aec626 (unregistering): left promiscuous mode
[  240.348616] docker0: port 1(veth9aec626) entered disabled state
[  240.560088] docker0: port 1(veth259024b) entered blocking state
[  240.560100] docker0: port 1(veth259024b) entered disabled state
[  240.560107] veth259024b: entered allmulticast mode
[  240.560127] veth259024b: entered promiscuous mode
[  240.564128] eth0: renamed from vethef9fede
[  240.564568] docker0: port 1(veth259024b) entered blocking state
[  240.564607] docker0: port 1(veth259024b) entered forwarding state
[  240.991929] docker0: port 1(veth259024b) entered disabled state
[  240.991959] vethef9fede: renamed from eth0
[  241.020414] docker0: port 1(veth259024b) entered disabled state
[  241.020688] veth259024b (unregistering): left allmulticast mode
[  241.020698] veth259024b (unregistering): left promiscuous mode
[  241.020705] docker0: port 1(veth259024b) entered disabled state
[  241.156586] docker0: port 1(veth4dbeee6) entered blocking state
[  241.156600] docker0: port 1(veth4dbeee6) entered disabled state
[  241.156609] veth4dbeee6: entered allmulticast mode
[  241.156638] veth4dbeee6: entered promiscuous mode
[  241.160467] eth0: renamed from vetha326d23
[  241.160865] docker0: port 1(veth4dbeee6) entered blocking state
[  241.160875] docker0: port 1(veth4dbeee6) entered forwarding state
[2m2026-09-08T02:20:01.225086Z[0m [33m WARN[0m [2mlighter_fs::inode[0m[2m:[0m the share is holding more descriptors than it may [3mopen[0m[2m=[0m6241 [3mbudget[0m[2m=[0m6144 [3minodes[0m[2m=[0m146314 [3mlive[0m[2m=[0m146314 [3mexamined[0m[2m=[0m8192 [3mparked[0m[2m=[0m0 [3munheld[0m[2m=[0m0 [3mused[0m[2m=[0m0 [3mprivileged[0m[2m=[0m0 [3munparkable[0m[2m=[0m0
[2m2026-09-08T02:20:01.646464Z[0m [32m INFO[0m [2mlighter_vmm::memory_policy[0m[2m:[0m balloon target [3mtarget_mib[0m[2m=[0m256
[2m2026-09-08T02:20:04.934754Z[0m [32m INFO[0m [2mlighter_vmm::memory_policy[0m[2m:[0m balloon target [3mtarget_mib[0m[2m=[0m0
[2m2026-09-08T02:20:21.728513Z[0m [32m INFO[0m [2mlighter_vmm::memory_policy[0m[2m:[0m balloon target [3mtarget_mib[0m[2m=[0m256
[2m2026-09-08T02:20:27.529632Z[0m [32m INFO[0m [2mlighter_vmm::memory_policy[0m[2m:[0m balloon target [3mtarget_mib[0m[2m=[0m0
[  271.839344] docker0: port 1(veth4dbeee6) entered disabled state
[  271.839510] vetha326d23: renamed from eth0
[  271.862925] docker0: port 1(veth4dbeee6) entered disabled state
[  271.863289] veth4dbeee6 (unregistering): left allmulticast mode
[  271.863303] veth4dbeee6 (unregistering): left promiscuous mode
[  271.863314] docker0: port 1(veth4dbeee6) entered disabled state
[  272.089776] docker0: port 1(veth069b6f4) entered blocking state
[  272.089787] docker0: port 1(veth069b6f4) entered disabled state
[  272.089796] veth069b6f4: entered allmulticast mode
[  272.089823] veth069b6f4: entered promiscuous mode
[  272.094282] eth0: renamed from vethb5861dd
[  272.095127] docker0: port 1(veth069b6f4) entered blocking state
[  272.095137] docker0: port 1(veth069b6f4) entered forwarding state
[2m2026-09-08T02:20:40.804646Z[0m [32m INFO[0m [2mlighter_vmm::memory_policy[0m[2m:[0m balloon target [3mtarget_mib[0m[2m=[0m256
[2m2026-09-08T02:20:40.867328Z[0m [32m INFO[0m [2mlighter_vmm::memory_policy[0m[2m:[0m balloon target [3mtarget_mib[0m[2m=[0m0
[  297.855738] docker0: port 1(veth069b6f4) entered disabled state
[  297.855888] vethb5861dd: renamed from eth0
[  297.881997] docker0: port 1(veth069b6f4) entered disabled state
[  297.882347] veth069b6f4 (unregistering): left allmulticast mode
[  297.882362] veth069b6f4 (unregistering): left promiscuous mode
[  297.882368] docker0: port 1(veth069b6f4) entered disabled state
