Installed lighter 0.4.2 (Linux 6.18.49).
Starting lighter (2 cores, 2048 MiB)…
Docker 28.3.3 on linux/arm64
Running as pid 52271; the docker CLI now points at it.
Unable to find image 'alpine:3.21' locally
3.21: Pulling from library/alpine
2dd7199cff98: Pulling fs layer
2dd7199cff98: Verifying Checksum
2dd7199cff98: Download complete
2dd7199cff98: Pull complete
Digest: sha256:48b0309ca019d89d40f670aa1bc06e426dc0931948452e8491e3d65087abc07d
Status: Downloaded newer image for alpine:3.21
  installation  install script; /private/tmp/lighter-migrate.4eTNVI/u/.lighter/releases/0.5.0/bin/lighter
  CLI version   0.5.0
  installed     0.5.0
  kernel image  6.18.49
  running       0.5.0
  kernel        6.18.49
lighter is running.
  pid        55649
  docker     28.3.3 on linux/arm64
  memory     361 MiB
  socket     /tmp/lighter-migrate.4eTNVI/u/.lighter/docker.sock
  ok    installation             install script; /private/tmp/lighter-migrate.4eTNVI/u/.lighter/releases/0.5.0/bin/lighter
  ok    release versions         installation  install script; /private/tmp/lighter-migrate.4eTNVI/u/.lighter/releases/0.5.0/bin/lighter
  CLI version   0.5.0
  installed     0.5.0
  kernel image  6.18.49
  running       0.5.0
  kernel        6.18.49
  ok    hardware virtualization  supported
  ok    hypervisor entitlement   present
  ok    rosetta                  installed; amd64 containers run under Rosetta
  ok    guest kernel             /private/tmp/lighter-migrate.4eTNVI/u/.lighter/releases/0.5.0/bin/../share/lighter/Image
  ok    guest filesystem         /private/tmp/lighter-migrate.4eTNVI/u/.lighter/releases/0.5.0/bin/../share/lighter/rootfs.ext4
  ok    docker client            ~/.orbstack/bin/docker
  ok    disk space               87 GiB free
  ok    machine                  running, pid 55649
  ok    docker context           lighter (selected)
Unable to find image 'alpine:3.21' locally
3.21: Pulling from library/alpine
897d797d2723: Pulling fs layer
897d797d2723: Verifying Checksum
897d797d2723: Download complete
897d797d2723: Pull complete
Digest: sha256:48b0309ca019d89d40f670aa1bc06e426dc0931948452e8491e3d65087abc07d
Status: Downloaded newer image for alpine:3.21
WARNING: The requested image's platform (linux/amd64) does not match the detected host platform (linux/arm64/v8) and no specific platform was requested
Stopped.
release upgrade: real installer verified; 0.4.2 -> 0.5.0 preserved running container, named volume and configuration; explicit restart enforced
Temporary test bundle cleanup: 2 paths, 0 errors
