Not running.
Saved. Restart for it to take effect: `lighter restart`
  cpus       4
  memory     4096 MiB
  disk       64 GiB
  publish    localhost (wildcard publishes on loopback)
  share      <repo>
Starting lighter (4 cores, 4096 MiB)…
Docker 28.3.3 on linux/arm64
Running as pid 69954; use DOCKER_HOST=unix:///private/tmp/lighter-kind-m5.1h4w3x6t/docker.sock
PASS: normal cluster creation
PASS: all nodes Ready
PASS: local image build
PASS: load local image into every node
PASS: deploy workload and PVC
PASS: application Ready
PASS: client Ready
PASS: initial Service routing convergence
PASS: Service DNS, cross-node TCP and host NodePort
PASS: external DNS and HTTPS
PASS: direct Pod IP
PASS: cluster UDP
PASS: host UDP NodePort
PASS: Mac share read/write
PASS: flushed Pod write visible on Mac
PASS: updated Mac file visible
PASS: pod logs
PASS: kubectl port-forward
PASS: Helm install/upgrade helm-v1
PASS: Helm workload helm-v1
PASS: Helm install/upgrade helm-v2
PASS: Helm workload helm-v2
PASS: Helm uninstall
PASS: PVC survives Pod replacement
PASS: VM stop
PASS: VM restart
PASS: traffic recovers after VM restart
PASS: PVC survives VM restart
PASS: host UDP after restart
PASS: ordinary Docker after kind
Stopped.
PASS: final signed archive runs two-node kind and survives VM restart
