[2m2026-08-31T18:40:51.207319Z[0m [32m INFO[0m [2mlighter_vmm::machine[0m[2m:[0m attached disk [3mpath[0m[2m=[0m/var/folders/43/y9_kklv94ks4dt0rtcddmgf00000gn/T//lighter-m2-56039.img [3mcapacity_mib[0m[2m=[0m4096 [3mallocated_kib[0m[2m=[0m0
[2m2026-08-31T18:40:51.207559Z[0m [32m INFO[0m [2mlighter_vmm::machine[0m[2m:[0m machine started [3mvcpus[0m[2m=[0m2 [3mram_mib[0m[2m=[0m2048 [3mentry[0m[2m=[0m0x40000000 [3mdtb[0m[2m=[0m0x42c00000
[    0.000000] Booting Linux on physical CPU 0x0000000000 [0x610f0000]
[    0.000000] Linux version 6.12.51 (root@623a2e1f7cba) (gcc (Debian 12.2.0-14+deb12u1) 12.2.0, GNU ld (GNU Binutils for Debian) 2.40) #1 SMP PREEMPT Mon Aug 31 17:59:13 UTC 2026
[    0.000000] KASLR disabled due to lack of seed
[    0.000000] Machine model: linux,dummy-virt
[    0.000000] earlycon: pl11 at MMIO 0x000000000c000000 (options '')
[    0.000000] printk: legacy bootconsole [pl11] enabled
[    0.000000] efi: UEFI not found.
[    0.000000] OF: reserved mem: Reserved memory: No reserved-memory node in the DT
[    0.000000] NUMA: Faking a node at [mem 0x0000000040000000-0x00000000bfffffff]
[    0.000000] NODE_DATA(0) allocated [mem 0xbfc03f00-0xbfc0663f]
[    0.000000] Zone ranges:
[    0.000000]   DMA      [mem 0x0000000040000000-0x00000000bfffffff]
[    0.000000]   DMA32    empty
[    0.000000]   Normal   empty
[    0.000000] Movable zone start for each node
[    0.000000] Early memory node ranges
[    0.000000]   node   0: [mem 0x0000000040000000-0x00000000bfffffff]
[    0.000000] Initmem setup node 0 [mem 0x0000000040000000-0x00000000bfffffff]
[    0.000000] cma: Reserved 32 MiB at 0x00000000bba00000 on node -1
[    0.000000] psci: probing for conduit method from DT.
[    0.000000] psci: PSCIv1.1 detected in firmware.
[    0.000000] psci: Using standard PSCI v0.2 function IDs
[    0.000000] psci: Trusted OS migration not required
[    0.000000] psci: SMC Calling Convention v1.0
[    0.000000] percpu: Embedded 23 pages/cpu s62232 r0 d31976 u94208
[    0.000000] Detected PIPT I-cache on CPU0
[    0.000000] CPU features: detected: Address authentication (IMP DEF algorithm)
[    0.000000] CPU features: detected: GIC system register CPU interface
[    0.000000] CPU features: detected: Spectre-v4
[    0.000000] CPU features: detected: Spectre-BHB
[    0.000000] alternatives: applying boot alternatives
[    0.000000] Kernel command line: console=ttyAMA0 earlycon=pl011,0xc000000 panic=-1 lighter.selftest
[    0.000000] Dentry cache hash table entries: 262144 (order: 9, 2097152 bytes, linear)
[    0.000000] Inode-cache hash table entries: 131072 (order: 8, 1048576 bytes, linear)
[    0.000000] Fallback order for Node 0: 0 
[    0.000000] Built 1 zonelists, mobility grouping on.  Total pages: 524288
[    0.000000] Policy zone: DMA
[    0.000000] mem auto-init: stack:all(zero), heap alloc:off, heap free:off
[    0.000000] software IO TLB: SWIOTLB bounce buffer size adjusted to 2MB
[    0.000000] software IO TLB: area num 2.
[    0.000000] software IO TLB: mapped [mem 0x00000000bb600000-0x00000000bb800000] (2MB)
[    0.000000] SLUB: HWalign=64, Order=0-3, MinObjects=0, CPUs=2, Nodes=1
[    0.000000] rcu: Preemptible hierarchical RCU implementation.
[    0.000000] rcu: 	RCU event tracing is enabled.
[    0.000000] rcu: 	RCU restricting CPUs from NR_CPUS=512 to nr_cpu_ids=2.
[    0.000000] 	Trampoline variant of Tasks RCU enabled.
[    0.000000] 	Tracing variant of Tasks RCU enabled.
[    0.000000] rcu: RCU calculated value of scheduler-enlistment delay is 25 jiffies.
[    0.000000] rcu: Adjusting geometry for rcu_fanout_leaf=16, nr_cpu_ids=2
[    0.000000] RCU Tasks: Setting shift to 1 and lim to 1 rcu_task_cb_adjust=1 rcu_task_cpu_ids=2.
[    0.000000] RCU Tasks Trace: Setting shift to 1 and lim to 1 rcu_task_cb_adjust=1 rcu_task_cpu_ids=2.
[    0.000000] NR_IRQS: 64, nr_irqs: 64, preallocated irqs: 0
[    0.000000] GICv3: 988 SPIs implemented
[    0.000000] GICv3: 0 Extended SPIs implemented
[    0.000000] Root IRQ handler: gic_handle_irq
[    0.000000] GICv3: GICv3 features: 16 PPIs, RSS
[    0.000000] GICv3: GICD_CTRL.DS=1, SCR_EL3.FIQ=0
[    0.000000] GICv3: CPU0: found redistributor 0 region 0:0x00000000080a0000
[    0.000000] rcu: srcu_init: Setting srcu_struct sizes based on contention.
[    0.000000] arch_timer: cp15 timer(s) running at 24.00MHz (virt).
[    0.000000] clocksource: arch_sys_counter: mask: 0xffffffffffffff max_cycles: 0x588fe9dc0, max_idle_ns: 440795202592 ns
[    0.000000] sched_clock: 56 bits at 24MHz, resolution 41ns, wraps every 4398046511097ns
[    0.000411] Console: colour dummy device 80x25
[    0.000618] Calibrating delay loop (skipped), value calculated using timer frequency.. 48.00 BogoMIPS (lpj=96000)
[    0.001121] pid_max: default: 32768 minimum: 301
[    0.001341] LSM: initializing lsm=capability
[    0.001571] Mount-cache hash table entries: 4096 (order: 3, 32768 bytes, linear)
[    0.001887] Mountpoint-cache hash table entries: 4096 (order: 3, 32768 bytes, linear)
[    0.002486] cacheinfo: Unable to detect cache hierarchy for CPU 0
[    0.003086] rcu: Hierarchical SRCU implementation.
[    0.003307] rcu: 	Max phase no-delay instances is 1000.
[    0.003608] Timer migration: 1 hierarchy levels; 8 children per group; 1 crossnode level
[    0.004002] EFI services will not be available.
[    0.004286] smp: Bringing up secondary CPUs ...
[    0.004657] Detected PIPT I-cache on CPU1
[    0.004672] GICv3: CPU1: found redistributor 1 region 0:0x00000000080c0000
[    0.004718] CPU1: Booted secondary processor 0x0000000001 [0x610f0000]
[    0.004782] smp: Brought up 1 node, 2 CPUs
[    0.005673] SMP: Total of 2 processors activated.
[    0.005867] CPU: All CPU(s) started at EL1
[    0.006046] CPU features: detected: Branch Target Identification
[    0.006304] CPU features: detected: ARMv8.4 Translation Table Level
[    0.006586] CPU features: detected: Data cache clean to the PoU not required for I/D coherence
[    0.006940] CPU features: detected: Common not Private translations
[    0.007198] CPU features: detected: CRC32 instructions
[    0.007420] CPU features: detected: Data independent timing control (DIT)
[    0.007701] CPU features: detected: E0PD
[    0.007863] CPU features: detected: Enhanced Privileged Access Never
[    0.008126] CPU features: detected: Generic authentication (IMP DEF algorithm)
[    0.008434] CPU features: detected: RCpc load-acquire (LDAPR)
[    0.008676] CPU features: detected: LSE atomic instructions
[    0.008907] CPU features: detected: Privileged Access Never
[    0.009145] CPU features: detected: RAS Extension Support
[    0.009361] CPU features: detected: Speculation barrier (SB)
[    0.009588] CPU features: detected: TLB range maintenance instructions
[    0.009890] alternatives: applying system-wide alternatives
[    0.011163] Memory: 1973384K/2097152K available (16320K kernel code, 5618K rwdata, 10864K rodata, 10624K init, 742K bss, 87380K reserved, 32768K cma-reserved)
[    0.011868] devtmpfs: initialized
[    0.012228] clocksource: jiffies: mask: 0xffffffff max_cycles: 0xffffffff, max_idle_ns: 7645041785100000 ns
[    0.012628] futex hash table entries: 512 (order: 3, 32768 bytes, linear)
[    0.012952] 21664 pages in range for non-PLT usage
[    0.012954] 513184 pages in range for PLT usage
[    0.013167] pinctrl core: initialized pinctrl subsystem
[    0.013703] DMI not present or invalid.
[    0.014604] NET: Registered PF_NETLINK/PF_ROUTE protocol family
[    0.014962] DMA: preallocated 256 KiB GFP_KERNEL pool for atomic allocations
[    0.015301] DMA: preallocated 256 KiB GFP_KERNEL|GFP_DMA pool for atomic allocations
[    0.015698] DMA: preallocated 256 KiB GFP_KERNEL|GFP_DMA32 pool for atomic allocations
[    0.016034] audit: initializing netlink subsys (disabled)
[    0.016304] audit: type=2000 audit(0.016:1): state=initialized audit_enabled=0 res=1
[    0.016351] thermal_sys: Registered thermal governor 'step_wise'
[    0.016673] thermal_sys: Registered thermal governor 'power_allocator'
[    0.016933] cpuidle: using governor menu
[    0.017392] NET: Registered PF_QIPCRTR protocol family
[    0.017626] hw-breakpoint: found 6 breakpoint and 4 watchpoint registers.
[    0.017938] ASID allocator initialised with 65536 entries
[    0.018288] Serial: AMBA PL011 UART driver
[    0.018580] c000000.pl011: ttyAMA0 at MMIO 0xc000000 (irq = 13, base_baud = 0) is a PL011 rev1
[    0.018938] printk: legacy console [ttyAMA0] enabled
[    0.018938] printk: legacy console [ttyAMA0] enabled
[    0.019283] printk: legacy bootconsole [pl11] disabled
[    0.019283] printk: legacy bootconsole [pl11] disabled
[    0.023200] HugeTLB: registered 1.00 GiB page size, pre-allocated 0 pages
[    0.023378] HugeTLB: 0 KiB vmemmap can be freed for a 1.00 GiB page
[    0.023539] HugeTLB: registered 32.0 MiB page size, pre-allocated 0 pages
[    0.023712] HugeTLB: 0 KiB vmemmap can be freed for a 32.0 MiB page
[    0.023872] HugeTLB: registered 2.00 MiB page size, pre-allocated 0 pages
[    0.024055] HugeTLB: 0 KiB vmemmap can be freed for a 2.00 MiB page
[    0.024219] HugeTLB: registered 64.0 KiB page size, pre-allocated 0 pages
[    0.024402] HugeTLB: 0 KiB vmemmap can be freed for a 64.0 KiB page
[    0.024796] ACPI: Interpreter disabled.
[    0.025015] iommu: Default domain type: Translated
[    0.025143] iommu: DMA domain TLB invalidation policy: strict mode
[    0.025346] pps_core: LinuxPPS API ver. 1 registered
[    0.025475] pps_core: Software ver. 5.3.6 - Copyright 2005-2007 Rodolfo Giometti <giometti@linux.it>
[    0.025706] PTP clock support registered
[    0.025819] EDAC MC: Ver: 3.0.0
[    0.025944] scmi_core: SCMI protocol bus registered
[    0.026162] FPGA manager framework
[    0.026346] nfc: nfc_init: NFC Core ver 0.1
[    0.026460] NET: Registered PF_NFC protocol family
[    0.026648] clocksource: Switched to clocksource arch_sys_counter
[    0.026840] VFS: Disk quotas dquot_6.6.0
[    0.026955] VFS: Dquot-cache hash table entries: 512 (order 0, 4096 bytes)
[    0.027177] pnp: PnP ACPI: disabled
[    0.028876] NET: Registered PF_INET protocol family
[    0.029088] IP idents hash table entries: 32768 (order: 6, 262144 bytes, linear)
[    0.029455] tcp_listen_portaddr_hash hash table entries: 1024 (order: 2, 16384 bytes, linear)
[    0.029684] Table-perturb hash table entries: 65536 (order: 6, 262144 bytes, linear)
[    0.029882] TCP established hash table entries: 16384 (order: 5, 131072 bytes, linear)
[    0.030096] TCP bind hash table entries: 16384 (order: 7, 524288 bytes, linear)
[    0.030335] TCP: Hash tables configured (established 16384 bind 16384)
[    0.030516] UDP hash table entries: 1024 (order: 3, 32768 bytes, linear)
[    0.030694] UDP-Lite hash table entries: 1024 (order: 3, 32768 bytes, linear)
[    0.030891] NET: Registered PF_UNIX/PF_LOCAL protocol family
[    0.031081] kvm [1]: HYP mode not available
[    0.031084] Unpacking initramfs...
[    0.031264] Initialise system trusted keyrings
[    0.031433] workingset: timestamp_bits=42 max_order=19 bucket_order=0
[    0.031630] squashfs: version 4.0 (2009/01/31) Phillip Lougher
[    0.031791] fuse: init (API version 7.41)
[    0.031912] 9p: Installing v9fs 9p2000 file system support
[    0.035938] Freeing initrd memory: 760K
[    0.037670] NET: Registered PF_ALG protocol family
[    0.037799] Key type asymmetric registered
[    0.037913] Asymmetric key parser 'x509' registered
[    0.038059] Block layer SCSI generic (bsg) driver version 0.4 loaded (major 240)
[    0.038249] io scheduler mq-deadline registered
[    0.038366] io scheduler kyber registered
[    0.038473] io scheduler bfq registered
[    0.038983] ledtrig-cpu: registered to indicate activity on CPUs
[    0.039147] IPMI message handler: version 39.2
[    0.039266] ipmi device interface
[    0.039404] ipmi_si: IPMI System Interface driver
[    0.039535] ipmi_si: Unable to find any System Interface(s)
[    0.040662] Free page reporting enabled
[    0.041048] Serial: 8250/16550 driver, 4 ports, IRQ sharing enabled
[    0.041361] msm_serial: driver initialized
[    0.041500] SuperH (H)SCI(F) driver initialized
[    0.041631] STM32 USART driver initialized
[    0.042021] random: crng init done
[    0.042478] loop: module loaded
[    0.044025] virtio_blk virtio2: 1/0/0 default/read/poll queues
[    0.044245] virtio_blk virtio2: [vda] 8388608 512-byte logical blocks (4.29 GB/4.00 GiB)
[    0.044612] zram: Added device: zram0
[    0.045154] tun: Universal TUN/TAP device driver, 1.6
[    0.045329] CAN device driver interface
[    0.045639] VFIO - User Level meta-driver version: 0.3
[    0.046635]  cs_system_cfg: CoreSight Configuration manager initialised
[    0.046959] gnss: GNSS driver registered with major 504
[    0.047216] GACT probability NOT on
[    0.047307] Mirror/redirect action on
[    0.047511] IPVS: Registered protocols ()
[    0.047613] IPVS: Connection hash table configured (size=4096, memory=32Kbytes)
[    0.047803] IPVS: ipvs loaded.
[    0.047903] NET: Registered PF_INET6 protocol family
[    0.048130] Segment Routing with IPv6
[    0.048247] In-situ OAM (IOAM) with IPv6
[    0.048362] sit: IPv6, IPv4 and MPLS over IPv4 tunneling driver
[    0.048534] NET: Registered PF_PACKET protocol family
[    0.048663] Bridge firewalling registered
[    0.048794] can: controller area network core
[    0.048911] NET: Registered PF_CAN protocol family
[    0.049030] can: raw protocol
[    0.049105] can: broadcast manager protocol
[    0.049210] can: netlink gateway - max_hops=1
[    0.049326] 8021q: 802.1Q VLAN Support v1.8
[    0.049440] 9pnet: Installing 9P2000 support
[    0.049550] Key type dns_resolver registered
[    0.049663] NET: Registered PF_VSOCK protocol family
[    0.050166] registered taskstats version 1
[    0.050287] Loading compiled-in X.509 certificates
[    0.050806] Demotion targets for Node 0: null
[    0.051011] clk: Disabling unused clocks
[    0.051121] PM: genpd: Disabling unused power domains
[    0.051516] Freeing unused kernel memory: 10624K
[    0.051638] Run /init as init process

  lighter guest
  Linux 6.12.51 aarch64

SELFTEST cpus=2
SELFTEST memtotal_kb=2021156
SELFTEST dt=ok
SELFTEST console=ttyAMA0
SELFTEST uptime_before=0.05 uptime_after=1.05
SELFTEST timer=ok
SELFTEST virtio id=0x0005 driver=virtio_balloon
SELFTEST virtio id=0x0004 driver=virtio_rng
SELFTEST virtio id=0x0002 driver=virtio_blk
SELFTEST blockdev=vda size_sectors=8388608
SELFTEST blockio=ok
SELFTEST entropy_avail=256
SELFTEST done
[    1.067394] reboot: Power down

lighter: guest powered off
