[2m2026-08-31T18:40:53.083888Z[0m [32m INFO[0m [2mlighter_vmm::machine[0m[2m:[0m attached disk [3mpath[0m[2m=[0m/var/folders/43/y9_kklv94ks4dt0rtcddmgf00000gn/T//lighter-m2-56039.img [3mcapacity_mib[0m[2m=[0m4096 [3mallocated_kib[0m[2m=[0m0
[2m2026-08-31T18:40:53.084078Z[0m [32m INFO[0m [2mlighter_vmm::machine[0m[2m:[0m machine started [3mvcpus[0m[2m=[0m2 [3mram_mib[0m[2m=[0m2048 [3mentry[0m[2m=[0m0x40000000 [3mdtb[0m[2m=[0m0x42c00000
[    0.000000] Booting Linux on physical CPU 0x0000000000 [0x610f0000]
[    0.000000] Linux version 6.12.51 (root@623a2e1f7cba) (gcc (Debian 12.2.0-14+deb12u1) 12.2.0, GNU ld (GNU Binutils for Debian) 2.40) #1 SMP PREEMPT Mon Aug 31 17:59:13 UTC 2026
[    0.000000] KASLR disabled due to lack of seed
[    0.000000] Machine model: linux,dummy-virt
[    0.000000] earlycon: pl11 at MMIO 0x000000000c000000 (options '')
[    0.000000] printk: legacy bootconsole [pl11] enabled
[    0.000000] efi: UEFI not found.
[    0.000000] OF: reserved mem: Reserved memory: No reserved-memory node in the DT
[    0.000000] NUMA: Faking a node at [mem 0x0000000040000000-0x00000000bfffffff]
[    0.000000] NODE_DATA(0) allocated [mem 0xbfc03f00-0xbfc0663f]
[    0.000000] Zone ranges:
[    0.000000]   DMA      [mem 0x0000000040000000-0x00000000bfffffff]
[    0.000000]   DMA32    empty
[    0.000000]   Normal   empty
[    0.000000] Movable zone start for each node
[    0.000000] Early memory node ranges
[    0.000000]   node   0: [mem 0x0000000040000000-0x00000000bfffffff]
[    0.000000] Initmem setup node 0 [mem 0x0000000040000000-0x00000000bfffffff]
[    0.000000] cma: Reserved 32 MiB at 0x00000000bba00000 on node -1
[    0.000000] psci: probing for conduit method from DT.
[    0.000000] psci: PSCIv1.1 detected in firmware.
[    0.000000] psci: Using standard PSCI v0.2 function IDs
[    0.000000] psci: Trusted OS migration not required
[    0.000000] psci: SMC Calling Convention v1.0
[    0.000000] percpu: Embedded 23 pages/cpu s62232 r0 d31976 u94208
[    0.000000] Detected PIPT I-cache on CPU0
[    0.000000] CPU features: detected: Address authentication (IMP DEF algorithm)
[    0.000000] CPU features: detected: GIC system register CPU interface
[    0.000000] CPU features: detected: Spectre-v4
[    0.000000] CPU features: detected: Spectre-BHB
[    0.000000] alternatives: applying boot alternatives
[    0.000000] Kernel command line: console=ttyAMA0 earlycon=pl011,0xc000000 panic=-1 lighter.disktest=write
[    0.000000] Dentry cache hash table entries: 262144 (order: 9, 2097152 bytes, linear)
[    0.000000] Inode-cache hash table entries: 131072 (order: 8, 1048576 bytes, linear)
[    0.000000] Fallback order for Node 0: 0 
[    0.000000] Built 1 zonelists, mobility grouping on.  Total pages: 524288
[    0.000000] Policy zone: DMA
[    0.000000] mem auto-init: stack:all(zero), heap alloc:off, heap free:off
[    0.000000] software IO TLB: SWIOTLB bounce buffer size adjusted to 2MB
[    0.000000] software IO TLB: area num 2.
[    0.000000] software IO TLB: mapped [mem 0x00000000bb600000-0x00000000bb800000] (2MB)
[    0.000000] SLUB: HWalign=64, Order=0-3, MinObjects=0, CPUs=2, Nodes=1
[    0.000000] rcu: Preemptible hierarchical RCU implementation.
[    0.000000] rcu: 	RCU event tracing is enabled.
[    0.000000] rcu: 	RCU restricting CPUs from NR_CPUS=512 to nr_cpu_ids=2.
[    0.000000] 	Trampoline variant of Tasks RCU enabled.
[    0.000000] 	Tracing variant of Tasks RCU enabled.
[    0.000000] rcu: RCU calculated value of scheduler-enlistment delay is 25 jiffies.
[    0.000000] rcu: Adjusting geometry for rcu_fanout_leaf=16, nr_cpu_ids=2
[    0.000000] RCU Tasks: Setting shift to 1 and lim to 1 rcu_task_cb_adjust=1 rcu_task_cpu_ids=2.
[    0.000000] RCU Tasks Trace: Setting shift to 1 and lim to 1 rcu_task_cb_adjust=1 rcu_task_cpu_ids=2.
[    0.000000] NR_IRQS: 64, nr_irqs: 64, preallocated irqs: 0
[    0.000000] GICv3: 988 SPIs implemented
[    0.000000] GICv3: 0 Extended SPIs implemented
[    0.000000] Root IRQ handler: gic_handle_irq
[    0.000000] GICv3: GICv3 features: 16 PPIs, RSS
[    0.000000] GICv3: GICD_CTRL.DS=1, SCR_EL3.FIQ=0
[    0.000000] GICv3: CPU0: found redistributor 0 region 0:0x00000000080a0000
[    0.000000] rcu: srcu_init: Setting srcu_struct sizes based on contention.
[    0.000000] arch_timer: cp15 timer(s) running at 24.00MHz (virt).
[    0.000000] clocksource: arch_sys_counter: mask: 0xffffffffffffff max_cycles: 0x588fe9dc0, max_idle_ns: 440795202592 ns
[    0.000000] sched_clock: 56 bits at 24MHz, resolution 41ns, wraps every 4398046511097ns
[    0.000398] Console: colour dummy device 80x25
[    0.000593] Calibrating delay loop (skipped), value calculated using timer frequency.. 48.00 BogoMIPS (lpj=96000)
[    0.001004] pid_max: default: 32768 minimum: 301
[    0.001199] LSM: initializing lsm=capability
[    0.001424] Mount-cache hash table entries: 4096 (order: 3, 32768 bytes, linear)
[    0.001730] Mountpoint-cache hash table entries: 4096 (order: 3, 32768 bytes, linear)
[    0.002315] cacheinfo: Unable to detect cache hierarchy for CPU 0
[    0.002854] rcu: Hierarchical SRCU implementation.
[    0.003037] rcu: 	Max phase no-delay instances is 1000.
[    0.003294] Timer migration: 1 hierarchy levels; 8 children per group; 1 crossnode level
[    0.003655] EFI services will not be available.
[    0.003867] smp: Bringing up secondary CPUs ...
[    0.004201] Detected PIPT I-cache on CPU1
[    0.004218] GICv3: CPU1: found redistributor 1 region 0:0x00000000080c0000
[    0.004258] CPU1: Booted secondary processor 0x0000000001 [0x610f0000]
[    0.004313] smp: Brought up 1 node, 2 CPUs
[    0.005119] SMP: Total of 2 processors activated.
[    0.005295] CPU: All CPU(s) started at EL1
[    0.005464] CPU features: detected: Branch Target Identification
[    0.005687] CPU features: detected: ARMv8.4 Translation Table Level
[    0.005923] CPU features: detected: Data cache clean to the PoU not required for I/D coherence
[    0.006245] CPU features: detected: Common not Private translations
[    0.006480] CPU features: detected: CRC32 instructions
[    0.006672] CPU features: detected: Data independent timing control (DIT)
[    0.006922] CPU features: detected: E0PD
[    0.007068] CPU features: detected: Enhanced Privileged Access Never
[    0.007301] CPU features: detected: Generic authentication (IMP DEF algorithm)
[    0.007567] CPU features: detected: RCpc load-acquire (LDAPR)
[    0.007787] CPU features: detected: LSE atomic instructions
[    0.007993] CPU features: detected: Privileged Access Never
[    0.008202] CPU features: detected: RAS Extension Support
[    0.008406] CPU features: detected: Speculation barrier (SB)
[    0.008617] CPU features: detected: TLB range maintenance instructions
[    0.008897] alternatives: applying system-wide alternatives
[    0.010086] Memory: 1973384K/2097152K available (16320K kernel code, 5618K rwdata, 10864K rodata, 10624K init, 742K bss, 87380K reserved, 32768K cma-reserved)
[    0.010728] devtmpfs: initialized
[    0.011050] clocksource: jiffies: mask: 0xffffffff max_cycles: 0xffffffff, max_idle_ns: 7645041785100000 ns
[    0.011421] futex hash table entries: 512 (order: 3, 32768 bytes, linear)
[    0.011723] 21664 pages in range for non-PLT usage
[    0.011725] 513184 pages in range for PLT usage
[    0.011933] pinctrl core: initialized pinctrl subsystem
[    0.012427] DMI not present or invalid.
[    0.013248] NET: Registered PF_NETLINK/PF_ROUTE protocol family
[    0.013594] DMA: preallocated 256 KiB GFP_KERNEL pool for atomic allocations
[    0.013924] DMA: preallocated 256 KiB GFP_KERNEL|GFP_DMA pool for atomic allocations
[    0.014303] DMA: preallocated 256 KiB GFP_KERNEL|GFP_DMA32 pool for atomic allocations
[    0.014621] audit: initializing netlink subsys (disabled)
[    0.014893] audit: type=2000 audit(0.012:1): state=initialized audit_enabled=0 res=1
[    0.014951] thermal_sys: Registered thermal governor 'step_wise'
[    0.015194] thermal_sys: Registered thermal governor 'power_allocator'
[    0.015441] cpuidle: using governor menu
[    0.015857] NET: Registered PF_QIPCRTR protocol family
[    0.016073] hw-breakpoint: found 6 breakpoint and 4 watchpoint registers.
[    0.016352] ASID allocator initialised with 65536 entries
[    0.016663] Serial: AMBA PL011 UART driver
[    0.016928] c000000.pl011: ttyAMA0 at MMIO 0xc000000 (irq = 13, base_baud = 0) is a PL011 rev1
[    0.017270] printk: legacy console [ttyAMA0] enabled
[    0.017270] printk: legacy console [ttyAMA0] enabled
[    0.017593] printk: legacy bootconsole [pl11] disabled
[    0.017593] printk: legacy bootconsole [pl11] disabled
[    0.018173] HugeTLB: registered 1.00 GiB page size, pre-allocated 0 pages
[    0.018351] HugeTLB: 0 KiB vmemmap can be freed for a 1.00 GiB page
[    0.018513] HugeTLB: registered 32.0 MiB page size, pre-allocated 0 pages
[    0.018684] HugeTLB: 0 KiB vmemmap can be freed for a 32.0 MiB page
[    0.018843] HugeTLB: registered 2.00 MiB page size, pre-allocated 0 pages
[    0.019014] HugeTLB: 0 KiB vmemmap can be freed for a 2.00 MiB page
[    0.019173] HugeTLB: registered 64.0 KiB page size, pre-allocated 0 pages
[    0.019358] HugeTLB: 0 KiB vmemmap can be freed for a 64.0 KiB page
[    0.019753] ACPI: Interpreter disabled.
[    0.019949] iommu: Default domain type: Translated
[    0.020081] iommu: DMA domain TLB invalidation policy: strict mode
[    0.020278] pps_core: LinuxPPS API ver. 1 registered
[    0.020402] pps_core: Software ver. 5.3.6 - Copyright 2005-2007 Rodolfo Giometti <giometti@linux.it>
[    0.020623] PTP clock support registered
[    0.020731] EDAC MC: Ver: 3.0.0
[    0.020858] scmi_core: SCMI protocol bus registered
[    0.021043] FPGA manager framework
[    0.021218] nfc: nfc_init: NFC Core ver 0.1
[    0.021340] NET: Registered PF_NFC protocol family
[    0.021541] clocksource: Switched to clocksource arch_sys_counter
[    0.021729] VFS: Disk quotas dquot_6.6.0
[    0.021829] VFS: Dquot-cache hash table entries: 512 (order 0, 4096 bytes)
[    0.022019] pnp: PnP ACPI: disabled
[    0.024042] NET: Registered PF_INET protocol family
[    0.024211] IP idents hash table entries: 32768 (order: 6, 262144 bytes, linear)
[    0.024565] tcp_listen_portaddr_hash hash table entries: 1024 (order: 2, 16384 bytes, linear)
[    0.024785] Table-perturb hash table entries: 65536 (order: 6, 262144 bytes, linear)
[    0.024974] TCP established hash table entries: 16384 (order: 5, 131072 bytes, linear)
[    0.025200] TCP bind hash table entries: 16384 (order: 7, 524288 bytes, linear)
[    0.025467] TCP: Hash tables configured (established 16384 bind 16384)
[    0.025660] UDP hash table entries: 1024 (order: 3, 32768 bytes, linear)
[    0.025839] UDP-Lite hash table entries: 1024 (order: 3, 32768 bytes, linear)
[    0.026050] NET: Registered PF_UNIX/PF_LOCAL protocol family
[    0.026241] Unpacking initramfs...
[    0.029566] kvm [1]: HYP mode not available
[    0.029818] Initialise system trusted keyrings
[    0.029997] workingset: timestamp_bits=42 max_order=19 bucket_order=0
[    0.030206] squashfs: version 4.0 (2009/01/31) Phillip Lougher
[    0.030374] fuse: init (API version 7.41)
[    0.030499] 9p: Installing v9fs 9p2000 file system support
[    0.030824] Freeing initrd memory: 760K
[    0.036069] NET: Registered PF_ALG protocol family
[    0.036202] Key type asymmetric registered
[    0.036317] Asymmetric key parser 'x509' registered
[    0.036455] Block layer SCSI generic (bsg) driver version 0.4 loaded (major 240)
[    0.036652] io scheduler mq-deadline registered
[    0.036773] io scheduler kyber registered
[    0.036887] io scheduler bfq registered
[    0.037414] ledtrig-cpu: registered to indicate activity on CPUs
[    0.037598] IPMI message handler: version 39.2
[    0.037722] ipmi device interface
[    0.037887] ipmi_si: IPMI System Interface driver
[    0.038033] ipmi_si: Unable to find any System Interface(s)
[    0.039145] Free page reporting enabled
[    0.040201] Serial: 8250/16550 driver, 4 ports, IRQ sharing enabled
[    0.040594] msm_serial: driver initialized
[    0.040728] SuperH (H)SCI(F) driver initialized
[    0.040846] STM32 USART driver initialized
[    0.041112] random: crng init done
[    0.041792] loop: module loaded
[    0.043672] virtio_blk virtio2: 1/0/0 default/read/poll queues
[    0.043920] virtio_blk virtio2: [vda] 8388608 512-byte logical blocks (4.29 GB/4.00 GiB)
[    0.044327] zram: Added device: zram0
[    0.044757] tun: Universal TUN/TAP device driver, 1.6
[    0.044927] CAN device driver interface
[    0.045265] VFIO - User Level meta-driver version: 0.3
[    0.046392]  cs_system_cfg: CoreSight Configuration manager initialised
[    0.046712] gnss: GNSS driver registered with major 504
[    0.046952] GACT probability NOT on
[    0.047042] Mirror/redirect action on
[    0.047263] IPVS: Registered protocols ()
[    0.047372] IPVS: Connection hash table configured (size=4096, memory=32Kbytes)
[    0.047565] IPVS: ipvs loaded.
[    0.047667] NET: Registered PF_INET6 protocol family
[    0.047910] Segment Routing with IPv6
[    0.048016] In-situ OAM (IOAM) with IPv6
[    0.048129] sit: IPv6, IPv4 and MPLS over IPv4 tunneling driver
[    0.048310] NET: Registered PF_PACKET protocol family
[    0.048440] Bridge firewalling registered
[    0.048576] can: controller area network core
[    0.048693] NET: Registered PF_CAN protocol family
[    0.048813] can: raw protocol
[    0.048888] can: broadcast manager protocol
[    0.048993] can: netlink gateway - max_hops=1
[    0.049102] 8021q: 802.1Q VLAN Support v1.8
[    0.049210] 9pnet: Installing 9P2000 support
[    0.049323] Key type dns_resolver registered
[    0.049459] NET: Registered PF_VSOCK protocol family
[    0.049998] registered taskstats version 1
[    0.050115] Loading compiled-in X.509 certificates
[    0.050594] Demotion targets for Node 0: null
[    0.050811] clk: Disabling unused clocks
[    0.050920] PM: genpd: Disabling unused power domains
[    0.051311] Freeing unused kernel memory: 10624K
[    0.051434] Run /init as init process
DISKTEST mode=write
DISKTEST wrote_mib=64
[    0.217873] reboot: Power down

lighter: guest powered off
