==> Building guest artifacts if missing
==> Building and signing the VMM
warning: field `vm` is never read
  --> crates/lighter-vmm/src/machine.rs:97:5
   |
96 | pub struct Machine {
   |            ------- field in this struct
97 |     vm: Arc<Vm>,
   |     ^^
   |
   = note: `#[warn(dead_code)]` (part of `#[warn(unused)]`) on by default

warning: `lighter-vmm` (lib) generated 1 warning
    Finished `dev` profile [unoptimized + debuginfo] target(s) in 0.01s

==> Phase 1: device probe
  [32mok[0m   guest ran and exited
  [32mok[0m   virtio-blk bound
  [32mok[0m   virtio-rng bound
  [32mok[0m   virtio-balloon bound
  [32mok[0m   guest sees a 4 GiB /dev/vda
  [32mok[0m   block data survives a write/read round trip
  [32mok[0m   entropy pool is filled (256 bits)

==> Phase 2: write 64 MiB in the guest
  [32mok[0m   guest wrote 64 MiB to /dev/vda
  [32mok[0m   host image grew to 65536 KiB
  [32mok[0m   a freshly created 4 GiB image cost 256 KiB

==> Phase 3: verify persistence, then discard
  [32mok[0m   data written by the previous boot was still there
  [32mok[0m   guest issued a discard over the whole device
  [32mok[0m   host image shrank from 65536 KiB to 0 KiB

[32mM2 PASS[0m — block, entropy and balloon work; the disk grows and gives space back.
