==> docker-desktop: warming caches (not timed)
==> docker-desktop: npm-install 18966 18759 18690  (cpu ms: user=8430 sys=8860 user=8230 sys=8570 user=8290 sys=8450)
==> docker-desktop: pnpm-install 28507 29221 29103  (cpu ms: user=3450 sys=4240 user=3250 sys=4500 user=3360 sys=4470)
==> docker-desktop: yarn-install 27168 27080 27218  (cpu ms: user=8600 sys=13400 user=8600 sys=13100 user=8870 sys=12880)
==> docker-desktop: materializing the package tree
==> docker-desktop: ripgrep 4019 4127 4010  (cpu ms: user=640 sys=1980 user=680 sys=2080 user=720 sys=1980)
==> docker-desktop: find-walk 1606 1625 1649  (cpu ms: user=70 sys=280 user=70 sys=310 user=70 sys=300)
==> docker-desktop: copy-tree 30924 30839 30886  (cpu ms: user=1420 sys=4410 user=1580 sys=5530 user=1540 sys=5600)
==> docker-desktop: rm-rf 8756 8918 8838  (cpu ms: user=1640 sys=5610 user=1550 sys=5660 user=1550 sys=5690)
==> docker-desktop: cpu-sha256 3131 3126 3133  (cpu ms: user=4950 sys=510 user=4860 sys=580 user=4920 sys=540)
==> docker-desktop: container-start 172 159 159
==> docker-desktop: watch-latency 12 3 3
==> docker-desktop: memory peak=7339 after15s=7276 after60s=7276 (MiB)
==> docker-desktop: net-tcp-egress 24559 24467 24026
==> docker-desktop: net-tcp-egress-r 14677 15037 14604
==> docker-desktop: net-tcp-port 14562 14452 14357
==> docker-desktop: net-tcp-port-r 31500 32523 32537
==> docker-desktop: net-udp 0 0 0
==> docker-desktop: net-connect-rate 14953 16055 15681
==> docker-desktop: net-http-latency 127 123 125
==> docker-desktop: net-dns 700 506 513
==> docker-desktop: power-idle (a minute of quiet, then a minute of samples) cpu=36 ms/s wakeups=3873/s pkg-idle-wakeups=139/s (powermetrics)
==> docker-desktop: boot (a cold stop, then a start, 3 times; untimed round first) 1830/2108 1820/2091 1839/2125
==> docker-desktop: memory idle=3493 MiB, a minute after a cold start

==> results in benchmarks/results/050-1b0caab-m5-docker-desktop-a4-share.csv
