==> colima: warming caches (not timed)
==> colima: npm-install 23437 23116 23006  (cpu ms: user=14810 sys=13930 user=14550 sys=13560 user=14360 sys=13430)
==> colima: pnpm-install no measurement:
      /work/cases/runner.js:60
          throw err;
          ^
      
      Error: Command failed: /bin/sh /work/cases/pnpm-install.sh
          at genericNodeError (node:internal/errors:985:15)
          at wrappedFn (node:internal/errors:539:14)
          at checkExecSyncError (node:child_process:925:11)
          at execFileSync (node:child_process:961:15)
          at sh (/work/cases/runner.js:33:3)
          at Object.<anonymous> (/work/cases/runner.js:54:5)
          at Module._compile (node:internal/modules/cjs/loader:1871:14)
          at Object..js (node:internal/modules/cjs/loader:2002:10)
          at Module.load (node:internal/modules/cjs/loader:1594:32)
          at Module._load (node:internal/modules/cjs/loader:1396:12) {
        status: 1,
        signal: null,
        output: [ null, null, null ],
        pid: 18,
        stdout: null,

    FAILED: pnpm-install produced 0/3 measurements (exit 1)
      /work/cases/runner.js:60
          throw err;
          ^
      
      Error: Command failed: /bin/sh /work/cases/pnpm-install.sh
          at genericNodeError (node:internal/errors:985:15)
          at wrappedFn (node:internal/errors:539:14)
          at checkExecSyncError (node:child_process:925:11)
          at execFileSync (node:child_process:961:15)
          at sh (/work/cases/runner.js:33:3)
          at Object.<anonymous> (/work/cases/runner.js:54:5)
          at Module._compile (node:internal/modules/cjs/loader:1871:14)
          at Object..js (node:internal/modules/cjs/loader:2002:10)
          at Module.load (node:internal/modules/cjs/loader:1594:32)
          at Module._load (node:internal/modules/cjs/loader:1396:12) {
        status: 1,
        signal: null,
        output: [ null, null, null ],
        pid: 18,
        stdout: null,
      Error: Command failed: /bin/sh /work/cases/pnpm-install.sh
          at genericNodeError (node:internal/errors:985:15)
          at wrappedFn (node:internal/errors:539:14)
          at checkExecSyncError (node:child_process:925:11)
          at execFileSync (node:child_process:961:15)
          at sh (/work/cases/runner.js:33:3)
          at Object.<anonymous> (/work/cases/runner.js:54:5)
          at Module._compile (node:internal/modules/cjs/loader:1871:14)
          at Object..js (node:internal/modules/cjs/loader:2002:10)
          at Module.load (node:internal/modules/cjs/loader:1594:32)
          at Module._load (node:internal/modules/cjs/loader:1396:12) {
        status: 1,
        signal: null,
        output: [ null, null, null ],
        pid: 18,
        stdout: null,
        stderr: null
      }
      
      Node.js v24.18.0

==> colima: yarn-install 30712 28469 28244  (cpu ms: user=14870 sys=19180 user=14320 sys=18670 user=14460 sys=18330)
==> colima: materializing the package tree
==> colima: ripgrep 14359 14617 16389  (cpu ms: user=890 sys=3050 user=840 sys=2960 user=880 sys=2900)
==> colima: find-walk 3840 3856 3830  (cpu ms: user=100 sys=480 user=130 sys=470 user=90 sys=490)
==> colima: copy-tree 60757 60422 60091  (cpu ms: user=1950 sys=10900 user=2100 sys=12670 user=2090 sys=12700)
==> colima: rm-rf 12414 12708 12509  (cpu ms: user=2080 sys=13930 user=2090 sys=13230 user=2060 sys=13120)
==> colima: cpu-sha256 6336 6329 6332  (cpu ms: user=9030 sys=770 user=9000 sys=810 user=9030 sys=770)
==> colima: container-start 246 211 199
==> colima: watch-latency 1001 1 2
==> colima: memory peak=4340 after15s=4307 after60s=4315 (MiB)
==> colima: net-tcp-egress 4305 4349 4291
==> colima: net-tcp-egress-r 3213 3144 3159
==> colima: net-tcp-port 3068 3077 3056
==> colima: net-tcp-port-r 3754 3675 3663
==> colima: net-udp 2492 2422 2450
==> colima: net-connect-rate 12784 11141 11092
==> colima: net-http-latency 402 476 469
==> colima: net-dns 625 675 726
==> colima: power-idle (a minute of quiet, then a minute of samples) cpu=11 ms/s wakeups=52/s pkg-idle-wakeups=1/s (powermetrics)
==> colima: boot (a cold stop, then a start, 3 times; untimed round first) 12832/13076 12768/13017 9755/9989
==> colima: memory idle=1135 MiB, a minute after a cold start

==> results in benchmarks/results/050-1b0caab-m1-colima-a1-share.csv
