Starting lighter (2 cores, 2048 MiB)…
Docker 28.3.3 on linux/arm64
Running as pid 61243; the docker CLI now points at it.
Unable to find image 'alpine:3.21' locally
3.21: Pulling from library/alpine
2dd7199cff98: Pulling fs layer
2dd7199cff98: Verifying Checksum
2dd7199cff98: Download complete
2dd7199cff98: Pull complete
Digest: sha256:48b0309ca019d89d40f670aa1bc06e426dc0931948452e8491e3d65087abc07d
Status: Downloaded newer image for alpine:3.21
Stopped.
Starting lighter (2 cores, 2048 MiB)…
Docker 28.3.3 on linux/arm64
Running as pid 61273; the docker CLI now points at it.
  installation  install script; /private/tmp/lighter-update.A4jiKh/install/releases/0.5.0/bin/lighter
  CLI version   0.5.0
  installed     0.5.0
  kernel image  unknown
  running       0.5.0
  kernel        6.18.49
  downloaded    0.5.1
lighter is running.
  pid        61273
  docker     28.3.3 on linux/arm64
  memory     367 MiB
  socket     /tmp/lighter-update.A4jiKh/user/.lighter/docker.sock
Stopped.
Automatic downloads enabled. Activation always requires `lighter upgrade`.
Automatic downloads disabled. Activation always requires `lighter upgrade`.
update lifecycle: pending release never activated; restart preserved volume/container/config; running versions verified
Temporary test bundle cleanup: 1 paths, 0 errors
