BEGIN 042-cc717e7-m1-1-share Mon Sep  7 16:14:55 UTC 2026
validated 042-cc717e7-m1-1-share
END 042-cc717e7-m1-1-share Mon Sep  7 16:26:13 UTC 2026
BEGIN 042-cc717e7-m1-1-guest Mon Sep  7 16:26:13 UTC 2026
validated 042-cc717e7-m1-1-guest
END 042-cc717e7-m1-1-guest Mon Sep  7 16:29:44 UTC 2026
BEGIN 042-cc717e7-m1-1-amd64 Mon Sep  7 16:29:44 UTC 2026
validated 042-cc717e7-m1-1-amd64
END 042-cc717e7-m1-1-amd64 Mon Sep  7 16:32:03 UTC 2026
BEGIN 042-cc717e7-m1-2-share Mon Sep  7 16:32:03 UTC 2026
validated 042-cc717e7-m1-2-share
END 042-cc717e7-m1-2-share Mon Sep  7 16:43:07 UTC 2026
BEGIN 042-cc717e7-m1-2-guest Mon Sep  7 16:43:07 UTC 2026
validated 042-cc717e7-m1-2-guest
END 042-cc717e7-m1-2-guest Mon Sep  7 16:46:26 UTC 2026
BEGIN 042-cc717e7-m1-2-amd64 Mon Sep  7 16:46:26 UTC 2026
validated 042-cc717e7-m1-2-amd64
END 042-cc717e7-m1-2-amd64 Mon Sep  7 16:48:45 UTC 2026
BEGIN 042-cc717e7-m1-3-share Mon Sep  7 16:48:45 UTC 2026
validated 042-cc717e7-m1-3-share
END 042-cc717e7-m1-3-share Mon Sep  7 17:00:01 UTC 2026
BEGIN 042-cc717e7-m1-3-guest Mon Sep  7 17:00:01 UTC 2026
validated 042-cc717e7-m1-3-guest
END 042-cc717e7-m1-3-guest Mon Sep  7 17:03:27 UTC 2026
BEGIN 042-cc717e7-m1-3-amd64 Mon Sep  7 17:03:27 UTC 2026
validated 042-cc717e7-m1-3-amd64
END 042-cc717e7-m1-3-amd64 Mon Sep  7 17:05:46 UTC 2026
THREE SUITES AND TEN-MINUTE OBSERVATION COMPLETE
