==> Building test binaries
==> Signing

==> lighter_vmm (ignored tests)

running 15 tests
test memory::tests::reported_pages_are_recharged_after_guest_reuse ... ok
test virtio::queue::tests::a_batch_of_exactly_one_ring_still_owes_the_interrupt ... ok
test virtio::queue::tests::a_descriptor_loop_terminates ... ok
test virtio::queue::tests::a_head_cannot_be_returned_twice ... ok
test virtio::queue::tests::a_packed_chain_is_taken_with_its_buffer_id ... ok
test virtio::queue::tests::a_packed_check_moves_the_cursor_even_when_interrupts_are_disabled ... ok
test virtio::queue::tests::a_packed_completion_publishes_the_id_and_advances_by_the_chain ... ok
test virtio::queue::tests::a_packed_descriptor_from_the_last_lap_is_not_available ... ok
test virtio::queue::tests::a_packed_indirect_table_expands_to_its_entries ... ok
test virtio::queue::tests::an_out_of_range_head_is_consumed_not_retried ... ok
test virtio::queue::tests::indirect_descriptors_are_followed ... ok
test virtio::queue::tests::pops_a_single_descriptor_chain ... ok
test virtio::queue::tests::suppression_writes_the_event_index_when_it_is_negotiated ... ok
test virtio::queue::tests::used_ring_records_head_and_written_length ... ok
test virtio::queue::tests::walks_a_multi_descriptor_chain_in_order ... ok

test result: ok. 15 passed; 0 failed; 0 ignored; 0 measured; 174 filtered out; finished in 0.06s


==> lighter (ignored tests)

running 0 tests

test result: ok. 0 passed; 0 failed; 0 ignored; 0 measured; 25 filtered out; finished in 0.00s


==> passthrough (ignored tests)

running 0 tests

test result: ok. 0 passed; 0 failed; 0 ignored; 0 measured; 58 filtered out; finished in 0.00s


==> fsevents (ignored tests)

running 0 tests

test result: ok. 0 passed; 0 failed; 0 ignored; 0 measured; 4 filtered out; finished in 0.00s


==> lighter_docker (ignored tests)

running 0 tests

test result: ok. 0 passed; 0 failed; 0 ignored; 0 measured; 17 filtered out; finished in 0.00s


==> lighter_fs (ignored tests)

running 0 tests

test result: ok. 0 passed; 0 failed; 0 ignored; 0 measured; 59 filtered out; finished in 0.00s


==> lighter_hv (ignored tests)

running 0 tests

test result: ok. 0 passed; 0 failed; 0 ignored; 0 measured; 2 filtered out; finished in 0.00s

