==> docker-desktop: warming caches (not timed)
==> docker-desktop: npm-install 25509 24600 24634  (cpu ms: user=14220 sys=11350 user=13780 sys=10710 user=14150 sys=11070)
==> docker-desktop: pnpm-install 46287 46933 46273  (cpu ms: user=5390 sys=6150 user=5200 sys=6140 user=5030 sys=5860)
==> docker-desktop: yarn-install 36613 35074 35252  (cpu ms: user=14310 sys=17490 user=13860 sys=16480 user=14180 sys=16090)
==> docker-desktop: materializing the package tree
==> docker-desktop: ripgrep 13323 13292 13214  (cpu ms: user=1400 sys=3260 user=1390 sys=3160 user=1390 sys=3050)
==> docker-desktop: find-walk 4096 4089 4114  (cpu ms: user=120 sys=410 user=110 sys=420 user=140 sys=400)
==> docker-desktop: copy-tree 45271 45012 44987  (cpu ms: user=1510 sys=5540 user=1730 sys=6770 user=1690 sys=6950)
==> docker-desktop: rm-rf 13047 13021 13005  (cpu ms: user=1670 sys=7270 user=1720 sys=6960 user=1770 sys=6990)
==> docker-desktop: cpu-sha256 6366 6375 6352  (cpu ms: user=9070 sys=730 user=9120 sys=690 user=9120 sys=670)
==> docker-desktop: container-start 223 218 216
==> docker-desktop: watch-latency 14 2 3
==> docker-desktop: memory peak=4474 after15s=4444 after60s=4444 (MiB)
==> docker-desktop: net-tcp-egress 13720 13979 13899
==> docker-desktop: net-tcp-egress-r 10377 10651 10581
==> docker-desktop: net-tcp-port 1644 10365 10312
==> docker-desktop: net-tcp-port-r 22604 22435 22589
==> docker-desktop: net-udp 0 0 0
==> docker-desktop: net-connect-rate 15734 21665 15767
==> docker-desktop: net-http-latency 195 191 187
==> docker-desktop: net-dns 769 738 751
==> docker-desktop: power-idle (a minute of quiet, then a minute of samples) cpu=46 ms/s wakeups=2140/s pkg-idle-wakeups=32/s (powermetrics)
==> docker-desktop: boot (a cold stop, then a start, 3 times; untimed round first) 3200/3788 2640/3015 3076/3568
==> docker-desktop: memory idle=3200 MiB, a minute after a cold start

==> results in benchmarks/results/050-1b0caab-m1-docker-desktop-a2-share.csv
