2026-09-07T22:38:09.765733Z  INFO lighter_vmm::net: network started gateway="192.168.127.1" guest="192.168.127.2" mtu=1500
2026-09-07T22:38:09.765867Z  INFO lighter_vmm::machine: attached disk path=/var/folders/43/y9_kklv94ks4dt0rtcddmgf00000gn/T/lighter-rootfs.cv8r6oElCj.ext4 capacity_mib=2048 allocated_kib=2097152
2026-09-07T22:38:09.765944Z  INFO lighter_vmm::machine: attached disk path=/var/folders/43/y9_kklv94ks4dt0rtcddmgf00000gn/T/lighter-bench.Y3AFWFXOtO/data.img capacity_mib=131072 allocated_kib=0
2026-09-07T22:38:09.766638Z  INFO lighter_fs::server: share opened root=~/.lighter-bench/lighter attr_ms=100 entry_ms=100 dir_entry_ms=1000 watched=true descriptors=184320
2026-09-07T22:38:09.767108Z  INFO lighter_fs::server: share opened root=/Library/Apple/usr/libexec/oah/RosettaLinux attr_ms=100 entry_ms=100 dir_entry_ms=1000 watched=true descriptors=184320
2026-09-07T22:38:09.769931Z  INFO lighter_vmm::machine: machine started vcpus=8 ram_mib=4096 entry=0x40000000 dtb=0x43400000
2026-09-07T22:38:09.770413Z  INFO lighter_vmm::vsock_proxy: proxying a socket into the guest path=/var/folders/43/y9_kklv94ks4dt0rtcddmgf00000gn/T/lighter-bench.Y3AFWFXOtO/docker.sock guest_port=2375
2026-09-07T22:38:09.770476Z  INFO lighter_vmm::vsock_proxy: proxying a socket into the guest path=/var/folders/43/y9_kklv94ks4dt0rtcddmgf00000gn/T/lighter-bench.Y3AFWFXOtO/control.sock guest_port=2376
2026-09-07T22:38:09.770557Z  WARN lighter_vmm::virtio::mmio: queue notified before the driver was ready device="virtio-vsock" index=0
[    0.000000] Booting Linux on physical CPU 0x0000000000 [0x610f0000]
[    0.000000] Linux version 6.18.49-lighter (root@cc682f9944e9) (gcc (Debian 12.2.0-14+deb12u1) 12.2.0, GNU ld (GNU Binutils for Debian) 2.40) #1 SMP Mon Sep  7 19:57:38 UTC 2026
[    0.000000] KASLR disabled due to lack of seed
[    0.000000] Machine model: linux,dummy-virt
[    0.000000] efi: UEFI not found.
[    0.000000] OF: reserved mem: Reserved memory: No reserved-memory node in the DT
[    0.000000] NUMA: Faking a node at [mem 0x0000000040000000-0x000000013fffffff]
[    0.000000] NODE_DATA(0) allocated [mem 0x13f802d00-0x13f80547f]
[    0.000000] Zone ranges:
[    0.000000]   DMA      [mem 0x0000000040000000-0x00000000ffffffff]
[    0.000000]   DMA32    empty
[    0.000000]   Normal   [mem 0x0000000100000000-0x000000013fffffff]
[    0.000000] Movable zone start for each node
[    0.000000] Early memory node ranges
[    0.000000]   node   0: [mem 0x0000000040000000-0x000000013fffffff]
[    0.000000] Initmem setup node 0 [mem 0x0000000040000000-0x000000013fffffff]
[    0.000000] cma: Reserved 32 MiB at 0x00000000fe000000
[    0.000000] psci: probing for conduit method from DT.
[    0.000000] psci: PSCIv1.1 detected in firmware.
[    0.000000] psci: Using standard PSCI v0.2 function IDs
[    0.000000] psci: Trusted OS migration not required
[    0.000000] psci: SMC Calling Convention v1.0
[    0.000000] percpu: Embedded 23 pages/cpu s63320 r0 d30888 u94208
[    0.000000] Detected PIPT I-cache on CPU0
[    0.000000] CPU features: detected: Address authentication (IMP DEF algorithm)
[    0.000000] CPU features: detected: GICv3 CPU interface
[    0.000000] CPU features: detected: Spectre-v4
[    0.000000] CPU features: detected: Spectre-BHB
[    0.000000] alternatives: applying boot alternatives
[    0.000000] Kernel command line: console=ttyAMA0 panic=-1 root=/dev/vda rw init=/sbin/lighter-init psi=0 idle.poll_ns=200000 lighter.time=1788820688 lighter.share=bench:/mnt/bench  lighter.rosetta 
[    0.000000] printk: log buffer data + meta data: 131072 + 458752 = 589824 bytes
[    0.000000] Dentry cache hash table entries: 524288 (order: 10, 4194304 bytes, linear)
[    0.000000] Inode-cache hash table entries: 262144 (order: 9, 2097152 bytes, linear)
[    0.000000] software IO TLB: area num 8.
[    0.000000] software IO TLB: mapped [mem 0x00000000fa000000-0x00000000fe000000] (64MB)
[    0.000000] Fallback order for Node 0: 0 
[    0.000000] Built 1 zonelists, mobility grouping on.  Total pages: 1048576
[    0.000000] Policy zone: Normal
[    0.000000] mem auto-init: stack:off, heap alloc:off, heap free:off
[    0.000000] SLUB: HWalign=64, Order=0-3, MinObjects=0, CPUs=8, Nodes=1
[    0.000000] rcu: Hierarchical RCU implementation.
[    0.000000] rcu: 	RCU event tracing is enabled.
[    0.000000] rcu: 	RCU restricting CPUs from NR_CPUS=512 to nr_cpu_ids=8.
[    0.000000] 	Tracing variant of Tasks RCU enabled.
[    0.000000] rcu: RCU calculated value of scheduler-enlistment delay is 25 jiffies.
[    0.000000] rcu: Adjusting geometry for rcu_fanout_leaf=16, nr_cpu_ids=8
[    0.000000] RCU Tasks Trace: Setting shift to 3 and lim to 1 rcu_task_cb_adjust=1 rcu_task_cpu_ids=8.
[    0.000000] NR_IRQS: 64, nr_irqs: 64, preallocated irqs: 0
[    0.000000] GICv3: 988 SPIs implemented
[    0.000000] GICv3: 0 Extended SPIs implemented
[    0.000000] Root IRQ handler: gic_handle_irq
[    0.000000] GICv3: GICv3 features: 16 PPIs, RSS
[    0.000000] GICv3: GICD_CTLR.DS=1, SCR_EL3.FIQ=0
[    0.000000] GICv3: CPU0: found redistributor 0 region 0:0x00000000080a0000
[    0.000000] rcu: srcu_init: Setting srcu_struct sizes based on contention.
[    0.000000] clocksource: jiffies: mask: 0xffffffff max_cycles: 0xffffffff, max_idle_ns: 7645041785100000 ns
[    0.000000] arch_timer: cp15 timer running at 24.00MHz (virt).
[    0.000000] clocksource: arch_sys_counter: mask: 0xffffffffffffff max_cycles: 0x588fe9dc0, max_idle_ns: 440795202592 ns
[    0.000000] sched_clock: 56 bits at 24MHz, resolution 41ns, wraps every 4398046511097ns
[    0.000053] Console: colour dummy device 80x25
[    0.000069] Calibrating delay loop (skipped), value calculated using timer frequency.. 48.00 BogoMIPS (lpj=96000)
[    0.000070] pid_max: default: 32768 minimum: 301
[    0.000085] LSM: initializing lsm=capability
[    0.000133] Mount-cache hash table entries: 8192 (order: 4, 65536 bytes, linear)
[    0.000140] Mountpoint-cache hash table entries: 8192 (order: 4, 65536 bytes, linear)
[    0.000406] cacheinfo: Unable to detect cache hierarchy for CPU 0
[    0.000550] Apple TSO: available per thread (PR_SET_MEM_MODEL); boot value off
[    0.000579] rcu: Hierarchical SRCU implementation.
[    0.000579] rcu: 	Max phase no-delay instances is 1000.
[    0.000619] Timer migration: 1 hierarchy levels; 8 children per group; 1 crossnode level
[    0.000665] EFI services will not be available.
[    0.000749] smp: Bringing up secondary CPUs ...
[    0.000879] Detected PIPT I-cache on CPU1
[    0.000893] GICv3: CPU1: found redistributor 1 region 0:0x00000000080c0000
[    0.000931] CPU1: Booted secondary processor 0x0000000001 [0x610f0000]
[    0.001111] Detected PIPT I-cache on CPU2
[    0.001125] GICv3: CPU2: found redistributor 2 region 0:0x00000000080e0000
[    0.001165] CPU2: Booted secondary processor 0x0000000002 [0x610f0000]
[    0.001299] Detected PIPT I-cache on CPU3
[    0.001314] GICv3: CPU3: found redistributor 3 region 0:0x0000000008100000
[    0.001349] CPU3: Booted secondary processor 0x0000000003 [0x610f0000]
[    0.001472] Detected PIPT I-cache on CPU4
[    0.001488] GICv3: CPU4: found redistributor 4 region 0:0x0000000008120000
[    0.001524] CPU4: Booted secondary processor 0x0000000004 [0x610f0000]
[    0.001643] Detected PIPT I-cache on CPU5
[    0.001661] GICv3: CPU5: found redistributor 5 region 0:0x0000000008140000
[    0.001701] CPU5: Booted secondary processor 0x0000000005 [0x610f0000]
[    0.001823] Detected PIPT I-cache on CPU6
[    0.001843] GICv3: CPU6: found redistributor 6 region 0:0x0000000008160000
[    0.001878] CPU6: Booted secondary processor 0x0000000006 [0x610f0000]
[    0.002003] Detected PIPT I-cache on CPU7
[    0.002025] GICv3: CPU7: found redistributor 7 region 0:0x0000000008180000
[    0.002060] CPU7: Booted secondary processor 0x0000000007 [0x610f0000]
[    0.002071] smp: Brought up 1 node, 8 CPUs
[    0.002072] SMP: Total of 8 processors activated.
[    0.002073] CPU: All CPU(s) started at EL1
[    0.002082] CPU features: detected: Branch Target Identification
[    0.002082] CPU features: detected: ARMv8.4 Translation Table Level
[    0.002083] CPU features: detected: Data cache clean to the PoU not required for I/D coherence
[    0.002083] CPU features: detected: Common not Private translations
[    0.002083] CPU features: detected: CRC32 instructions
[    0.002083] CPU features: detected: Data independent timing control (DIT)
[    0.002083] CPU features: detected: E0PD
[    0.002084] CPU features: detected: Enhanced Privileged Access Never
[    0.002084] CPU features: detected: Generic authentication (IMP DEF algorithm)
[    0.002084] CPU features: detected: RCpc load-acquire (LDAPR)
[    0.002085] CPU features: detected: LSE atomic instructions
[    0.002085] CPU features: detected: Privileged Access Never
[    0.002085] CPU features: detected: RAS Extension Support
[    0.002085] CPU features: detected: Speculation barrier (SB)
[    0.002086] CPU features: detected: TLB range maintenance instructions
[    0.002176] alternatives: applying system-wide alternatives
[    0.003579] Memory: 3957332K/4194304K available (19008K kernel code, 6390K rwdata, 12684K rodata, 12224K init, 709K bss, 198256K reserved, 32768K cma-reserved)
[    0.003687] devtmpfs: initialized
[    0.003942] posixtimers hash table entries: 4096 (order: 4, 65536 bytes, linear)
[    0.003963] futex hash table entries: 2048 (131072 bytes on 1 NUMA nodes, total 128 KiB, linear).
[    0.003986] 19952 pages in range for non-PLT usage
[    0.003986] 511472 pages in range for PLT usage
[    0.004009] pinctrl core: initialized pinctrl subsystem
[    0.004122] DMI not present or invalid.
[    0.004764] NET: Registered PF_NETLINK/PF_ROUTE protocol family
[    0.004996] DMA: preallocated 512 KiB GFP_KERNEL pool for atomic allocations
[    0.005051] DMA: preallocated 512 KiB GFP_KERNEL|GFP_DMA pool for atomic allocations
[    0.005103] DMA: preallocated 512 KiB GFP_KERNEL|GFP_DMA32 pool for atomic allocations
[    0.005158] thermal_sys: Registered thermal governor 'step_wise'
[    0.005158] thermal_sys: Registered thermal governor 'power_allocator'
[    0.005162] cpuidle: using governor menu
[    0.005170] NET: Registered PF_QIPCRTR protocol family
[    0.005189] hw-breakpoint: found 6 breakpoint and 4 watchpoint registers.
[    0.005296] ASID allocator initialised with 65536 entries
[    0.005423] Serial: AMBA PL011 UART driver
[    0.005542] c000000.pl011: ttyAMA0 at MMIO 0xc000000 (irq = 13, base_baud = 0) is a PL011 rev1
[    0.005576] printk: console [ttyAMA0] enabled
[    0.006191] HugeTLB: registered 1.00 GiB page size, pre-allocated 0 pages
[    0.006192] HugeTLB: 0 KiB vmemmap can be freed for a 1.00 GiB page
[    0.006192] HugeTLB: registered 32.0 MiB page size, pre-allocated 0 pages
[    0.006206] HugeTLB: 0 KiB vmemmap can be freed for a 32.0 MiB page
[    0.006206] HugeTLB: registered 2.00 MiB page size, pre-allocated 0 pages
[    0.006206] HugeTLB: 0 KiB vmemmap can be freed for a 2.00 MiB page
[    0.006206] HugeTLB: registered 64.0 KiB page size, pre-allocated 0 pages
[    0.006207] HugeTLB: 0 KiB vmemmap can be freed for a 64.0 KiB page
[    0.007229] raid6: skipped pq benchmark and selected neonx8
[    0.007230] raid6: using neon recovery algorithm
[    0.007253] ACPI: Interpreter disabled.
[    0.007364] iommu: Default domain type: Translated
[    0.007364] iommu: DMA domain TLB invalidation policy: strict mode
[    0.009280] pps_core: LinuxPPS API ver. 1 registered
[    0.009281] pps_core: Software ver. 5.3.6 - Copyright 2005-2007 Rodolfo Giometti <giometti@linux.it>
[    0.009282] PTP clock support registered
[    0.009288] EDAC MC: Ver: 3.0.0
[    0.009334] scmi_core: SCMI protocol bus registered
[    0.009385] FPGA manager framework
[    0.009464] nfc: nfc_init: NFC Core ver 0.1
[    0.009467] NET: Registered PF_NFC protocol family
[    0.009863] clocksource: Switched to clocksource arch_sys_counter
[    0.009911] VFS: Disk quotas dquot_6.6.0
[    0.009913] VFS: Dquot-cache hash table entries: 512 (order 0, 4096 bytes)
[    0.010347] pnp: PnP ACPI: disabled
[    0.010726] NET: Registered PF_INET protocol family
[    0.010808] IP idents hash table entries: 65536 (order: 7, 524288 bytes, linear)
2026-09-07T22:38:09.820850Z  WARN lighter_vmm::virtio::mmio: queue notified before the driver was ready device="virtio-vsock" index=0
[    0.011121] tcp_listen_portaddr_hash hash table entries: 2048 (order: 3, 32768 bytes, linear)
2026-09-07T22:38:09.821037Z  WARN lighter_vmm::virtio::mmio: queue notified before the driver was ready device="fs" index=5
2026-09-07T22:38:09.821051Z  INFO lighter_fs::cache: cache lifetime set by whether the guest can be told to forget invalidation="push" attr_ms=20000 entry_ms=20000
2026-09-07T22:38:09.821171Z  INFO lighter_vmm::virtio::fs: share activated tag=bench root=~/.lighter-bench/lighter
[    0.011126] Table-perturb hash table entries: 65536 (order: 6, 262144 bytes, linear)
[    0.011127] TCP established hash table entries: 32768 (order: 6, 262144 bytes, linear)
2026-09-07T22:38:09.821406Z  WARN lighter_vmm::virtio::mmio: queue notified before the driver was ready device="fs" index=5
2026-09-07T22:38:09.821413Z  INFO lighter_fs::cache: cache lifetime set by whether the guest can be told to forget invalidation="push" attr_ms=20000 entry_ms=20000
2026-09-07T22:38:09.821500Z  INFO lighter_vmm::virtio::fs: share activated tag=rosetta root=/Library/Apple/usr/libexec/oah/RosettaLinux
[    0.011159] TCP bind hash table entries: 32768 (order: 8, 1048576 bytes, linear)
[    0.011274] TCP: Hash tables configured (established 32768 bind 32768)
[    0.011292] UDP hash table entries: 2048 (order: 5, 131072 bytes, linear)
[    0.011313] UDP-Lite hash table entries: 2048 (order: 5, 131072 bytes, linear)
[    0.011336] NET: Registered PF_UNIX/PF_LOCAL protocol family
[    0.011637] kvm [1]: HYP mode not available
[    0.011712] Initialise system trusted keyrings
[    0.011749] workingset: timestamp_bits=42 max_order=20 bucket_order=0
[    0.011779] squashfs: version 4.0 (2009/01/31) Phillip Lougher
[    0.011786] fuse: init (API version 7.45)
[    0.011824] SGI XFS with ACLs, security attributes, scrub, repair, no debug enabled
[    0.011887] 9p: Installing v9fs 9p2000 file system support
[    0.017454] NET: Registered PF_ALG protocol family
[    0.017456] xor: measuring software checksum speed
[    0.017516]    8regs           : 54758 MB/sec
[    0.017571]    32regs          : 60107 MB/sec
[    0.017614]    arm64_neon      : 78038 MB/sec
[    0.017614] xor: using function: arm64_neon (78038 MB/sec)
[    0.017619] Key type asymmetric registered
[    0.017619] Asymmetric key parser 'x509' registered
[    0.017626] Block layer SCSI generic (bsg) driver version 0.4 loaded (major 239)
[    0.017627] io scheduler mq-deadline registered
[    0.017627] io scheduler kyber registered
[    0.017632] io scheduler bfq registered
[    0.026729] ledtrig-cpu: registered to indicate activity on CPUs
[    0.026736] IPMI message handler: version 39.2
[    0.026739] ipmi device interface
[    0.026814] ipmi_si: IPMI System Interface driver
[    0.026819] ipmi_si: Unable to find any System Interface(s)
[    0.028005] virtiofs virtio4: discovered new tag: bench
[    0.028390] virtiofs virtio5: discovered new tag: rosetta
[    0.028898] Free page reporting enabled
[    0.028984] virtio_mem virtio8: start address: 0x140000000
[    0.028985] virtio_mem virtio8: region size: 0x300000000
[    0.028985] virtio_mem virtio8: device block size: 0x8000000
[    0.028986] virtio_mem virtio8: nid: 0
[    0.028986] virtio_mem virtio8: memory block size: 0x8000000
[    0.028986] virtio_mem virtio8: big block size: 0x8000000
[    0.029007] virtio_mem virtio8: plugged size: 0x0
[    0.029008] virtio_mem virtio8: requested size: 0x300000000
[    0.029420] Fallback order for Node 0: 0 
[    0.029421] Built 1 zonelists, mobility grouping on.  Total pages: 1014343
[    0.029422] Policy zone: Normal
[    0.034294] Serial: 8250/16550 driver, 4 ports, IRQ sharing enabled
[    0.034602] msm_serial: driver initialized
[    0.034625] SuperH (H)SCI(F) driver initialized
[    0.034630] STM32 USART driver initialized
[    0.034806] random: crng init done
[    0.035793] loop: module loaded
[    0.066889] virtio_blk virtio0: 8/0/0 default/read/poll queues
[    0.067189] virtio_blk virtio0: [vda] 4194304 512-byte logical blocks (2.15 GB/2.00 GiB)
[    0.069545] virtio_blk virtio1: 8/0/0 default/read/poll queues
[    0.069853] virtio_blk virtio1: [vdb] 268435456 512-byte logical blocks (137 GB/128 GiB)
[    0.070063] zram: Added device: zram0
[    0.070443] tun: Universal TUN/TAP device driver, 1.6
[    0.071030] VFIO - User Level meta-driver version: 0.3
[    0.072100]  cs_system_cfg: CoreSight Configuration manager initialised
[    0.072242] gnss: GNSS driver registered with major 503
[    0.072363] GACT probability NOT on
[    0.072364] Mirror/redirect action on
[    0.072874] IPVS: Registered protocols ()
[    0.072881] IPVS: Connection hash table configured (size=4096, memory=32Kbytes)
[    0.072900] IPVS: ipvs loaded.
[    0.072922] Initializing XFRM netlink socket
[    0.072927] NET: Registered PF_INET6 protocol family
[    0.073027] Segment Routing with IPv6
[    0.073029] In-situ OAM (IOAM) with IPv6
[    0.073037] sit: IPv6, IPv4 and MPLS over IPv4 tunneling driver
[    0.073071] NET: Registered PF_PACKET protocol family
[    0.073084] 8021q: 802.1Q VLAN Support v1.8
[    0.073105] 9pnet: Installing 9P2000 support
[    0.073110] Key type dns_resolver registered
[    0.073132] NET: Registered PF_VSOCK protocol family
[    0.074151] registered taskstats version 1
[    0.074178] Loading compiled-in X.509 certificates
[    0.074706] Demotion targets for Node 0: null
[    0.074786] Btrfs loaded, zoned=no, fsverity=no
[    0.074851] clk: Disabling unused clocks
[    0.074852] PM: genpd: Disabling unused power domains
[    0.075165] check access for rdinit=/init failed: -2, ignoring
[    0.089672] EXT4-fs (vda): mounted filesystem b6b766ac-cd49-44a5-aac0-ad1817245fe0 r/w with ordered data mode. Quota mode: none.
[    0.089690] VFS: Mounted root (ext4 filesystem) on device 254:0.
[    0.089917] devtmpfs: mounted
[    0.090212] Freeing unused kernel memory: 12224K
[    0.090226] Run /sbin/lighter-init as init process
INIT clock=2026-09-07T22:38:08Z
INIT filesystems=ok
INIT formatting=/dev/vdb fs=btrfs mkfs=
INIT data_fs=btrfs
INIT data_opts=noatime,nodatacow,commit=30,thread_pool=1
[    0.164495] BTRFS: device label lighter-data devid 1 transid 8 /dev/vdb (254:16) scanned by mount (139)
[    0.164642] BTRFS info (device vdb): first mount of filesystem 3654dee7-4dcc-4402-bacd-7151f22b8714
[    0.164658] BTRFS info (device vdb): using crc32c (crc32c-lib) checksum algorithm
[    0.165145] BTRFS info (device vdb): checking UUID tree
[    0.165153] BTRFS info (device vdb): setting nodatasum
INIT data=mounted[    0.165153] BTRFS info (device vdb): setting nodatacow
[    0.165154] BTRFS info (device vdb): turning on async discard

[    0.165154] BTRFS info (device vdb): enabling free space tree
INIT fstrim=0ms
[    0.170901] zram0: detected capacity change from 0 to 4194304
[    0.172976] Adding 2097148k swap on /dev/zram0.  Priority:100 extents:1 across:2097148k SS
INIT zram=on
[    0.173832] rcu: RCU calculated value of scheduler-enlistment delay is 25 jiffies.
2026-09-07T22:38:09.967869Z  INFO lighter_fs::server: filesystem negotiated guest=7.45 max_write=262144 readdirplus=true create_dialect=true
INIT binfmt=x86_64 via=rosetta
2026-09-07T22:38:09.968694Z  INFO lighter_fs::server: filesystem negotiated guest=7.45 max_write=262144 readdirplus=true create_dialect=true
INIT share=bench at=/mnt/bench
INIT dhcp=ok t=0.18
INIT ipv6=ok
INIT dockerd=ready after=50ms t=0.24
AGENT listening port=2376
AGENT inbound port=2378
AGENT listening port=2375
AGENT tcp-proxy port=15201
AGENT udp-inbound
AGENT dns addr=192.168.127.2
AGENT clock=set trip_us=30 attempt=0
AGENT udp-proxy port=15202
AGENT udp-proxy port=15202
INIT streams=on
INIT ready t=0.25
2026-09-07T22:38:18.210816Z  INFO lighter_vmm::virtio::mem: virtio-mem offer requested_mib=512 plugged_mib=12288
[    8.417899] virtio_mem virtio8: plugged size: 0x300000000
[    8.417907] virtio_mem virtio8: requested size: 0x20000000
[    9.117797] Fallback order for Node 0: 0 
[    9.117812] Built 1 zonelists, mobility grouping on.  Total pages: 2049623
[    9.117816] Policy zone: Normal
2026-09-07T22:38:19.241286Z  INFO lighter_vmm::virtio::mem: virtio-mem offer requested_mib=0 plugged_mib=512
[    9.448384] virtio_mem virtio8: plugged size: 0x20000000
[    9.448394] virtio_mem virtio8: requested size: 0x0
2026-09-07T22:38:19.578574Z  INFO lighter_vmm::virtio::mem: virtio-mem offer requested_mib=12288 plugged_mib=128
[    9.785634] virtio_mem virtio8: plugged size: 0x8000000
[    9.785644] virtio_mem virtio8: requested size: 0x300000000
[    9.786189] Fallback order for Node 0: 0 
[    9.786197] Built 1 zonelists, mobility grouping on.  Total pages: 1049655
[    9.786201] Policy zone: Normal
[   10.268271] docker0: port 1(vethdcdea09) entered blocking state
[   10.268281] docker0: port 1(vethdcdea09) entered disabled state
[   10.268291] vethdcdea09: entered allmulticast mode
[   10.268308] vethdcdea09: entered promiscuous mode
[   10.342898] eth0: renamed from vethabbef7d
[   10.351810] docker0: port 1(vethdcdea09) entered blocking state
[   10.351820] docker0: port 1(vethdcdea09) entered forwarding state
AGENT sockmap=on
[   23.615239] docker0: port 1(vethdcdea09) entered disabled state
[   23.615272] vethabbef7d: renamed from eth0
[   23.626094] docker0: port 1(vethdcdea09) entered disabled state
[   23.626325] vethdcdea09 (unregistering): left allmulticast mode
[   23.626331] vethdcdea09 (unregistering): left promiscuous mode
[   23.626332] docker0: port 1(vethdcdea09) entered disabled state
[   24.084486] docker0: port 1(vetha379109) entered blocking state
[   24.084495] docker0: port 1(vetha379109) entered disabled state
[   24.084503] vetha379109: entered allmulticast mode
[   24.084521] vetha379109: entered promiscuous mode
[   24.086578] eth0: renamed from veth917a9e6
[   24.086735] docker0: port 1(vetha379109) entered blocking state
[   24.086742] docker0: port 1(vetha379109) entered forwarding state
[   35.105086] docker0: port 1(vetha379109) entered disabled state
[   35.105111] veth917a9e6: renamed from eth0
[   35.130221] docker0: port 1(vetha379109) entered disabled state
[   35.130440] vetha379109 (unregistering): left allmulticast mode
[   35.130446] vetha379109 (unregistering): left promiscuous mode
[   35.130447] docker0: port 1(vetha379109) entered disabled state
[   35.376760] docker0: port 1(vethcdf160d) entered blocking state
[   35.376769] docker0: port 1(vethcdf160d) entered disabled state
[   35.376775] vethcdf160d: entered allmulticast mode
[   35.376786] vethcdf160d: entered promiscuous mode
[   35.378834] eth0: renamed from vetha3d09b8
[   35.379112] docker0: port 1(vethcdf160d) entered blocking state
[   35.379119] docker0: port 1(vethcdf160d) entered forwarding state
[   64.868333] docker0: port 1(vethcdf160d) entered disabled state
[   64.868364] vetha3d09b8: renamed from eth0
[   64.889089] docker0: port 1(vethcdf160d) entered disabled state
[   64.889335] vethcdf160d (unregistering): left allmulticast mode
[   64.889341] vethcdf160d (unregistering): left promiscuous mode
[   64.889342] docker0: port 1(vethcdf160d) entered disabled state
[   65.580200] docker0: port 1(veth652bb06) entered blocking state
[   65.580211] docker0: port 1(veth652bb06) entered disabled state
[   65.580220] veth652bb06: entered allmulticast mode
[   65.580235] veth652bb06: entered promiscuous mode
[   65.582706] eth0: renamed from vethb2a4cc8
[   65.583185] docker0: port 1(veth652bb06) entered blocking state
[   65.583191] docker0: port 1(veth652bb06) entered forwarding state
[   75.682336] docker0: port 1(veth652bb06) entered disabled state
[   75.682366] vethb2a4cc8: renamed from eth0
[   75.701295] docker0: port 1(veth652bb06) entered disabled state
[   75.701514] veth652bb06 (unregistering): left allmulticast mode
[   75.701525] veth652bb06 (unregistering): left promiscuous mode
[   75.701530] docker0: port 1(veth652bb06) entered disabled state
[   75.920576] docker0: port 1(veth1432e9e) entered blocking state
[   75.920586] docker0: port 1(veth1432e9e) entered disabled state
[   75.920593] veth1432e9e: entered allmulticast mode
[   75.920609] veth1432e9e: entered promiscuous mode
[   75.923285] eth0: renamed from veth9a314b6
[   75.923562] docker0: port 1(veth1432e9e) entered blocking state
[   75.923570] docker0: port 1(veth1432e9e) entered forwarding state
[   88.775121] docker0: port 1(veth1432e9e) entered disabled state
[   88.775157] veth9a314b6: renamed from eth0
[   88.801473] docker0: port 1(veth1432e9e) entered disabled state
[   88.801694] veth1432e9e (unregistering): left allmulticast mode
[   88.801700] veth1432e9e (unregistering): left promiscuous mode
[   88.801701] docker0: port 1(veth1432e9e) entered disabled state
[   91.241893] docker0: port 1(veth9c7a87c) entered blocking state
[   91.241903] docker0: port 1(veth9c7a87c) entered disabled state
[   91.241906] veth9c7a87c: entered allmulticast mode
[   91.241917] veth9c7a87c: entered promiscuous mode
[   91.244058] eth0: renamed from veth487165a
[   91.244319] docker0: port 1(veth9c7a87c) entered blocking state
[   91.244325] docker0: port 1(veth9c7a87c) entered forwarding state
[   91.265586] docker0: port 1(veth9c7a87c) entered disabled state
[   91.265610] veth487165a: renamed from eth0
[   91.285203] docker0: port 1(veth9c7a87c) entered disabled state
[   91.285413] veth9c7a87c (unregistering): left allmulticast mode
[   91.285418] veth9c7a87c (unregistering): left promiscuous mode
[   91.285420] docker0: port 1(veth9c7a87c) entered disabled state
[   91.381435] docker0: port 1(vethe09c60c) entered blocking state
[   91.381444] docker0: port 1(vethe09c60c) entered disabled state
[   91.381449] vethe09c60c: entered allmulticast mode
[   91.381465] vethe09c60c: entered promiscuous mode
[   91.383612] eth0: renamed from vethf48f69c
[   91.383874] docker0: port 1(vethe09c60c) entered blocking state
[   91.383881] docker0: port 1(vethe09c60c) entered forwarding state
[   91.416994] docker0: port 1(vethe09c60c) entered disabled state
[   91.417018] vethf48f69c: renamed from eth0
[   91.441444] docker0: port 1(vethe09c60c) entered disabled state
[   91.441935] vethe09c60c (unregistering): left allmulticast mode
[   91.441942] vethe09c60c (unregistering): left promiscuous mode
[   91.441944] docker0: port 1(vethe09c60c) entered disabled state
[   91.563462] docker0: port 1(veth6103a6b) entered blocking state
[   91.563470] docker0: port 1(veth6103a6b) entered disabled state
[   91.563472] veth6103a6b: entered allmulticast mode
[   91.563483] veth6103a6b: entered promiscuous mode
[   91.565473] eth0: renamed from veth5b19acc
[   91.565630] docker0: port 1(veth6103a6b) entered blocking state
[   91.565671] docker0: port 1(veth6103a6b) entered forwarding state
[   91.594008] docker0: port 1(veth6103a6b) entered disabled state
[   91.594033] veth5b19acc: renamed from eth0
[   91.621577] docker0: port 1(veth6103a6b) entered disabled state
[   91.621814] veth6103a6b (unregistering): left allmulticast mode
[   91.621821] veth6103a6b (unregistering): left promiscuous mode
[   91.621826] docker0: port 1(veth6103a6b) entered disabled state
[   91.747014] docker0: port 1(veth88660ce) entered blocking state
[   91.747023] docker0: port 1(veth88660ce) entered disabled state
[   91.747029] veth88660ce: entered allmulticast mode
[   91.747043] veth88660ce: entered promiscuous mode
[   91.749163] eth0: renamed from veth1850884
[   91.749336] docker0: port 1(veth88660ce) entered blocking state
[   91.749342] docker0: port 1(veth88660ce) entered forwarding state
[   91.781302] docker0: port 1(veth88660ce) entered disabled state
[   91.781327] veth1850884: renamed from eth0
[   91.797561] docker0: port 1(veth88660ce) entered disabled state
[   91.797651] veth88660ce (unregistering): left allmulticast mode
[   91.797653] veth88660ce (unregistering): left promiscuous mode
[   91.797653] docker0: port 1(veth88660ce) entered disabled state
