    Finished `release` profile [optimized] target(s) in 0.01s
==> lighter: warming caches (not timed)
==> lighter: npm-install 6249 6377 6302  (cpu ms: user=6970 sys=10490 user=6940 sys=10550 user=7270 sys=10250)
==> lighter: pnpm-install 4559 3791 3857  (cpu ms: user=2910 sys=11780 user=2550 sys=10240 user=2600 sys=10470)
==> lighter: yarn-install 5093 5130 5124  (cpu ms: user=5670 sys=9390 user=5630 sys=9810 user=5670 sys=9790)
==> lighter: materializing the package tree
==> lighter: ripgrep 1879 91 85  (cpu ms: user=340 sys=4600 user=290 sys=370 user=260 sys=370)
==> lighter: find-walk 102 95 91  (cpu ms: user=30 sys=70 user=50 sys=60 user=40 sys=60)
==> lighter: copy-tree 3674 3534 3587  (cpu ms: user=700 sys=1930 user=760 sys=4270 user=840 sys=3980)
==> lighter: rm-rf 3779 2506 2639  (cpu ms: user=810 sys=4450 user=690 sys=4150 user=620 sys=4060)
==> lighter: cpu-sha256 3013 3006 3011  (cpu ms: user=4840 sys=360 user=4840 sys=390 user=4860 sys=370)
==> lighter: container-start 158 152 149
==> lighter: watch-latency 149 6 4
==> lighter: memory peak=4386 after15s=936 after60s=936 (MiB)
==> lighter: net-tcp-egress 92517 87687 92475
==> lighter: net-tcp-egress-r 81687 85664 84924
==> lighter: net-tcp-port 80520 83763 84614
==> lighter: net-tcp-port-r 88759 93390 87808
==> lighter: net-udp 4945 4993 5006
==> lighter: net-connect-rate 16726 16828 16867
==> lighter: net-http-latency 67 60 59
==> lighter: net-dns 37 37 38
==> lighter: power-idle (a minute of quiet, then a minute of samples) cpu=3 ms/s wakeups=61/s pkg-idle-wakeups=1/s (powermetrics)
==> lighter: boot (a cold stop, then a start, 3 times; untimed round first) 1649/1799 1628/1796 1823/1980
==> lighter: memory idle=365 MiB, a minute after a cold start

==> results in benchmarks/results/050-1b0caab-m5-a1-1-share.csv
