2026-09-07T22:56:50.294970Z  INFO lighter_vmm::net: network started gateway="192.168.127.1" guest="192.168.127.2" mtu=1500
2026-09-07T22:56:50.295112Z  INFO lighter_vmm::machine: attached disk path=/var/folders/43/y9_kklv94ks4dt0rtcddmgf00000gn/T/lighter-rootfs.loUwG2U4H8.ext4 capacity_mib=2048 allocated_kib=2097152
2026-09-07T22:56:50.295197Z  INFO lighter_vmm::machine: attached disk path=/var/folders/43/y9_kklv94ks4dt0rtcddmgf00000gn/T/lighter-bench.6zIhOBHNB4/data.img capacity_mib=131072 allocated_kib=0
2026-09-07T22:56:50.295946Z  INFO lighter_fs::server: share opened root=~/.lighter-bench/lighter attr_ms=100 entry_ms=100 dir_entry_ms=1000 watched=true descriptors=184320
2026-09-07T22:56:50.296379Z  INFO lighter_fs::server: share opened root=/Library/Apple/usr/libexec/oah/RosettaLinux attr_ms=100 entry_ms=100 dir_entry_ms=1000 watched=true descriptors=184320
2026-09-07T22:56:50.299047Z  INFO lighter_vmm::machine: machine started vcpus=8 ram_mib=4096 entry=0x40000000 dtb=0x43400000
2026-09-07T22:56:50.299555Z  INFO lighter_vmm::vsock_proxy: proxying a socket into the guest path=/var/folders/43/y9_kklv94ks4dt0rtcddmgf00000gn/T/lighter-bench.6zIhOBHNB4/docker.sock guest_port=2375
2026-09-07T22:56:50.299616Z  INFO lighter_vmm::vsock_proxy: proxying a socket into the guest path=/var/folders/43/y9_kklv94ks4dt0rtcddmgf00000gn/T/lighter-bench.6zIhOBHNB4/control.sock guest_port=2376
2026-09-07T22:56:50.299690Z  WARN lighter_vmm::virtio::mmio: queue notified before the driver was ready device="virtio-vsock" index=0
[    0.000000] Booting Linux on physical CPU 0x0000000000 [0x610f0000]
[    0.000000] Linux version 6.18.49-lighter (root@cc682f9944e9) (gcc (Debian 12.2.0-14+deb12u1) 12.2.0, GNU ld (GNU Binutils for Debian) 2.40) #1 SMP Mon Sep  7 19:57:38 UTC 2026
[    0.000000] KASLR disabled due to lack of seed
[    0.000000] Machine model: linux,dummy-virt
[    0.000000] efi: UEFI not found.
[    0.000000] OF: reserved mem: Reserved memory: No reserved-memory node in the DT
[    0.000000] NUMA: Faking a node at [mem 0x0000000040000000-0x000000013fffffff]
[    0.000000] NODE_DATA(0) allocated [mem 0x13f802d00-0x13f80547f]
[    0.000000] Zone ranges:
[    0.000000]   DMA      [mem 0x0000000040000000-0x00000000ffffffff]
[    0.000000]   DMA32    empty
[    0.000000]   Normal   [mem 0x0000000100000000-0x000000013fffffff]
[    0.000000] Movable zone start for each node
[    0.000000] Early memory node ranges
[    0.000000]   node   0: [mem 0x0000000040000000-0x000000013fffffff]
[    0.000000] Initmem setup node 0 [mem 0x0000000040000000-0x000000013fffffff]
[    0.000000] cma: Reserved 32 MiB at 0x00000000fe000000
[    0.000000] psci: probing for conduit method from DT.
[    0.000000] psci: PSCIv1.1 detected in firmware.
[    0.000000] psci: Using standard PSCI v0.2 function IDs
[    0.000000] psci: Trusted OS migration not required
[    0.000000] psci: SMC Calling Convention v1.0
[    0.000000] percpu: Embedded 23 pages/cpu s63320 r0 d30888 u94208
[    0.000000] Detected PIPT I-cache on CPU0
[    0.000000] CPU features: detected: Address authentication (IMP DEF algorithm)
[    0.000000] CPU features: detected: GICv3 CPU interface
[    0.000000] CPU features: detected: Spectre-v4
[    0.000000] CPU features: detected: Spectre-BHB
[    0.000000] alternatives: applying boot alternatives
[    0.000000] Kernel command line: console=ttyAMA0 panic=-1 root=/dev/vda rw init=/sbin/lighter-init psi=0 idle.poll_ns=200000 lighter.time=1788821808 lighter.share=bench:/mnt/bench  lighter.rosetta 
[    0.000000] printk: log buffer data + meta data: 131072 + 458752 = 589824 bytes
[    0.000000] Dentry cache hash table entries: 524288 (order: 10, 4194304 bytes, linear)
[    0.000000] Inode-cache hash table entries: 262144 (order: 9, 2097152 bytes, linear)
[    0.000000] software IO TLB: area num 8.
[    0.000000] software IO TLB: mapped [mem 0x00000000fa000000-0x00000000fe000000] (64MB)
[    0.000000] Fallback order for Node 0: 0 
[    0.000000] Built 1 zonelists, mobility grouping on.  Total pages: 1048576
[    0.000000] Policy zone: Normal
[    0.000000] mem auto-init: stack:off, heap alloc:off, heap free:off
[    0.000000] SLUB: HWalign=64, Order=0-3, MinObjects=0, CPUs=8, Nodes=1
[    0.000000] rcu: Hierarchical RCU implementation.
[    0.000000] rcu: 	RCU event tracing is enabled.
[    0.000000] rcu: 	RCU restricting CPUs from NR_CPUS=512 to nr_cpu_ids=8.
[    0.000000] 	Tracing variant of Tasks RCU enabled.
[    0.000000] rcu: RCU calculated value of scheduler-enlistment delay is 25 jiffies.
[    0.000000] rcu: Adjusting geometry for rcu_fanout_leaf=16, nr_cpu_ids=8
[    0.000000] RCU Tasks Trace: Setting shift to 3 and lim to 1 rcu_task_cb_adjust=1 rcu_task_cpu_ids=8.
[    0.000000] NR_IRQS: 64, nr_irqs: 64, preallocated irqs: 0
[    0.000000] GICv3: 988 SPIs implemented
[    0.000000] GICv3: 0 Extended SPIs implemented
[    0.000000] Root IRQ handler: gic_handle_irq
[    0.000000] GICv3: GICv3 features: 16 PPIs, RSS
[    0.000000] GICv3: GICD_CTLR.DS=1, SCR_EL3.FIQ=0
[    0.000000] GICv3: CPU0: found redistributor 0 region 0:0x00000000080a0000
[    0.000000] rcu: srcu_init: Setting srcu_struct sizes based on contention.
[    0.000000] clocksource: jiffies: mask: 0xffffffff max_cycles: 0xffffffff, max_idle_ns: 7645041785100000 ns
[    0.000000] arch_timer: cp15 timer running at 24.00MHz (virt).
[    0.000000] clocksource: arch_sys_counter: mask: 0xffffffffffffff max_cycles: 0x588fe9dc0, max_idle_ns: 440795202592 ns
[    0.000000] sched_clock: 56 bits at 24MHz, resolution 41ns, wraps every 4398046511097ns
[    0.000051] Console: colour dummy device 80x25
[    0.000067] Calibrating delay loop (skipped), value calculated using timer frequency.. 48.00 BogoMIPS (lpj=96000)
[    0.000068] pid_max: default: 32768 minimum: 301
[    0.000083] LSM: initializing lsm=capability
[    0.000136] Mount-cache hash table entries: 8192 (order: 4, 65536 bytes, linear)
[    0.000143] Mountpoint-cache hash table entries: 8192 (order: 4, 65536 bytes, linear)
[    0.000395] cacheinfo: Unable to detect cache hierarchy for CPU 0
[    0.000550] Apple TSO: available per thread (PR_SET_MEM_MODEL); boot value off
[    0.000577] rcu: Hierarchical SRCU implementation.
[    0.000577] rcu: 	Max phase no-delay instances is 1000.
[    0.000619] Timer migration: 1 hierarchy levels; 8 children per group; 1 crossnode level
[    0.000666] EFI services will not be available.
[    0.000760] smp: Bringing up secondary CPUs ...
[    0.000901] Detected PIPT I-cache on CPU1
[    0.000918] GICv3: CPU1: found redistributor 1 region 0:0x00000000080c0000
[    0.000958] CPU1: Booted secondary processor 0x0000000001 [0x610f0000]
[    0.001125] Detected PIPT I-cache on CPU2
[    0.001139] GICv3: CPU2: found redistributor 2 region 0:0x00000000080e0000
[    0.001177] CPU2: Booted secondary processor 0x0000000002 [0x610f0000]
[    0.001297] Detected PIPT I-cache on CPU3
[    0.001312] GICv3: CPU3: found redistributor 3 region 0:0x0000000008100000
[    0.001350] CPU3: Booted secondary processor 0x0000000003 [0x610f0000]
[    0.001476] Detected PIPT I-cache on CPU4
[    0.001493] GICv3: CPU4: found redistributor 4 region 0:0x0000000008120000
[    0.001531] CPU4: Booted secondary processor 0x0000000004 [0x610f0000]
[    0.001653] Detected PIPT I-cache on CPU5
[    0.001671] GICv3: CPU5: found redistributor 5 region 0:0x0000000008140000
[    0.001708] CPU5: Booted secondary processor 0x0000000005 [0x610f0000]
[    0.001827] Detected PIPT I-cache on CPU6
[    0.001848] GICv3: CPU6: found redistributor 6 region 0:0x0000000008160000
[    0.001885] CPU6: Booted secondary processor 0x0000000006 [0x610f0000]
[    0.002012] Detected PIPT I-cache on CPU7
[    0.002035] GICv3: CPU7: found redistributor 7 region 0:0x0000000008180000
[    0.002072] CPU7: Booted secondary processor 0x0000000007 [0x610f0000]
[    0.002084] smp: Brought up 1 node, 8 CPUs
[    0.002085] SMP: Total of 8 processors activated.
[    0.002085] CPU: All CPU(s) started at EL1
[    0.002094] CPU features: detected: Branch Target Identification
[    0.002094] CPU features: detected: ARMv8.4 Translation Table Level
[    0.002095] CPU features: detected: Data cache clean to the PoU not required for I/D coherence
[    0.002095] CPU features: detected: Common not Private translations
[    0.002095] CPU features: detected: CRC32 instructions
[    0.002096] CPU features: detected: Data independent timing control (DIT)
[    0.002096] CPU features: detected: E0PD
[    0.002096] CPU features: detected: Enhanced Privileged Access Never
[    0.002097] CPU features: detected: Generic authentication (IMP DEF algorithm)
[    0.002097] CPU features: detected: RCpc load-acquire (LDAPR)
[    0.002097] CPU features: detected: LSE atomic instructions
[    0.002097] CPU features: detected: Privileged Access Never
[    0.002098] CPU features: detected: RAS Extension Support
[    0.002098] CPU features: detected: Speculation barrier (SB)
[    0.002098] CPU features: detected: TLB range maintenance instructions
[    0.002189] alternatives: applying system-wide alternatives
[    0.003568] Memory: 3957332K/4194304K available (19008K kernel code, 6390K rwdata, 12684K rodata, 12224K init, 709K bss, 198256K reserved, 32768K cma-reserved)
[    0.003686] devtmpfs: initialized
[    0.003947] posixtimers hash table entries: 4096 (order: 4, 65536 bytes, linear)
[    0.003975] futex hash table entries: 2048 (131072 bytes on 1 NUMA nodes, total 128 KiB, linear).
[    0.004004] 19952 pages in range for non-PLT usage
[    0.004004] 511472 pages in range for PLT usage
[    0.004017] pinctrl core: initialized pinctrl subsystem
[    0.004130] DMI not present or invalid.
[    0.004800] NET: Registered PF_NETLINK/PF_ROUTE protocol family
[    0.005028] DMA: preallocated 512 KiB GFP_KERNEL pool for atomic allocations
[    0.005086] DMA: preallocated 512 KiB GFP_KERNEL|GFP_DMA pool for atomic allocations
2026-09-07T22:56:50.345492Z  WARN lighter_vmm::virtio::mmio: queue notified before the driver was ready device="virtio-vsock" index=0
[    0.005140] DMA: preallocated 512 KiB GFP_KERNEL|GFP_DMA32 pool for atomic allocations
2026-09-07T22:56:50.345638Z  WARN lighter_vmm::virtio::mmio: queue notified before the driver was ready device="fs" index=5
2026-09-07T22:56:50.345652Z  INFO lighter_fs::cache: cache lifetime set by whether the guest can be told to forget invalidation="push" attr_ms=20000 entry_ms=20000
[    0.005198] thermal_sys: Registered thermal governor 'step_wise'
2026-09-07T22:56:50.345780Z  INFO lighter_vmm::virtio::fs: share activated tag=bench root=~/.lighter-bench/lighter
[    0.005198] thermal_sys: Registered thermal governor 'power_allocator'
[    0.005203] cpuidle: using governor menu
2026-09-07T22:56:50.346028Z  WARN lighter_vmm::virtio::mmio: queue notified before the driver was ready device="fs" index=5
2026-09-07T22:56:50.346036Z  INFO lighter_fs::cache: cache lifetime set by whether the guest can be told to forget invalidation="push" attr_ms=20000 entry_ms=20000
2026-09-07T22:56:50.346135Z  INFO lighter_vmm::virtio::fs: share activated tag=rosetta root=/Library/Apple/usr/libexec/oah/RosettaLinux
[    0.005211] NET: Registered PF_QIPCRTR protocol family
[    0.005225] hw-breakpoint: found 6 breakpoint and 4 watchpoint registers.
[    0.005328] ASID allocator initialised with 65536 entries
[    0.005453] Serial: AMBA PL011 UART driver
[    0.005584] c000000.pl011: ttyAMA0 at MMIO 0xc000000 (irq = 13, base_baud = 0) is a PL011 rev1
[    0.005616] printk: console [ttyAMA0] enabled
[    0.006274] HugeTLB: registered 1.00 GiB page size, pre-allocated 0 pages
[    0.006274] HugeTLB: 0 KiB vmemmap can be freed for a 1.00 GiB page
[    0.006275] HugeTLB: registered 32.0 MiB page size, pre-allocated 0 pages
[    0.006279] HugeTLB: 0 KiB vmemmap can be freed for a 32.0 MiB page
[    0.006279] HugeTLB: registered 2.00 MiB page size, pre-allocated 0 pages
[    0.006279] HugeTLB: 0 KiB vmemmap can be freed for a 2.00 MiB page
[    0.006279] HugeTLB: registered 64.0 KiB page size, pre-allocated 0 pages
[    0.006280] HugeTLB: 0 KiB vmemmap can be freed for a 64.0 KiB page
[    0.007342] raid6: skipped pq benchmark and selected neonx8
[    0.007343] raid6: using neon recovery algorithm
[    0.007361] ACPI: Interpreter disabled.
[    0.007456] iommu: Default domain type: Translated
[    0.007456] iommu: DMA domain TLB invalidation policy: strict mode
[    0.009572] pps_core: LinuxPPS API ver. 1 registered
[    0.009573] pps_core: Software ver. 5.3.6 - Copyright 2005-2007 Rodolfo Giometti <giometti@linux.it>
[    0.009573] PTP clock support registered
[    0.009580] EDAC MC: Ver: 3.0.0
[    0.009652] scmi_core: SCMI protocol bus registered
[    0.009692] FPGA manager framework
[    0.009771] nfc: nfc_init: NFC Core ver 0.1
[    0.009774] NET: Registered PF_NFC protocol family
[    0.009941] clocksource: Switched to clocksource arch_sys_counter
[    0.009998] VFS: Disk quotas dquot_6.6.0
[    0.009999] VFS: Dquot-cache hash table entries: 512 (order 0, 4096 bytes)
[    0.010144] pnp: PnP ACPI: disabled
[    0.010624] NET: Registered PF_INET protocol family
[    0.010697] IP idents hash table entries: 65536 (order: 7, 524288 bytes, linear)
[    0.011019] tcp_listen_portaddr_hash hash table entries: 2048 (order: 3, 32768 bytes, linear)
[    0.011024] Table-perturb hash table entries: 65536 (order: 6, 262144 bytes, linear)
[    0.011025] TCP established hash table entries: 32768 (order: 6, 262144 bytes, linear)
[    0.011059] TCP bind hash table entries: 32768 (order: 8, 1048576 bytes, linear)
[    0.011187] TCP: Hash tables configured (established 32768 bind 32768)
[    0.011206] UDP hash table entries: 2048 (order: 5, 131072 bytes, linear)
[    0.011223] UDP-Lite hash table entries: 2048 (order: 5, 131072 bytes, linear)
[    0.011247] NET: Registered PF_UNIX/PF_LOCAL protocol family
[    0.011542] kvm [1]: HYP mode not available
[    0.011660] Initialise system trusted keyrings
[    0.011684] workingset: timestamp_bits=42 max_order=20 bucket_order=0
[    0.011716] squashfs: version 4.0 (2009/01/31) Phillip Lougher
[    0.011722] fuse: init (API version 7.45)
[    0.011759] SGI XFS with ACLs, security attributes, scrub, repair, no debug enabled
[    0.011805] 9p: Installing v9fs 9p2000 file system support
[    0.017451] NET: Registered PF_ALG protocol family
[    0.017454] xor: measuring software checksum speed
[    0.017516]    8regs           : 52459 MB/sec
[    0.017572]    32regs          : 59788 MB/sec
[    0.017616]    arm64_neon      : 75494 MB/sec
[    0.017616] xor: using function: arm64_neon (75494 MB/sec)
[    0.017621] Key type asymmetric registered
[    0.017621] Asymmetric key parser 'x509' registered
[    0.017629] Block layer SCSI generic (bsg) driver version 0.4 loaded (major 239)
[    0.017629] io scheduler mq-deadline registered
[    0.017630] io scheduler kyber registered
[    0.017633] io scheduler bfq registered
[    0.022180] ledtrig-cpu: registered to indicate activity on CPUs
[    0.022199] IPMI message handler: version 39.2
[    0.022203] ipmi device interface
[    0.022244] ipmi_si: IPMI System Interface driver
[    0.022250] ipmi_si: Unable to find any System Interface(s)
[    0.023469] virtiofs virtio4: discovered new tag: bench
[    0.023883] virtiofs virtio5: discovered new tag: rosetta
[    0.024354] Free page reporting enabled
[    0.024438] virtio_mem virtio8: start address: 0x140000000
[    0.024438] virtio_mem virtio8: region size: 0x300000000
[    0.024439] virtio_mem virtio8: device block size: 0x8000000
[    0.024439] virtio_mem virtio8: nid: 0
[    0.024440] virtio_mem virtio8: memory block size: 0x8000000
[    0.024440] virtio_mem virtio8: big block size: 0x8000000
[    0.024463] virtio_mem virtio8: plugged size: 0x0
[    0.024464] virtio_mem virtio8: requested size: 0x300000000
[    0.024910] Fallback order for Node 0: 0 
[    0.024911] Built 1 zonelists, mobility grouping on.  Total pages: 1014343
[    0.024913] Policy zone: Normal
[    0.026442] Serial: 8250/16550 driver, 4 ports, IRQ sharing enabled
[    0.026641] msm_serial: driver initialized
[    0.026659] SuperH (H)SCI(F) driver initialized
[    0.026665] STM32 USART driver initialized
[    0.026881] random: crng init done
[    0.027961] loop: module loaded
[    0.064359] virtio_blk virtio0: 8/0/0 default/read/poll queues
[    0.064676] virtio_blk virtio0: [vda] 4194304 512-byte logical blocks (2.15 GB/2.00 GiB)
[    0.066937] virtio_blk virtio1: 8/0/0 default/read/poll queues
[    0.067242] virtio_blk virtio1: [vdb] 268435456 512-byte logical blocks (137 GB/128 GiB)
[    0.067406] zram: Added device: zram0
[    0.067862] tun: Universal TUN/TAP device driver, 1.6
[    0.068327] VFIO - User Level meta-driver version: 0.3
[    0.069413]  cs_system_cfg: CoreSight Configuration manager initialised
[    0.069553] gnss: GNSS driver registered with major 503
[    0.069681] GACT probability NOT on
[    0.069682] Mirror/redirect action on
[    0.070214] IPVS: Registered protocols ()
[    0.070221] IPVS: Connection hash table configured (size=4096, memory=32Kbytes)
[    0.070238] IPVS: ipvs loaded.
[    0.070264] Initializing XFRM netlink socket
[    0.070269] NET: Registered PF_INET6 protocol family
[    0.070429] Segment Routing with IPv6
[    0.070431] In-situ OAM (IOAM) with IPv6
[    0.070438] sit: IPv6, IPv4 and MPLS over IPv4 tunneling driver
[    0.070473] NET: Registered PF_PACKET protocol family
[    0.070496] 8021q: 802.1Q VLAN Support v1.8
[    0.070520] 9pnet: Installing 9P2000 support
[    0.070525] Key type dns_resolver registered
[    0.070533] NET: Registered PF_VSOCK protocol family
[    0.071564] registered taskstats version 1
[    0.071591] Loading compiled-in X.509 certificates
[    0.072109] Demotion targets for Node 0: null
[    0.072186] Btrfs loaded, zoned=no, fsverity=no
[    0.072246] clk: Disabling unused clocks
[    0.072247] PM: genpd: Disabling unused power domains
[    0.072578] check access for rdinit=/init failed: -2, ignoring
[    0.087323] EXT4-fs (vda): mounted filesystem b6b766ac-cd49-44a5-aac0-ad1817245fe0 r/w with ordered data mode. Quota mode: none.
[    0.087341] VFS: Mounted root (ext4 filesystem) on device 254:0.
[    0.087637] devtmpfs: mounted
[    0.087937] Freeing unused kernel memory: 12224K
[    0.087960] Run /sbin/lighter-init as init process
INIT clock=2026-09-07T22:56:48Z
INIT filesystems=ok
INIT formatting=/dev/vdb fs=btrfs mkfs=
INIT data_fs=btrfs
INIT data_opts=noatime,nodatacow,commit=30,thread_pool=1
[    0.168739] BTRFS: device label lighter-data devid 1 transid 8 /dev/vdb (254:16) scanned by mount (137)
[    0.169014] BTRFS info (device vdb): first mount of filesystem fc588586-29ac-481c-830e-aab52a741287
[    0.169026] BTRFS info (device vdb): using crc32c (crc32c-lib) checksum algorithm
[    0.169534] BTRFS info (device vdb): checking UUID tree
[    0.169549] BTRFS info (device vdb): setting nodatasum
INIT data=mounted[    0.169553] BTRFS info (device vdb): setting nodatacow
[    0.169558] BTRFS info (device vdb): turning on async discard

[    0.169562] BTRFS info (device vdb): enabling free space tree
INIT fstrim=10ms
[    0.174829] zram0: detected capacity change from 0 to 4194304
[    0.176857] Adding 2097148k swap on /dev/zram0.  Priority:100 extents:1 across:2097148k SS
INIT zram=on
[    0.177646] rcu: RCU calculated value of scheduler-enlistment delay is 25 jiffies.
2026-09-07T22:56:50.500609Z  INFO lighter_fs::server: filesystem negotiated guest=7.45 max_write=262144 readdirplus=true create_dialect=true
INIT binfmt=x86_64 via=rosetta
2026-09-07T22:56:50.501351Z  INFO lighter_fs::server: filesystem negotiated guest=7.45 max_write=262144 readdirplus=true create_dialect=true
INIT share=bench at=/mnt/bench
INIT dhcp=ok t=0.18
INIT ipv6=ok
INIT dockerd=ready after=50ms t=0.24
AGENT tcp-proxy port=15201
AGENT listening port=2375
AGENT inbound port=2378
AGENT listening port=2376
AGENT dns addr=192.168.127.2
AGENT udp-inbound
AGENT udp-proxy port=15202
AGENT clock=set trip_us=14 attempt=0
AGENT udp-proxy port=15202
INIT streams=on
INIT ready t=0.25
2026-09-07T22:56:59.031874Z  INFO lighter_vmm::virtio::mem: virtio-mem offer requested_mib=512 plugged_mib=12288
[    8.709894] virtio_mem virtio8: plugged size: 0x300000000
[    8.709911] virtio_mem virtio8: requested size: 0x20000000
[    9.365540] Fallback order for Node 0: 0 
[    9.365554] Built 1 zonelists, mobility grouping on.  Total pages: 2049623
[    9.365559] Policy zone: Normal
2026-09-07T22:57:00.102658Z  INFO lighter_vmm::virtio::mem: virtio-mem offer requested_mib=12288 plugged_mib=512
[    9.780593] virtio_mem virtio8: plugged size: 0x20000000
[    9.780605] virtio_mem virtio8: requested size: 0x300000000
[    9.781160] Fallback order for Node 0: 0 
[    9.781168] Built 1 zonelists, mobility grouping on.  Total pages: 1146423
[    9.781172] Policy zone: Normal
[   10.739752] docker0: port 1(veth93f135f) entered blocking state
[   10.739760] docker0: port 1(veth93f135f) entered disabled state
[   10.739764] veth93f135f: entered allmulticast mode
[   10.739777] veth93f135f: entered promiscuous mode
[   10.743082] eth0: renamed from vetha0c241e
[   10.743468] docker0: port 1(veth93f135f) entered blocking state
[   10.743490] docker0: port 1(veth93f135f) entered forwarding state
AGENT sockmap=on
[   22.565951] docker0: port 1(veth93f135f) entered disabled state
[   22.565986] vetha0c241e: renamed from eth0
[   22.587114] docker0: port 1(veth93f135f) entered disabled state
[   22.587410] veth93f135f (unregistering): left allmulticast mode
[   22.587418] veth93f135f (unregistering): left promiscuous mode
[   22.587420] docker0: port 1(veth93f135f) entered disabled state
[   23.043232] docker0: port 1(veth97172a4) entered blocking state
[   23.043242] docker0: port 1(veth97172a4) entered disabled state
[   23.043248] veth97172a4: entered allmulticast mode
[   23.043259] veth97172a4: entered promiscuous mode
[   23.045372] eth0: renamed from vethfe5b274
[   23.045782] docker0: port 1(veth97172a4) entered blocking state
[   23.045788] docker0: port 1(veth97172a4) entered forwarding state
[   35.110223] docker0: port 1(veth97172a4) entered disabled state
[   35.110257] vethfe5b274: renamed from eth0
[   35.133921] docker0: port 1(veth97172a4) entered disabled state
[   35.134173] veth97172a4 (unregistering): left allmulticast mode
[   35.134187] veth97172a4 (unregistering): left promiscuous mode
[   35.134191] docker0: port 1(veth97172a4) entered disabled state
[   35.413064] docker0: port 1(veth804b0ed) entered blocking state
[   35.413073] docker0: port 1(veth804b0ed) entered disabled state
[   35.413079] veth804b0ed: entered allmulticast mode
[   35.413095] veth804b0ed: entered promiscuous mode
[   35.415370] eth0: renamed from vethbe068b7
[   35.415687] docker0: port 1(veth804b0ed) entered blocking state
[   35.415734] docker0: port 1(veth804b0ed) entered forwarding state
[   64.929919] docker0: port 1(veth804b0ed) entered disabled state
[   64.929967] vethbe068b7: renamed from eth0
[   64.950156] docker0: port 1(veth804b0ed) entered disabled state
[   64.950393] veth804b0ed (unregistering): left allmulticast mode
[   64.950399] veth804b0ed (unregistering): left promiscuous mode
[   64.950400] docker0: port 1(veth804b0ed) entered disabled state
[   65.654988] docker0: port 1(veth259a0cf) entered blocking state
[   65.654998] docker0: port 1(veth259a0cf) entered disabled state
[   65.655004] veth259a0cf: entered allmulticast mode
[   65.655019] veth259a0cf: entered promiscuous mode
[   65.657293] eth0: renamed from veth2d26520
[   65.657476] docker0: port 1(veth259a0cf) entered blocking state
[   65.657484] docker0: port 1(veth259a0cf) entered forwarding state
[   75.781198] docker0: port 1(veth259a0cf) entered disabled state
[   75.781226] veth2d26520: renamed from eth0
[   75.806473] docker0: port 1(veth259a0cf) entered disabled state
[   75.806708] veth259a0cf (unregistering): left allmulticast mode
[   75.806714] veth259a0cf (unregistering): left promiscuous mode
[   75.806715] docker0: port 1(veth259a0cf) entered disabled state
[   76.031377] docker0: port 1(vethf754605) entered blocking state
[   76.031384] docker0: port 1(vethf754605) entered disabled state
[   76.031389] vethf754605: entered allmulticast mode
[   76.031401] vethf754605: entered promiscuous mode
[   76.033766] eth0: renamed from vethb8a41f0
[   76.034398] docker0: port 1(vethf754605) entered blocking state
[   76.034407] docker0: port 1(vethf754605) entered forwarding state
[   88.977473] docker0: port 1(vethf754605) entered disabled state
[   88.977503] vethb8a41f0: renamed from eth0
[   88.997128] docker0: port 1(vethf754605) entered disabled state
[   88.997350] vethf754605 (unregistering): left allmulticast mode
[   88.997356] vethf754605 (unregistering): left promiscuous mode
[   88.997357] docker0: port 1(vethf754605) entered disabled state
[   91.555824] docker0: port 1(veth7e56304) entered blocking state
[   91.555835] docker0: port 1(veth7e56304) entered disabled state
[   91.555843] veth7e56304: entered allmulticast mode
[   91.555860] veth7e56304: entered promiscuous mode
[   91.558240] eth0: renamed from veth4ab4902
[   91.558518] docker0: port 1(veth7e56304) entered blocking state
[   91.558528] docker0: port 1(veth7e56304) entered forwarding state
[   91.585384] docker0: port 1(veth7e56304) entered disabled state
[   91.585413] veth4ab4902: renamed from eth0
[   91.610383] docker0: port 1(veth7e56304) entered disabled state
[   91.610641] veth7e56304 (unregistering): left allmulticast mode
[   91.610650] veth7e56304 (unregistering): left promiscuous mode
[   91.610651] docker0: port 1(veth7e56304) entered disabled state
[   91.710766] docker0: port 1(veth19eafc1) entered blocking state
[   91.710776] docker0: port 1(veth19eafc1) entered disabled state
[   91.710781] veth19eafc1: entered allmulticast mode
[   91.710797] veth19eafc1: entered promiscuous mode
[   91.713960] eth0: renamed from veth0ca2d35
[   91.714327] docker0: port 1(veth19eafc1) entered blocking state
[   91.714338] docker0: port 1(veth19eafc1) entered forwarding state
[   91.738473] docker0: port 1(veth19eafc1) entered disabled state
[   91.738513] veth0ca2d35: renamed from eth0
[   91.757649] docker0: port 1(veth19eafc1) entered disabled state
[   91.757876] veth19eafc1 (unregistering): left allmulticast mode
[   91.757882] veth19eafc1 (unregistering): left promiscuous mode
[   91.757883] docker0: port 1(veth19eafc1) entered disabled state
[   91.884643] docker0: port 1(veth268e69a) entered blocking state
[   91.884657] docker0: port 1(veth268e69a) entered disabled state
[   91.884671] veth268e69a: entered allmulticast mode
[   91.884690] veth268e69a: entered promiscuous mode
[   91.887005] eth0: renamed from veth01e3141
[   91.887279] docker0: port 1(veth268e69a) entered blocking state
[   91.887285] docker0: port 1(veth268e69a) entered forwarding state
[   91.912686] docker0: port 1(veth268e69a) entered disabled state
[   91.912712] veth01e3141: renamed from eth0
[   91.929914] docker0: port 1(veth268e69a) entered disabled state
[   91.930013] veth268e69a (unregistering): left allmulticast mode
[   91.930014] veth268e69a (unregistering): left promiscuous mode
[   91.930015] docker0: port 1(veth268e69a) entered disabled state
[   92.056470] docker0: port 1(veth85e8a91) entered blocking state
[   92.056478] docker0: port 1(veth85e8a91) entered disabled state
[   92.056790] veth85e8a91: entered allmulticast mode
[   92.056809] veth85e8a91: entered promiscuous mode
[   92.059302] eth0: renamed from vethf364050
[   92.059460] docker0: port 1(veth85e8a91) entered blocking state
[   92.059461] docker0: port 1(veth85e8a91) entered forwarding state
[   92.086519] docker0: port 1(veth85e8a91) entered disabled state
[   92.086547] vethf364050: renamed from eth0
[   92.105434] docker0: port 1(veth85e8a91) entered disabled state
[   92.105648] veth85e8a91 (unregistering): left allmulticast mode
[   92.105654] veth85e8a91 (unregistering): left promiscuous mode
[   92.105655] docker0: port 1(veth85e8a91) entered disabled state
