    Finished `release` profile [optimized] target(s) in 0.01s
==> lighter: warming caches (not timed)
==> lighter: npm-install 6552 6293 6215  (cpu ms: user=6750 sys=11160 user=7150 sys=10300 user=7000 sys=10310)
==> lighter: pnpm-install 4677 4067 3920  (cpu ms: user=3040 sys=11860 user=2490 sys=10650 user=2530 sys=10270)
==> lighter: yarn-install 5286 4973 5119  (cpu ms: user=5730 sys=10080 user=5500 sys=9710 user=5490 sys=10100)
==> lighter: materializing the package tree
==> lighter: ripgrep 1807 92 85  (cpu ms: user=300 sys=4440 user=250 sys=420 user=270 sys=350)
==> lighter: find-walk 99 92 91  (cpu ms: user=30 sys=70 user=40 sys=60 user=20 sys=80)
==> lighter: copy-tree 3556 3428 3664  (cpu ms: user=710 sys=1970 user=670 sys=4230 user=770 sys=4100)
==> lighter: rm-rf 2599 2456 2664  (cpu ms: user=710 sys=4260 user=710 sys=4060 user=780 sys=4130)
==> lighter: cpu-sha256 2997 3007 3002  (cpu ms: user=4810 sys=370 user=4880 sys=330 user=4750 sys=450)
==> lighter: container-start 139 147 166
==> lighter: watch-latency 129 2 2
==> lighter: memory peak=4009 after15s=927 after60s=926 (MiB)
==> lighter: net-tcp-egress 89935 90190 96942
==> lighter: net-tcp-egress-r 79475 83789 82930
==> lighter: net-tcp-port 82183 84452 82934
==> lighter: net-tcp-port-r 94142 90518 89221
==> lighter: net-udp 5102 5007 4957
==> lighter: net-connect-rate 17348 17030 16319
==> lighter: net-http-latency 74 83 70
==> lighter: net-dns 42 41 38
==> lighter: power-idle (a minute of quiet, then a minute of samples) cpu=3 ms/s wakeups=52/s pkg-idle-wakeups=1/s (powermetrics)
==> lighter: boot (a cold stop, then a start, 3 times; untimed round first) 1623/1793 1528/1681 1537/1681
==> lighter: memory idle=372 MiB, a minute after a cold start

==> results in benchmarks/results/050-1b0caab-m5-a1-2-share.csv
