2026-09-08T01:02:09.880381Z  INFO lighter_vmm::net: network started gateway="192.168.127.1" guest="192.168.127.2" mtu=1500
2026-09-08T01:02:09.880530Z  INFO lighter_vmm::machine: attached disk path=/var/folders/43/y9_kklv94ks4dt0rtcddmgf00000gn/T/lighter-rootfs.UYQ4ERW1kK.ext4 capacity_mib=2048 allocated_kib=2097152
2026-09-08T01:02:09.880610Z  INFO lighter_vmm::machine: attached disk path=/var/folders/43/y9_kklv94ks4dt0rtcddmgf00000gn/T/lighter-bench.aiToprtkgM/data.img capacity_mib=131072 allocated_kib=0
2026-09-08T01:02:09.881326Z  INFO lighter_fs::server: share opened root=~/.lighter-bench/lighter attr_ms=100 entry_ms=100 dir_entry_ms=1000 watched=true descriptors=184320
2026-09-08T01:02:09.881808Z  INFO lighter_fs::server: share opened root=/Library/Apple/usr/libexec/oah/RosettaLinux attr_ms=100 entry_ms=100 dir_entry_ms=1000 watched=true descriptors=184320
2026-09-08T01:02:09.883312Z  INFO lighter_vmm::machine: machine started vcpus=8 ram_mib=4096 entry=0x40000000 dtb=0x43400000
2026-09-08T01:02:09.883839Z  INFO lighter_vmm::vsock_proxy: proxying a socket into the guest path=/var/folders/43/y9_kklv94ks4dt0rtcddmgf00000gn/T/lighter-bench.aiToprtkgM/docker.sock guest_port=2375
2026-09-08T01:02:09.883894Z  INFO lighter_vmm::vsock_proxy: proxying a socket into the guest path=/var/folders/43/y9_kklv94ks4dt0rtcddmgf00000gn/T/lighter-bench.aiToprtkgM/control.sock guest_port=2376
2026-09-08T01:02:09.883957Z  WARN lighter_vmm::virtio::mmio: queue notified before the driver was ready device="virtio-vsock" index=0
[    0.000000] Booting Linux on physical CPU 0x0000000000 [0x610f0000]
[    0.000000] Linux version 6.18.49-lighter (root@cc682f9944e9) (gcc (Debian 12.2.0-14+deb12u1) 12.2.0, GNU ld (GNU Binutils for Debian) 2.40) #1 SMP Mon Sep  7 19:57:38 UTC 2026
[    0.000000] KASLR disabled due to lack of seed
[    0.000000] Machine model: linux,dummy-virt
[    0.000000] efi: UEFI not found.
[    0.000000] OF: reserved mem: Reserved memory: No reserved-memory node in the DT
[    0.000000] NUMA: Faking a node at [mem 0x0000000040000000-0x000000013fffffff]
[    0.000000] NODE_DATA(0) allocated [mem 0x13f802d00-0x13f80547f]
[    0.000000] Zone ranges:
[    0.000000]   DMA      [mem 0x0000000040000000-0x00000000ffffffff]
[    0.000000]   DMA32    empty
[    0.000000]   Normal   [mem 0x0000000100000000-0x000000013fffffff]
[    0.000000] Movable zone start for each node
[    0.000000] Early memory node ranges
[    0.000000]   node   0: [mem 0x0000000040000000-0x000000013fffffff]
[    0.000000] Initmem setup node 0 [mem 0x0000000040000000-0x000000013fffffff]
[    0.000000] cma: Reserved 32 MiB at 0x00000000fe000000
[    0.000000] psci: probing for conduit method from DT.
[    0.000000] psci: PSCIv1.1 detected in firmware.
[    0.000000] psci: Using standard PSCI v0.2 function IDs
[    0.000000] psci: Trusted OS migration not required
[    0.000000] psci: SMC Calling Convention v1.0
[    0.000000] percpu: Embedded 23 pages/cpu s63320 r0 d30888 u94208
[    0.000000] Detected PIPT I-cache on CPU0
[    0.000000] CPU features: detected: Address authentication (IMP DEF algorithm)
[    0.000000] CPU features: detected: GICv3 CPU interface
[    0.000000] CPU features: detected: Spectre-v4
[    0.000000] CPU features: detected: Spectre-BHB
[    0.000000] alternatives: applying boot alternatives
[    0.000000] Kernel command line: console=ttyAMA0 panic=-1 root=/dev/vda rw init=/sbin/lighter-init psi=0 idle.poll_ns=200000 lighter.time=1788829328 lighter.share=bench:/mnt/bench  lighter.rosetta 
[    0.000000] printk: log buffer data + meta data: 131072 + 458752 = 589824 bytes
[    0.000000] Dentry cache hash table entries: 524288 (order: 10, 4194304 bytes, linear)
[    0.000000] Inode-cache hash table entries: 262144 (order: 9, 2097152 bytes, linear)
[    0.000000] software IO TLB: area num 8.
[    0.000000] software IO TLB: mapped [mem 0x00000000fa000000-0x00000000fe000000] (64MB)
[    0.000000] Fallback order for Node 0: 0 
[    0.000000] Built 1 zonelists, mobility grouping on.  Total pages: 1048576
[    0.000000] Policy zone: Normal
[    0.000000] mem auto-init: stack:off, heap alloc:off, heap free:off
[    0.000000] SLUB: HWalign=64, Order=0-3, MinObjects=0, CPUs=8, Nodes=1
[    0.000000] rcu: Hierarchical RCU implementation.
[    0.000000] rcu: 	RCU event tracing is enabled.
[    0.000000] rcu: 	RCU restricting CPUs from NR_CPUS=512 to nr_cpu_ids=8.
[    0.000000] 	Tracing variant of Tasks RCU enabled.
[    0.000000] rcu: RCU calculated value of scheduler-enlistment delay is 25 jiffies.
[    0.000000] rcu: Adjusting geometry for rcu_fanout_leaf=16, nr_cpu_ids=8
[    0.000000] RCU Tasks Trace: Setting shift to 3 and lim to 1 rcu_task_cb_adjust=1 rcu_task_cpu_ids=8.
[    0.000000] NR_IRQS: 64, nr_irqs: 64, preallocated irqs: 0
[    0.000000] GICv3: 988 SPIs implemented
[    0.000000] GICv3: 0 Extended SPIs implemented
[    0.000000] Root IRQ handler: gic_handle_irq
[    0.000000] GICv3: GICv3 features: 16 PPIs, RSS
[    0.000000] GICv3: GICD_CTLR.DS=1, SCR_EL3.FIQ=0
[    0.000000] GICv3: CPU0: found redistributor 0 region 0:0x00000000080a0000
[    0.000000] rcu: srcu_init: Setting srcu_struct sizes based on contention.
[    0.000000] clocksource: jiffies: mask: 0xffffffff max_cycles: 0xffffffff, max_idle_ns: 7645041785100000 ns
[    0.000000] arch_timer: cp15 timer running at 24.00MHz (virt).
[    0.000000] clocksource: arch_sys_counter: mask: 0xffffffffffffff max_cycles: 0x588fe9dc0, max_idle_ns: 440795202592 ns
[    0.000000] sched_clock: 56 bits at 24MHz, resolution 41ns, wraps every 4398046511097ns
[    0.000059] Console: colour dummy device 80x25
[    0.000078] Calibrating delay loop (skipped), value calculated using timer frequency.. 48.00 BogoMIPS (lpj=96000)
[    0.000079] pid_max: default: 32768 minimum: 301
[    0.000094] LSM: initializing lsm=capability
[    0.000147] Mount-cache hash table entries: 8192 (order: 4, 65536 bytes, linear)
[    0.000154] Mountpoint-cache hash table entries: 8192 (order: 4, 65536 bytes, linear)
[    0.000436] cacheinfo: Unable to detect cache hierarchy for CPU 0
[    0.000581] Apple TSO: available per thread (PR_SET_MEM_MODEL); boot value off
[    0.000608] rcu: Hierarchical SRCU implementation.
[    0.000609] rcu: 	Max phase no-delay instances is 1000.
[    0.000660] Timer migration: 1 hierarchy levels; 8 children per group; 1 crossnode level
[    0.000702] EFI services will not be available.
[    0.000792] smp: Bringing up secondary CPUs ...
[    0.000918] Detected PIPT I-cache on CPU1
[    0.000932] GICv3: CPU1: found redistributor 1 region 0:0x00000000080c0000
[    0.000970] CPU1: Booted secondary processor 0x0000000001 [0x610f0000]
[    0.001137] Detected PIPT I-cache on CPU2
[    0.001153] GICv3: CPU2: found redistributor 2 region 0:0x00000000080e0000
[    0.001189] CPU2: Booted secondary processor 0x0000000002 [0x610f0000]
[    0.001307] Detected PIPT I-cache on CPU3
[    0.001321] GICv3: CPU3: found redistributor 3 region 0:0x0000000008100000
[    0.001357] CPU3: Booted secondary processor 0x0000000003 [0x610f0000]
[    0.001495] Detected PIPT I-cache on CPU4
[    0.001513] GICv3: CPU4: found redistributor 4 region 0:0x0000000008120000
[    0.001551] CPU4: Booted secondary processor 0x0000000004 [0x610f0000]
[    0.001675] Detected PIPT I-cache on CPU5
[    0.001693] GICv3: CPU5: found redistributor 5 region 0:0x0000000008140000
[    0.001729] CPU5: Booted secondary processor 0x0000000005 [0x610f0000]
[    0.001844] Detected PIPT I-cache on CPU6
[    0.001864] GICv3: CPU6: found redistributor 6 region 0:0x0000000008160000
[    0.001899] CPU6: Booted secondary processor 0x0000000006 [0x610f0000]
[    0.002021] Detected PIPT I-cache on CPU7
[    0.002043] GICv3: CPU7: found redistributor 7 region 0:0x0000000008180000
[    0.002079] CPU7: Booted secondary processor 0x0000000007 [0x610f0000]
[    0.002093] smp: Brought up 1 node, 8 CPUs
[    0.002094] SMP: Total of 8 processors activated.
[    0.002094] CPU: All CPU(s) started at EL1
[    0.002103] CPU features: detected: Branch Target Identification
[    0.002104] CPU features: detected: ARMv8.4 Translation Table Level
[    0.002104] CPU features: detected: Data cache clean to the PoU not required for I/D coherence
[    0.002104] CPU features: detected: Common not Private translations
[    0.002104] CPU features: detected: CRC32 instructions
[    0.002105] CPU features: detected: Data independent timing control (DIT)
[    0.002105] CPU features: detected: E0PD
[    0.002105] CPU features: detected: Enhanced Privileged Access Never
[    0.002105] CPU features: detected: Generic authentication (IMP DEF algorithm)
2026-09-08T01:02:09.926273Z  WARN lighter_vmm::virtio::mmio: queue notified before the driver was ready device="virtio-vsock" index=0
[    0.002106] CPU features: detected: RCpc load-acquire (LDAPR)
2026-09-08T01:02:09.926460Z  WARN lighter_vmm::virtio::mmio: queue notified before the driver was ready device="fs" index=5
2026-09-08T01:02:09.926478Z  INFO lighter_fs::cache: cache lifetime set by whether the guest can be told to forget invalidation="push" attr_ms=20000 entry_ms=20000
[    0.002106] CPU features: detected: LSE atomic instructions
2026-09-08T01:02:09.926596Z  INFO lighter_vmm::virtio::fs: share activated tag=bench root=~/.lighter-bench/lighter
[    0.002106] CPU features: detected: Privileged Access Never
[    0.002106] CPU features: detected: RAS Extension Support
2026-09-08T01:02:09.926837Z  WARN lighter_vmm::virtio::mmio: queue notified before the driver was ready device="fs" index=5
2026-09-08T01:02:09.926845Z  INFO lighter_fs::cache: cache lifetime set by whether the guest can be told to forget invalidation="push" attr_ms=20000 entry_ms=20000
2026-09-08T01:02:09.926938Z  INFO lighter_vmm::virtio::fs: share activated tag=rosetta root=/Library/Apple/usr/libexec/oah/RosettaLinux
[    0.002107] CPU features: detected: Speculation barrier (SB)
[    0.002107] CPU features: detected: TLB range maintenance instructions
[    0.002202] alternatives: applying system-wide alternatives
[    0.003758] Memory: 3957332K/4194304K available (19008K kernel code, 6390K rwdata, 12684K rodata, 12224K init, 709K bss, 198256K reserved, 32768K cma-reserved)
[    0.003861] devtmpfs: initialized
[    0.004129] posixtimers hash table entries: 4096 (order: 4, 65536 bytes, linear)
[    0.004151] futex hash table entries: 2048 (131072 bytes on 1 NUMA nodes, total 128 KiB, linear).
[    0.004175] 19952 pages in range for non-PLT usage
[    0.004176] 511472 pages in range for PLT usage
[    0.004188] pinctrl core: initialized pinctrl subsystem
[    0.004299] DMI not present or invalid.
[    0.004946] NET: Registered PF_NETLINK/PF_ROUTE protocol family
[    0.005221] DMA: preallocated 512 KiB GFP_KERNEL pool for atomic allocations
[    0.005290] DMA: preallocated 512 KiB GFP_KERNEL|GFP_DMA pool for atomic allocations
[    0.005344] DMA: preallocated 512 KiB GFP_KERNEL|GFP_DMA32 pool for atomic allocations
[    0.005401] thermal_sys: Registered thermal governor 'step_wise'
[    0.005401] thermal_sys: Registered thermal governor 'power_allocator'
[    0.005405] cpuidle: using governor menu
[    0.005413] NET: Registered PF_QIPCRTR protocol family
[    0.005430] hw-breakpoint: found 6 breakpoint and 4 watchpoint registers.
[    0.005523] ASID allocator initialised with 65536 entries
[    0.005645] Serial: AMBA PL011 UART driver
[    0.005772] c000000.pl011: ttyAMA0 at MMIO 0xc000000 (irq = 13, base_baud = 0) is a PL011 rev1
[    0.005810] printk: console [ttyAMA0] enabled
[    0.006459] HugeTLB: registered 1.00 GiB page size, pre-allocated 0 pages
[    0.006459] HugeTLB: 0 KiB vmemmap can be freed for a 1.00 GiB page
[    0.006460] HugeTLB: registered 32.0 MiB page size, pre-allocated 0 pages
[    0.006463] HugeTLB: 0 KiB vmemmap can be freed for a 32.0 MiB page
[    0.006464] HugeTLB: registered 2.00 MiB page size, pre-allocated 0 pages
[    0.006464] HugeTLB: 0 KiB vmemmap can be freed for a 2.00 MiB page
[    0.006464] HugeTLB: registered 64.0 KiB page size, pre-allocated 0 pages
[    0.006464] HugeTLB: 0 KiB vmemmap can be freed for a 64.0 KiB page
[    0.007486] raid6: skipped pq benchmark and selected neonx8
[    0.007486] raid6: using neon recovery algorithm
[    0.007504] ACPI: Interpreter disabled.
[    0.007608] iommu: Default domain type: Translated
[    0.007611] iommu: DMA domain TLB invalidation policy: strict mode
[    0.010490] pps_core: LinuxPPS API ver. 1 registered
[    0.010491] pps_core: Software ver. 5.3.6 - Copyright 2005-2007 Rodolfo Giometti <giometti@linux.it>
[    0.010492] PTP clock support registered
[    0.010500] EDAC MC: Ver: 3.0.0
[    0.010560] scmi_core: SCMI protocol bus registered
[    0.010641] FPGA manager framework
[    0.010751] nfc: nfc_init: NFC Core ver 0.1
[    0.010755] NET: Registered PF_NFC protocol family
[    0.010967] clocksource: Switched to clocksource arch_sys_counter
[    0.011028] VFS: Disk quotas dquot_6.6.0
[    0.011030] VFS: Dquot-cache hash table entries: 512 (order 0, 4096 bytes)
[    0.011097] pnp: PnP ACPI: disabled
[    0.011473] NET: Registered PF_INET protocol family
[    0.011548] IP idents hash table entries: 65536 (order: 7, 524288 bytes, linear)
[    0.011873] tcp_listen_portaddr_hash hash table entries: 2048 (order: 3, 32768 bytes, linear)
[    0.011878] Table-perturb hash table entries: 65536 (order: 6, 262144 bytes, linear)
[    0.011879] TCP established hash table entries: 32768 (order: 6, 262144 bytes, linear)
[    0.011913] TCP bind hash table entries: 32768 (order: 8, 1048576 bytes, linear)
[    0.012039] TCP: Hash tables configured (established 32768 bind 32768)
[    0.012055] UDP hash table entries: 2048 (order: 5, 131072 bytes, linear)
[    0.012071] UDP-Lite hash table entries: 2048 (order: 5, 131072 bytes, linear)
[    0.012096] NET: Registered PF_UNIX/PF_LOCAL protocol family
[    0.012528] kvm [1]: HYP mode not available
[    0.012647] Initialise system trusted keyrings
[    0.012691] workingset: timestamp_bits=42 max_order=20 bucket_order=0
[    0.012724] squashfs: version 4.0 (2009/01/31) Phillip Lougher
[    0.012733] fuse: init (API version 7.45)
[    0.012775] SGI XFS with ACLs, security attributes, scrub, repair, no debug enabled
[    0.013004] 9p: Installing v9fs 9p2000 file system support
[    0.018559] NET: Registered PF_ALG protocol family
[    0.018562] xor: measuring software checksum speed
[    0.018626]    8regs           : 51196 MB/sec
[    0.018679]    32regs          : 63246 MB/sec
[    0.018721]    arm64_neon      : 77654 MB/sec
[    0.018721] xor: using function: arm64_neon (77654 MB/sec)
[    0.018726] Key type asymmetric registered
[    0.018727] Asymmetric key parser 'x509' registered
[    0.018735] Block layer SCSI generic (bsg) driver version 0.4 loaded (major 239)
[    0.018736] io scheduler mq-deadline registered
[    0.018736] io scheduler kyber registered
[    0.018740] io scheduler bfq registered
[    0.019723] ledtrig-cpu: registered to indicate activity on CPUs
[    0.019728] IPMI message handler: version 39.2
[    0.019733] ipmi device interface
[    0.019770] ipmi_si: IPMI System Interface driver
[    0.019775] ipmi_si: Unable to find any System Interface(s)
[    0.020988] virtiofs virtio4: discovered new tag: bench
[    0.021366] virtiofs virtio5: discovered new tag: rosetta
[    0.021833] Free page reporting enabled
[    0.021911] virtio_mem virtio8: start address: 0x140000000
[    0.021912] virtio_mem virtio8: region size: 0x300000000
[    0.021912] virtio_mem virtio8: device block size: 0x8000000
[    0.021912] virtio_mem virtio8: nid: 0
[    0.021913] virtio_mem virtio8: memory block size: 0x8000000
[    0.021913] virtio_mem virtio8: big block size: 0x8000000
[    0.021934] virtio_mem virtio8: plugged size: 0x0
[    0.021934] virtio_mem virtio8: requested size: 0x300000000
[    0.022349] Fallback order for Node 0: 0 
[    0.022350] Built 1 zonelists, mobility grouping on.  Total pages: 1014343
[    0.022351] Policy zone: Normal
[    0.027377] Serial: 8250/16550 driver, 4 ports, IRQ sharing enabled
[    0.027631] msm_serial: driver initialized
[    0.027646] SuperH (H)SCI(F) driver initialized
[    0.027651] STM32 USART driver initialized
[    0.027831] random: crng init done
[    0.035615] loop: module loaded
[    0.037203] virtio_blk virtio0: 8/0/0 default/read/poll queues
[    0.037534] virtio_blk virtio0: [vda] 4194304 512-byte logical blocks (2.15 GB/2.00 GiB)
[    0.039844] virtio_blk virtio1: 8/0/0 default/read/poll queues
[    0.040206] virtio_blk virtio1: [vdb] 268435456 512-byte logical blocks (137 GB/128 GiB)
[    0.040431] zram: Added device: zram0
[    0.040960] tun: Universal TUN/TAP device driver, 1.6
[    0.041458] VFIO - User Level meta-driver version: 0.3
[    0.042697]  cs_system_cfg: CoreSight Configuration manager initialised
[    0.042844] gnss: GNSS driver registered with major 503
[    0.042987] GACT probability NOT on
[    0.042988] Mirror/redirect action on
[    0.043573] IPVS: Registered protocols ()
[    0.043583] IPVS: Connection hash table configured (size=4096, memory=32Kbytes)
[    0.043605] IPVS: ipvs loaded.
[    0.043629] Initializing XFRM netlink socket
[    0.043634] NET: Registered PF_INET6 protocol family
[    0.043894] Segment Routing with IPv6
[    0.043896] In-situ OAM (IOAM) with IPv6
[    0.043905] sit: IPv6, IPv4 and MPLS over IPv4 tunneling driver
[    0.043954] NET: Registered PF_PACKET protocol family
[    0.044054] 8021q: 802.1Q VLAN Support v1.8
[    0.044088] 9pnet: Installing 9P2000 support
[    0.044097] Key type dns_resolver registered
[    0.044122] NET: Registered PF_VSOCK protocol family
[    0.045267] registered taskstats version 1
[    0.045299] Loading compiled-in X.509 certificates
[    0.046113] Demotion targets for Node 0: null
[    0.046217] Btrfs loaded, zoned=no, fsverity=no
[    0.046318] clk: Disabling unused clocks
[    0.046319] PM: genpd: Disabling unused power domains
[    0.046669] check access for rdinit=/init failed: -2, ignoring
[    0.158553] EXT4-fs (vda): mounted filesystem b6b766ac-cd49-44a5-aac0-ad1817245fe0 r/w with ordered data mode. Quota mode: none.
[    0.158576] VFS: Mounted root (ext4 filesystem) on device 254:0.
[    0.158728] devtmpfs: mounted
[    0.159042] Freeing unused kernel memory: 12224K
[    0.159054] Run /sbin/lighter-init as init process
INIT clock=2026-09-08T01:02:08Z
INIT filesystems=ok
INIT formatting=/dev/vdb fs=btrfs mkfs=
INIT data_fs=btrfs
INIT data_opts=noatime,nodatacow,commit=30,thread_pool=1
[    0.233576] BTRFS: device label lighter-data devid 1 transid 8 /dev/vdb (254:16) scanned by mount (137)
[    0.233694] BTRFS info (device vdb): first mount of filesystem 520e451b-6de7-4bc2-84a1-18f6a61dd73f
[    0.233706] BTRFS info (device vdb): using crc32c (crc32c-lib) checksum algorithm
[    0.234138] BTRFS info (device vdb): checking UUID tree
[    0.234144] BTRFS info (device vdb): setting nodatasum
INIT data=mounted[    0.234144] BTRFS info (device vdb): setting nodatacow
[    0.234144] BTRFS info (device vdb): turning on async discard

[    0.234145] BTRFS info (device vdb): enabling free space tree
INIT fstrim=0ms
[    0.240255] zram0: detected capacity change from 0 to 4194304
[    0.242412] Adding 2097148k swap on /dev/zram0.  Priority:100 extents:1 across:2097148k SS
INIT zram=on
[    0.243365] rcu: RCU calculated value of scheduler-enlistment delay is 25 jiffies.
2026-09-08T01:02:10.149664Z  INFO lighter_fs::server: filesystem negotiated guest=7.45 max_write=262144 readdirplus=true create_dialect=true
INIT binfmt=x86_64 via=rosetta
2026-09-08T01:02:10.150442Z  INFO lighter_fs::server: filesystem negotiated guest=7.45 max_write=262144 readdirplus=true create_dialect=true
INIT share=bench at=/mnt/bench
INIT dhcp=ok t=0.24
INIT ipv6=ok
INIT dockerd=ready after=50ms t=0.32
AGENT listening port=2375
AGENT inbound port=2378
AGENT listening port=2376
AGENT tcp-proxy port=15201
AGENT dns addr=192.168.127.2
AGENT udp-inbound
AGENT udp-proxy port=15202
AGENT clock=set trip_us=19 attempt=0
AGENT udp-proxy port=15202
INIT streams=on
INIT ready t=0.32
2026-09-08T01:02:19.716832Z  INFO lighter_vmm::virtio::mem: virtio-mem offer requested_mib=640 plugged_mib=12288
[    9.811482] virtio_mem virtio8: plugged size: 0x300000000
[    9.811494] virtio_mem virtio8: requested size: 0x28000000
2026-09-08T01:02:19.949636Z  INFO lighter_vmm::virtio::mem: virtio-mem offer requested_mib=0 plugged_mib=9728
[   10.044299] virtio_mem virtio8: plugged size: 0x260000000
[   10.044308] virtio_mem virtio8: requested size: 0x0
2026-09-08T01:02:19.987751Z  INFO lighter_vmm::virtio::mem: virtio-mem offer requested_mib=12288 plugged_mib=9216
[   10.082399] virtio_mem virtio8: plugged size: 0x240000000
[   10.082406] virtio_mem virtio8: requested size: 0x300000000
[   10.295937] docker0: port 1(veth06f468d) entered blocking state
[   10.295948] docker0: port 1(veth06f468d) entered disabled state
[   10.295954] veth06f468d: entered allmulticast mode
[   10.295974] veth06f468d: entered promiscuous mode
[   10.300583] eth0: renamed from vethf9adb7c
[   10.313548] docker0: port 1(veth06f468d) entered blocking state
[   10.313556] docker0: port 1(veth06f468d) entered forwarding state
AGENT sockmap=on
[   18.422125] docker0: port 1(veth06f468d) entered disabled state
[   18.422151] vethf9adb7c: renamed from eth0
[   18.438272] docker0: port 1(veth06f468d) entered disabled state
[   18.438403] veth06f468d (unregistering): left allmulticast mode
[   18.438405] veth06f468d (unregistering): left promiscuous mode
[   18.438406] docker0: port 1(veth06f468d) entered disabled state
[   18.633125] docker0: port 1(veth9dd3461) entered blocking state
[   18.633135] docker0: port 1(veth9dd3461) entered disabled state
[   18.633141] veth9dd3461: entered allmulticast mode
[   18.633157] veth9dd3461: entered promiscuous mode
[   18.635511] eth0: renamed from vethce817e0
[   18.635782] docker0: port 1(veth9dd3461) entered blocking state
[   18.635789] docker0: port 1(veth9dd3461) entered forwarding state
[   31.179210] docker0: port 1(veth9dd3461) entered disabled state
[   31.179247] vethce817e0: renamed from eth0
[   31.195113] docker0: port 1(veth9dd3461) entered disabled state
[   31.195359] veth9dd3461 (unregistering): left allmulticast mode
[   31.195365] veth9dd3461 (unregistering): left promiscuous mode
[   31.195366] docker0: port 1(veth9dd3461) entered disabled state
[   31.307110] docker0: port 1(veth6b05bfa) entered blocking state
[   31.307118] docker0: port 1(veth6b05bfa) entered disabled state
[   31.307124] veth6b05bfa: entered allmulticast mode
[   31.307137] veth6b05bfa: entered promiscuous mode
[   31.309678] eth0: renamed from veth4ed15f9
[   31.309930] docker0: port 1(veth6b05bfa) entered blocking state
[   31.309937] docker0: port 1(veth6b05bfa) entered forwarding state
[   68.867924] docker0: port 1(veth6b05bfa) entered disabled state
[   68.867969] veth4ed15f9: renamed from eth0
[   68.895144] docker0: port 1(veth6b05bfa) entered disabled state
[   68.895369] veth6b05bfa (unregistering): left allmulticast mode
[   68.895375] veth6b05bfa (unregistering): left promiscuous mode
[   68.895376] docker0: port 1(veth6b05bfa) entered disabled state
[   70.072682] docker0: port 1(veth388949e) entered blocking state
[   70.072693] docker0: port 1(veth388949e) entered disabled state
[   70.072700] veth388949e: entered allmulticast mode
[   70.072711] veth388949e: entered promiscuous mode
[   70.075098] eth0: renamed from vethb9d1716
[   70.075396] docker0: port 1(veth388949e) entered blocking state
[   70.075401] docker0: port 1(veth388949e) entered forwarding state
[  103.073697] docker0: port 1(veth388949e) entered disabled state
[  103.073721] vethb9d1716: renamed from eth0
[  103.086335] docker0: port 1(veth388949e) entered disabled state
[  103.086581] veth388949e (unregistering): left allmulticast mode
[  103.086587] veth388949e (unregistering): left promiscuous mode
[  103.086588] docker0: port 1(veth388949e) entered disabled state
[  103.240268] docker0: port 1(vethcae5d81) entered blocking state
[  103.240276] docker0: port 1(vethcae5d81) entered disabled state
[  103.240277] vethcae5d81: entered allmulticast mode
[  103.240289] vethcae5d81: entered promiscuous mode
[  103.242641] eth0: renamed from vethfcb0608
[  103.242896] docker0: port 1(vethcae5d81) entered blocking state
[  103.242902] docker0: port 1(vethcae5d81) entered forwarding state
2026-09-08T01:04:00.651275Z  WARN lighter_fs::server: an acknowledged setattr failed to apply errno=116
2026-09-08T01:04:08.515329Z  WARN lighter_fs::server: an acknowledged setattr failed to apply errno=116
[  128.309097] docker0: port 1(vethcae5d81) entered disabled state
[  128.309122] vethfcb0608: renamed from eth0
[  128.330732] docker0: port 1(vethcae5d81) entered disabled state
[  128.330949] vethcae5d81 (unregistering): left allmulticast mode
[  128.330955] vethcae5d81 (unregistering): left promiscuous mode
[  128.330956] docker0: port 1(vethcae5d81) entered disabled state
[  128.499628] docker0: port 1(veth8c4e088) entered blocking state
[  128.499640] docker0: port 1(veth8c4e088) entered disabled state
[  128.499646] veth8c4e088: entered allmulticast mode
[  128.499665] veth8c4e088: entered promiscuous mode
[  128.501811] eth0: renamed from vethd4ba5b2
[  128.502067] docker0: port 1(veth8c4e088) entered blocking state
[  128.502076] docker0: port 1(veth8c4e088) entered forwarding state
[  156.133111] docker0: port 1(veth8c4e088) entered disabled state
[  156.133139] vethd4ba5b2: renamed from eth0
[  156.166679] docker0: port 1(veth8c4e088) entered disabled state
[  156.166902] veth8c4e088 (unregistering): left allmulticast mode
[  156.166904] veth8c4e088 (unregistering): left promiscuous mode
[  156.166905] docker0: port 1(veth8c4e088) entered disabled state
[  156.331993] docker0: port 1(veth2c2e274) entered blocking state
[  156.332003] docker0: port 1(veth2c2e274) entered disabled state
[  156.332009] veth2c2e274: entered allmulticast mode
[  156.332024] veth2c2e274: entered promiscuous mode
[  156.334287] eth0: renamed from veth0858f81
[  156.334614] docker0: port 1(veth2c2e274) entered blocking state
[  156.334626] docker0: port 1(veth2c2e274) entered forwarding state
[  166.826231] docker0: port 1(veth2c2e274) entered disabled state
[  166.826263] veth0858f81: renamed from eth0
[  166.844083] docker0: port 1(veth2c2e274) entered disabled state
[  166.844382] veth2c2e274 (unregistering): left allmulticast mode
[  166.844392] veth2c2e274 (unregistering): left promiscuous mode
[  166.844397] docker0: port 1(veth2c2e274) entered disabled state
[  166.968030] docker0: port 1(veth6490b3e) entered blocking state
[  166.968040] docker0: port 1(veth6490b3e) entered disabled state
[  166.968045] veth6490b3e: entered allmulticast mode
[  166.968061] veth6490b3e: entered promiscuous mode
[  166.970383] eth0: renamed from vethc1a7d9e
[  166.970669] docker0: port 1(veth6490b3e) entered blocking state
[  166.970678] docker0: port 1(veth6490b3e) entered forwarding state
[  168.986444] docker0: port 1(veth6490b3e) entered disabled state
[  168.986472] vethc1a7d9e: renamed from eth0
[  169.006800] docker0: port 1(veth6490b3e) entered disabled state
[  169.007123] veth6490b3e (unregistering): left allmulticast mode
[  169.007137] veth6490b3e (unregistering): left promiscuous mode
[  169.007140] docker0: port 1(veth6490b3e) entered disabled state
[  169.141445] docker0: port 1(veth8b698c7) entered blocking state
[  169.141455] docker0: port 1(veth8b698c7) entered disabled state
[  169.141460] veth8b698c7: entered allmulticast mode
[  169.141477] veth8b698c7: entered promiscuous mode
[  169.143911] eth0: renamed from veth6636d4b
[  169.144168] docker0: port 1(veth8b698c7) entered blocking state
[  169.144189] docker0: port 1(veth8b698c7) entered forwarding state
[  169.470401] docker0: port 1(veth8b698c7) entered disabled state
[  169.470432] veth6636d4b: renamed from eth0
[  169.486955] docker0: port 1(veth8b698c7) entered disabled state
[  169.487197] veth8b698c7 (unregistering): left allmulticast mode
[  169.487205] veth8b698c7 (unregistering): left promiscuous mode
[  169.487210] docker0: port 1(veth8b698c7) entered disabled state
[  169.615204] docker0: port 1(vethd4b1c6f) entered blocking state
[  169.615215] docker0: port 1(vethd4b1c6f) entered disabled state
[  169.615223] vethd4b1c6f: entered allmulticast mode
[  169.615234] vethd4b1c6f: entered promiscuous mode
[  169.617495] eth0: renamed from veth86a1149
[  169.617780] docker0: port 1(vethd4b1c6f) entered blocking state
[  169.617791] docker0: port 1(vethd4b1c6f) entered forwarding state
[  186.287428] docker0: port 1(vethd4b1c6f) entered disabled state
[  186.287454] veth86a1149: renamed from eth0
[  186.310770] docker0: port 1(vethd4b1c6f) entered disabled state
[  186.311015] vethd4b1c6f (unregistering): left allmulticast mode
[  186.311024] vethd4b1c6f (unregistering): left promiscuous mode
[  186.311028] docker0: port 1(vethd4b1c6f) entered disabled state
[  186.458760] docker0: port 1(vethe8149c5) entered blocking state
[  186.458769] docker0: port 1(vethe8149c5) entered disabled state
[  186.458775] vethe8149c5: entered allmulticast mode
[  186.458790] vethe8149c5: entered promiscuous mode
[  186.461142] eth0: renamed from veth9886978
[  186.461307] docker0: port 1(vethe8149c5) entered blocking state
[  186.461313] docker0: port 1(vethe8149c5) entered forwarding state
2026-09-08T01:05:18.149788Z  WARN lighter_fs::inode: the share is holding more descriptors than it may open=122852 budget=120960 inodes=226630 live=226630 examined=8192 parked=0 unheld=0 used=0 privileged=0 unparkable=0
[  206.835817] docker0: port 1(vethe8149c5) entered disabled state
[  206.835846] veth9886978: renamed from eth0
[  206.850831] docker0: port 1(vethe8149c5) entered disabled state
[  206.851062] vethe8149c5 (unregistering): left allmulticast mode
[  206.851069] vethe8149c5 (unregistering): left promiscuous mode
[  206.851070] docker0: port 1(vethe8149c5) entered disabled state
