[2m2026-09-07T23:43:26.663133Z[0m [32m INFO[0m [2mlighter_vmm::net[0m[2m:[0m network started [3mgateway[0m[2m=[0m"192.168.127.1" [3mguest[0m[2m=[0m"192.168.127.2" [3mmtu[0m[2m=[0m1500
[2m2026-09-07T23:43:26.663279Z[0m [32m INFO[0m [2mlighter_vmm::machine[0m[2m:[0m attached disk [3mpath[0m[2m=[0m/var/folders/t_/gbzzqq_x4hvg4qdrhspkp37m0000gn/T/lighter-rootfs.T72YiTGuE8.ext4 [3mcapacity_mib[0m[2m=[0m2048 [3mallocated_kib[0m[2m=[0m2097152
[2m2026-09-07T23:43:26.663370Z[0m [32m INFO[0m [2mlighter_vmm::machine[0m[2m:[0m attached disk [3mpath[0m[2m=[0m/var/folders/t_/gbzzqq_x4hvg4qdrhspkp37m0000gn/T/lighter-bench.U4HcS1Zt3d/data.img [3mcapacity_mib[0m[2m=[0m131072 [3mallocated_kib[0m[2m=[0m0
[2m2026-09-07T23:43:26.664250Z[0m [32m INFO[0m [2mlighter_fs::server[0m[2m:[0m share opened [3mroot[0m[2m=[0m~/.lighter-bench/lighter [3mattr_ms[0m[2m=[0m100 [3mentry_ms[0m[2m=[0m100 [3mdir_entry_ms[0m[2m=[0m1000 [3mwatched[0m[2m=[0mtrue [3mdescriptors[0m[2m=[0m10240
[2m2026-09-07T23:43:26.664937Z[0m [32m INFO[0m [2mlighter_fs::server[0m[2m:[0m share opened [3mroot[0m[2m=[0m/Library/Apple/usr/libexec/oah/RosettaLinux [3mattr_ms[0m[2m=[0m100 [3mentry_ms[0m[2m=[0m100 [3mdir_entry_ms[0m[2m=[0m1000 [3mwatched[0m[2m=[0mtrue [3mdescriptors[0m[2m=[0m10240
[2m2026-09-07T23:43:26.667440Z[0m [32m INFO[0m [2mlighter_vmm::machine[0m[2m:[0m machine started [3mvcpus[0m[2m=[0m8 [3mram_mib[0m[2m=[0m1024 [3mentry[0m[2m=[0m0x40000000 [3mdtb[0m[2m=[0m0x43400000
[2m2026-09-07T23:43:26.667786Z[0m [32m INFO[0m [2mlighter_vmm::vsock_proxy[0m[2m:[0m proxying a socket into the guest [3mpath[0m[2m=[0m/var/folders/t_/gbzzqq_x4hvg4qdrhspkp37m0000gn/T/lighter-bench.U4HcS1Zt3d/docker.sock [3mguest_port[0m[2m=[0m2375
[2m2026-09-07T23:43:26.667863Z[0m [32m INFO[0m [2mlighter_vmm::vsock_proxy[0m[2m:[0m proxying a socket into the guest [3mpath[0m[2m=[0m/var/folders/t_/gbzzqq_x4hvg4qdrhspkp37m0000gn/T/lighter-bench.U4HcS1Zt3d/control.sock [3mguest_port[0m[2m=[0m2376
[2m2026-09-07T23:43:26.667933Z[0m [33m WARN[0m [2mlighter_vmm::virtio::mmio[0m[2m:[0m queue notified before the driver was ready [3mdevice[0m[2m=[0m"virtio-vsock" [3mindex[0m[2m=[0m0
[    0.000000] Booting Linux on physical CPU 0x0000000000 [0x610f0000]
[    0.000000] Linux version 6.18.49-lighter (root@cc682f9944e9) (gcc (Debian 12.2.0-14+deb12u1) 12.2.0, GNU ld (GNU Binutils for Debian) 2.40) #1 SMP Mon Sep  7 19:57:38 UTC 2026
[    0.000000] KASLR disabled due to lack of seed
[    0.000000] Machine model: linux,dummy-virt
[    0.000000] efi: UEFI not found.
[    0.000000] OF: reserved mem: Reserved memory: No reserved-memory node in the DT
[    0.000000] NUMA: Faking a node at [mem 0x0000000040000000-0x000000007fffffff]
[    0.000000] NODE_DATA(0) allocated [mem 0x7fe05d00-0x7fe0847f]
[    0.000000] Zone ranges:
[    0.000000]   DMA      [mem 0x0000000040000000-0x000000007fffffff]
[    0.000000]   DMA32    empty
[    0.000000]   Normal   empty
[    0.000000] Movable zone start for each node
[    0.000000] Early memory node ranges
[    0.000000]   node   0: [mem 0x0000000040000000-0x000000007fffffff]
[    0.000000] Initmem setup node 0 [mem 0x0000000040000000-0x000000007fffffff]
[    0.000000] cma: Reserved 32 MiB at 0x000000007cc00000
[    0.000000] psci: probing for conduit method from DT.
[    0.000000] psci: PSCIv1.1 detected in firmware.
[    0.000000] psci: Using standard PSCI v0.2 function IDs
[    0.000000] psci: Trusted OS migration not required
[    0.000000] psci: SMC Calling Convention v1.0
[    0.000000] percpu: Embedded 23 pages/cpu s63320 r0 d30888 u94208
[    0.000000] Detected PIPT I-cache on CPU0
[    0.000000] CPU features: detected: Address authentication (IMP DEF algorithm)
[    0.000000] CPU features: detected: GICv3 CPU interface
[    0.000000] CPU features: detected: Spectre-v4
[    0.000000] CPU features: detected: Spectre-BHB
[    0.000000] alternatives: applying boot alternatives
[    0.000000] Kernel command line: console=ttyAMA0 panic=-1 root=/dev/vda rw init=/sbin/lighter-init psi=0 idle.poll_ns=50000 lighter.time=1788824605 lighter.share=bench:/mnt/bench  lighter.rosetta 
[    0.000000] printk: log buffer data + meta data: 131072 + 458752 = 589824 bytes
[    0.000000] Dentry cache hash table entries: 131072 (order: 8, 1048576 bytes, linear)
[    0.000000] Inode-cache hash table entries: 65536 (order: 7, 524288 bytes, linear)
[    0.000000] software IO TLB: SWIOTLB bounce buffer size adjusted to 1MB
[    0.000000] software IO TLB: area num 8.
[    0.000000] software IO TLB: SWIOTLB bounce buffer size roundup to 2MB
[    0.000000] software IO TLB: mapped [mem 0x000000007c980000-0x000000007cb80000] (2MB)
[    0.000000] Fallback order for Node 0: 0 
[    0.000000] Built 1 zonelists, mobility grouping on.  Total pages: 262144
[    0.000000] Policy zone: DMA
[    0.000000] mem auto-init: stack:off, heap alloc:off, heap free:off
[    0.000000] SLUB: HWalign=64, Order=0-3, MinObjects=0, CPUs=8, Nodes=1
[    0.000000] rcu: Hierarchical RCU implementation.
[    0.000000] rcu: 	RCU event tracing is enabled.
[    0.000000] rcu: 	RCU restricting CPUs from NR_CPUS=512 to nr_cpu_ids=8.
[    0.000000] 	Tracing variant of Tasks RCU enabled.
[    0.000000] rcu: RCU calculated value of scheduler-enlistment delay is 25 jiffies.
[    0.000000] rcu: Adjusting geometry for rcu_fanout_leaf=16, nr_cpu_ids=8
[    0.000000] RCU Tasks Trace: Setting shift to 3 and lim to 1 rcu_task_cb_adjust=1 rcu_task_cpu_ids=8.
[    0.000000] NR_IRQS: 64, nr_irqs: 64, preallocated irqs: 0
[    0.000000] GICv3: 988 SPIs implemented
[    0.000000] GICv3: 0 Extended SPIs implemented
[    0.000000] Root IRQ handler: gic_handle_irq
[    0.000000] GICv3: GICv3 features: 16 PPIs, RSS
[    0.000000] GICv3: GICD_CTLR.DS=1, SCR_EL3.FIQ=0
[    0.000000] GICv3: CPU0: found redistributor 0 region 0:0x00000000080a0000
[    0.000000] rcu: srcu_init: Setting srcu_struct sizes based on contention.
[    0.000000] clocksource: jiffies: mask: 0xffffffff max_cycles: 0xffffffff, max_idle_ns: 7645041785100000 ns
[    0.000000] arch_timer: cp15 timer running at 24.00MHz (virt).
[    0.000000] clocksource: arch_sys_counter: mask: 0xffffffffffffff max_cycles: 0x588fe9dc0, max_idle_ns: 440795202592 ns
[    0.000000] sched_clock: 56 bits at 24MHz, resolution 41ns, wraps every 4398046511097ns
[    0.000069] Console: colour dummy device 80x25
[    0.000092] Calibrating delay loop (skipped), value calculated using timer frequency.. 48.00 BogoMIPS (lpj=96000)
[    0.000093] pid_max: default: 32768 minimum: 301
[    0.000121] LSM: initializing lsm=capability
[    0.000205] Mount-cache hash table entries: 2048 (order: 2, 16384 bytes, linear)
[    0.000208] Mountpoint-cache hash table entries: 2048 (order: 2, 16384 bytes, linear)
[    0.000555] cacheinfo: Unable to detect cache hierarchy for CPU 0
[    0.000744] Apple TSO: available per thread (PR_SET_MEM_MODEL); boot value off
[    0.000775] rcu: Hierarchical SRCU implementation.
[    0.000775] rcu: 	Max phase no-delay instances is 1000.
[    0.000829] Timer migration: 1 hierarchy levels; 8 children per group; 1 crossnode level
[    0.000890] EFI services will not be available.
[    0.000997] smp: Bringing up secondary CPUs ...
[    0.001170] Detected PIPT I-cache on CPU1
[    0.001183] GICv3: CPU1: found redistributor 1 region 0:0x00000000080c0000
[    0.001222] CPU1: Booted secondary processor 0x0000000001 [0x610f0000]
[    0.001476] Detected PIPT I-cache on CPU2
[    0.001489] GICv3: CPU2: found redistributor 2 region 0:0x00000000080e0000
[    0.001528] CPU2: Booted secondary processor 0x0000000002 [0x610f0000]
[    0.001758] Detected PIPT I-cache on CPU3
[    0.001776] GICv3: CPU3: found redistributor 3 region 0:0x0000000008100000
[    0.001817] CPU3: Booted secondary processor 0x0000000003 [0x610f0000]
[    0.002040] Detected PIPT I-cache on CPU4
[    0.002057] GICv3: CPU4: found redistributor 4 region 0:0x0000000008120000
[    0.002096] CPU4: Booted secondary processor 0x0000000004 [0x610f0000]
[    0.002330] Detected PIPT I-cache on CPU5
[    0.002349] GICv3: CPU5: found redistributor 5 region 0:0x0000000008140000
[    0.002388] CPU5: Booted secondary processor 0x0000000005 [0x610f0000]
[    0.002615] Detected PIPT I-cache on CPU6
[    0.002636] GICv3: CPU6: found redistributor 6 region 0:0x0000000008160000
[    0.002674] CPU6: Booted secondary processor 0x0000000006 [0x610f0000]
[    0.002917] Detected PIPT I-cache on CPU7
[    0.002940] GICv3: CPU7: found redistributor 7 region 0:0x0000000008180000
[    0.002978] CPU7: Booted secondary processor 0x0000000007 [0x610f0000]
[    0.003054] smp: Brought up 1 node, 8 CPUs
[    0.003055] SMP: Total of 8 processors activated.
[    0.003055] CPU: All CPU(s) started at EL1
[    0.003066] CPU features: detected: ARMv8.4 Translation Table Level
[    0.003066] CPU features: detected: Data cache clean to the PoU not required for I/D coherence
[    0.003067] CPU features: detected: Common not Private translations
[    0.003067] CPU features: detected: CRC32 instructions
[    0.003067] CPU features: detected: Data independent timing control (DIT)
[    0.003067] CPU features: detected: E0PD
[    0.003068] CPU features: detected: Generic authentication (IMP DEF algorithm)
[    0.003069] CPU features: detected: RCpc load-acquire (LDAPR)
[    0.003069] CPU features: detected: LSE atomic instructions
[    0.003069] CPU features: detected: Privileged Access Never
[    0.003070] CPU features: detected: RAS Extension Support
[    0.003070] CPU features: detected: Speculation barrier (SB)
[    0.003070] CPU features: detected: TLB range maintenance instructions
[    0.003188] alternatives: applying system-wide alternatives
[    0.005546] Memory: 935880K/1048576K available (19008K kernel code, 6390K rwdata, 12684K rodata, 12224K init, 709K bss, 74108K reserved, 32768K cma-reserved)
[    0.005651] devtmpfs: initialized
[    0.005964] posixtimers hash table entries: 4096 (order: 4, 65536 bytes, linear)
[    0.006007] futex hash table entries: 2048 (131072 bytes on 1 NUMA nodes, total 128 KiB, linear).
[    0.006040] 19952 pages in range for non-PLT usage
[    0.006043] 511472 pages in range for PLT usage
[    0.006058] pinctrl core: initialized pinctrl subsystem
[    0.006244] DMI not present or invalid.
[    0.007496] NET: Registered PF_NETLINK/PF_ROUTE protocol family
[    0.007754] DMA: preallocated 128 KiB GFP_KERNEL pool for atomic allocations
[    0.007827] DMA: preallocated 128 KiB GFP_KERNEL|GFP_DMA pool for atomic allocations
[    0.007918] DMA: preallocated 128 KiB GFP_KERNEL|GFP_DMA32 pool for atomic allocations
[    0.007994] thermal_sys: Registered thermal governor 'step_wise'
[    0.007994] thermal_sys: Registered thermal governor 'power_allocator'
[    0.007999] cpuidle: using governor menu
[    0.008012] NET: Registered PF_QIPCRTR protocol family
[    0.008036] hw-breakpoint: found 6 breakpoint and 4 watchpoint registers.
[    0.008147] ASID allocator initialised with 256 entries
[    0.008326] Serial: AMBA PL011 UART driver
[    0.008492] c000000.pl011: ttyAMA0 at MMIO 0xc000000 (irq = 13, base_baud = 0) is a PL011 rev1
[    0.008548] printk: console [ttyAMA0] enabled
[    0.009373] HugeTLB: registered 1.00 GiB page size, pre-allocated 0 pages
[    0.009374] HugeTLB: 0 KiB vmemmap can be freed for a 1.00 GiB page
[    0.009375] HugeTLB: registered 32.0 MiB page size, pre-allocated 0 pages
[    0.009379] HugeTLB: 0 KiB vmemmap can be freed for a 32.0 MiB page
[    0.009380] HugeTLB: registered 2.00 MiB page size, pre-allocated 0 pages
[2m2026-09-07T23:43:26.710289Z[0m [33m WARN[0m [2mlighter_vmm::virtio::mmio[0m[2m:[0m queue notified before the driver was ready [3mdevice[0m[2m=[0m"virtio-vsock" [3mindex[0m[2m=[0m0
[    0.009380] HugeTLB: 0 KiB vmemmap can be freed for a 2.00 MiB page
[2m2026-09-07T23:43:26.710430Z[0m [33m WARN[0m [2mlighter_vmm::virtio::mmio[0m[2m:[0m queue notified before the driver was ready [3mdevice[0m[2m=[0m"fs" [3mindex[0m[2m=[0m5
[2m2026-09-07T23:43:26.710456Z[0m [32m INFO[0m [2mlighter_fs::cache[0m[2m:[0m cache lifetime set by whether the guest can be told to forget [3minvalidation[0m[2m=[0m"push" [3mattr_ms[0m[2m=[0m20000 [3mentry_ms[0m[2m=[0m20000
[    0.009380] HugeTLB: registered 64.0 KiB page size, pre-allocated 0 pages
[2m2026-09-07T23:43:26.710614Z[0m [32m INFO[0m [2mlighter_vmm::virtio::fs[0m[2m:[0m share activated [3mtag[0m[2m=[0mbench [3mroot[0m[2m=[0m~/.lighter-bench/lighter
[    0.009380] HugeTLB: 0 KiB vmemmap can be freed for a 64.0 KiB page
[    0.010448] raid6: skipped pq benchmark and selected neonx8
[2m2026-09-07T23:43:26.710910Z[0m [33m WARN[0m [2mlighter_vmm::virtio::mmio[0m[2m:[0m queue notified before the driver was ready [3mdevice[0m[2m=[0m"fs" [3mindex[0m[2m=[0m5
[2m2026-09-07T23:43:26.710919Z[0m [32m INFO[0m [2mlighter_fs::cache[0m[2m:[0m cache lifetime set by whether the guest can be told to forget [3minvalidation[0m[2m=[0m"push" [3mattr_ms[0m[2m=[0m20000 [3mentry_ms[0m[2m=[0m20000
[    0.010448] raid6: using neon recovery algorithm
[2m2026-09-07T23:43:26.711044Z[0m [32m INFO[0m [2mlighter_vmm::virtio::fs[0m[2m:[0m share activated [3mtag[0m[2m=[0mrosetta [3mroot[0m[2m=[0m/Library/Apple/usr/libexec/oah/RosettaLinux
[    0.010475] ACPI: Interpreter disabled.
[    0.010641] iommu: Default domain type: Translated
[    0.010642] iommu: DMA domain TLB invalidation policy: strict mode
[    0.014766] pps_core: LinuxPPS API ver. 1 registered
[    0.014767] pps_core: Software ver. 5.3.6 - Copyright 2005-2007 Rodolfo Giometti <giometti@linux.it>
[    0.014768] PTP clock support registered
[    0.014776] EDAC MC: Ver: 3.0.0
[    0.014841] scmi_core: SCMI protocol bus registered
[    0.014908] FPGA manager framework
[    0.015039] nfc: nfc_init: NFC Core ver 0.1
[    0.015044] NET: Registered PF_NFC protocol family
[    0.015252] clocksource: Switched to clocksource arch_sys_counter
[    0.015341] VFS: Disk quotas dquot_6.6.0
[    0.015346] VFS: Dquot-cache hash table entries: 512 (order 0, 4096 bytes)
[    0.015662] pnp: PnP ACPI: disabled
[    0.016319] NET: Registered PF_INET protocol family
[    0.016370] IP idents hash table entries: 16384 (order: 5, 131072 bytes, linear)
[    0.016533] tcp_listen_portaddr_hash hash table entries: 512 (order: 1, 8192 bytes, linear)
[    0.016535] Table-perturb hash table entries: 65536 (order: 6, 262144 bytes, linear)
[    0.016537] TCP established hash table entries: 8192 (order: 4, 65536 bytes, linear)
[    0.016556] TCP bind hash table entries: 8192 (order: 6, 262144 bytes, linear)
[    0.016609] TCP: Hash tables configured (established 8192 bind 8192)
[    0.016643] UDP hash table entries: 512 (order: 3, 32768 bytes, linear)
[    0.016651] UDP-Lite hash table entries: 512 (order: 3, 32768 bytes, linear)
[    0.016670] NET: Registered PF_UNIX/PF_LOCAL protocol family
[    0.016985] kvm [1]: HYP mode not available
[    0.017122] Initialise system trusted keyrings
[    0.017220] workingset: timestamp_bits=42 max_order=18 bucket_order=0
[    0.017266] squashfs: version 4.0 (2009/01/31) Phillip Lougher
[    0.017295] fuse: init (API version 7.45)
[    0.017396] SGI XFS with ACLs, security attributes, scrub, repair, no debug enabled
[    0.017562] 9p: Installing v9fs 9p2000 file system support
[    0.023649] NET: Registered PF_ALG protocol family
[    0.023653] xor: measuring software checksum speed
[    0.023823]    8regs           : 19361 MB/sec
[    0.023901]    32regs          : 42220 MB/sec
[    0.023967]    arm64_neon      : 50442 MB/sec
[    0.023967] xor: using function: arm64_neon (50442 MB/sec)
[    0.023973] Key type asymmetric registered
[    0.023974] Asymmetric key parser 'x509' registered
[    0.023978] Block layer SCSI generic (bsg) driver version 0.4 loaded (major 239)
[    0.023979] io scheduler mq-deadline registered
[    0.023980] io scheduler kyber registered
[    0.023983] io scheduler bfq registered
[    0.028257] ledtrig-cpu: registered to indicate activity on CPUs
[    0.028269] IPMI message handler: version 39.2
[    0.028272] ipmi device interface
[    0.028355] ipmi_si: IPMI System Interface driver
[    0.028364] ipmi_si: Unable to find any System Interface(s)
[    0.030143] virtiofs virtio4: discovered new tag: bench
[    0.030610] virtiofs virtio5: discovered new tag: rosetta
[    0.031267] Free page reporting enabled
[    0.031358] virtio_mem virtio8: start address: 0x80000000
[    0.031358] virtio_mem virtio8: region size: 0xc0000000
[    0.031359] virtio_mem virtio8: device block size: 0x8000000
[    0.031359] virtio_mem virtio8: nid: 0
[    0.031360] virtio_mem virtio8: memory block size: 0x8000000
[    0.031360] virtio_mem virtio8: big block size: 0x8000000
[    0.031380] virtio_mem virtio8: plugged size: 0x0
[    0.031381] virtio_mem virtio8: requested size: 0xc0000000
[    0.031991] Fallback order for Node 0: 0 
[    0.031992] Built 1 zonelists, mobility grouping on.  Total pages: 267393
[    0.031993] Policy zone: DMA
[    0.035961] Serial: 8250/16550 driver, 4 ports, IRQ sharing enabled
[    0.036494] msm_serial: driver initialized
[    0.036521] SuperH (H)SCI(F) driver initialized
[    0.036530] STM32 USART driver initialized
[    0.036641] Fallback order for Node 0: 0 
[    0.036642] Built 1 zonelists, mobility grouping on.  Total pages: 490481
[    0.036643] Policy zone: Normal
[    0.036842] random: crng init done
[    0.043025] loop: module loaded
[    0.050577] virtio_blk virtio0: 8/0/0 default/read/poll queues
[    0.050976] virtio_blk virtio0: [vda] 4194304 512-byte logical blocks (2.15 GB/2.00 GiB)
[    0.052027] virtio_blk virtio1: 8/0/0 default/read/poll queues
[    0.052413] virtio_blk virtio1: [vdb] 268435456 512-byte logical blocks (137 GB/128 GiB)
[    0.052640] zram: Added device: zram0
[    0.053285] tun: Universal TUN/TAP device driver, 1.6
[    0.053955] VFIO - User Level meta-driver version: 0.3
[    0.055597]  cs_system_cfg: CoreSight Configuration manager initialised
[    0.055809] gnss: GNSS driver registered with major 503
[    0.055999] GACT probability NOT on
[    0.056009] Mirror/redirect action on
[    0.056301] IPVS: Registered protocols ()
[    0.056310] IPVS: Connection hash table configured (size=4096, memory=32Kbytes)
[    0.056332] IPVS: ipvs loaded.
[    0.056370] Initializing XFRM netlink socket
[    0.056380] NET: Registered PF_INET6 protocol family
[    0.056552] Segment Routing with IPv6
[    0.056555] In-situ OAM (IOAM) with IPv6
[    0.056565] sit: IPv6, IPv4 and MPLS over IPv4 tunneling driver
[    0.056620] NET: Registered PF_PACKET protocol family
[    0.056705] 8021q: 802.1Q VLAN Support v1.8
[    0.056728] 9pnet: Installing 9P2000 support
[    0.056740] Key type dns_resolver registered
[    0.056768] NET: Registered PF_VSOCK protocol family
[    0.058326] registered taskstats version 1
[    0.058367] Loading compiled-in X.509 certificates
[    0.059213] Demotion targets for Node 0: null
[    0.059362] Btrfs loaded, zoned=no, fsverity=no
[    0.059462] clk: Disabling unused clocks
[    0.059463] PM: genpd: Disabling unused power domains
[    0.059741] check access for rdinit=/init failed: -2, ignoring
[    0.064954] EXT4-fs (vda): mounted filesystem b6b766ac-cd49-44a5-aac0-ad1817245fe0 r/w with ordered data mode. Quota mode: none.
[    0.064967] VFS: Mounted root (ext4 filesystem) on device 254:0.
[    0.065146] devtmpfs: mounted
[    0.065919] Freeing unused kernel memory: 12224K
[    0.065953] Run /sbin/lighter-init as init process
INIT clock=2026-09-07T23:43:25Z
INIT filesystems=ok
INIT formatting=/dev/vdb fs=btrfs mkfs=
INIT data_fs=btrfs
INIT data_opts=noatime,nodatacow,commit=30,thread_pool=1
[    0.154015] BTRFS: device label lighter-data devid 1 transid 8 /dev/vdb (254:16) scanned by mount (137)
[    0.154337] BTRFS info (device vdb): first mount of filesystem 199fc698-259a-49e6-9d84-e4304dc5e775
[    0.154350] BTRFS info (device vdb): using crc32c (crc32c-lib) checksum algorithm
[    0.154981] BTRFS info (device vdb): checking UUID tree
[    0.155003] BTRFS info (device vdb): setting nodatasum
[    0.155009] BTRFS info (device vdb): setting nodatacow
INIT data=mounted[    0.155015] BTRFS info (device vdb): turning on async discard
[    0.155021] BTRFS info (device vdb): enabling free space tree

INIT fstrim=0ms
[    0.162562] zram0: detected capacity change from 0 to 4194304
[    0.165457] Adding 2097148k swap on /dev/zram0.  Priority:100 extents:1 across:2097148k SS
INIT zram=on
[    0.166381] rcu: RCU calculated value of scheduler-enlistment delay is 25 jiffies.
[2m2026-09-07T23:43:26.847719Z[0m [32m INFO[0m [2mlighter_fs::server[0m[2m:[0m filesystem negotiated [3mguest[0m[2m=[0m7.45 [3mmax_write[0m[2m=[0m262144 [3mreaddirplus[0m[2m=[0mtrue [3mcreate_dialect[0m[2m=[0mtrue
INIT binfmt=x86_64 via=rosetta
[2m2026-09-07T23:43:26.848702Z[0m [32m INFO[0m [2mlighter_fs::server[0m[2m:[0m filesystem negotiated [3mguest[0m[2m=[0m7.45 [3mmax_write[0m[2m=[0m262144 [3mreaddirplus[0m[2m=[0mtrue [3mcreate_dialect[0m[2m=[0mtrue
INIT share=bench at=/mnt/bench
INIT dhcp=ok t=0.18
INIT ipv6=ok
INIT dockerd=ready after=100ms t=0.30
AGENT tcp-proxy port=15201
AGENT listening port=2375
AGENT inbound port=2378
AGENT listening port=2376
AGENT udp-inbound
AGENT dns addr=192.168.127.2
AGENT udp-proxy port=15202
AGENT clock=set trip_us=54 attempt=0
AGENT udp-proxy port=15202
INIT streams=on
INIT ready t=0.32
[2m2026-09-07T23:43:34.436935Z[0m [32m INFO[0m [2mlighter_vmm::virtio::mem[0m[2m:[0m virtio-mem offer [3mrequested_mib[0m[2m=[0m512 [3mplugged_mib[0m[2m=[0m3072
[    7.756765] virtio_mem virtio8: plugged size: 0xc0000000
[    7.756778] virtio_mem virtio8: requested size: 0x20000000
[    8.027855] Fallback order for Node 0: 0 
[    8.027869] Built 1 zonelists, mobility grouping on.  Total pages: 520084
[    8.027875] Policy zone: Normal
[2m2026-09-07T23:43:35.211115Z[0m [32m INFO[0m [2mlighter_vmm::virtio::mem[0m[2m:[0m virtio-mem offer [3mrequested_mib[0m[2m=[0m0 [3mplugged_mib[0m[2m=[0m512
[    8.530931] virtio_mem virtio8: plugged size: 0x20000000
[    8.530945] virtio_mem virtio8: requested size: 0x0
[2m2026-09-07T23:43:42.271469Z[0m [32m INFO[0m [2mlighter_vmm::virtio::mem[0m[2m:[0m virtio-mem offer [3mrequested_mib[0m[2m=[0m3072 [3mplugged_mib[0m[2m=[0m384
[   15.591180] virtio_mem virtio8: plugged size: 0x18000000
[   15.591191] virtio_mem virtio8: requested size: 0xc0000000
[   15.592070] Fallback order for Node 0: 0 
[   15.592079] Built 1 zonelists, mobility grouping on.  Total pages: 358772
[   15.592085] Policy zone: Normal
[   15.980978] docker0: port 1(vethaae14b5) entered blocking state
[   15.980989] docker0: port 1(vethaae14b5) entered disabled state
[   15.980998] vethaae14b5: entered allmulticast mode
[   15.981021] vethaae14b5: entered promiscuous mode
[   15.986112] eth0: renamed from veth1579710
[   15.986586] docker0: port 1(vethaae14b5) entered blocking state
[   15.986605] docker0: port 1(vethaae14b5) entered forwarding state
AGENT sockmap=on
[   28.495950] docker0: port 1(vethaae14b5) entered disabled state
[   28.495983] veth1579710: renamed from eth0
[   28.519980] docker0: port 1(vethaae14b5) entered disabled state
[   28.520235] vethaae14b5 (unregistering): left allmulticast mode
[   28.520245] vethaae14b5 (unregistering): left promiscuous mode
[   28.520251] docker0: port 1(vethaae14b5) entered disabled state
[   29.045587] docker0: port 1(veth1e827d0) entered blocking state
[   29.045597] docker0: port 1(veth1e827d0) entered disabled state
[   29.045605] veth1e827d0: entered allmulticast mode
[   29.045630] veth1e827d0: entered promiscuous mode
[   29.049069] eth0: renamed from veth4e61b2f
[   29.049442] docker0: port 1(veth1e827d0) entered blocking state
[   29.049452] docker0: port 1(veth1e827d0) entered forwarding state
[2m2026-09-07T23:44:03.073645Z[0m [33m WARN[0m [2mlighter_fs::inode[0m[2m:[0m the share is holding more descriptors than it may [3mopen[0m[2m=[0m6245 [3mbudget[0m[2m=[0m6144 [3minodes[0m[2m=[0m15549 [3mlive[0m[2m=[0m15549 [3mexamined[0m[2m=[0m8192 [3mparked[0m[2m=[0m0 [3munheld[0m[2m=[0m0 [3mused[0m[2m=[0m0 [3mprivileged[0m[2m=[0m0 [3munparkable[0m[2m=[0m0
[   48.119470] docker0: port 1(veth1e827d0) entered disabled state
[   48.119507] veth4e61b2f: renamed from eth0
[   48.139709] docker0: port 1(veth1e827d0) entered disabled state
[   48.139804] veth1e827d0 (unregistering): left allmulticast mode
[   48.139806] veth1e827d0 (unregistering): left promiscuous mode
[   48.139807] docker0: port 1(veth1e827d0) entered disabled state
[   48.279241] docker0: port 1(veth55971aa) entered blocking state
[   48.279259] docker0: port 1(veth55971aa) entered disabled state
[   48.279275] veth55971aa: entered allmulticast mode
[   48.279296] veth55971aa: entered promiscuous mode
[   48.283007] eth0: renamed from vethc78f2ed
[   48.283406] docker0: port 1(veth55971aa) entered blocking state
[   48.283413] docker0: port 1(veth55971aa) entered forwarding state
[   63.704416] virtio_vsock: the large receive buffer was refused; posting a small one
[   63.706129] virtio_vsock: the large receive buffer was refused; posting a small one
[   63.706146] virtio_vsock: the large receive buffer was refused; posting a small one
[   63.723440] virtio_vsock: the large receive buffer was refused; posting a small one
[   63.723544] virtio_vsock: the large receive buffer was refused; posting a small one
[   63.723706] virtio_vsock: the large receive buffer was refused; posting a small one
[   63.723805] virtio_vsock: the large receive buffer was refused; posting a small one
[   63.723866] virtio_vsock: the large receive buffer was refused; posting a small one
[   63.723943] virtio_vsock: the large receive buffer was refused; posting a small one
[   63.881742] virtio_vsock: the large receive buffer was refused; posting a small one
[   83.769818] docker0: port 1(veth55971aa) entered disabled state
[   83.769929] vethc78f2ed: renamed from eth0
[   83.784813] docker0: port 1(veth55971aa) entered disabled state
[   83.785195] veth55971aa (unregistering): left allmulticast mode
[   83.785208] veth55971aa (unregistering): left promiscuous mode
[   83.785214] docker0: port 1(veth55971aa) entered disabled state
[   84.655404] docker0: port 1(veth75ef467) entered blocking state
[   84.655419] docker0: port 1(veth75ef467) entered disabled state
[   84.655428] veth75ef467: entered allmulticast mode
[   84.655469] veth75ef467: entered promiscuous mode
[   84.659225] eth0: renamed from veth5cd99fd
[   84.659845] docker0: port 1(veth75ef467) entered blocking state
[   84.659855] docker0: port 1(veth75ef467) entered forwarding state
[  132.419481] docker0: port 1(veth75ef467) entered disabled state
[  132.419590] veth5cd99fd: renamed from eth0
[  132.443639] docker0: port 1(veth75ef467) entered disabled state
[  132.444092] veth75ef467 (unregistering): left allmulticast mode
[  132.444106] veth75ef467 (unregistering): left promiscuous mode
[  132.444113] docker0: port 1(veth75ef467) entered disabled state
[  132.664125] docker0: port 1(veth76f9d24) entered blocking state
[  132.664139] docker0: port 1(veth76f9d24) entered disabled state
[  132.664150] veth76f9d24: entered allmulticast mode
[  132.664172] veth76f9d24: entered promiscuous mode
[  132.667722] eth0: renamed from veth24c8da0
[  132.668258] docker0: port 1(veth76f9d24) entered blocking state
[  132.668267] docker0: port 1(veth76f9d24) entered forwarding state
[2m2026-09-07T23:45:47.509126Z[0m [33m WARN[0m [2mlighter_fs::inode[0m[2m:[0m the share is holding more descriptors than it may [3mopen[0m[2m=[0m6274 [3mbudget[0m[2m=[0m6144 [3minodes[0m[2m=[0m67148 [3mlive[0m[2m=[0m67148 [3mexamined[0m[2m=[0m8192 [3mparked[0m[2m=[0m0 [3munheld[0m[2m=[0m158 [3mused[0m[2m=[0m226 [3mprivileged[0m[2m=[0m0 [3munparkable[0m[2m=[0m0
[2m2026-09-07T23:46:10.616847Z[0m [33m WARN[0m [2mlighter_fs::inode[0m[2m:[0m the share is holding more descriptors than it may [3mopen[0m[2m=[0m6297 [3mbudget[0m[2m=[0m6144 [3minodes[0m[2m=[0m78033 [3mlive[0m[2m=[0m78033 [3mexamined[0m[2m=[0m8192 [3mparked[0m[2m=[0m4 [3munheld[0m[2m=[0m1174 [3mused[0m[2m=[0m0 [3mprivileged[0m[2m=[0m0 [3munparkable[0m[2m=[0m0
[  168.817267] docker0: port 1(veth76f9d24) entered disabled state
[  168.817500] veth24c8da0: renamed from eth0
[  168.840388] docker0: port 1(veth76f9d24) entered disabled state
[  168.840667] veth76f9d24 (unregistering): left allmulticast mode
[  168.840677] veth76f9d24 (unregistering): left promiscuous mode
[  168.840683] docker0: port 1(veth76f9d24) entered disabled state
[  169.056429] docker0: port 1(veth101de87) entered blocking state
[  169.056440] docker0: port 1(veth101de87) entered disabled state
[  169.056447] veth101de87: entered allmulticast mode
[  169.056465] veth101de87: entered promiscuous mode
[  169.060065] eth0: renamed from veth7206b0b
[  169.060454] docker0: port 1(veth101de87) entered blocking state
[  169.060492] docker0: port 1(veth101de87) entered forwarding state
[  212.604240] docker0: port 1(veth101de87) entered disabled state
[  212.604365] veth7206b0b: renamed from eth0
[  212.624314] docker0: port 1(veth101de87) entered disabled state
[  212.624833] veth101de87 (unregistering): left allmulticast mode
[  212.624872] veth101de87 (unregistering): left promiscuous mode
[  212.624879] docker0: port 1(veth101de87) entered disabled state
[  212.865854] docker0: port 1(vethf29b363) entered blocking state
[  212.865865] docker0: port 1(vethf29b363) entered disabled state
[  212.865875] vethf29b363: entered allmulticast mode
[  212.865900] vethf29b363: entered promiscuous mode
[  212.869723] eth0: renamed from veth71d40a1
[  212.871035] docker0: port 1(vethf29b363) entered blocking state
[  212.871055] docker0: port 1(vethf29b363) entered forwarding state
[  228.116792] docker0: port 1(vethf29b363) entered disabled state
[  228.116853] veth71d40a1: renamed from eth0
[  228.148598] docker0: port 1(vethf29b363) entered disabled state
[  228.148937] vethf29b363 (unregistering): left allmulticast mode
[  228.148950] vethf29b363 (unregistering): left promiscuous mode
[  228.148957] docker0: port 1(vethf29b363) entered disabled state
[  228.323795] docker0: port 1(veth2268912) entered blocking state
[  228.323806] docker0: port 1(veth2268912) entered disabled state
[  228.323815] veth2268912: entered allmulticast mode
[  228.323846] veth2268912: entered promiscuous mode
[  228.327777] eth0: renamed from veth2c32c01
[  228.328387] docker0: port 1(veth2268912) entered blocking state
[  228.328395] docker0: port 1(veth2268912) entered forwarding state
[  234.389085] docker0: port 1(veth2268912) entered disabled state
[  234.389121] veth2c32c01: renamed from eth0
[  234.407414] docker0: port 1(veth2268912) entered disabled state
[  234.407686] veth2268912 (unregistering): left allmulticast mode
[  234.407695] veth2268912 (unregistering): left promiscuous mode
[  234.407700] docker0: port 1(veth2268912) entered disabled state
[  234.620376] docker0: port 1(veth2794353) entered blocking state
[  234.620390] docker0: port 1(veth2794353) entered disabled state
[  234.620397] veth2794353: entered allmulticast mode
[  234.620412] veth2794353: entered promiscuous mode
[  234.623945] eth0: renamed from vethf71e327
[  234.624336] docker0: port 1(veth2794353) entered blocking state
[  234.624344] docker0: port 1(veth2794353) entered forwarding state
[  235.069035] docker0: port 1(veth2794353) entered disabled state
[  235.069083] vethf71e327: renamed from eth0
[  235.092124] docker0: port 1(veth2794353) entered disabled state
[  235.092393] veth2794353 (unregistering): left allmulticast mode
[  235.092402] veth2794353 (unregistering): left promiscuous mode
[  235.092408] docker0: port 1(veth2794353) entered disabled state
[  235.242609] docker0: port 1(veth1c0151a) entered blocking state
[  235.242622] docker0: port 1(veth1c0151a) entered disabled state
[  235.242629] veth1c0151a: entered allmulticast mode
[  235.242648] veth1c0151a: entered promiscuous mode
[  235.246706] eth0: renamed from veth0a4116f
[  235.247180] docker0: port 1(veth1c0151a) entered blocking state
[  235.247189] docker0: port 1(veth1c0151a) entered forwarding state
[2m2026-09-07T23:47:22.807882Z[0m [32m INFO[0m [2mlighter_vmm::memory_policy[0m[2m:[0m balloon target [3mtarget_mib[0m[2m=[0m256
[2m2026-09-07T23:47:25.582785Z[0m [33m WARN[0m [2mlighter_fs::inode[0m[2m:[0m the share is holding more descriptors than it may [3mopen[0m[2m=[0m6241 [3mbudget[0m[2m=[0m6144 [3minodes[0m[2m=[0m170838 [3mlive[0m[2m=[0m170838 [3mexamined[0m[2m=[0m8192 [3mparked[0m[2m=[0m0 [3munheld[0m[2m=[0m0 [3mused[0m[2m=[0m0 [3mprivileged[0m[2m=[0m0 [3munparkable[0m[2m=[0m0
[2m2026-09-07T23:47:38.090317Z[0m [32m INFO[0m [2mlighter_vmm::memory_policy[0m[2m:[0m balloon target [3mtarget_mib[0m[2m=[0m0
[  262.414893] docker0: port 1(veth1c0151a) entered disabled state
[  262.415115] veth0a4116f: renamed from eth0
[  262.436974] docker0: port 1(veth1c0151a) entered disabled state
[  262.437381] veth1c0151a (unregistering): left allmulticast mode
[  262.437394] veth1c0151a (unregistering): left promiscuous mode
[  262.437401] docker0: port 1(veth1c0151a) entered disabled state
[  262.674030] docker0: port 1(veth495a2d7) entered blocking state
[  262.674043] docker0: port 1(veth495a2d7) entered disabled state
[  262.674052] veth495a2d7: entered allmulticast mode
[  262.674083] veth495a2d7: entered promiscuous mode
[  262.678240] eth0: renamed from veth7e9342f
[  262.679072] docker0: port 1(veth495a2d7) entered blocking state
[  262.679082] docker0: port 1(veth495a2d7) entered forwarding state
[  289.086037] docker0: port 1(veth495a2d7) entered disabled state
[  289.086203] veth7e9342f: renamed from eth0
[  289.109105] docker0: port 1(veth495a2d7) entered disabled state
[  289.109498] veth495a2d7 (unregistering): left allmulticast mode
[  289.109512] veth495a2d7 (unregistering): left promiscuous mode
[  289.109523] docker0: port 1(veth495a2d7) entered disabled state
