[2m2026-09-08T00:21:41.163082Z[0m [32m INFO[0m [2mlighter_vmm::net[0m[2m:[0m network started [3mgateway[0m[2m=[0m"192.168.127.1" [3mguest[0m[2m=[0m"192.168.127.2" [3mmtu[0m[2m=[0m1500
[2m2026-09-08T00:21:41.163239Z[0m [32m INFO[0m [2mlighter_vmm::machine[0m[2m:[0m attached disk [3mpath[0m[2m=[0m/var/folders/t_/gbzzqq_x4hvg4qdrhspkp37m0000gn/T/lighter-rootfs.UsZG18WqaV.ext4 [3mcapacity_mib[0m[2m=[0m2048 [3mallocated_kib[0m[2m=[0m2097152
[2m2026-09-08T00:21:41.163324Z[0m [32m INFO[0m [2mlighter_vmm::machine[0m[2m:[0m attached disk [3mpath[0m[2m=[0m/var/folders/t_/gbzzqq_x4hvg4qdrhspkp37m0000gn/T/lighter-bench.jatzMDHz6o/data.img [3mcapacity_mib[0m[2m=[0m131072 [3mallocated_kib[0m[2m=[0m0
[2m2026-09-08T00:21:41.164224Z[0m [32m INFO[0m [2mlighter_fs::server[0m[2m:[0m share opened [3mroot[0m[2m=[0m~/.lighter-bench/lighter [3mattr_ms[0m[2m=[0m100 [3mentry_ms[0m[2m=[0m100 [3mdir_entry_ms[0m[2m=[0m1000 [3mwatched[0m[2m=[0mtrue [3mdescriptors[0m[2m=[0m10240
[2m2026-09-08T00:21:41.165594Z[0m [32m INFO[0m [2mlighter_fs::server[0m[2m:[0m share opened [3mroot[0m[2m=[0m/Library/Apple/usr/libexec/oah/RosettaLinux [3mattr_ms[0m[2m=[0m100 [3mentry_ms[0m[2m=[0m100 [3mdir_entry_ms[0m[2m=[0m1000 [3mwatched[0m[2m=[0mtrue [3mdescriptors[0m[2m=[0m10240
[2m2026-09-08T00:21:41.170442Z[0m [32m INFO[0m [2mlighter_vmm::machine[0m[2m:[0m machine started [3mvcpus[0m[2m=[0m8 [3mram_mib[0m[2m=[0m1024 [3mentry[0m[2m=[0m0x40000000 [3mdtb[0m[2m=[0m0x43400000
[2m2026-09-08T00:21:41.170800Z[0m [32m INFO[0m [2mlighter_vmm::vsock_proxy[0m[2m:[0m proxying a socket into the guest [3mpath[0m[2m=[0m/var/folders/t_/gbzzqq_x4hvg4qdrhspkp37m0000gn/T/lighter-bench.jatzMDHz6o/docker.sock [3mguest_port[0m[2m=[0m2375
[2m2026-09-08T00:21:41.170878Z[0m [32m INFO[0m [2mlighter_vmm::vsock_proxy[0m[2m:[0m proxying a socket into the guest [3mpath[0m[2m=[0m/var/folders/t_/gbzzqq_x4hvg4qdrhspkp37m0000gn/T/lighter-bench.jatzMDHz6o/control.sock [3mguest_port[0m[2m=[0m2376
[2m2026-09-08T00:21:41.170967Z[0m [33m WARN[0m [2mlighter_vmm::virtio::mmio[0m[2m:[0m queue notified before the driver was ready [3mdevice[0m[2m=[0m"virtio-vsock" [3mindex[0m[2m=[0m0
[    0.000000] Booting Linux on physical CPU 0x0000000000 [0x610f0000]
[    0.000000] Linux version 6.18.49-lighter (root@cc682f9944e9) (gcc (Debian 12.2.0-14+deb12u1) 12.2.0, GNU ld (GNU Binutils for Debian) 2.40) #1 SMP Mon Sep  7 19:57:38 UTC 2026
[    0.000000] KASLR disabled due to lack of seed
[    0.000000] Machine model: linux,dummy-virt
[    0.000000] efi: UEFI not found.
[    0.000000] OF: reserved mem: Reserved memory: No reserved-memory node in the DT
[    0.000000] NUMA: Faking a node at [mem 0x0000000040000000-0x000000007fffffff]
[    0.000000] NODE_DATA(0) allocated [mem 0x7fe05d00-0x7fe0847f]
[    0.000000] Zone ranges:
[    0.000000]   DMA      [mem 0x0000000040000000-0x000000007fffffff]
[    0.000000]   DMA32    empty
[    0.000000]   Normal   empty
[    0.000000] Movable zone start for each node
[    0.000000] Early memory node ranges
[    0.000000]   node   0: [mem 0x0000000040000000-0x000000007fffffff]
[    0.000000] Initmem setup node 0 [mem 0x0000000040000000-0x000000007fffffff]
[    0.000000] cma: Reserved 32 MiB at 0x000000007cc00000
[    0.000000] psci: probing for conduit method from DT.
[    0.000000] psci: PSCIv1.1 detected in firmware.
[    0.000000] psci: Using standard PSCI v0.2 function IDs
[    0.000000] psci: Trusted OS migration not required
[    0.000000] psci: SMC Calling Convention v1.0
[    0.000000] percpu: Embedded 23 pages/cpu s63320 r0 d30888 u94208
[    0.000000] Detected PIPT I-cache on CPU0
[    0.000000] CPU features: detected: Address authentication (IMP DEF algorithm)
[    0.000000] CPU features: detected: GICv3 CPU interface
[    0.000000] CPU features: detected: Spectre-v4
[    0.000000] CPU features: detected: Spectre-BHB
[    0.000000] alternatives: applying boot alternatives
[    0.000000] Kernel command line: console=ttyAMA0 panic=-1 root=/dev/vda rw init=/sbin/lighter-init psi=0 idle.poll_ns=50000 lighter.time=1788826900 lighter.share=bench:/mnt/bench  lighter.rosetta 
[    0.000000] printk: log buffer data + meta data: 131072 + 458752 = 589824 bytes
[    0.000000] Dentry cache hash table entries: 131072 (order: 8, 1048576 bytes, linear)
[    0.000000] Inode-cache hash table entries: 65536 (order: 7, 524288 bytes, linear)
[    0.000000] software IO TLB: SWIOTLB bounce buffer size adjusted to 1MB
[    0.000000] software IO TLB: area num 8.
[    0.000000] software IO TLB: SWIOTLB bounce buffer size roundup to 2MB
[    0.000000] software IO TLB: mapped [mem 0x000000007c980000-0x000000007cb80000] (2MB)
[    0.000000] Fallback order for Node 0: 0 
[    0.000000] Built 1 zonelists, mobility grouping on.  Total pages: 262144
[    0.000000] Policy zone: DMA
[    0.000000] mem auto-init: stack:off, heap alloc:off, heap free:off
[    0.000000] SLUB: HWalign=64, Order=0-3, MinObjects=0, CPUs=8, Nodes=1
[    0.000000] rcu: Hierarchical RCU implementation.
[    0.000000] rcu: 	RCU event tracing is enabled.
[    0.000000] rcu: 	RCU restricting CPUs from NR_CPUS=512 to nr_cpu_ids=8.
[    0.000000] 	Tracing variant of Tasks RCU enabled.
[    0.000000] rcu: RCU calculated value of scheduler-enlistment delay is 25 jiffies.
[    0.000000] rcu: Adjusting geometry for rcu_fanout_leaf=16, nr_cpu_ids=8
[    0.000000] RCU Tasks Trace: Setting shift to 3 and lim to 1 rcu_task_cb_adjust=1 rcu_task_cpu_ids=8.
[    0.000000] NR_IRQS: 64, nr_irqs: 64, preallocated irqs: 0
[    0.000000] GICv3: 988 SPIs implemented
[    0.000000] GICv3: 0 Extended SPIs implemented
[    0.000000] Root IRQ handler: gic_handle_irq
[    0.000000] GICv3: GICv3 features: 16 PPIs, RSS
[    0.000000] GICv3: GICD_CTLR.DS=1, SCR_EL3.FIQ=0
[    0.000000] GICv3: CPU0: found redistributor 0 region 0:0x00000000080a0000
[    0.000000] rcu: srcu_init: Setting srcu_struct sizes based on contention.
[    0.000000] clocksource: jiffies: mask: 0xffffffff max_cycles: 0xffffffff, max_idle_ns: 7645041785100000 ns
[    0.000000] arch_timer: cp15 timer running at 24.00MHz (virt).
[    0.000000] clocksource: arch_sys_counter: mask: 0xffffffffffffff max_cycles: 0x588fe9dc0, max_idle_ns: 440795202592 ns
[    0.000000] sched_clock: 56 bits at 24MHz, resolution 41ns, wraps every 4398046511097ns
[    0.000077] Console: colour dummy device 80x25
[    0.000101] Calibrating delay loop (skipped), value calculated using timer frequency.. 48.00 BogoMIPS (lpj=96000)
[    0.000102] pid_max: default: 32768 minimum: 301
[    0.000133] LSM: initializing lsm=capability
[    0.000218] Mount-cache hash table entries: 2048 (order: 2, 16384 bytes, linear)
[    0.000222] Mountpoint-cache hash table entries: 2048 (order: 2, 16384 bytes, linear)
[    0.000575] cacheinfo: Unable to detect cache hierarchy for CPU 0
[    0.000786] Apple TSO: available per thread (PR_SET_MEM_MODEL); boot value off
[    0.000818] rcu: Hierarchical SRCU implementation.
[    0.000819] rcu: 	Max phase no-delay instances is 1000.
[    0.000878] Timer migration: 1 hierarchy levels; 8 children per group; 1 crossnode level
[    0.000944] EFI services will not be available.
[    0.001051] smp: Bringing up secondary CPUs ...
[    0.001236] Detected PIPT I-cache on CPU1
[    0.001249] GICv3: CPU1: found redistributor 1 region 0:0x00000000080c0000
[    0.001288] CPU1: Booted secondary processor 0x0000000001 [0x610f0000]
[    0.001553] Detected PIPT I-cache on CPU2
[    0.001570] GICv3: CPU2: found redistributor 2 region 0:0x00000000080e0000
[    0.001611] CPU2: Booted secondary processor 0x0000000002 [0x610f0000]
[    0.001863] Detected PIPT I-cache on CPU3
[    0.001880] GICv3: CPU3: found redistributor 3 region 0:0x0000000008100000
[    0.001921] CPU3: Booted secondary processor 0x0000000003 [0x610f0000]
[    0.002178] Detected PIPT I-cache on CPU4
[    0.002195] GICv3: CPU4: found redistributor 4 region 0:0x0000000008120000
[    0.002235] CPU4: Booted secondary processor 0x0000000004 [0x610f0000]
[    0.002459] Detected PIPT I-cache on CPU5
[    0.002478] GICv3: CPU5: found redistributor 5 region 0:0x0000000008140000
[    0.002517] CPU5: Booted secondary processor 0x0000000005 [0x610f0000]
[    0.002745] Detected PIPT I-cache on CPU6
[    0.002765] GICv3: CPU6: found redistributor 6 region 0:0x0000000008160000
[    0.002804] CPU6: Booted secondary processor 0x0000000006 [0x610f0000]
[    0.003053] Detected PIPT I-cache on CPU7
[    0.003075] GICv3: CPU7: found redistributor 7 region 0:0x0000000008180000
[    0.003114] CPU7: Booted secondary processor 0x0000000007 [0x610f0000]
[    0.003191] smp: Brought up 1 node, 8 CPUs
[    0.003192] SMP: Total of 8 processors activated.
[    0.003192] CPU: All CPU(s) started at EL1
[    0.003203] CPU features: detected: ARMv8.4 Translation Table Level
[    0.003203] CPU features: detected: Data cache clean to the PoU not required for I/D coherence
[    0.003203] CPU features: detected: Common not Private translations
[    0.003203] CPU features: detected: CRC32 instructions
[    0.003204] CPU features: detected: Data independent timing control (DIT)
[    0.003204] CPU features: detected: E0PD
[    0.003205] CPU features: detected: Generic authentication (IMP DEF algorithm)
[    0.003205] CPU features: detected: RCpc load-acquire (LDAPR)
[    0.003205] CPU features: detected: LSE atomic instructions
[    0.003206] CPU features: detected: Privileged Access Never
[    0.003206] CPU features: detected: RAS Extension Support
[    0.003206] CPU features: detected: Speculation barrier (SB)
[    0.003207] CPU features: detected: TLB range maintenance instructions
[    0.003328] alternatives: applying system-wide alternatives
[    0.005688] Memory: 935880K/1048576K available (19008K kernel code, 6390K rwdata, 12684K rodata, 12224K init, 709K bss, 74108K reserved, 32768K cma-reserved)
[    0.005821] devtmpfs: initialized
[    0.006167] posixtimers hash table entries: 4096 (order: 4, 65536 bytes, linear)
[    0.006209] futex hash table entries: 2048 (131072 bytes on 1 NUMA nodes, total 128 KiB, linear).
[    0.006239] 19952 pages in range for non-PLT usage
[    0.006243] 511472 pages in range for PLT usage
[    0.006258] pinctrl core: initialized pinctrl subsystem
[    0.006435] DMI not present or invalid.
[    0.007523] NET: Registered PF_NETLINK/PF_ROUTE protocol family
[    0.007800] DMA: preallocated 128 KiB GFP_KERNEL pool for atomic allocations
[    0.007874] DMA: preallocated 128 KiB GFP_KERNEL|GFP_DMA pool for atomic allocations
[    0.007965] DMA: preallocated 128 KiB GFP_KERNEL|GFP_DMA32 pool for atomic allocations
[    0.008042] thermal_sys: Registered thermal governor 'step_wise'
[    0.008043] thermal_sys: Registered thermal governor 'power_allocator'
[    0.008047] cpuidle: using governor menu
[    0.008060] NET: Registered PF_QIPCRTR protocol family
[    0.008084] hw-breakpoint: found 6 breakpoint and 4 watchpoint registers.
[    0.008199] ASID allocator initialised with 256 entries
[    0.008379] Serial: AMBA PL011 UART driver
[    0.008550] c000000.pl011: ttyAMA0 at MMIO 0xc000000 (irq = 13, base_baud = 0) is a PL011 rev1
[    0.008607] printk: console [ttyAMA0] enabled
[    0.009403] HugeTLB: registered 1.00 GiB page size, pre-allocated 0 pages
[    0.009404] HugeTLB: 0 KiB vmemmap can be freed for a 1.00 GiB page
[    0.009405] HugeTLB: registered 32.0 MiB page size, pre-allocated 0 pages
[    0.009409] HugeTLB: 0 KiB vmemmap can be freed for a 32.0 MiB page
[    0.009410] HugeTLB: registered 2.00 MiB page size, pre-allocated 0 pages
[    0.009410] HugeTLB: 0 KiB vmemmap can be freed for a 2.00 MiB page
[    0.009410] HugeTLB: registered 64.0 KiB page size, pre-allocated 0 pages
[    0.009410] HugeTLB: 0 KiB vmemmap can be freed for a 64.0 KiB page
[    0.010552] raid6: skipped pq benchmark and selected neonx8
[2m2026-09-08T00:21:41.214178Z[0m [33m WARN[0m [2mlighter_vmm::virtio::mmio[0m[2m:[0m queue notified before the driver was ready [3mdevice[0m[2m=[0m"virtio-vsock" [3mindex[0m[2m=[0m0
[    0.010553] raid6: using neon recovery algorithm
[2m2026-09-08T00:21:41.214330Z[0m [33m WARN[0m [2mlighter_vmm::virtio::mmio[0m[2m:[0m queue notified before the driver was ready [3mdevice[0m[2m=[0m"fs" [3mindex[0m[2m=[0m5
[2m2026-09-08T00:21:41.214346Z[0m [32m INFO[0m [2mlighter_fs::cache[0m[2m:[0m cache lifetime set by whether the guest can be told to forget [3minvalidation[0m[2m=[0m"push" [3mattr_ms[0m[2m=[0m20000 [3mentry_ms[0m[2m=[0m20000
[    0.010579] ACPI: Interpreter disabled.
[2m2026-09-08T00:21:41.214533Z[0m [32m INFO[0m [2mlighter_vmm::virtio::fs[0m[2m:[0m share activated [3mtag[0m[2m=[0mbench [3mroot[0m[2m=[0m~/.lighter-bench/lighter
[    0.010742] iommu: Default domain type: Translated
[    0.010742] iommu: DMA domain TLB invalidation policy: strict mode
[2m2026-09-08T00:21:41.214822Z[0m [33m WARN[0m [2mlighter_vmm::virtio::mmio[0m[2m:[0m queue notified before the driver was ready [3mdevice[0m[2m=[0m"fs" [3mindex[0m[2m=[0m5
[2m2026-09-08T00:21:41.214832Z[0m [32m INFO[0m [2mlighter_fs::cache[0m[2m:[0m cache lifetime set by whether the guest can be told to forget [3minvalidation[0m[2m=[0m"push" [3mattr_ms[0m[2m=[0m20000 [3mentry_ms[0m[2m=[0m20000
[    0.015129] pps_core: LinuxPPS API ver. 1 registered
[2m2026-09-08T00:21:41.214967Z[0m [32m INFO[0m [2mlighter_vmm::virtio::fs[0m[2m:[0m share activated [3mtag[0m[2m=[0mrosetta [3mroot[0m[2m=[0m/Library/Apple/usr/libexec/oah/RosettaLinux
[    0.015130] pps_core: Software ver. 5.3.6 - Copyright 2005-2007 Rodolfo Giometti <giometti@linux.it>
[    0.015131] PTP clock support registered
[    0.015140] EDAC MC: Ver: 3.0.0
[    0.015271] scmi_core: SCMI protocol bus registered
[    0.015394] FPGA manager framework
[    0.015544] nfc: nfc_init: NFC Core ver 0.1
[    0.015549] NET: Registered PF_NFC protocol family
[    0.015803] clocksource: Switched to clocksource arch_sys_counter
[    0.015886] VFS: Disk quotas dquot_6.6.0
[    0.015894] VFS: Dquot-cache hash table entries: 512 (order 0, 4096 bytes)
[    0.016030] pnp: PnP ACPI: disabled
[    0.016612] NET: Registered PF_INET protocol family
[    0.016663] IP idents hash table entries: 16384 (order: 5, 131072 bytes, linear)
[    0.016828] tcp_listen_portaddr_hash hash table entries: 512 (order: 1, 8192 bytes, linear)
[    0.016829] Table-perturb hash table entries: 65536 (order: 6, 262144 bytes, linear)
[    0.016831] TCP established hash table entries: 8192 (order: 4, 65536 bytes, linear)
[    0.016847] TCP bind hash table entries: 8192 (order: 6, 262144 bytes, linear)
[    0.016899] TCP: Hash tables configured (established 8192 bind 8192)
[    0.016934] UDP hash table entries: 512 (order: 3, 32768 bytes, linear)
[    0.016941] UDP-Lite hash table entries: 512 (order: 3, 32768 bytes, linear)
[    0.016960] NET: Registered PF_UNIX/PF_LOCAL protocol family
[    0.017290] kvm [1]: HYP mode not available
[    0.017422] Initialise system trusted keyrings
[    0.017505] workingset: timestamp_bits=42 max_order=18 bucket_order=0
[    0.017551] squashfs: version 4.0 (2009/01/31) Phillip Lougher
[    0.017581] fuse: init (API version 7.45)
[    0.017644] SGI XFS with ACLs, security attributes, scrub, repair, no debug enabled
[    0.017800] 9p: Installing v9fs 9p2000 file system support
[    0.024022] NET: Registered PF_ALG protocol family
[    0.024026] xor: measuring software checksum speed
[    0.024189]    8regs           : 20097 MB/sec
[    0.024267]    32regs          : 42517 MB/sec
[    0.024333]    arm64_neon      : 50218 MB/sec
[    0.024333] xor: using function: arm64_neon (50218 MB/sec)
[    0.024334] Key type asymmetric registered
[    0.024335] Asymmetric key parser 'x509' registered
[    0.024340] Block layer SCSI generic (bsg) driver version 0.4 loaded (major 239)
[    0.024341] io scheduler mq-deadline registered
[    0.024341] io scheduler kyber registered
[    0.024347] io scheduler bfq registered
[    0.028868] ledtrig-cpu: registered to indicate activity on CPUs
[    0.028876] IPMI message handler: version 39.2
[    0.028880] ipmi device interface
[    0.028962] ipmi_si: IPMI System Interface driver
[    0.028970] ipmi_si: Unable to find any System Interface(s)
[    0.030738] virtiofs virtio4: discovered new tag: bench
[    0.031232] virtiofs virtio5: discovered new tag: rosetta
[    0.031814] Free page reporting enabled
[    0.031965] virtio_mem virtio8: start address: 0x80000000
[    0.031966] virtio_mem virtio8: region size: 0xc0000000
[    0.031966] virtio_mem virtio8: device block size: 0x8000000
[    0.031966] virtio_mem virtio8: nid: 0
[    0.031967] virtio_mem virtio8: memory block size: 0x8000000
[    0.031968] virtio_mem virtio8: big block size: 0x8000000
[    0.031991] virtio_mem virtio8: plugged size: 0x0
[    0.031992] virtio_mem virtio8: requested size: 0xc0000000
[    0.032633] Fallback order for Node 0: 0 
[    0.032634] Built 1 zonelists, mobility grouping on.  Total pages: 267393
[    0.032637] Policy zone: DMA
[    0.036470] Serial: 8250/16550 driver, 4 ports, IRQ sharing enabled
[    0.036941] msm_serial: driver initialized
[    0.036970] SuperH (H)SCI(F) driver initialized
[    0.036980] STM32 USART driver initialized
[    0.037291] Fallback order for Node 0: 0 
[    0.037292] Built 1 zonelists, mobility grouping on.  Total pages: 490481
[    0.037292] Policy zone: Normal
[    0.037306] random: crng init done
[    0.041250] loop: module loaded
[    0.051256] virtio_blk virtio0: 8/0/0 default/read/poll queues
[    0.051656] virtio_blk virtio0: [vda] 4194304 512-byte logical blocks (2.15 GB/2.00 GiB)
[    0.052726] virtio_blk virtio1: 8/0/0 default/read/poll queues
[    0.053118] virtio_blk virtio1: [vdb] 268435456 512-byte logical blocks (137 GB/128 GiB)
[    0.053362] zram: Added device: zram0
[    0.053995] tun: Universal TUN/TAP device driver, 1.6
[    0.054700] VFIO - User Level meta-driver version: 0.3
[    0.056355]  cs_system_cfg: CoreSight Configuration manager initialised
[    0.056579] gnss: GNSS driver registered with major 503
[    0.056777] GACT probability NOT on
[    0.056783] Mirror/redirect action on
[    0.057082] IPVS: Registered protocols ()
[    0.057091] IPVS: Connection hash table configured (size=4096, memory=32Kbytes)
[    0.057119] IPVS: ipvs loaded.
[    0.057156] Initializing XFRM netlink socket
[    0.057166] NET: Registered PF_INET6 protocol family
[    0.057364] Segment Routing with IPv6
[    0.057367] In-situ OAM (IOAM) with IPv6
[    0.057378] sit: IPv6, IPv4 and MPLS over IPv4 tunneling driver
[    0.057443] NET: Registered PF_PACKET protocol family
[    0.057525] 8021q: 802.1Q VLAN Support v1.8
[    0.057553] 9pnet: Installing 9P2000 support
[    0.057561] Key type dns_resolver registered
[    0.057591] NET: Registered PF_VSOCK protocol family
[    0.059158] registered taskstats version 1
[    0.059198] Loading compiled-in X.509 certificates
[    0.060029] Demotion targets for Node 0: null
[    0.060169] Btrfs loaded, zoned=no, fsverity=no
[    0.060263] clk: Disabling unused clocks
[    0.060264] PM: genpd: Disabling unused power domains
[    0.060553] check access for rdinit=/init failed: -2, ignoring
[    0.080403] EXT4-fs (vda): mounted filesystem b6b766ac-cd49-44a5-aac0-ad1817245fe0 r/w with ordered data mode. Quota mode: none.
[    0.080420] VFS: Mounted root (ext4 filesystem) on device 254:0.
[    0.080604] devtmpfs: mounted
[    0.081381] Freeing unused kernel memory: 12224K
[    0.081415] Run /sbin/lighter-init as init process
INIT clock=2026-09-08T00:21:40Z
INIT filesystems=ok
INIT formatting=/dev/vdb fs=btrfs mkfs=
INIT data_fs=btrfs
INIT data_opts=noatime,nodatacow,commit=30,thread_pool=1
[    0.158173] BTRFS: device label lighter-data devid 1 transid 8 /dev/vdb (254:16) scanned by mount (136)
[    0.158406] BTRFS info (device vdb): first mount of filesystem 19a943ac-84b2-4fc7-94bd-a29b7c7d3ae6
[    0.158418] BTRFS info (device vdb): using crc32c (crc32c-lib) checksum algorithm
[    0.159143] BTRFS info (device vdb): checking UUID tree
[    0.159230] BTRFS info (device vdb): setting nodatasum
[    0.159231] BTRFS info (device vdb): setting nodatacow
INIT data=mounted[    0.159232] BTRFS info (device vdb): turning on async discard
[    0.159232] BTRFS info (device vdb): enabling free space tree

INIT fstrim=0ms
[    0.166143] zram0: detected capacity change from 0 to 4194304
[    0.168855] Adding 2097148k swap on /dev/zram0.  Priority:100 extents:1 across:2097148k SS
INIT zram=on
[    0.169861] rcu: RCU calculated value of scheduler-enlistment delay is 25 jiffies.
[2m2026-09-08T00:21:41.354581Z[0m [32m INFO[0m [2mlighter_fs::server[0m[2m:[0m filesystem negotiated [3mguest[0m[2m=[0m7.45 [3mmax_write[0m[2m=[0m262144 [3mreaddirplus[0m[2m=[0mtrue [3mcreate_dialect[0m[2m=[0mtrue
INIT binfmt=x86_64 via=rosetta
[2m2026-09-08T00:21:41.355575Z[0m [32m INFO[0m [2mlighter_fs::server[0m[2m:[0m filesystem negotiated [3mguest[0m[2m=[0m7.45 [3mmax_write[0m[2m=[0m262144 [3mreaddirplus[0m[2m=[0mtrue [3mcreate_dialect[0m[2m=[0mtrue
INIT share=bench at=/mnt/bench
INIT dhcp=ok t=0.18
INIT ipv6=ok
INIT dockerd=ready after=100ms t=0.31
AGENT tcp-proxy port=15201
AGENT listening port=2376
AGENT inbound port=2378
AGENT listening port=2375
AGENT dns addr=192.168.127.2
AGENT udp-inbound
AGENT udp-proxy port=15202
AGENT udp-proxy port=15202
AGENT clock=set trip_us=117 attempt=0
INIT streams=on
INIT ready t=0.32
[2m2026-09-08T00:21:48.945844Z[0m [32m INFO[0m [2mlighter_vmm::virtio::mem[0m[2m:[0m virtio-mem offer [3mrequested_mib[0m[2m=[0m512 [3mplugged_mib[0m[2m=[0m3072
[    7.762255] virtio_mem virtio8: plugged size: 0xc0000000
[    7.762268] virtio_mem virtio8: requested size: 0x20000000
[    8.018096] Fallback order for Node 0: 0 
[    8.018107] Built 1 zonelists, mobility grouping on.  Total pages: 520084
[    8.018113] Policy zone: Normal
[2m2026-09-08T00:21:49.709735Z[0m [32m INFO[0m [2mlighter_vmm::virtio::mem[0m[2m:[0m virtio-mem offer [3mrequested_mib[0m[2m=[0m0 [3mplugged_mib[0m[2m=[0m512
[    8.526177] virtio_mem virtio8: plugged size: 0x20000000
[    8.526207] virtio_mem virtio8: requested size: 0x0
[2m2026-09-08T00:21:56.384042Z[0m [32m INFO[0m [2mlighter_vmm::virtio::mem[0m[2m:[0m virtio-mem offer [3mrequested_mib[0m[2m=[0m3072 [3mplugged_mib[0m[2m=[0m384
[   15.200211] virtio_mem virtio8: plugged size: 0x18000000
[   15.200224] virtio_mem virtio8: requested size: 0xc0000000
[   15.201054] Fallback order for Node 0: 0 
[   15.201064] Built 1 zonelists, mobility grouping on.  Total pages: 358772
[   15.201069] Policy zone: Normal
[   15.573447] docker0: port 1(vethbd65605) entered blocking state
[   15.573457] docker0: port 1(vethbd65605) entered disabled state
[   15.573466] vethbd65605: entered allmulticast mode
[   15.573484] vethbd65605: entered promiscuous mode
[   15.578256] eth0: renamed from vethf550954
[   15.578997] docker0: port 1(vethbd65605) entered blocking state
[   15.579005] docker0: port 1(vethbd65605) entered forwarding state
AGENT sockmap=on
[   27.969946] docker0: port 1(vethbd65605) entered disabled state
[   27.969980] vethf550954: renamed from eth0
[   27.992075] docker0: port 1(vethbd65605) entered disabled state
[   27.992315] vethbd65605 (unregistering): left allmulticast mode
[   27.992323] vethbd65605 (unregistering): left promiscuous mode
[   27.992329] docker0: port 1(vethbd65605) entered disabled state
[   28.311862] docker0: port 1(veth073bc23) entered blocking state
[   28.311874] docker0: port 1(veth073bc23) entered disabled state
[   28.311881] veth073bc23: entered allmulticast mode
[   28.311900] veth073bc23: entered promiscuous mode
[   28.315466] eth0: renamed from veth2ef089b
[   28.315953] docker0: port 1(veth073bc23) entered blocking state
[   28.315962] docker0: port 1(veth073bc23) entered forwarding state
[2m2026-09-08T00:22:17.267970Z[0m [33m WARN[0m [2mlighter_fs::inode[0m[2m:[0m the share is holding more descriptors than it may [3mopen[0m[2m=[0m6243 [3mbudget[0m[2m=[0m6144 [3minodes[0m[2m=[0m17661 [3mlive[0m[2m=[0m17661 [3mexamined[0m[2m=[0m8192 [3mparked[0m[2m=[0m0 [3munheld[0m[2m=[0m0 [3mused[0m[2m=[0m0 [3mprivileged[0m[2m=[0m0 [3munparkable[0m[2m=[0m0
[   46.456772] docker0: port 1(veth073bc23) entered disabled state
[   46.456804] veth2ef089b: renamed from eth0
[   46.488437] docker0: port 1(veth073bc23) entered disabled state
[   46.488740] veth073bc23 (unregistering): left allmulticast mode
[   46.488750] veth073bc23 (unregistering): left promiscuous mode
[   46.488756] docker0: port 1(veth073bc23) entered disabled state
[   46.623604] docker0: port 1(veth43b6838) entered blocking state
[   46.623615] docker0: port 1(veth43b6838) entered disabled state
[   46.623622] veth43b6838: entered allmulticast mode
[   46.623640] veth43b6838: entered promiscuous mode
[   46.627153] eth0: renamed from veth241ac53
[   46.628316] docker0: port 1(veth43b6838) entered blocking state
[   46.628327] docker0: port 1(veth43b6838) entered forwarding state
[   81.156847] docker0: port 1(veth43b6838) entered disabled state
[   81.156953] veth241ac53: renamed from eth0
[   81.186602] docker0: port 1(veth43b6838) entered disabled state
[   81.187010] veth43b6838 (unregistering): left allmulticast mode
[   81.187025] veth43b6838 (unregistering): left promiscuous mode
[   81.187035] docker0: port 1(veth43b6838) entered disabled state
[   81.401961] docker0: port 1(veth52a5048) entered blocking state
[   81.401972] docker0: port 1(veth52a5048) entered disabled state
[   81.401981] veth52a5048: entered allmulticast mode
[   81.402009] veth52a5048: entered promiscuous mode
[   81.405987] eth0: renamed from vethbce0ad0
[   81.406487] docker0: port 1(veth52a5048) entered blocking state
[   81.406498] docker0: port 1(veth52a5048) entered forwarding state
[  132.864732] docker0: port 1(veth52a5048) entered disabled state
[  132.864862] vethbce0ad0: renamed from eth0
[  132.901501] docker0: port 1(veth52a5048) entered disabled state
[  132.901884] veth52a5048 (unregistering): left allmulticast mode
[  132.901898] veth52a5048 (unregistering): left promiscuous mode
[  132.901907] docker0: port 1(veth52a5048) entered disabled state
[  133.104566] docker0: port 1(vetha832bd0) entered blocking state
[  133.104577] docker0: port 1(vetha832bd0) entered disabled state
[  133.104584] vetha832bd0: entered allmulticast mode
[  133.104615] vetha832bd0: entered promiscuous mode
[  133.108381] eth0: renamed from veth92dbf26
[  133.108919] docker0: port 1(vetha832bd0) entered blocking state
[  133.108934] docker0: port 1(vetha832bd0) entered forwarding state
[2m2026-09-08T00:24:02.329920Z[0m [33m WARN[0m [2mlighter_fs::inode[0m[2m:[0m the share is holding more descriptors than it may [3mopen[0m[2m=[0m6262 [3mbudget[0m[2m=[0m6144 [3minodes[0m[2m=[0m59276 [3mlive[0m[2m=[0m59276 [3mexamined[0m[2m=[0m8192 [3mparked[0m[2m=[0m6 [3munheld[0m[2m=[0m2861 [3mused[0m[2m=[0m460 [3mprivileged[0m[2m=[0m0 [3munparkable[0m[2m=[0m0
[2m2026-09-08T00:24:24.135267Z[0m [33m WARN[0m [2mlighter_fs::inode[0m[2m:[0m the share is holding more descriptors than it may [3mopen[0m[2m=[0m6250 [3mbudget[0m[2m=[0m6144 [3minodes[0m[2m=[0m77359 [3mlive[0m[2m=[0m77359 [3mexamined[0m[2m=[0m8192 [3mparked[0m[2m=[0m17 [3munheld[0m[2m=[0m565 [3mused[0m[2m=[0m184 [3mprivileged[0m[2m=[0m0 [3munparkable[0m[2m=[0m0
[  167.190341] docker0: port 1(vetha832bd0) entered disabled state
[  167.190381] veth92dbf26: renamed from eth0
[  167.209074] docker0: port 1(vetha832bd0) entered disabled state
[  167.209341] vetha832bd0 (unregistering): left allmulticast mode
[  167.209353] vetha832bd0 (unregistering): left promiscuous mode
[  167.209359] docker0: port 1(vetha832bd0) entered disabled state
[  167.414949] docker0: port 1(veth559fbfb) entered blocking state
[  167.414958] docker0: port 1(veth559fbfb) entered disabled state
[  167.414960] veth559fbfb: entered allmulticast mode
[  167.414976] veth559fbfb: entered promiscuous mode
[  167.420818] eth0: renamed from vethb270d41
[  167.421203] docker0: port 1(veth559fbfb) entered blocking state
[  167.421213] docker0: port 1(veth559fbfb) entered forwarding state
[2m2026-09-08T00:24:45.028890Z[0m [32m INFO[0m [2mlighter_vmm::memory_policy[0m[2m:[0m balloon target [3mtarget_mib[0m[2m=[0m256
[2m2026-09-08T00:24:51.060162Z[0m [32m INFO[0m [2mlighter_vmm::memory_policy[0m[2m:[0m balloon target [3mtarget_mib[0m[2m=[0m224
[2m2026-09-08T00:24:52.060893Z[0m [32m INFO[0m [2mlighter_vmm::memory_policy[0m[2m:[0m balloon target [3mtarget_mib[0m[2m=[0m256
[2m2026-09-08T00:24:57.303579Z[0m [32m INFO[0m [2mlighter_vmm::memory_policy[0m[2m:[0m balloon target [3mtarget_mib[0m[2m=[0m0
[  212.010700] docker0: port 1(veth559fbfb) entered disabled state
[  212.010851] vethb270d41: renamed from eth0
[  212.041312] docker0: port 1(veth559fbfb) entered disabled state
[  212.041706] veth559fbfb (unregistering): left allmulticast mode
[  212.041721] veth559fbfb (unregistering): left promiscuous mode
[  212.041728] docker0: port 1(veth559fbfb) entered disabled state
[  212.247387] docker0: port 1(veth110fedf) entered blocking state
[  212.247398] docker0: port 1(veth110fedf) entered disabled state
[  212.247406] veth110fedf: entered allmulticast mode
[  212.247443] veth110fedf: entered promiscuous mode
[  212.253087] eth0: renamed from veth0bbe95b
[  212.253628] docker0: port 1(veth110fedf) entered blocking state
[  212.253638] docker0: port 1(veth110fedf) entered forwarding state
[  227.759945] docker0: port 1(veth110fedf) entered disabled state
[  227.760072] veth0bbe95b: renamed from eth0
[  227.789528] docker0: port 1(veth110fedf) entered disabled state
[  227.789912] veth110fedf (unregistering): left allmulticast mode
[  227.789927] veth110fedf (unregistering): left promiscuous mode
[  227.789933] docker0: port 1(veth110fedf) entered disabled state
[  227.970388] docker0: port 1(veth17a9f03) entered blocking state
[  227.970402] docker0: port 1(veth17a9f03) entered disabled state
[  227.970410] veth17a9f03: entered allmulticast mode
[  227.970448] veth17a9f03: entered promiscuous mode
[  227.976002] eth0: renamed from veth2360f57
[  227.976646] docker0: port 1(veth17a9f03) entered blocking state
[  227.976656] docker0: port 1(veth17a9f03) entered forwarding state
[2m2026-09-08T00:25:35.226624Z[0m [32m INFO[0m [2mlighter_vmm::memory_policy[0m[2m:[0m balloon target [3mtarget_mib[0m[2m=[0m256
[  234.535046] docker0: port 1(veth17a9f03) entered disabled state
[  234.535105] veth2360f57: renamed from eth0
[  234.561022] docker0: port 1(veth17a9f03) entered disabled state
[  234.561323] veth17a9f03 (unregistering): left allmulticast mode
[  234.561333] veth17a9f03 (unregistering): left promiscuous mode
[  234.561339] docker0: port 1(veth17a9f03) entered disabled state
[  234.779650] docker0: port 1(vethb4fc031) entered blocking state
[  234.779661] docker0: port 1(vethb4fc031) entered disabled state
[  234.779676] vethb4fc031: entered allmulticast mode
[  234.779695] vethb4fc031: entered promiscuous mode
[  234.783859] eth0: renamed from veth36c3aad
[  234.784291] docker0: port 1(vethb4fc031) entered blocking state
[  234.784301] docker0: port 1(vethb4fc031) entered forwarding state
[  235.204052] veth36c3aad: renamed from eth0
[  235.204403] docker0: port 1(vethb4fc031) entered disabled state
[  235.227900] docker0: port 1(vethb4fc031) entered disabled state
[  235.228102] vethb4fc031 (unregistering): left allmulticast mode
[  235.228112] vethb4fc031 (unregistering): left promiscuous mode
[  235.228120] docker0: port 1(vethb4fc031) entered disabled state
[  235.376355] docker0: port 1(veth8211b3b) entered blocking state
[  235.376363] docker0: port 1(veth8211b3b) entered disabled state
[  235.376365] veth8211b3b: entered allmulticast mode
[  235.376384] veth8211b3b: entered promiscuous mode
[  235.381203] eth0: renamed from veth4a5ecf6
[  235.382024] docker0: port 1(veth8211b3b) entered blocking state
[  235.382035] docker0: port 1(veth8211b3b) entered forwarding state
[2m2026-09-08T00:25:53.128391Z[0m [32m INFO[0m [2mlighter_vmm::memory_policy[0m[2m:[0m balloon target [3mtarget_mib[0m[2m=[0m0
[  263.338675] docker0: port 1(veth8211b3b) entered disabled state
[  263.338818] veth4a5ecf6: renamed from eth0
[  263.361443] docker0: port 1(veth8211b3b) entered disabled state
[  263.361828] veth8211b3b (unregistering): left allmulticast mode
[  263.361843] veth8211b3b (unregistering): left promiscuous mode
[  263.361854] docker0: port 1(veth8211b3b) entered disabled state
[  263.606493] docker0: port 1(veth6ac535b) entered blocking state
[  263.606503] docker0: port 1(veth6ac535b) entered disabled state
[  263.606511] veth6ac535b: entered allmulticast mode
[  263.606534] veth6ac535b: entered promiscuous mode
[  263.611004] eth0: renamed from veth2e039eb
[  263.613543] docker0: port 1(veth6ac535b) entered blocking state
[  263.613551] docker0: port 1(veth6ac535b) entered forwarding state
[2m2026-09-08T00:26:06.415527Z[0m [32m INFO[0m [2mlighter_vmm::memory_policy[0m[2m:[0m balloon target [3mtarget_mib[0m[2m=[0m256
[2m2026-09-08T00:26:06.458881Z[0m [32m INFO[0m [2mlighter_vmm::memory_policy[0m[2m:[0m balloon target [3mtarget_mib[0m[2m=[0m0
[  290.312622] docker0: port 1(veth6ac535b) entered disabled state
[  290.312762] veth2e039eb: renamed from eth0
[  290.337710] docker0: port 1(veth6ac535b) entered disabled state
[  290.338128] veth6ac535b (unregistering): left allmulticast mode
[  290.338143] veth6ac535b (unregistering): left promiscuous mode
[  290.338149] docker0: port 1(veth6ac535b) entered disabled state
