[2m2026-09-07T23:13:06.110481Z[0m [32m INFO[0m [2mlighter_vmm::net[0m[2m:[0m network started [3mgateway[0m[2m=[0m"192.168.127.1" [3mguest[0m[2m=[0m"192.168.127.2" [3mmtu[0m[2m=[0m1500
[2m2026-09-07T23:13:06.110616Z[0m [32m INFO[0m [2mlighter_vmm::machine[0m[2m:[0m attached disk [3mpath[0m[2m=[0m/var/folders/t_/gbzzqq_x4hvg4qdrhspkp37m0000gn/T/lighter-rootfs.nHbmzJ8aJV.ext4 [3mcapacity_mib[0m[2m=[0m2048 [3mallocated_kib[0m[2m=[0m2097152
[2m2026-09-07T23:13:06.110700Z[0m [32m INFO[0m [2mlighter_vmm::machine[0m[2m:[0m attached disk [3mpath[0m[2m=[0m/var/folders/t_/gbzzqq_x4hvg4qdrhspkp37m0000gn/T/lighter-bench.Y7trXB6fjO/data.img [3mcapacity_mib[0m[2m=[0m131072 [3mallocated_kib[0m[2m=[0m0
[2m2026-09-07T23:13:06.111467Z[0m [32m INFO[0m [2mlighter_fs::server[0m[2m:[0m share opened [3mroot[0m[2m=[0m~/.lighter-bench/lighter [3mattr_ms[0m[2m=[0m100 [3mentry_ms[0m[2m=[0m100 [3mdir_entry_ms[0m[2m=[0m1000 [3mwatched[0m[2m=[0mtrue [3mdescriptors[0m[2m=[0m10240
[2m2026-09-07T23:13:06.112808Z[0m [32m INFO[0m [2mlighter_fs::server[0m[2m:[0m share opened [3mroot[0m[2m=[0m/Library/Apple/usr/libexec/oah/RosettaLinux [3mattr_ms[0m[2m=[0m100 [3mentry_ms[0m[2m=[0m100 [3mdir_entry_ms[0m[2m=[0m1000 [3mwatched[0m[2m=[0mtrue [3mdescriptors[0m[2m=[0m10240
[2m2026-09-07T23:13:06.115018Z[0m [32m INFO[0m [2mlighter_vmm::machine[0m[2m:[0m machine started [3mvcpus[0m[2m=[0m8 [3mram_mib[0m[2m=[0m1024 [3mentry[0m[2m=[0m0x40000000 [3mdtb[0m[2m=[0m0x43400000
[2m2026-09-07T23:13:06.115367Z[0m [32m INFO[0m [2mlighter_vmm::vsock_proxy[0m[2m:[0m proxying a socket into the guest [3mpath[0m[2m=[0m/var/folders/t_/gbzzqq_x4hvg4qdrhspkp37m0000gn/T/lighter-bench.Y7trXB6fjO/docker.sock [3mguest_port[0m[2m=[0m2375
[2m2026-09-07T23:13:06.115446Z[0m [32m INFO[0m [2mlighter_vmm::vsock_proxy[0m[2m:[0m proxying a socket into the guest [3mpath[0m[2m=[0m/var/folders/t_/gbzzqq_x4hvg4qdrhspkp37m0000gn/T/lighter-bench.Y7trXB6fjO/control.sock [3mguest_port[0m[2m=[0m2376
[2m2026-09-07T23:13:06.115529Z[0m [33m WARN[0m [2mlighter_vmm::virtio::mmio[0m[2m:[0m queue notified before the driver was ready [3mdevice[0m[2m=[0m"virtio-vsock" [3mindex[0m[2m=[0m0
[    0.000000] Booting Linux on physical CPU 0x0000000000 [0x610f0000]
[    0.000000] Linux version 6.18.49-lighter (root@cc682f9944e9) (gcc (Debian 12.2.0-14+deb12u1) 12.2.0, GNU ld (GNU Binutils for Debian) 2.40) #1 SMP Mon Sep  7 19:57:38 UTC 2026
[    0.000000] KASLR disabled due to lack of seed
[    0.000000] Machine model: linux,dummy-virt
[    0.000000] efi: UEFI not found.
[    0.000000] OF: reserved mem: Reserved memory: No reserved-memory node in the DT
[    0.000000] NUMA: Faking a node at [mem 0x0000000040000000-0x000000007fffffff]
[    0.000000] NODE_DATA(0) allocated [mem 0x7fe05d00-0x7fe0847f]
[    0.000000] Zone ranges:
[    0.000000]   DMA      [mem 0x0000000040000000-0x000000007fffffff]
[    0.000000]   DMA32    empty
[    0.000000]   Normal   empty
[    0.000000] Movable zone start for each node
[    0.000000] Early memory node ranges
[    0.000000]   node   0: [mem 0x0000000040000000-0x000000007fffffff]
[    0.000000] Initmem setup node 0 [mem 0x0000000040000000-0x000000007fffffff]
[    0.000000] cma: Reserved 32 MiB at 0x000000007cc00000
[    0.000000] psci: probing for conduit method from DT.
[    0.000000] psci: PSCIv1.1 detected in firmware.
[    0.000000] psci: Using standard PSCI v0.2 function IDs
[    0.000000] psci: Trusted OS migration not required
[    0.000000] psci: SMC Calling Convention v1.0
[    0.000000] percpu: Embedded 23 pages/cpu s63320 r0 d30888 u94208
[    0.000000] Detected PIPT I-cache on CPU0
[    0.000000] CPU features: detected: Address authentication (IMP DEF algorithm)
[    0.000000] CPU features: detected: GICv3 CPU interface
[    0.000000] CPU features: detected: Spectre-v4
[    0.000000] CPU features: detected: Spectre-BHB
[    0.000000] alternatives: applying boot alternatives
[    0.000000] Kernel command line: console=ttyAMA0 panic=-1 root=/dev/vda rw init=/sbin/lighter-init psi=0 idle.poll_ns=50000 lighter.time=1788822785 lighter.share=bench:/mnt/bench  lighter.rosetta 
[    0.000000] printk: log buffer data + meta data: 131072 + 458752 = 589824 bytes
[    0.000000] Dentry cache hash table entries: 131072 (order: 8, 1048576 bytes, linear)
[    0.000000] Inode-cache hash table entries: 65536 (order: 7, 524288 bytes, linear)
[    0.000000] software IO TLB: SWIOTLB bounce buffer size adjusted to 1MB
[    0.000000] software IO TLB: area num 8.
[    0.000000] software IO TLB: SWIOTLB bounce buffer size roundup to 2MB
[    0.000000] software IO TLB: mapped [mem 0x000000007c980000-0x000000007cb80000] (2MB)
[    0.000000] Fallback order for Node 0: 0 
[    0.000000] Built 1 zonelists, mobility grouping on.  Total pages: 262144
[    0.000000] Policy zone: DMA
[    0.000000] mem auto-init: stack:off, heap alloc:off, heap free:off
[    0.000000] SLUB: HWalign=64, Order=0-3, MinObjects=0, CPUs=8, Nodes=1
[    0.000000] rcu: Hierarchical RCU implementation.
[    0.000000] rcu: 	RCU event tracing is enabled.
[    0.000000] rcu: 	RCU restricting CPUs from NR_CPUS=512 to nr_cpu_ids=8.
[    0.000000] 	Tracing variant of Tasks RCU enabled.
[    0.000000] rcu: RCU calculated value of scheduler-enlistment delay is 25 jiffies.
[    0.000000] rcu: Adjusting geometry for rcu_fanout_leaf=16, nr_cpu_ids=8
[    0.000000] RCU Tasks Trace: Setting shift to 3 and lim to 1 rcu_task_cb_adjust=1 rcu_task_cpu_ids=8.
[    0.000000] NR_IRQS: 64, nr_irqs: 64, preallocated irqs: 0
[    0.000000] GICv3: 988 SPIs implemented
[    0.000000] GICv3: 0 Extended SPIs implemented
[    0.000000] Root IRQ handler: gic_handle_irq
[    0.000000] GICv3: GICv3 features: 16 PPIs, RSS
[    0.000000] GICv3: GICD_CTLR.DS=1, SCR_EL3.FIQ=0
[    0.000000] GICv3: CPU0: found redistributor 0 region 0:0x00000000080a0000
[    0.000000] rcu: srcu_init: Setting srcu_struct sizes based on contention.
[    0.000000] clocksource: jiffies: mask: 0xffffffff max_cycles: 0xffffffff, max_idle_ns: 7645041785100000 ns
[    0.000000] arch_timer: cp15 timer running at 24.00MHz (virt).
[    0.000000] clocksource: arch_sys_counter: mask: 0xffffffffffffff max_cycles: 0x588fe9dc0, max_idle_ns: 440795202592 ns
[    0.000000] sched_clock: 56 bits at 24MHz, resolution 41ns, wraps every 4398046511097ns
[    0.000068] Console: colour dummy device 80x25
[    0.000093] Calibrating delay loop (skipped), value calculated using timer frequency.. 48.00 BogoMIPS (lpj=96000)
[    0.000094] pid_max: default: 32768 minimum: 301
[    0.000122] LSM: initializing lsm=capability
[    0.000206] Mount-cache hash table entries: 2048 (order: 2, 16384 bytes, linear)
[    0.000209] Mountpoint-cache hash table entries: 2048 (order: 2, 16384 bytes, linear)
[    0.000557] cacheinfo: Unable to detect cache hierarchy for CPU 0
[    0.000748] Apple TSO: available per thread (PR_SET_MEM_MODEL); boot value off
[    0.000778] rcu: Hierarchical SRCU implementation.
[    0.000779] rcu: 	Max phase no-delay instances is 1000.
[    0.000832] Timer migration: 1 hierarchy levels; 8 children per group; 1 crossnode level
[    0.000892] EFI services will not be available.
[    0.000998] smp: Bringing up secondary CPUs ...
[    0.001171] Detected PIPT I-cache on CPU1
[    0.001184] GICv3: CPU1: found redistributor 1 region 0:0x00000000080c0000
[    0.001223] CPU1: Booted secondary processor 0x0000000001 [0x610f0000]
[    0.001485] Detected PIPT I-cache on CPU2
[    0.001498] GICv3: CPU2: found redistributor 2 region 0:0x00000000080e0000
[    0.001537] CPU2: Booted secondary processor 0x0000000002 [0x610f0000]
[    0.001770] Detected PIPT I-cache on CPU3
[    0.001787] GICv3: CPU3: found redistributor 3 region 0:0x0000000008100000
[    0.001840] CPU3: Booted secondary processor 0x0000000003 [0x610f0000]
[    0.002086] Detected PIPT I-cache on CPU4
[    0.002103] GICv3: CPU4: found redistributor 4 region 0:0x0000000008120000
[    0.002142] CPU4: Booted secondary processor 0x0000000004 [0x610f0000]
[    0.002389] Detected PIPT I-cache on CPU5
[    0.002408] GICv3: CPU5: found redistributor 5 region 0:0x0000000008140000
[    0.002456] CPU5: Booted secondary processor 0x0000000005 [0x610f0000]
[    0.002690] Detected PIPT I-cache on CPU6
[    0.002710] GICv3: CPU6: found redistributor 6 region 0:0x0000000008160000
[    0.002749] CPU6: Booted secondary processor 0x0000000006 [0x610f0000]
[    0.002996] Detected PIPT I-cache on CPU7
[    0.003019] GICv3: CPU7: found redistributor 7 region 0:0x0000000008180000
[    0.003058] CPU7: Booted secondary processor 0x0000000007 [0x610f0000]
[    0.003134] smp: Brought up 1 node, 8 CPUs
[    0.003135] SMP: Total of 8 processors activated.
[    0.003135] CPU: All CPU(s) started at EL1
[    0.003146] CPU features: detected: ARMv8.4 Translation Table Level
[    0.003146] CPU features: detected: Data cache clean to the PoU not required for I/D coherence
[    0.003147] CPU features: detected: Common not Private translations
[    0.003147] CPU features: detected: CRC32 instructions
[    0.003147] CPU features: detected: Data independent timing control (DIT)
[    0.003147] CPU features: detected: E0PD
[    0.003148] CPU features: detected: Generic authentication (IMP DEF algorithm)
[    0.003149] CPU features: detected: RCpc load-acquire (LDAPR)
[    0.003149] CPU features: detected: LSE atomic instructions
[    0.003149] CPU features: detected: Privileged Access Never
[    0.003150] CPU features: detected: RAS Extension Support
[    0.003150] CPU features: detected: Speculation barrier (SB)
[    0.003150] CPU features: detected: TLB range maintenance instructions
[    0.003273] alternatives: applying system-wide alternatives
[    0.005618] Memory: 935880K/1048576K available (19008K kernel code, 6390K rwdata, 12684K rodata, 12224K init, 709K bss, 74108K reserved, 32768K cma-reserved)
[    0.005758] devtmpfs: initialized
[    0.006081] posixtimers hash table entries: 4096 (order: 4, 65536 bytes, linear)
[    0.006118] futex hash table entries: 2048 (131072 bytes on 1 NUMA nodes, total 128 KiB, linear).
[    0.006150] 19952 pages in range for non-PLT usage
[    0.006153] 511472 pages in range for PLT usage
[    0.006168] pinctrl core: initialized pinctrl subsystem
[    0.006346] DMI not present or invalid.
[    0.007421] NET: Registered PF_NETLINK/PF_ROUTE protocol family
[    0.007678] DMA: preallocated 128 KiB GFP_KERNEL pool for atomic allocations
[    0.007752] DMA: preallocated 128 KiB GFP_KERNEL|GFP_DMA pool for atomic allocations
[    0.007843] DMA: preallocated 128 KiB GFP_KERNEL|GFP_DMA32 pool for atomic allocations
[    0.007925] thermal_sys: Registered thermal governor 'step_wise'
[    0.007925] thermal_sys: Registered thermal governor 'power_allocator'
[    0.007930] cpuidle: using governor menu
[    0.007942] NET: Registered PF_QIPCRTR protocol family
[    0.007966] hw-breakpoint: found 6 breakpoint and 4 watchpoint registers.
[    0.008089] ASID allocator initialised with 256 entries
[    0.008271] Serial: AMBA PL011 UART driver
[    0.008437] c000000.pl011: ttyAMA0 at MMIO 0xc000000 (irq = 13, base_baud = 0) is a PL011 rev1
[    0.008495] printk: console [ttyAMA0] enabled
[    0.009328] HugeTLB: registered 1.00 GiB page size, pre-allocated 0 pages
[    0.009329] HugeTLB: 0 KiB vmemmap can be freed for a 1.00 GiB page
[    0.009330] HugeTLB: registered 32.0 MiB page size, pre-allocated 0 pages
[    0.009335] HugeTLB: 0 KiB vmemmap can be freed for a 32.0 MiB page
[    0.009335] HugeTLB: registered 2.00 MiB page size, pre-allocated 0 pages
[    0.009335] HugeTLB: 0 KiB vmemmap can be freed for a 2.00 MiB page
[    0.009336] HugeTLB: registered 64.0 KiB page size, pre-allocated 0 pages
[    0.009336] HugeTLB: 0 KiB vmemmap can be freed for a 64.0 KiB page
[    0.010365] raid6: skipped pq benchmark and selected neonx8
[    0.010365] raid6: using neon recovery algorithm
[    0.010391] ACPI: Interpreter disabled.
[    0.010534] iommu: Default domain type: Translated
[    0.010535] iommu: DMA domain TLB invalidation policy: strict mode
[    0.014030] pps_core: LinuxPPS API ver. 1 registered
[    0.014031] pps_core: Software ver. 5.3.6 - Copyright 2005-2007 Rodolfo Giometti <giometti@linux.it>
[    0.014032] PTP clock support registered
[    0.014041] EDAC MC: Ver: 3.0.0
[    0.014164] scmi_core: SCMI protocol bus registered
[    0.014263] FPGA manager framework
[    0.014456] nfc: nfc_init: NFC Core ver 0.1
[    0.014463] NET: Registered PF_NFC protocol family
[    0.014620] clocksource: Switched to clocksource arch_sys_counter
[    0.014708] VFS: Disk quotas dquot_6.6.0
[    0.014713] VFS: Dquot-cache hash table entries: 512 (order 0, 4096 bytes)
[    0.015002] pnp: PnP ACPI: disabled
[    0.015689] NET: Registered PF_INET protocol family
[    0.015727] IP idents hash table entries: 16384 (order: 5, 131072 bytes, linear)
[    0.015890] tcp_listen_portaddr_hash hash table entries: 512 (order: 1, 8192 bytes, linear)
[    0.015891] Table-perturb hash table entries: 65536 (order: 6, 262144 bytes, linear)
[    0.015893] TCP established hash table entries: 8192 (order: 4, 65536 bytes, linear)
[    0.015909] TCP bind hash table entries: 8192 (order: 6, 262144 bytes, linear)
[    0.015959] TCP: Hash tables configured (established 8192 bind 8192)
[    0.015991] UDP hash table entries: 512 (order: 3, 32768 bytes, linear)
[    0.015998] UDP-Lite hash table entries: 512 (order: 3, 32768 bytes, linear)
[    0.016017] NET: Registered PF_UNIX/PF_LOCAL protocol family
[    0.016164] kvm [1]: HYP mode not available
[    0.016269] Initialise system trusted keyrings
[    0.016352] workingset: timestamp_bits=42 max_order=18 bucket_order=0
[    0.016401] squashfs: version 4.0 (2009/01/31) Phillip Lougher
[    0.016429] fuse: init (API version 7.45)
[    0.016595] SGI XFS with ACLs, security attributes, scrub, repair, no debug enabled
[    0.016759] 9p: Installing v9fs 9p2000 file system support
[    0.022805] NET: Registered PF_ALG protocol family
[    0.022809] xor: measuring software checksum speed
[    0.022979]    8regs           : 19351 MB/sec
[    0.023056]    32regs          : 42747 MB/sec
[    0.023122]    arm64_neon      : 50090 MB/sec
[    0.023122] xor: using function: arm64_neon (50090 MB/sec)
[    0.023128] Key type asymmetric registered
[    0.023129] Asymmetric key parser 'x509' registered
[    0.023134] Block layer SCSI generic (bsg) driver version 0.4 loaded (major 239)
[    0.023134] io scheduler mq-deadline registered
[    0.023135] io scheduler kyber registered
[    0.023138] io scheduler bfq registered
[2m2026-09-07T23:13:06.164848Z[0m [33m WARN[0m [2mlighter_vmm::virtio::mmio[0m[2m:[0m queue notified before the driver was ready [3mdevice[0m[2m=[0m"virtio-vsock" [3mindex[0m[2m=[0m0
[    0.034894] ledtrig-cpu: registered to indicate activity on CPUs
[    0.034916] IPMI message handler: version 39.2
[2m2026-09-07T23:13:06.164993Z[0m [33m WARN[0m [2mlighter_vmm::virtio::mmio[0m[2m:[0m queue notified before the driver was ready [3mdevice[0m[2m=[0m"fs" [3mindex[0m[2m=[0m5
[2m2026-09-07T23:13:06.165044Z[0m [32m INFO[0m [2mlighter_fs::cache[0m[2m:[0m cache lifetime set by whether the guest can be told to forget [3minvalidation[0m[2m=[0m"push" [3mattr_ms[0m[2m=[0m20000 [3mentry_ms[0m[2m=[0m20000
[    0.034919] ipmi device interface
[2m2026-09-07T23:13:06.165210Z[0m [32m INFO[0m [2mlighter_vmm::virtio::fs[0m[2m:[0m share activated [3mtag[0m[2m=[0mbench [3mroot[0m[2m=[0m~/.lighter-bench/lighter
[    0.034997] ipmi_si: IPMI System Interface driver
[    0.035006] ipmi_si: Unable to find any System Interface(s)
[2m2026-09-07T23:13:06.165476Z[0m [33m WARN[0m [2mlighter_vmm::virtio::mmio[0m[2m:[0m queue notified before the driver was ready [3mdevice[0m[2m=[0m"fs" [3mindex[0m[2m=[0m5
[2m2026-09-07T23:13:06.165485Z[0m [32m INFO[0m [2mlighter_fs::cache[0m[2m:[0m cache lifetime set by whether the guest can be told to forget [3minvalidation[0m[2m=[0m"push" [3mattr_ms[0m[2m=[0m20000 [3mentry_ms[0m[2m=[0m20000
[    0.036782] virtiofs virtio4: discovered new tag: bench
[2m2026-09-07T23:13:06.165616Z[0m [32m INFO[0m [2mlighter_vmm::virtio::fs[0m[2m:[0m share activated [3mtag[0m[2m=[0mrosetta [3mroot[0m[2m=[0m/Library/Apple/usr/libexec/oah/RosettaLinux
[    0.037273] virtiofs virtio5: discovered new tag: rosetta
[    0.037817] Free page reporting enabled
[    0.037907] virtio_mem virtio8: start address: 0x80000000
[    0.037908] virtio_mem virtio8: region size: 0xc0000000
[    0.037908] virtio_mem virtio8: device block size: 0x8000000
[    0.037908] virtio_mem virtio8: nid: 0
[    0.037909] virtio_mem virtio8: memory block size: 0x8000000
[    0.037909] virtio_mem virtio8: big block size: 0x8000000
[    0.038005] virtio_mem virtio8: plugged size: 0x0
[    0.038005] virtio_mem virtio8: requested size: 0xc0000000
[    0.038643] Fallback order for Node 0: 0 
[    0.038645] Built 1 zonelists, mobility grouping on.  Total pages: 267393
[    0.038646] Policy zone: DMA
[    0.039161] Serial: 8250/16550 driver, 4 ports, IRQ sharing enabled
[    0.039454] msm_serial: driver initialized
[    0.039476] SuperH (H)SCI(F) driver initialized
[    0.039485] STM32 USART driver initialized
[    0.039786] random: crng init done
[    0.043038] Fallback order for Node 0: 0 
[    0.043047] Built 1 zonelists, mobility grouping on.  Total pages: 490481
[    0.043052] Policy zone: Normal
[    0.044070] loop: module loaded
[    0.048085] virtio_blk virtio0: 8/0/0 default/read/poll queues
[    0.048580] virtio_blk virtio0: [vda] 4194304 512-byte logical blocks (2.15 GB/2.00 GiB)
[    0.049645] virtio_blk virtio1: 8/0/0 default/read/poll queues
[    0.050139] virtio_blk virtio1: [vdb] 268435456 512-byte logical blocks (137 GB/128 GiB)
[    0.050487] zram: Added device: zram0
[    0.051245] tun: Universal TUN/TAP device driver, 1.6
[    0.052052] VFIO - User Level meta-driver version: 0.3
[    0.053917]  cs_system_cfg: CoreSight Configuration manager initialised
[    0.054145] gnss: GNSS driver registered with major 503
[    0.054333] GACT probability NOT on
[    0.054341] Mirror/redirect action on
[    0.054630] IPVS: Registered protocols ()
[    0.054637] IPVS: Connection hash table configured (size=4096, memory=32Kbytes)
[    0.054657] IPVS: ipvs loaded.
[    0.054689] Initializing XFRM netlink socket
[    0.054699] NET: Registered PF_INET6 protocol family
[    0.054926] Segment Routing with IPv6
[    0.054929] In-situ OAM (IOAM) with IPv6
[    0.054946] sit: IPv6, IPv4 and MPLS over IPv4 tunneling driver
[    0.055007] NET: Registered PF_PACKET protocol family
[    0.055122] 8021q: 802.1Q VLAN Support v1.8
[    0.055148] 9pnet: Installing 9P2000 support
[    0.055154] Key type dns_resolver registered
[    0.055184] NET: Registered PF_VSOCK protocol family
[    0.056845] registered taskstats version 1
[    0.056895] Loading compiled-in X.509 certificates
[    0.057725] Demotion targets for Node 0: null
[    0.057867] Btrfs loaded, zoned=no, fsverity=no
[    0.057970] clk: Disabling unused clocks
[    0.057972] PM: genpd: Disabling unused power domains
[    0.058269] check access for rdinit=/init failed: -2, ignoring
[    0.062910] EXT4-fs (vda): mounted filesystem b6b766ac-cd49-44a5-aac0-ad1817245fe0 r/w with ordered data mode. Quota mode: none.
[    0.062924] VFS: Mounted root (ext4 filesystem) on device 254:0.
[    0.063111] devtmpfs: mounted
[    0.063953] Freeing unused kernel memory: 12224K
[    0.063985] Run /sbin/lighter-init as init process
INIT clock=2026-09-07T23:13:05Z
INIT filesystems=ok
INIT formatting=/dev/vdb fs=btrfs mkfs=
INIT data_fs=btrfs
INIT data_opts=noatime,nodatacow,commit=30,thread_pool=1
[    0.145221] BTRFS: device label lighter-data devid 1 transid 8 /dev/vdb (254:16) scanned by mount (135)
[    0.145664] BTRFS info (device vdb): first mount of filesystem 0144a933-76bf-41ea-b4b5-26cdc9db0739
[    0.145691] BTRFS info (device vdb): using crc32c (crc32c-lib) checksum algorithm
[    0.146409] BTRFS info (device vdb): checking UUID tree
[    0.146501] BTRFS info (device vdb): setting nodatasum
INIT data=mounted[    0.146503] BTRFS info (device vdb): setting nodatacow
[    0.146504] BTRFS info (device vdb): turning on async discard

[    0.146504] BTRFS info (device vdb): enabling free space tree
INIT fstrim=0ms
[    0.153428] zram0: detected capacity change from 0 to 4194304
[    0.156370] Adding 2097148k swap on /dev/zram0.  Priority:100 extents:1 across:2097148k SS
INIT zram=on
[    0.157413] rcu: RCU calculated value of scheduler-enlistment delay is 25 jiffies.
[2m2026-09-07T23:13:06.286881Z[0m [32m INFO[0m [2mlighter_fs::server[0m[2m:[0m filesystem negotiated [3mguest[0m[2m=[0m7.45 [3mmax_write[0m[2m=[0m262144 [3mreaddirplus[0m[2m=[0mtrue [3mcreate_dialect[0m[2m=[0mtrue
INIT binfmt=x86_64 via=rosetta
[2m2026-09-07T23:13:06.288047Z[0m [32m INFO[0m [2mlighter_fs::server[0m[2m:[0m filesystem negotiated [3mguest[0m[2m=[0m7.45 [3mmax_write[0m[2m=[0m262144 [3mreaddirplus[0m[2m=[0mtrue [3mcreate_dialect[0m[2m=[0mtrue
INIT share=bench at=/mnt/bench
INIT dhcp=ok t=0.17
INIT ipv6=ok
INIT dockerd=ready after=100ms t=0.30
AGENT inbound port=2378
AGENT tcp-proxy port=15201
AGENT listening port=2376
AGENT listening port=2375
AGENT dns addr=192.168.127.2
AGENT udp-inbound
AGENT udp-proxy port=15202
AGENT udp-proxy port=15202
AGENT clock=set trip_us=68 attempt=0
INIT streams=on
INIT ready t=0.31
[2m2026-09-07T23:13:13.906714Z[0m [32m INFO[0m [2mlighter_vmm::virtio::mem[0m[2m:[0m virtio-mem offer [3mrequested_mib[0m[2m=[0m384 [3mplugged_mib[0m[2m=[0m3072
[    7.778566] virtio_mem virtio8: plugged size: 0xc0000000
[    7.778580] virtio_mem virtio8: requested size: 0x18000000
[    8.037590] Fallback order for Node 0: 0 
[    8.037602] Built 1 zonelists, mobility grouping on.  Total pages: 520084
[    8.037607] Policy zone: Normal
[2m2026-09-07T23:13:14.942031Z[0m [32m INFO[0m [2mlighter_vmm::virtio::mem[0m[2m:[0m virtio-mem offer [3mrequested_mib[0m[2m=[0m0 [3mplugged_mib[0m[2m=[0m384
[    8.813858] virtio_mem virtio8: plugged size: 0x18000000
[    8.813875] virtio_mem virtio8: requested size: 0x0
[2m2026-09-07T23:13:21.399594Z[0m [32m INFO[0m [2mlighter_vmm::virtio::mem[0m[2m:[0m virtio-mem offer [3mrequested_mib[0m[2m=[0m3072 [3mplugged_mib[0m[2m=[0m256
[   15.271260] virtio_mem virtio8: plugged size: 0x10000000
[   15.271272] virtio_mem virtio8: requested size: 0xc0000000
[   15.272039] Fallback order for Node 0: 0 
[   15.272048] Built 1 zonelists, mobility grouping on.  Total pages: 326516
[   15.272053] Policy zone: Normal
[   15.536367] docker0: port 1(vethf840784) entered blocking state
[   15.536375] docker0: port 1(vethf840784) entered disabled state
[   15.536380] vethf840784: entered allmulticast mode
[   15.536398] vethf840784: entered promiscuous mode
[   15.644606] eth0: renamed from vethde31cf8
[   15.652498] docker0: port 1(vethf840784) entered blocking state
[   15.652508] docker0: port 1(vethf840784) entered forwarding state
AGENT sockmap=on
[   27.918554] docker0: port 1(vethf840784) entered disabled state
[   27.918588] vethde31cf8: renamed from eth0
[   27.947429] docker0: port 1(vethf840784) entered disabled state
[   27.947703] vethf840784 (unregistering): left allmulticast mode
[   27.947712] vethf840784 (unregistering): left promiscuous mode
[   27.947718] docker0: port 1(vethf840784) entered disabled state
[   28.227183] docker0: port 1(veth304218e) entered blocking state
[   28.227193] docker0: port 1(veth304218e) entered disabled state
[   28.227202] veth304218e: entered allmulticast mode
[   28.227221] veth304218e: entered promiscuous mode
[   28.230227] eth0: renamed from veth4fafec6
[   28.230598] docker0: port 1(veth304218e) entered blocking state
[   28.230604] docker0: port 1(veth304218e) entered forwarding state
[2m2026-09-07T23:13:42.476925Z[0m [33m WARN[0m [2mlighter_fs::inode[0m[2m:[0m the share is holding more descriptors than it may [3mopen[0m[2m=[0m6247 [3mbudget[0m[2m=[0m6144 [3minodes[0m[2m=[0m25991 [3mlive[0m[2m=[0m25991 [3mexamined[0m[2m=[0m8192 [3mparked[0m[2m=[0m0 [3munheld[0m[2m=[0m0 [3mused[0m[2m=[0m0 [3mprivileged[0m[2m=[0m0 [3munparkable[0m[2m=[0m0
[2m2026-09-07T23:13:43.072788Z[0m [33m WARN[0m [2mlighter_fs::server[0m[2m:[0m an acknowledged mkdir or symlink failed to apply [3merrno[0m[2m=[0m17 [3mname[0m[2m=[0madaptors
[2m2026-09-07T23:13:43.073098Z[0m [33m WARN[0m [2mlighter_fs::server[0m[2m:[0m an acknowledged clone failed to apply [3merrno[0m[2m=[0m116 [3mname[0m[2m=[0mcreateConfigValueProvider.d.ts
[2m2026-09-07T23:13:43.073333Z[0m [33m WARN[0m [2mlighter_fs::server[0m[2m:[0m an acknowledged clone failed to apply [3merrno[0m[2m=[0m116 [3mname[0m[2m=[0mgetEndpointFromConfig.browser.d.ts
[2m2026-09-07T23:13:43.073354Z[0m [33m WARN[0m [2mlighter_fs::server[0m[2m:[0m an acknowledged clone failed to apply [3merrno[0m[2m=[0m116 [3mname[0m[2m=[0mgetEndpointFromConfig.d.ts
[2m2026-09-07T23:13:43.073472Z[0m [33m WARN[0m [2mlighter_fs::server[0m[2m:[0m an acknowledged clone failed to apply [3merrno[0m[2m=[0m116 [3mname[0m[2m=[0mgetEndpointFromInstructions.d.ts
[2m2026-09-07T23:13:43.073520Z[0m [33m WARN[0m [2mlighter_fs::server[0m[2m:[0m an acknowledged clone failed to apply [3merrno[0m[2m=[0m116 [3mname[0m[2m=[0mgetEndpointUrlConfig.d.ts
[2m2026-09-07T23:13:43.073549Z[0m [33m WARN[0m [2mlighter_fs::server[0m[2m:[0m an acknowledged clone failed to apply [3merrno[0m[2m=[0m116 [3mname[0m[2m=[0mindex.d.ts
[2m2026-09-07T23:13:43.073576Z[0m [33m WARN[0m [2mlighter_fs::server[0m[2m:[0m an acknowledged clone failed to apply [3merrno[0m[2m=[0m116 [3mname[0m[2m=[0mtoEndpointV1.d.ts
[   46.475537] docker0: port 1(veth304218e) entered disabled state
[   46.475571] veth4fafec6: renamed from eth0
[   46.494725] docker0: port 1(veth304218e) entered disabled state
[   46.494824] veth304218e (unregistering): left allmulticast mode
[   46.494825] veth304218e (unregistering): left promiscuous mode
[   46.494827] docker0: port 1(veth304218e) entered disabled state
[   46.641600] docker0: port 1(veth6ec958b) entered blocking state
[   46.641610] docker0: port 1(veth6ec958b) entered disabled state
[   46.641617] veth6ec958b: entered allmulticast mode
[   46.641635] veth6ec958b: entered promiscuous mode
[   46.645831] eth0: renamed from veth7ccd711
[   46.646144] docker0: port 1(veth6ec958b) entered blocking state
[   46.646154] docker0: port 1(veth6ec958b) entered forwarding state
[   62.391703] virtio_vsock: the large receive buffer was refused; posting a small one
[   62.391849] virtio_vsock: the large receive buffer was refused; posting a small one
[   62.391896] virtio_vsock: the large receive buffer was refused; posting a small one
[   62.391979] virtio_vsock: the large receive buffer was refused; posting a small one
[   62.392004] virtio_vsock: the large receive buffer was refused; posting a small one
[   62.392029] virtio_vsock: the large receive buffer was refused; posting a small one
[   62.392058] virtio_vsock: the large receive buffer was refused; posting a small one
[   62.392084] virtio_vsock: the large receive buffer was refused; posting a small one
[   62.392114] virtio_vsock: the large receive buffer was refused; posting a small one
[   62.392145] virtio_vsock: the large receive buffer was refused; posting a small one
[   80.386593] docker0: port 1(veth6ec958b) entered disabled state
[   80.386685] veth7ccd711: renamed from eth0
[   80.418135] docker0: port 1(veth6ec958b) entered disabled state
[   80.418527] veth6ec958b (unregistering): left allmulticast mode
[   80.418543] veth6ec958b (unregistering): left promiscuous mode
[   80.418550] docker0: port 1(veth6ec958b) entered disabled state
[   80.814240] docker0: port 1(vethdcdda43) entered blocking state
[   80.814251] docker0: port 1(vethdcdda43) entered disabled state
[   80.814258] vethdcdda43: entered allmulticast mode
[   80.814300] vethdcdda43: entered promiscuous mode
[   80.817980] eth0: renamed from veth5e01e3c
[   80.818399] docker0: port 1(vethdcdda43) entered blocking state
[   80.818409] docker0: port 1(vethdcdda43) entered forwarding state
[  130.597541] docker0: port 1(vethdcdda43) entered disabled state
[  130.597647] veth5e01e3c: renamed from eth0
[  130.628475] docker0: port 1(vethdcdda43) entered disabled state
[  130.628887] vethdcdda43 (unregistering): left allmulticast mode
[  130.628902] vethdcdda43 (unregistering): left promiscuous mode
[  130.628908] docker0: port 1(vethdcdda43) entered disabled state
[  130.840607] docker0: port 1(veth12ee767) entered blocking state
[  130.840618] docker0: port 1(veth12ee767) entered disabled state
[  130.840626] veth12ee767: entered allmulticast mode
[  130.840658] veth12ee767: entered promiscuous mode
[  130.845757] eth0: renamed from veth184eec7
[  130.846105] docker0: port 1(veth12ee767) entered blocking state
[  130.846114] docker0: port 1(veth12ee767) entered forwarding state
[2m2026-09-07T23:15:25.442402Z[0m [33m WARN[0m [2mlighter_fs::inode[0m[2m:[0m the share is holding more descriptors than it may [3mopen[0m[2m=[0m6267 [3mbudget[0m[2m=[0m6144 [3minodes[0m[2m=[0m68209 [3mlive[0m[2m=[0m68209 [3mexamined[0m[2m=[0m8192 [3mparked[0m[2m=[0m0 [3munheld[0m[2m=[0m0 [3mused[0m[2m=[0m0 [3mprivileged[0m[2m=[0m0 [3munparkable[0m[2m=[0m0
[  164.574367] docker0: port 1(veth12ee767) entered disabled state
[  164.574407] veth184eec7: renamed from eth0
[  164.591212] docker0: port 1(veth12ee767) entered disabled state
[  164.591478] veth12ee767 (unregistering): left allmulticast mode
[  164.591488] veth12ee767 (unregistering): left promiscuous mode
[  164.591498] docker0: port 1(veth12ee767) entered disabled state
[  164.819599] docker0: port 1(veth9354599) entered blocking state
[  164.819610] docker0: port 1(veth9354599) entered disabled state
[  164.819616] veth9354599: entered allmulticast mode
[  164.819635] veth9354599: entered promiscuous mode
[  164.823887] eth0: renamed from vethdba39b9
[  164.824323] docker0: port 1(veth9354599) entered blocking state
[  164.824335] docker0: port 1(veth9354599) entered forwarding state
[  208.716385] docker0: port 1(veth9354599) entered disabled state
[  208.716500] vethdba39b9: renamed from eth0
[  208.737066] docker0: port 1(veth9354599) entered disabled state
[  208.737719] veth9354599 (unregistering): left allmulticast mode
[  208.737755] veth9354599 (unregistering): left promiscuous mode
[  208.737761] docker0: port 1(veth9354599) entered disabled state
[  208.921916] docker0: port 1(vethc4b5918) entered blocking state
[  208.921927] docker0: port 1(vethc4b5918) entered disabled state
[  208.921938] vethc4b5918: entered allmulticast mode
[  208.921957] vethc4b5918: entered promiscuous mode
[  208.929329] eth0: renamed from veth7e34422
[  208.929887] docker0: port 1(vethc4b5918) entered blocking state
[  208.929896] docker0: port 1(vethc4b5918) entered forwarding state
[  223.762189] docker0: port 1(vethc4b5918) entered disabled state
[  223.762275] veth7e34422: renamed from eth0
[  223.787808] docker0: port 1(vethc4b5918) entered disabled state
[  223.788119] vethc4b5918 (unregistering): left allmulticast mode
[  223.788131] vethc4b5918 (unregistering): left promiscuous mode
[  223.788138] docker0: port 1(vethc4b5918) entered disabled state
[  224.007009] docker0: port 1(vetha144198) entered blocking state
[  224.007020] docker0: port 1(vetha144198) entered disabled state
[  224.007029] vetha144198: entered allmulticast mode
[  224.007049] vetha144198: entered promiscuous mode
[  224.014505] eth0: renamed from veth8bdd9eb
[  224.014975] docker0: port 1(vetha144198) entered blocking state
[  224.015000] docker0: port 1(vetha144198) entered forwarding state
[  231.056058] docker0: port 1(vetha144198) entered disabled state
[  231.056104] veth8bdd9eb: renamed from eth0
[  231.099386] docker0: port 1(vetha144198) entered disabled state
[  231.099715] vetha144198 (unregistering): left allmulticast mode
[  231.099727] vetha144198 (unregistering): left promiscuous mode
[  231.099733] docker0: port 1(vetha144198) entered disabled state
[  231.308782] docker0: port 1(veth06ba9ab) entered blocking state
[  231.308794] docker0: port 1(veth06ba9ab) entered disabled state
[  231.308802] veth06ba9ab: entered allmulticast mode
[  231.308835] veth06ba9ab: entered promiscuous mode
[  231.312862] eth0: renamed from vethc198d81
[  231.313359] docker0: port 1(veth06ba9ab) entered blocking state
[  231.313366] docker0: port 1(veth06ba9ab) entered forwarding state
[  231.749679] vethc198d81: renamed from eth0
[  231.749998] docker0: port 1(veth06ba9ab) entered disabled state
[  231.779421] docker0: port 1(veth06ba9ab) entered disabled state
[  231.779713] veth06ba9ab (unregistering): left allmulticast mode
[  231.779722] veth06ba9ab (unregistering): left promiscuous mode
[  231.779728] docker0: port 1(veth06ba9ab) entered disabled state
[  231.913480] docker0: port 1(veth0be70a6) entered blocking state
[  231.913492] docker0: port 1(veth0be70a6) entered disabled state
[  231.913499] veth0be70a6: entered allmulticast mode
[  231.913518] veth0be70a6: entered promiscuous mode
[  231.917083] eth0: renamed from vethf95fa6b
[  231.917489] docker0: port 1(veth0be70a6) entered blocking state
[  231.917499] docker0: port 1(veth0be70a6) entered forwarding state
[2m2026-09-07T23:16:59.213240Z[0m [32m INFO[0m [2mlighter_vmm::memory_policy[0m[2m:[0m balloon target [3mtarget_mib[0m[2m=[0m256
[2m2026-09-07T23:17:04.846471Z[0m [32m INFO[0m [2mlighter_vmm::memory_policy[0m[2m:[0m balloon target [3mtarget_mib[0m[2m=[0m0
[2m2026-09-07T23:17:05.929585Z[0m [33m WARN[0m [2mlighter_fs::inode[0m[2m:[0m the share is holding more descriptors than it may [3mopen[0m[2m=[0m6257 [3mbudget[0m[2m=[0m6144 [3minodes[0m[2m=[0m198562 [3mlive[0m[2m=[0m198587 [3mexamined[0m[2m=[0m8192 [3mparked[0m[2m=[0m0 [3munheld[0m[2m=[0m0 [3mused[0m[2m=[0m0 [3mprivileged[0m[2m=[0m0 [3munparkable[0m[2m=[0m0
[  261.537437] docker0: port 1(veth0be70a6) entered disabled state
[  261.537581] vethf95fa6b: renamed from eth0
[  261.576420] docker0: port 1(veth0be70a6) entered disabled state
[  261.576871] veth0be70a6 (unregistering): left allmulticast mode
[  261.576888] veth0be70a6 (unregistering): left promiscuous mode
[  261.576894] docker0: port 1(veth0be70a6) entered disabled state
[  261.813194] docker0: port 1(veth869cb1f) entered blocking state
[  261.813208] docker0: port 1(veth869cb1f) entered disabled state
[  261.813215] veth869cb1f: entered allmulticast mode
[  261.813252] veth869cb1f: entered promiscuous mode
[  261.817753] eth0: renamed from veth409f5e2
[  261.818302] docker0: port 1(veth869cb1f) entered blocking state
[  261.818310] docker0: port 1(veth869cb1f) entered forwarding state
[  287.180180] docker0: port 1(veth869cb1f) entered disabled state
[  287.180339] veth409f5e2: renamed from eth0
[  287.208180] docker0: port 1(veth869cb1f) entered disabled state
[  287.208578] veth869cb1f (unregistering): left allmulticast mode
[  287.208593] veth869cb1f (unregistering): left promiscuous mode
[  287.208603] docker0: port 1(veth869cb1f) entered disabled state
[  287.426514] docker0: port 1(veth963c27b) entered blocking state
[  287.426526] docker0: port 1(veth963c27b) entered disabled state
[  287.426538] veth963c27b: entered allmulticast mode
[  287.426583] veth963c27b: entered promiscuous mode
[  287.430750] eth0: renamed from veth306f615
[  287.431400] docker0: port 1(veth963c27b) entered blocking state
[  287.431409] docker0: port 1(veth963c27b) entered forwarding state
[  306.376729] docker0: port 1(veth963c27b) entered disabled state
[  306.376764] veth306f615: renamed from eth0
[  306.395651] docker0: port 1(veth963c27b) entered disabled state
[  306.395912] veth963c27b (unregistering): left allmulticast mode
[  306.395922] veth963c27b (unregistering): left promiscuous mode
[  306.395930] docker0: port 1(veth963c27b) entered disabled state
[  308.745768] docker0: port 1(veth26810c3) entered blocking state
[  308.745778] docker0: port 1(veth26810c3) entered disabled state
[  308.745787] veth26810c3: entered allmulticast mode
[  308.745815] veth26810c3: entered promiscuous mode
[  308.749186] eth0: renamed from veth1b5c1eb
[  308.749563] docker0: port 1(veth26810c3) entered blocking state
[  308.749574] docker0: port 1(veth26810c3) entered forwarding state
[  308.781852] docker0: port 1(veth26810c3) entered disabled state
[  308.781885] veth1b5c1eb: renamed from eth0
[  308.806780] docker0: port 1(veth26810c3) entered disabled state
[  308.807041] veth26810c3 (unregistering): left allmulticast mode
[  308.807050] veth26810c3 (unregistering): left promiscuous mode
[  308.807056] docker0: port 1(veth26810c3) entered disabled state
[  309.111544] docker0: port 1(vethd1d078b) entered blocking state
[  309.111556] docker0: port 1(vethd1d078b) entered disabled state
[  309.111563] vethd1d078b: entered allmulticast mode
[  309.111582] vethd1d078b: entered promiscuous mode
[  309.115248] eth0: renamed from veth64fa6d0
[  309.115600] docker0: port 1(vethd1d078b) entered blocking state
[  309.115610] docker0: port 1(vethd1d078b) entered forwarding state
[  309.140642] docker0: port 1(vethd1d078b) entered disabled state
[  309.140674] veth64fa6d0: renamed from eth0
[  309.166721] docker0: port 1(vethd1d078b) entered disabled state
[  309.166862] vethd1d078b (unregistering): left allmulticast mode
[  309.166864] vethd1d078b (unregistering): left promiscuous mode
[  309.166869] docker0: port 1(vethd1d078b) entered disabled state
[  309.310146] docker0: port 1(veth76fe780) entered blocking state
[  309.310156] docker0: port 1(veth76fe780) entered disabled state
[  309.310166] veth76fe780: entered allmulticast mode
[  309.310185] veth76fe780: entered promiscuous mode
[  309.313714] eth0: renamed from veth73ebe7e
[  309.313937] docker0: port 1(veth76fe780) entered blocking state
[  309.313945] docker0: port 1(veth76fe780) entered forwarding state
[  309.349431] docker0: port 1(veth76fe780) entered disabled state
[  309.349484] veth73ebe7e: renamed from eth0
[  309.370864] docker0: port 1(veth76fe780) entered disabled state
[  309.371112] veth76fe780 (unregistering): left allmulticast mode
[  309.371121] veth76fe780 (unregistering): left promiscuous mode
[  309.371127] docker0: port 1(veth76fe780) entered disabled state
[  309.525624] docker0: port 1(veth5e1df22) entered blocking state
[  309.525635] docker0: port 1(veth5e1df22) entered disabled state
[  309.525642] veth5e1df22: entered allmulticast mode
[  309.525660] veth5e1df22: entered promiscuous mode
[  309.529245] eth0: renamed from veth3b3cbc8
[  309.529651] docker0: port 1(veth5e1df22) entered blocking state
[  309.529662] docker0: port 1(veth5e1df22) entered forwarding state
[  309.565731] docker0: port 1(veth5e1df22) entered disabled state
[  309.565770] veth3b3cbc8: renamed from eth0
[  309.586555] docker0: port 1(veth5e1df22) entered disabled state
[  309.586815] veth5e1df22 (unregistering): left allmulticast mode
[  309.586825] veth5e1df22 (unregistering): left promiscuous mode
[  309.586830] docker0: port 1(veth5e1df22) entered disabled state
[  309.726563] docker0: port 1(veth2b7cf4d) entered blocking state
[  309.726575] docker0: port 1(veth2b7cf4d) entered disabled state
[  309.726583] veth2b7cf4d: entered allmulticast mode
[  309.726610] veth2b7cf4d: entered promiscuous mode
[  309.730479] eth0: renamed from vethc787441
[  309.730936] docker0: port 1(veth2b7cf4d) entered blocking state
[  309.730952] docker0: port 1(veth2b7cf4d) entered forwarding state
[  310.257137] vethc787441: renamed from eth0
[  310.257384] docker0: port 1(veth2b7cf4d) entered disabled state
[  310.279590] docker0: port 1(veth2b7cf4d) entered disabled state
[  310.279864] veth2b7cf4d (unregistering): left allmulticast mode
[  310.279873] veth2b7cf4d (unregistering): left promiscuous mode
[  310.279886] docker0: port 1(veth2b7cf4d) entered disabled state
[  315.573236] docker0: port 1(veth7ddb09e) entered blocking state
[  315.573248] docker0: port 1(veth7ddb09e) entered disabled state
[  315.573258] veth7ddb09e: entered allmulticast mode
[  315.573278] veth7ddb09e: entered promiscuous mode
[  315.577044] eth0: renamed from vethe13de65
[  315.577760] docker0: port 1(veth7ddb09e) entered blocking state
[  315.577793] docker0: port 1(veth7ddb09e) entered forwarding state
[  332.765903] docker0: port 1(veth7ddb09e) entered disabled state
[  332.765939] vethe13de65: renamed from eth0
[  332.783178] docker0: port 1(veth7ddb09e) entered disabled state
[  332.783435] veth7ddb09e (unregistering): left allmulticast mode
[  332.783444] veth7ddb09e (unregistering): left promiscuous mode
[  332.783450] docker0: port 1(veth7ddb09e) entered disabled state
[2m2026-09-07T23:18:42.049346Z[0m [32m INFO[0m [2mlighter_vmm::virtio::mem[0m[2m:[0m virtio-mem offer [3mrequested_mib[0m[2m=[0m1792 [3mplugged_mib[0m[2m=[0m3072
[  335.918751] virtio_mem virtio8: plugged size: 0xc0000000
[  335.918807] virtio_mem virtio8: requested size: 0x70000000
[2m2026-09-07T23:18:42.826325Z[0m [32m INFO[0m [2mlighter_vmm::virtio::mem[0m[2m:[0m virtio-mem offer [3mrequested_mib[0m[2m=[0m512 [3mplugged_mib[0m[2m=[0m1792
[  336.691154] virtio_mem virtio8: plugged size: 0x70000000
[  336.691189] virtio_mem virtio8: requested size: 0x20000000
[  336.851073] Fallback order for Node 0: 0 
[  336.851087] Built 1 zonelists, mobility grouping on.  Total pages: 520084
[  336.851092] Policy zone: Normal
[2m2026-09-07T23:18:43.836476Z[0m [32m INFO[0m [2mlighter_vmm::virtio::mem[0m[2m:[0m virtio-mem offer [3mrequested_mib[0m[2m=[0m0 [3mplugged_mib[0m[2m=[0m1152
[  337.701283] virtio_mem virtio8: plugged size: 0x48000000
[  337.701314] virtio_mem virtio8: requested size: 0x0
[2m2026-09-07T23:19:39.998889Z[0m [32m INFO[0m [2mlighter_vmm::virtio::mem[0m[2m:[0m virtio-mem offer [3mrequested_mib[0m[2m=[0m3072 [3mplugged_mib[0m[2m=[0m1152
[  393.862392] virtio_mem virtio8: plugged size: 0x48000000
[  393.862404] virtio_mem virtio8: requested size: 0xc0000000
[  393.863244] Fallback order for Node 0: 0 
[  393.863254] Built 1 zonelists, mobility grouping on.  Total pages: 552308
[  393.863259] Policy zone: Normal
[  393.929545] docker0: port 1(veth9bc3780) entered blocking state
[  393.929557] docker0: port 1(veth9bc3780) entered disabled state
[  393.929564] veth9bc3780: entered allmulticast mode
[  393.929583] veth9bc3780: entered promiscuous mode
[  393.933380] eth0: renamed from vethfcd9ca3
[  393.933764] docker0: port 1(veth9bc3780) entered blocking state
[  393.933774] docker0: port 1(veth9bc3780) entered forwarding state
[2m2026-09-07T23:19:40.101730Z[0m [32m INFO[0m [2mlighter_vmm::streams[0m[2m:[0m port published through a stream [3mpublished[0m[2m=[0mtcp [::]:5398 [3maddr[0m[2m=[0m[::]:5398 [3mdst[0m[2m=[0m[fd6c:6967:6874::2]:5398
[2m2026-09-07T23:19:40.101758Z[0m [32m INFO[0m [2mlighter_docker[0m[2m:[0m port forwarded [3mpublished[0m[2m=[0mtcp [::]:5398
[2m2026-09-07T23:19:40.101811Z[0m [32m INFO[0m [2mlighter_vmm::streams[0m[2m:[0m port published through a stream [3mpublished[0m[2m=[0mtcp 0.0.0.0:5398 [3maddr[0m[2m=[0m0.0.0.0:5398 [3mdst[0m[2m=[0m192.168.127.2:5398
[2m2026-09-07T23:19:40.101837Z[0m [32m INFO[0m [2mlighter_docker[0m[2m:[0m port forwarded [3mpublished[0m[2m=[0mtcp 0.0.0.0:5398
[  394.031402] docker0: port 2(veth0c72eb0) entered blocking state
[  394.031412] docker0: port 2(veth0c72eb0) entered disabled state
[  394.031420] veth0c72eb0: entered allmulticast mode
[  394.031440] veth0c72eb0: entered promiscuous mode
[  394.035300] eth0: renamed from vethc13ed53
[  394.035671] docker0: port 2(veth0c72eb0) entered blocking state
[  394.035679] docker0: port 2(veth0c72eb0) entered forwarding state
[2m2026-09-07T23:19:40.197178Z[0m [32m INFO[0m [2mlighter_vmm::streams[0m[2m:[0m port published through a stream [3mpublished[0m[2m=[0mtcp 0.0.0.0:5397 [3maddr[0m[2m=[0m0.0.0.0:5397 [3mdst[0m[2m=[0m192.168.127.2:5397
[2m2026-09-07T23:19:40.197220Z[0m [32m INFO[0m [2mlighter_docker[0m[2m:[0m port forwarded [3mpublished[0m[2m=[0mtcp 0.0.0.0:5397
[2m2026-09-07T23:19:40.197346Z[0m [32m INFO[0m [2mlighter_vmm::streams[0m[2m:[0m port published through a stream [3mpublished[0m[2m=[0mtcp [::]:5397 [3maddr[0m[2m=[0m[::]:5397 [3mdst[0m[2m=[0m[fd6c:6967:6874::2]:5397
[2m2026-09-07T23:19:40.197407Z[0m [32m INFO[0m [2mlighter_docker[0m[2m:[0m port forwarded [3mpublished[0m[2m=[0mtcp [::]:5397
AGENT sockmap=on
[  394.201061] docker0: port 3(veth312879a) entered blocking state
[  394.201069] docker0: port 3(veth312879a) entered disabled state
[  394.201075] veth312879a: entered allmulticast mode
[  394.201093] veth312879a: entered promiscuous mode
[  394.216504] eth0: renamed from veth6f04335
[  394.216891] docker0: port 3(veth312879a) entered blocking state
[  394.216902] docker0: port 3(veth312879a) entered forwarding state
[  397.256654] docker0: port 3(veth312879a) entered disabled state
[  397.256692] veth6f04335: renamed from eth0
[  397.279548] docker0: port 3(veth312879a) entered disabled state
[  397.279822] veth312879a (unregistering): left allmulticast mode
[  397.279832] veth312879a (unregistering): left promiscuous mode
[  397.279837] docker0: port 3(veth312879a) entered disabled state
[  397.396831] docker0: port 3(vetha377063) entered blocking state
[  397.396841] docker0: port 3(vetha377063) entered disabled state
[  397.396848] vetha377063: entered allmulticast mode
[  397.396867] vetha377063: entered promiscuous mode
[  397.399934] eth0: renamed from veth48b76f2
[  397.400291] docker0: port 3(vetha377063) entered blocking state
[  397.400301] docker0: port 3(vetha377063) entered forwarding state
[  400.428518] docker0: port 3(vetha377063) entered disabled state
[  400.428552] veth48b76f2: renamed from eth0
[  400.443106] docker0: port 3(vetha377063) entered disabled state
[  400.443388] vetha377063 (unregistering): left allmulticast mode
[  400.443398] vetha377063 (unregistering): left promiscuous mode
[  400.443403] docker0: port 3(vetha377063) entered disabled state
[  400.574630] docker0: port 3(veth7b42be1) entered blocking state
[  400.574637] docker0: port 3(veth7b42be1) entered disabled state
[  400.574646] veth7b42be1: entered allmulticast mode
[  400.574666] veth7b42be1: entered promiscuous mode
[  400.578639] eth0: renamed from veth0728ebb
[  400.578920] docker0: port 3(veth7b42be1) entered blocking state
[  400.578930] docker0: port 3(veth7b42be1) entered forwarding state
[  403.617559] docker0: port 3(veth7b42be1) entered disabled state
[  403.617592] veth0728ebb: renamed from eth0
[  403.638924] docker0: port 3(veth7b42be1) entered disabled state
[  403.639194] veth7b42be1 (unregistering): left allmulticast mode
[  403.639204] veth7b42be1 (unregistering): left promiscuous mode
[  403.639209] docker0: port 3(veth7b42be1) entered disabled state
[  403.774033] docker0: port 3(veth50d5927) entered blocking state
[  403.774044] docker0: port 3(veth50d5927) entered disabled state
[  403.774053] veth50d5927: entered allmulticast mode
[  403.774072] veth50d5927: entered promiscuous mode
[  403.777768] eth0: renamed from veth172fe7d
[  403.778140] docker0: port 3(veth50d5927) entered blocking state
[  403.778148] docker0: port 3(veth50d5927) entered forwarding state
[  406.805870] docker0: port 3(veth50d5927) entered disabled state
[  406.805909] veth172fe7d: renamed from eth0
[  406.826989] docker0: port 3(veth50d5927) entered disabled state
[  406.827265] veth50d5927 (unregistering): left allmulticast mode
[  406.827274] veth50d5927 (unregistering): left promiscuous mode
[  406.827279] docker0: port 3(veth50d5927) entered disabled state
[  406.976117] docker0: port 3(veth2afabe6) entered blocking state
[  406.976130] docker0: port 3(veth2afabe6) entered disabled state
[  406.976146] veth2afabe6: entered allmulticast mode
[  406.976166] veth2afabe6: entered promiscuous mode
[  406.979751] eth0: renamed from veth84739d7
[  406.980139] docker0: port 3(veth2afabe6) entered blocking state
[  406.980149] docker0: port 3(veth2afabe6) entered forwarding state
[  410.016549] veth84739d7: renamed from eth0
[  410.016712] docker0: port 3(veth2afabe6) entered disabled state
[  410.035213] docker0: port 3(veth2afabe6) entered disabled state
[  410.035277] veth2afabe6 (unregistering): left allmulticast mode
[  410.035278] veth2afabe6 (unregistering): left promiscuous mode
[  410.035279] docker0: port 3(veth2afabe6) entered disabled state
[  410.165389] docker0: port 3(veth7ebdb25) entered blocking state
[  410.165401] docker0: port 3(veth7ebdb25) entered disabled state
[  410.165408] veth7ebdb25: entered allmulticast mode
[  410.165427] veth7ebdb25: entered promiscuous mode
[  410.169037] eth0: renamed from vetha3378e5
[  410.169404] docker0: port 3(veth7ebdb25) entered blocking state
[  410.169413] docker0: port 3(veth7ebdb25) entered forwarding state
[  413.203940] docker0: port 3(veth7ebdb25) entered disabled state
[  413.203975] vetha3378e5: renamed from eth0
[  413.223108] docker0: port 3(veth7ebdb25) entered disabled state
[  413.223365] veth7ebdb25 (unregistering): left allmulticast mode
[  413.223375] veth7ebdb25 (unregistering): left promiscuous mode
[  413.223381] docker0: port 3(veth7ebdb25) entered disabled state
[  431.582775] docker0: port 3(veth0aa3beb) entered blocking state
[  431.582787] docker0: port 3(veth0aa3beb) entered disabled state
[  431.582797] veth0aa3beb: entered allmulticast mode
[  431.582816] veth0aa3beb: entered promiscuous mode
[  431.586353] eth0: renamed from veth5e8c406
[  431.586728] docker0: port 3(veth0aa3beb) entered blocking state
[  431.586738] docker0: port 3(veth0aa3beb) entered forwarding state
[  434.638795] docker0: port 3(veth0aa3beb) entered disabled state
[  434.638833] veth5e8c406: renamed from eth0
[  434.662680] docker0: port 3(veth0aa3beb) entered disabled state
[  434.662961] veth0aa3beb (unregistering): left allmulticast mode
[  434.662970] veth0aa3beb (unregistering): left promiscuous mode
[  434.662976] docker0: port 3(veth0aa3beb) entered disabled state
[  434.788770] docker0: port 3(veth1b845d2) entered blocking state
[  434.788780] docker0: port 3(veth1b845d2) entered disabled state
[  434.788791] veth1b845d2: entered allmulticast mode
[  434.788810] veth1b845d2: entered promiscuous mode
[  434.792441] eth0: renamed from veth40c53cf
[  434.792816] docker0: port 3(veth1b845d2) entered blocking state
[  434.792824] docker0: port 3(veth1b845d2) entered forwarding state
[  437.849051] docker0: port 3(veth1b845d2) entered disabled state
[  437.849091] veth40c53cf: renamed from eth0
[  437.867337] docker0: port 3(veth1b845d2) entered disabled state
[  437.867620] veth1b845d2 (unregistering): left allmulticast mode
[  437.867630] veth1b845d2 (unregistering): left promiscuous mode
[  437.867635] docker0: port 3(veth1b845d2) entered disabled state
[  438.008818] docker0: port 3(vetheb78de1) entered blocking state
[  438.008828] docker0: port 3(vetheb78de1) entered disabled state
[  438.008835] vetheb78de1: entered allmulticast mode
[  438.008854] vetheb78de1: entered promiscuous mode
[  438.012220] eth0: renamed from veth75735ac
[  438.012561] docker0: port 3(vetheb78de1) entered blocking state
[  438.012571] docker0: port 3(vetheb78de1) entered forwarding state
[  441.059512] docker0: port 3(vetheb78de1) entered disabled state
[  441.059945] veth75735ac: renamed from eth0
[  441.083231] docker0: port 3(vetheb78de1) entered disabled state
[  441.083509] vetheb78de1 (unregistering): left allmulticast mode
[  441.083519] vetheb78de1 (unregistering): left promiscuous mode
[  441.083525] docker0: port 3(vetheb78de1) entered disabled state
[  442.737196] docker0: port 3(veth1e8510a) entered blocking state
[  442.737211] docker0: port 3(veth1e8510a) entered disabled state
[  442.737220] veth1e8510a: entered allmulticast mode
[  442.737240] veth1e8510a: entered promiscuous mode
[  442.740423] eth0: renamed from vethfa048a3
[  442.740767] docker0: port 3(veth1e8510a) entered blocking state
[  442.740776] docker0: port 3(veth1e8510a) entered forwarding state
[  442.845593] vethfa048a3: renamed from eth0
[  442.845905] docker0: port 3(veth1e8510a) entered disabled state
[  442.871195] docker0: port 3(veth1e8510a) entered disabled state
[  442.871454] veth1e8510a (unregistering): left allmulticast mode
[  442.871463] veth1e8510a (unregistering): left promiscuous mode
[  442.871469] docker0: port 3(veth1e8510a) entered disabled state
[  442.965145] docker0: port 3(vethd0e8b75) entered blocking state
[  442.965155] docker0: port 3(vethd0e8b75) entered disabled state
[  442.965162] vethd0e8b75: entered allmulticast mode
[  442.965180] vethd0e8b75: entered promiscuous mode
[  442.968768] eth0: renamed from veth5a6c8b5
[  442.969162] docker0: port 3(vethd0e8b75) entered blocking state
[  442.969171] docker0: port 3(vethd0e8b75) entered forwarding state
[  443.102177] docker0: port 3(vethd0e8b75) entered disabled state
[  443.102266] veth5a6c8b5: renamed from eth0
[  443.124208] docker0: port 3(vethd0e8b75) entered disabled state
[  443.124500] vethd0e8b75 (unregistering): left allmulticast mode
[  443.124513] vethd0e8b75 (unregistering): left promiscuous mode
[  443.124519] docker0: port 3(vethd0e8b75) entered disabled state
[  443.225710] docker0: port 3(veth27798fe) entered blocking state
[  443.225728] docker0: port 3(veth27798fe) entered disabled state
[  443.225737] veth27798fe: entered allmulticast mode
[  443.225756] veth27798fe: entered promiscuous mode
[  443.229487] eth0: renamed from vethd8aec78
[  443.229875] docker0: port 3(veth27798fe) entered blocking state
[  443.229885] docker0: port 3(veth27798fe) entered forwarding state
[  443.317097] docker0: port 3(veth27798fe) entered disabled state
[  443.317174] vethd8aec78: renamed from eth0
[  443.343433] docker0: port 3(veth27798fe) entered disabled state
[  443.343683] veth27798fe (unregistering): left allmulticast mode
[  443.343693] veth27798fe (unregistering): left promiscuous mode
[  443.343699] docker0: port 3(veth27798fe) entered disabled state
[  443.482828] vethfcd9ca3: renamed from eth0
[  443.482938] docker0: port 1(veth9bc3780) entered disabled state
[  443.511838] docker0: port 1(veth9bc3780) entered disabled state
[  443.512447] veth9bc3780 (unregistering): left allmulticast mode
[  443.512470] veth9bc3780 (unregistering): left promiscuous mode
[  443.512485] docker0: port 1(veth9bc3780) entered disabled state
[  443.523122] docker0: port 2(veth0c72eb0) entered disabled state
[  443.523212] vethc13ed53: renamed from eth0
[2m2026-09-07T23:20:29.709597Z[0m [32m INFO[0m [2mlighter_docker[0m[2m:[0m port forward withdrawn [3mpublished[0m[2m=[0mtcp 0.0.0.0:5398
[2m2026-09-07T23:20:29.709783Z[0m [32m INFO[0m [2mlighter_docker[0m[2m:[0m port forward withdrawn [3mpublished[0m[2m=[0mtcp [::]:5398
[  443.572991] docker0: port 2(veth0c72eb0) entered disabled state
[  443.573444] veth0c72eb0 (unregistering): left allmulticast mode
[  443.573456] veth0c72eb0 (unregistering): left promiscuous mode
[  443.573463] docker0: port 2(veth0c72eb0) entered disabled state
[2m2026-09-07T23:20:29.766895Z[0m [32m INFO[0m [2mlighter_docker[0m[2m:[0m port forward withdrawn [3mpublished[0m[2m=[0mtcp 0.0.0.0:5397
[2m2026-09-07T23:20:29.767053Z[0m [32m INFO[0m [2mlighter_docker[0m[2m:[0m port forward withdrawn [3mpublished[0m[2m=[0mtcp [::]:5397
[2m2026-09-07T23:20:39.124102Z[0m [32m INFO[0m [2mlighter_vmm::virtio::mem[0m[2m:[0m virtio-mem offer [3mrequested_mib[0m[2m=[0m512 [3mplugged_mib[0m[2m=[0m3072
[  452.986493] virtio_mem virtio8: plugged size: 0xc0000000
[  452.986563] virtio_mem virtio8: requested size: 0x20000000
[  453.263715] Fallback order for Node 0: 0 
[  453.263726] Built 1 zonelists, mobility grouping on.  Total pages: 520084
[  453.263732] Policy zone: Normal
[2m2026-09-07T23:20:40.943325Z[0m [32m INFO[0m [2mlighter_vmm::virtio::mem[0m[2m:[0m virtio-mem offer [3mrequested_mib[0m[2m=[0m0 [3mplugged_mib[0m[2m=[0m1152
[  454.805563] virtio_mem virtio8: plugged size: 0x48000000
[  454.805593] virtio_mem virtio8: requested size: 0x0
[2m2026-09-07T23:21:41.058281Z[0m [32m INFO[0m [2mlighter_vmm::memory_policy[0m[2m:[0m virtio-mem: an unplug the guest could not finish; keeping the block [3mplugged_mib[0m[2m=[0m1152
[2m2026-09-07T23:21:41.058356Z[0m [32m INFO[0m [2mlighter_vmm::virtio::mem[0m[2m:[0m virtio-mem offer [3mrequested_mib[0m[2m=[0m1152 [3mplugged_mib[0m[2m=[0m1152
[  514.919291] virtio_mem virtio8: plugged size: 0x48000000
[  514.919306] virtio_mem virtio8: requested size: 0x48000000
[2m2026-09-07T23:21:46.105666Z[0m [32m INFO[0m [2mlighter_vmm::virtio::mem[0m[2m:[0m virtio-mem offer [3mrequested_mib[0m[2m=[0m0 [3mplugged_mib[0m[2m=[0m1152
[  519.966588] virtio_mem virtio8: plugged size: 0x48000000
[  519.966700] virtio_mem virtio8: requested size: 0x0
