[2m2026-09-07T22:53:03.491502Z[0m [32m INFO[0m [2mlighter_vmm::net[0m[2m:[0m network started [3mgateway[0m[2m=[0m"192.168.127.1" [3mguest[0m[2m=[0m"192.168.127.2" [3mmtu[0m[2m=[0m1500
[2m2026-09-07T22:53:03.491638Z[0m [32m INFO[0m [2mlighter_vmm::machine[0m[2m:[0m attached disk [3mpath[0m[2m=[0m/var/folders/t_/gbzzqq_x4hvg4qdrhspkp37m0000gn/T/lighter-rootfs.NEmZq2ertp.ext4 [3mcapacity_mib[0m[2m=[0m2048 [3mallocated_kib[0m[2m=[0m2097152
[2m2026-09-07T22:53:03.491723Z[0m [32m INFO[0m [2mlighter_vmm::machine[0m[2m:[0m attached disk [3mpath[0m[2m=[0m/var/folders/t_/gbzzqq_x4hvg4qdrhspkp37m0000gn/T/lighter-bench.TgeRC1Xhj0/data.img [3mcapacity_mib[0m[2m=[0m131072 [3mallocated_kib[0m[2m=[0m0
[2m2026-09-07T22:53:03.492557Z[0m [32m INFO[0m [2mlighter_fs::server[0m[2m:[0m share opened [3mroot[0m[2m=[0m~/.lighter-bench/lighter [3mattr_ms[0m[2m=[0m100 [3mentry_ms[0m[2m=[0m100 [3mdir_entry_ms[0m[2m=[0m1000 [3mwatched[0m[2m=[0mtrue [3mdescriptors[0m[2m=[0m10240
[2m2026-09-07T22:53:03.493922Z[0m [32m INFO[0m [2mlighter_fs::server[0m[2m:[0m share opened [3mroot[0m[2m=[0m/Library/Apple/usr/libexec/oah/RosettaLinux [3mattr_ms[0m[2m=[0m100 [3mentry_ms[0m[2m=[0m100 [3mdir_entry_ms[0m[2m=[0m1000 [3mwatched[0m[2m=[0mtrue [3mdescriptors[0m[2m=[0m10240
[2m2026-09-07T22:53:03.496442Z[0m [32m INFO[0m [2mlighter_vmm::machine[0m[2m:[0m machine started [3mvcpus[0m[2m=[0m8 [3mram_mib[0m[2m=[0m1024 [3mentry[0m[2m=[0m0x40000000 [3mdtb[0m[2m=[0m0x43400000
[2m2026-09-07T22:53:03.496803Z[0m [32m INFO[0m [2mlighter_vmm::vsock_proxy[0m[2m:[0m proxying a socket into the guest [3mpath[0m[2m=[0m/var/folders/t_/gbzzqq_x4hvg4qdrhspkp37m0000gn/T/lighter-bench.TgeRC1Xhj0/docker.sock [3mguest_port[0m[2m=[0m2375
[2m2026-09-07T22:53:03.496877Z[0m [32m INFO[0m [2mlighter_vmm::vsock_proxy[0m[2m:[0m proxying a socket into the guest [3mpath[0m[2m=[0m/var/folders/t_/gbzzqq_x4hvg4qdrhspkp37m0000gn/T/lighter-bench.TgeRC1Xhj0/control.sock [3mguest_port[0m[2m=[0m2376
[2m2026-09-07T22:53:03.496963Z[0m [33m WARN[0m [2mlighter_vmm::virtio::mmio[0m[2m:[0m queue notified before the driver was ready [3mdevice[0m[2m=[0m"virtio-vsock" [3mindex[0m[2m=[0m0
[    0.000000] Booting Linux on physical CPU 0x0000000000 [0x610f0000]
[    0.000000] Linux version 6.18.49-lighter (root@cc682f9944e9) (gcc (Debian 12.2.0-14+deb12u1) 12.2.0, GNU ld (GNU Binutils for Debian) 2.40) #1 SMP Mon Sep  7 19:57:38 UTC 2026
[    0.000000] KASLR disabled due to lack of seed
[    0.000000] Machine model: linux,dummy-virt
[    0.000000] efi: UEFI not found.
[    0.000000] OF: reserved mem: Reserved memory: No reserved-memory node in the DT
[    0.000000] NUMA: Faking a node at [mem 0x0000000040000000-0x000000007fffffff]
[    0.000000] NODE_DATA(0) allocated [mem 0x7fe05d00-0x7fe0847f]
[    0.000000] Zone ranges:
[    0.000000]   DMA      [mem 0x0000000040000000-0x000000007fffffff]
[    0.000000]   DMA32    empty
[    0.000000]   Normal   empty
[    0.000000] Movable zone start for each node
[    0.000000] Early memory node ranges
[    0.000000]   node   0: [mem 0x0000000040000000-0x000000007fffffff]
[    0.000000] Initmem setup node 0 [mem 0x0000000040000000-0x000000007fffffff]
[    0.000000] cma: Reserved 32 MiB at 0x000000007cc00000
[    0.000000] psci: probing for conduit method from DT.
[    0.000000] psci: PSCIv1.1 detected in firmware.
[    0.000000] psci: Using standard PSCI v0.2 function IDs
[    0.000000] psci: Trusted OS migration not required
[    0.000000] psci: SMC Calling Convention v1.0
[    0.000000] percpu: Embedded 23 pages/cpu s63320 r0 d30888 u94208
[    0.000000] Detected PIPT I-cache on CPU0
[    0.000000] CPU features: detected: Address authentication (IMP DEF algorithm)
[    0.000000] CPU features: detected: GICv3 CPU interface
[    0.000000] CPU features: detected: Spectre-v4
[    0.000000] CPU features: detected: Spectre-BHB
[    0.000000] alternatives: applying boot alternatives
[    0.000000] Kernel command line: console=ttyAMA0 panic=-1 root=/dev/vda rw init=/sbin/lighter-init psi=0 idle.poll_ns=50000 lighter.time=1788821582 lighter.share=bench:/mnt/bench  lighter.rosetta 
[    0.000000] printk: log buffer data + meta data: 131072 + 458752 = 589824 bytes
[    0.000000] Dentry cache hash table entries: 131072 (order: 8, 1048576 bytes, linear)
[    0.000000] Inode-cache hash table entries: 65536 (order: 7, 524288 bytes, linear)
[    0.000000] software IO TLB: SWIOTLB bounce buffer size adjusted to 1MB
[    0.000000] software IO TLB: area num 8.
[    0.000000] software IO TLB: SWIOTLB bounce buffer size roundup to 2MB
[    0.000000] software IO TLB: mapped [mem 0x000000007c980000-0x000000007cb80000] (2MB)
[    0.000000] Fallback order for Node 0: 0 
[    0.000000] Built 1 zonelists, mobility grouping on.  Total pages: 262144
[    0.000000] Policy zone: DMA
[    0.000000] mem auto-init: stack:off, heap alloc:off, heap free:off
[    0.000000] SLUB: HWalign=64, Order=0-3, MinObjects=0, CPUs=8, Nodes=1
[    0.000000] rcu: Hierarchical RCU implementation.
[    0.000000] rcu: 	RCU event tracing is enabled.
[    0.000000] rcu: 	RCU restricting CPUs from NR_CPUS=512 to nr_cpu_ids=8.
[    0.000000] 	Tracing variant of Tasks RCU enabled.
[    0.000000] rcu: RCU calculated value of scheduler-enlistment delay is 25 jiffies.
[    0.000000] rcu: Adjusting geometry for rcu_fanout_leaf=16, nr_cpu_ids=8
[    0.000000] RCU Tasks Trace: Setting shift to 3 and lim to 1 rcu_task_cb_adjust=1 rcu_task_cpu_ids=8.
[    0.000000] NR_IRQS: 64, nr_irqs: 64, preallocated irqs: 0
[    0.000000] GICv3: 988 SPIs implemented
[    0.000000] GICv3: 0 Extended SPIs implemented
[    0.000000] Root IRQ handler: gic_handle_irq
[    0.000000] GICv3: GICv3 features: 16 PPIs, RSS
[    0.000000] GICv3: GICD_CTLR.DS=1, SCR_EL3.FIQ=0
[    0.000000] GICv3: CPU0: found redistributor 0 region 0:0x00000000080a0000
[    0.000000] rcu: srcu_init: Setting srcu_struct sizes based on contention.
[    0.000000] clocksource: jiffies: mask: 0xffffffff max_cycles: 0xffffffff, max_idle_ns: 7645041785100000 ns
[    0.000000] arch_timer: cp15 timer running at 24.00MHz (virt).
[    0.000000] clocksource: arch_sys_counter: mask: 0xffffffffffffff max_cycles: 0x588fe9dc0, max_idle_ns: 440795202592 ns
[    0.000000] sched_clock: 56 bits at 24MHz, resolution 41ns, wraps every 4398046511097ns
[    0.000069] Console: colour dummy device 80x25
[    0.000093] Calibrating delay loop (skipped), value calculated using timer frequency.. 48.00 BogoMIPS (lpj=96000)
[    0.000094] pid_max: default: 32768 minimum: 301
[    0.000124] LSM: initializing lsm=capability
[    0.000209] Mount-cache hash table entries: 2048 (order: 2, 16384 bytes, linear)
[    0.000212] Mountpoint-cache hash table entries: 2048 (order: 2, 16384 bytes, linear)
[    0.000586] cacheinfo: Unable to detect cache hierarchy for CPU 0
[    0.000802] Apple TSO: available per thread (PR_SET_MEM_MODEL); boot value off
[    0.000840] rcu: Hierarchical SRCU implementation.
[    0.000840] rcu: 	Max phase no-delay instances is 1000.
[    0.000897] Timer migration: 1 hierarchy levels; 8 children per group; 1 crossnode level
[    0.000959] EFI services will not be available.
[    0.001070] smp: Bringing up secondary CPUs ...
[    0.001248] Detected PIPT I-cache on CPU1
[    0.001264] GICv3: CPU1: found redistributor 1 region 0:0x00000000080c0000
[    0.001304] CPU1: Booted secondary processor 0x0000000001 [0x610f0000]
[    0.001576] Detected PIPT I-cache on CPU2
[    0.001591] GICv3: CPU2: found redistributor 2 region 0:0x00000000080e0000
[    0.001632] CPU2: Booted secondary processor 0x0000000002 [0x610f0000]
[    0.001859] Detected PIPT I-cache on CPU3
[    0.001875] GICv3: CPU3: found redistributor 3 region 0:0x0000000008100000
[    0.001914] CPU3: Booted secondary processor 0x0000000003 [0x610f0000]
[    0.002165] Detected PIPT I-cache on CPU4
[    0.002185] GICv3: CPU4: found redistributor 4 region 0:0x0000000008120000
[    0.002226] CPU4: Booted secondary processor 0x0000000004 [0x610f0000]
[    0.002445] Detected PIPT I-cache on CPU5
[    0.002465] GICv3: CPU5: found redistributor 5 region 0:0x0000000008140000
[    0.002503] CPU5: Booted secondary processor 0x0000000005 [0x610f0000]
[    0.002743] Detected PIPT I-cache on CPU6
[    0.002765] GICv3: CPU6: found redistributor 6 region 0:0x0000000008160000
[    0.002804] CPU6: Booted secondary processor 0x0000000006 [0x610f0000]
[    0.003054] Detected PIPT I-cache on CPU7
[    0.003077] GICv3: CPU7: found redistributor 7 region 0:0x0000000008180000
[    0.003115] CPU7: Booted secondary processor 0x0000000007 [0x610f0000]
[    0.003195] smp: Brought up 1 node, 8 CPUs
[    0.003196] SMP: Total of 8 processors activated.
[    0.003196] CPU: All CPU(s) started at EL1
[    0.003207] CPU features: detected: ARMv8.4 Translation Table Level
[    0.003207] CPU features: detected: Data cache clean to the PoU not required for I/D coherence
[    0.003207] CPU features: detected: Common not Private translations
[    0.003208] CPU features: detected: CRC32 instructions
[    0.003208] CPU features: detected: Data independent timing control (DIT)
[    0.003208] CPU features: detected: E0PD
[    0.003209] CPU features: detected: Generic authentication (IMP DEF algorithm)
[    0.003209] CPU features: detected: RCpc load-acquire (LDAPR)
[    0.003210] CPU features: detected: LSE atomic instructions
[    0.003210] CPU features: detected: Privileged Access Never
[    0.003210] CPU features: detected: RAS Extension Support
[    0.003211] CPU features: detected: Speculation barrier (SB)
[    0.003211] CPU features: detected: TLB range maintenance instructions
[    0.003335] alternatives: applying system-wide alternatives
[    0.005678] Memory: 935880K/1048576K available (19008K kernel code, 6390K rwdata, 12684K rodata, 12224K init, 709K bss, 74108K reserved, 32768K cma-reserved)
[    0.005821] devtmpfs: initialized
[    0.006179] posixtimers hash table entries: 4096 (order: 4, 65536 bytes, linear)
[    0.006244] futex hash table entries: 2048 (131072 bytes on 1 NUMA nodes, total 128 KiB, linear).
[    0.006275] 19952 pages in range for non-PLT usage
[    0.006276] 511472 pages in range for PLT usage
[    0.006292] pinctrl core: initialized pinctrl subsystem
[    0.006468] DMI not present or invalid.
[    0.007573] NET: Registered PF_NETLINK/PF_ROUTE protocol family
[    0.007843] DMA: preallocated 128 KiB GFP_KERNEL pool for atomic allocations
[    0.007917] DMA: preallocated 128 KiB GFP_KERNEL|GFP_DMA pool for atomic allocations
[    0.008009] DMA: preallocated 128 KiB GFP_KERNEL|GFP_DMA32 pool for atomic allocations
[    0.008085] thermal_sys: Registered thermal governor 'step_wise'
[    0.008085] thermal_sys: Registered thermal governor 'power_allocator'
[    0.008090] cpuidle: using governor menu
[    0.008102] NET: Registered PF_QIPCRTR protocol family
[    0.008130] hw-breakpoint: found 6 breakpoint and 4 watchpoint registers.
[    0.008245] ASID allocator initialised with 256 entries
[    0.008428] Serial: AMBA PL011 UART driver
[    0.008604] c000000.pl011: ttyAMA0 at MMIO 0xc000000 (irq = 13, base_baud = 0) is a PL011 rev1
[    0.008667] printk: console [ttyAMA0] enabled
[    0.009434] HugeTLB: registered 1.00 GiB page size, pre-allocated 0 pages
[    0.009435] HugeTLB: 0 KiB vmemmap can be freed for a 1.00 GiB page
[    0.009436] HugeTLB: registered 32.0 MiB page size, pre-allocated 0 pages
[    0.009441] HugeTLB: 0 KiB vmemmap can be freed for a 32.0 MiB page
[    0.009441] HugeTLB: registered 2.00 MiB page size, pre-allocated 0 pages
[    0.009441] HugeTLB: 0 KiB vmemmap can be freed for a 2.00 MiB page
[    0.009442] HugeTLB: registered 64.0 KiB page size, pre-allocated 0 pages
[    0.009442] HugeTLB: 0 KiB vmemmap can be freed for a 64.0 KiB page
[    0.010525] raid6: skipped pq benchmark and selected neonx8
[    0.010526] raid6: using neon recovery algorithm
[    0.010552] ACPI: Interpreter disabled.
[    0.010697] iommu: Default domain type: Translated
[    0.010698] iommu: DMA domain TLB invalidation policy: strict mode
[    0.014500] pps_core: LinuxPPS API ver. 1 registered
[    0.014501] pps_core: Software ver. 5.3.6 - Copyright 2005-2007 Rodolfo Giometti <giometti@linux.it>
[    0.014502] PTP clock support registered
[    0.014511] EDAC MC: Ver: 3.0.0
[    0.014572] scmi_core: SCMI protocol bus registered
[    0.014642] FPGA manager framework
[    0.014785] nfc: nfc_init: NFC Core ver 0.1
[    0.014790] NET: Registered PF_NFC protocol family
[    0.014979] clocksource: Switched to clocksource arch_sys_counter
[    0.015066] VFS: Disk quotas dquot_6.6.0
[    0.015071] VFS: Dquot-cache hash table entries: 512 (order 0, 4096 bytes)
[    0.015410] pnp: PnP ACPI: disabled
[    0.015952] NET: Registered PF_INET protocol family
[    0.016002] IP idents hash table entries: 16384 (order: 5, 131072 bytes, linear)
[2m2026-09-07T22:53:03.542488Z[0m [33m WARN[0m [2mlighter_vmm::virtio::mmio[0m[2m:[0m queue notified before the driver was ready [3mdevice[0m[2m=[0m"virtio-vsock" [3mindex[0m[2m=[0m0
[2m2026-09-07T22:53:03.542617Z[0m [33m WARN[0m [2mlighter_vmm::virtio::mmio[0m[2m:[0m queue notified before the driver was ready [3mdevice[0m[2m=[0m"fs" [3mindex[0m[2m=[0m5
[2m2026-09-07T22:53:03.542632Z[0m [32m INFO[0m [2mlighter_fs::cache[0m[2m:[0m cache lifetime set by whether the guest can be told to forget [3minvalidation[0m[2m=[0m"push" [3mattr_ms[0m[2m=[0m20000 [3mentry_ms[0m[2m=[0m20000
[    0.016170] tcp_listen_portaddr_hash hash table entries: 512 (order: 1, 8192 bytes, linear)
[2m2026-09-07T22:53:03.542772Z[0m [32m INFO[0m [2mlighter_vmm::virtio::fs[0m[2m:[0m share activated [3mtag[0m[2m=[0mbench [3mroot[0m[2m=[0m~/.lighter-bench/lighter
[    0.016172] Table-perturb hash table entries: 65536 (order: 6, 262144 bytes, linear)
[2m2026-09-07T22:53:03.543036Z[0m [33m WARN[0m [2mlighter_vmm::virtio::mmio[0m[2m:[0m queue notified before the driver was ready [3mdevice[0m[2m=[0m"fs" [3mindex[0m[2m=[0m5
[2m2026-09-07T22:53:03.543045Z[0m [32m INFO[0m [2mlighter_fs::cache[0m[2m:[0m cache lifetime set by whether the guest can be told to forget [3minvalidation[0m[2m=[0m"push" [3mattr_ms[0m[2m=[0m20000 [3mentry_ms[0m[2m=[0m20000
[    0.016174] TCP established hash table entries: 8192 (order: 4, 65536 bytes, linear)
[2m2026-09-07T22:53:03.543187Z[0m [32m INFO[0m [2mlighter_vmm::virtio::fs[0m[2m:[0m share activated [3mtag[0m[2m=[0mrosetta [3mroot[0m[2m=[0m/Library/Apple/usr/libexec/oah/RosettaLinux
[    0.016189] TCP bind hash table entries: 8192 (order: 6, 262144 bytes, linear)
[    0.016250] TCP: Hash tables configured (established 8192 bind 8192)
[    0.016279] UDP hash table entries: 512 (order: 3, 32768 bytes, linear)
[    0.016287] UDP-Lite hash table entries: 512 (order: 3, 32768 bytes, linear)
[    0.016306] NET: Registered PF_UNIX/PF_LOCAL protocol family
[    0.016477] kvm [1]: HYP mode not available
[    0.016574] Initialise system trusted keyrings
[    0.016678] workingset: timestamp_bits=42 max_order=18 bucket_order=0
[    0.016720] squashfs: version 4.0 (2009/01/31) Phillip Lougher
[    0.016751] fuse: init (API version 7.45)
[    0.016805] SGI XFS with ACLs, security attributes, scrub, repair, no debug enabled
[    0.016971] 9p: Installing v9fs 9p2000 file system support
[    0.023043] NET: Registered PF_ALG protocol family
[    0.023047] xor: measuring software checksum speed
[    0.023218]    8regs           : 19224 MB/sec
[    0.023296]    32regs          : 42220 MB/sec
[    0.023362]    arm64_neon      : 50057 MB/sec
[    0.023363] xor: using function: arm64_neon (50057 MB/sec)
[    0.023368] Key type asymmetric registered
[    0.023369] Asymmetric key parser 'x509' registered
[    0.023373] Block layer SCSI generic (bsg) driver version 0.4 loaded (major 239)
[    0.023374] io scheduler mq-deadline registered
[    0.023374] io scheduler kyber registered
[    0.023380] io scheduler bfq registered
[    0.031160] ledtrig-cpu: registered to indicate activity on CPUs
[    0.031172] IPMI message handler: version 39.2
[    0.031176] ipmi device interface
[    0.031249] ipmi_si: IPMI System Interface driver
[    0.031259] ipmi_si: Unable to find any System Interface(s)
[    0.033078] virtiofs virtio4: discovered new tag: bench
[    0.033506] virtiofs virtio5: discovered new tag: rosetta
[    0.034115] Free page reporting enabled
[    0.034202] virtio_mem virtio8: start address: 0x80000000
[    0.034203] virtio_mem virtio8: region size: 0xc0000000
[    0.034203] virtio_mem virtio8: device block size: 0x8000000
[    0.034204] virtio_mem virtio8: nid: 0
[    0.034204] virtio_mem virtio8: memory block size: 0x8000000
[    0.034205] virtio_mem virtio8: big block size: 0x8000000
[    0.034225] virtio_mem virtio8: plugged size: 0x0
[    0.034225] virtio_mem virtio8: requested size: 0xc0000000
[    0.034830] Fallback order for Node 0: 0 
[    0.034832] Built 1 zonelists, mobility grouping on.  Total pages: 267393
[    0.034832] Policy zone: DMA
[    0.035623] Serial: 8250/16550 driver, 4 ports, IRQ sharing enabled
[    0.036193] msm_serial: driver initialized
[    0.036221] SuperH (H)SCI(F) driver initialized
[    0.036230] STM32 USART driver initialized
[    0.036487] random: crng init done
[    0.039355] Fallback order for Node 0: 0 
[    0.039357] Built 1 zonelists, mobility grouping on.  Total pages: 490481
[    0.039358] Policy zone: Normal
[    0.040401] loop: module loaded
[    0.053045] virtio_blk virtio0: 8/0/0 default/read/poll queues
[    0.053454] virtio_blk virtio0: [vda] 4194304 512-byte logical blocks (2.15 GB/2.00 GiB)
[    0.054592] virtio_blk virtio1: 8/0/0 default/read/poll queues
[    0.054993] virtio_blk virtio1: [vdb] 268435456 512-byte logical blocks (137 GB/128 GiB)
[    0.055235] zram: Added device: zram0
[    0.055892] tun: Universal TUN/TAP device driver, 1.6
[    0.056594] VFIO - User Level meta-driver version: 0.3
[    0.058245]  cs_system_cfg: CoreSight Configuration manager initialised
[    0.058461] gnss: GNSS driver registered with major 503
[    0.058673] GACT probability NOT on
[    0.058681] Mirror/redirect action on
[    0.058933] IPVS: Registered protocols ()
[    0.058942] IPVS: Connection hash table configured (size=4096, memory=32Kbytes)
[    0.058970] IPVS: ipvs loaded.
[    0.059014] Initializing XFRM netlink socket
[    0.059024] NET: Registered PF_INET6 protocol family
[    0.059328] Segment Routing with IPv6
[    0.059331] In-situ OAM (IOAM) with IPv6
[    0.059341] sit: IPv6, IPv4 and MPLS over IPv4 tunneling driver
[    0.059400] NET: Registered PF_PACKET protocol family
[    0.059489] 8021q: 802.1Q VLAN Support v1.8
[    0.059512] 9pnet: Installing 9P2000 support
[    0.059521] Key type dns_resolver registered
[    0.059562] NET: Registered PF_VSOCK protocol family
[    0.061176] registered taskstats version 1
[    0.061220] Loading compiled-in X.509 certificates
[    0.062057] Demotion targets for Node 0: null
[    0.062196] Btrfs loaded, zoned=no, fsverity=no
[    0.062285] clk: Disabling unused clocks
[    0.062287] PM: genpd: Disabling unused power domains
[    0.062586] check access for rdinit=/init failed: -2, ignoring
[    0.067205] EXT4-fs (vda): mounted filesystem b6b766ac-cd49-44a5-aac0-ad1817245fe0 r/w with ordered data mode. Quota mode: none.
[    0.067219] VFS: Mounted root (ext4 filesystem) on device 254:0.
[    0.067417] devtmpfs: mounted
[    0.068160] Freeing unused kernel memory: 12224K
[    0.068191] Run /sbin/lighter-init as init process
INIT clock=2026-09-07T22:53:02Z
INIT filesystems=ok
INIT formatting=/dev/vdb fs=btrfs mkfs=
INIT data_fs=btrfs
INIT data_opts=noatime,nodatacow,commit=30,thread_pool=1
[    0.149426] BTRFS: device label lighter-data devid 1 transid 8 /dev/vdb (254:16) scanned by mount (136)
[    0.149731] BTRFS info (device vdb): first mount of filesystem 9e0ebdbf-b660-4939-a62d-e1f56a6c739c
[    0.149746] BTRFS info (device vdb): using crc32c (crc32c-lib) checksum algorithm
[    0.150425] BTRFS info (device vdb): checking UUID tree
[    0.150508] BTRFS info (device vdb): setting nodatasum
[    0.150509] BTRFS info (device vdb): setting nodatacow
INIT data=mounted[    0.150509] BTRFS info (device vdb): turning on async discard

[    0.150509] BTRFS info (device vdb): enabling free space tree
INIT fstrim=9ms
[    0.157561] zram0: detected capacity change from 0 to 4194304
[    0.160344] Adding 2097148k swap on /dev/zram0.  Priority:100 extents:1 across:2097148k SS
INIT zram=on
[    0.161370] rcu: RCU calculated value of scheduler-enlistment delay is 25 jiffies.
[2m2026-09-07T22:53:03.672207Z[0m [32m INFO[0m [2mlighter_fs::server[0m[2m:[0m filesystem negotiated [3mguest[0m[2m=[0m7.45 [3mmax_write[0m[2m=[0m262144 [3mreaddirplus[0m[2m=[0mtrue [3mcreate_dialect[0m[2m=[0mtrue
INIT binfmt=x86_64 via=rosetta
[2m2026-09-07T22:53:03.673341Z[0m [32m INFO[0m [2mlighter_fs::server[0m[2m:[0m filesystem negotiated [3mguest[0m[2m=[0m7.45 [3mmax_write[0m[2m=[0m262144 [3mreaddirplus[0m[2m=[0mtrue [3mcreate_dialect[0m[2m=[0mtrue
INIT share=bench at=/mnt/bench
INIT dhcp=ok t=0.17
INIT ipv6=ok
INIT dockerd=ready after=100ms t=0.30
AGENT listening port=2375
AGENT dns addr=192.168.127.2
AGENT tcp-proxy port=15201
AGENT udp-inbound
AGENT listening port=2376
AGENT udp-proxy port=15202
AGENT udp-proxy port=15202
AGENT inbound port=2378
AGENT clock=set trip_us=32 attempt=0
INIT streams=on
INIT ready t=0.31
[2m2026-09-07T22:53:11.276681Z[0m [32m INFO[0m [2mlighter_vmm::virtio::mem[0m[2m:[0m virtio-mem offer [3mrequested_mib[0m[2m=[0m512 [3mplugged_mib[0m[2m=[0m3072
[    7.767235] virtio_mem virtio8: plugged size: 0xc0000000
[    7.767249] virtio_mem virtio8: requested size: 0x20000000
[    8.040277] Fallback order for Node 0: 0 
[    8.040289] Built 1 zonelists, mobility grouping on.  Total pages: 520084
[    8.040295] Policy zone: Normal
[2m2026-09-07T22:53:12.050837Z[0m [32m INFO[0m [2mlighter_vmm::virtio::mem[0m[2m:[0m virtio-mem offer [3mrequested_mib[0m[2m=[0m0 [3mplugged_mib[0m[2m=[0m512
[    8.541382] virtio_mem virtio8: plugged size: 0x20000000
[    8.541402] virtio_mem virtio8: requested size: 0x0
[2m2026-09-07T22:53:18.632108Z[0m [32m INFO[0m [2mlighter_vmm::virtio::mem[0m[2m:[0m virtio-mem offer [3mrequested_mib[0m[2m=[0m3072 [3mplugged_mib[0m[2m=[0m384
[   15.122519] virtio_mem virtio8: plugged size: 0x18000000
[   15.122531] virtio_mem virtio8: requested size: 0xc0000000
[   15.123325] Fallback order for Node 0: 0 
[   15.123334] Built 1 zonelists, mobility grouping on.  Total pages: 358772
[   15.123339] Policy zone: Normal
[   15.423188] docker0: port 1(vetha541088) entered blocking state
[   15.423199] docker0: port 1(vetha541088) entered disabled state
[   15.423207] vetha541088: entered allmulticast mode
[   15.423241] vetha541088: entered promiscuous mode
[   15.485125] eth0: renamed from veth8a31df1
[   15.485589] docker0: port 1(vetha541088) entered blocking state
[   15.485596] docker0: port 1(vetha541088) entered forwarding state
AGENT sockmap=on
[   27.988488] docker0: port 1(vetha541088) entered disabled state
[   27.988546] veth8a31df1: renamed from eth0
[   28.023430] docker0: port 1(vetha541088) entered disabled state
[   28.023705] vetha541088 (unregistering): left allmulticast mode
[   28.023715] vetha541088 (unregistering): left promiscuous mode
[   28.023721] docker0: port 1(vetha541088) entered disabled state
[   28.449281] docker0: port 1(veth8f5258e) entered blocking state
[   28.449294] docker0: port 1(veth8f5258e) entered disabled state
[   28.449302] veth8f5258e: entered allmulticast mode
[   28.449322] veth8f5258e: entered promiscuous mode
[   28.453130] eth0: renamed from veth11ce22d
[   28.453340] docker0: port 1(veth8f5258e) entered blocking state
[   28.453350] docker0: port 1(veth8f5258e) entered forwarding state
[2m2026-09-07T22:53:39.570581Z[0m [33m WARN[0m [2mlighter_fs::inode[0m[2m:[0m the share is holding more descriptors than it may [3mopen[0m[2m=[0m6243 [3mbudget[0m[2m=[0m6144 [3minodes[0m[2m=[0m19049 [3mlive[0m[2m=[0m19049 [3mexamined[0m[2m=[0m8192 [3mparked[0m[2m=[0m0 [3munheld[0m[2m=[0m0 [3mused[0m[2m=[0m0 [3mprivileged[0m[2m=[0m0 [3munparkable[0m[2m=[0m0
[   47.555244] docker0: port 1(veth8f5258e) entered disabled state
[   47.555277] veth11ce22d: renamed from eth0
[   47.587916] docker0: port 1(veth8f5258e) entered disabled state
[   47.588545] veth8f5258e (unregistering): left allmulticast mode
[   47.588559] veth8f5258e (unregistering): left promiscuous mode
[   47.588565] docker0: port 1(veth8f5258e) entered disabled state
[   47.739518] docker0: port 1(veth095f1fb) entered blocking state
[   47.739531] docker0: port 1(veth095f1fb) entered disabled state
[   47.739538] veth095f1fb: entered allmulticast mode
[   47.739556] veth095f1fb: entered promiscuous mode
[   47.743199] eth0: renamed from vethf6f9db3
[   47.743431] docker0: port 1(veth095f1fb) entered blocking state
[   47.743433] docker0: port 1(veth095f1fb) entered forwarding state
[   62.963404] virtio_vsock: the large receive buffer was refused; posting a small one
[   62.964029] virtio_vsock: the large receive buffer was refused; posting a small one
[   62.964068] virtio_vsock: the large receive buffer was refused; posting a small one
[   62.964111] virtio_vsock: the large receive buffer was refused; posting a small one
[   62.964193] virtio_vsock: the large receive buffer was refused; posting a small one
[   62.964241] virtio_vsock: the large receive buffer was refused; posting a small one
[   62.964273] virtio_vsock: the large receive buffer was refused; posting a small one
[   62.964307] virtio_vsock: the large receive buffer was refused; posting a small one
[   62.964391] virtio_vsock: the large receive buffer was refused; posting a small one
[   62.964430] virtio_vsock: the large receive buffer was refused; posting a small one
[   81.568564] docker0: port 1(veth095f1fb) entered disabled state
[   81.568655] vethf6f9db3: renamed from eth0
[   81.580443] docker0: port 1(veth095f1fb) entered disabled state
[   81.580791] veth095f1fb (unregistering): left allmulticast mode
[   81.580804] veth095f1fb (unregistering): left promiscuous mode
[   81.580815] docker0: port 1(veth095f1fb) entered disabled state
[   81.763795] docker0: port 1(veth0153fba) entered blocking state
[   81.763809] docker0: port 1(veth0153fba) entered disabled state
[   81.763818] veth0153fba: entered allmulticast mode
[   81.763844] veth0153fba: entered promiscuous mode
[   81.767836] eth0: renamed from veth8a56138
[   81.769449] docker0: port 1(veth0153fba) entered blocking state
[   81.769473] docker0: port 1(veth0153fba) entered forwarding state
[  131.663027] docker0: port 1(veth0153fba) entered disabled state
[  131.663132] veth8a56138: renamed from eth0
[  131.681712] docker0: port 1(veth0153fba) entered disabled state
[  131.682168] veth0153fba (unregistering): left allmulticast mode
[  131.682182] veth0153fba (unregistering): left promiscuous mode
[  131.682189] docker0: port 1(veth0153fba) entered disabled state
[  131.913244] docker0: port 1(veth113f7cf) entered blocking state
[  131.913254] docker0: port 1(veth113f7cf) entered disabled state
[  131.913274] veth113f7cf: entered allmulticast mode
[  131.913306] veth113f7cf: entered promiscuous mode
[  131.917295] eth0: renamed from vethf5d5f9b
[  131.918640] docker0: port 1(veth113f7cf) entered blocking state
[  131.918672] docker0: port 1(veth113f7cf) entered forwarding state
[2m2026-09-07T22:55:25.181117Z[0m [33m WARN[0m [2mlighter_fs::inode[0m[2m:[0m the share is holding more descriptors than it may [3mopen[0m[2m=[0m6264 [3mbudget[0m[2m=[0m6144 [3minodes[0m[2m=[0m105229 [3mlive[0m[2m=[0m105229 [3mexamined[0m[2m=[0m8192 [3mparked[0m[2m=[0m23 [3munheld[0m[2m=[0m0 [3mused[0m[2m=[0m0 [3mprivileged[0m[2m=[0m0 [3munparkable[0m[2m=[0m0
[2m2026-09-07T22:55:36.384867Z[0m [33m WARN[0m [2mlighter_fs::server[0m[2m:[0m an acknowledged setattr failed to apply [3merrno[0m[2m=[0m116
[2m2026-09-07T22:55:45.686789Z[0m [33m WARN[0m [2mlighter_fs::inode[0m[2m:[0m the share is holding more descriptors than it may [3mopen[0m[2m=[0m6264 [3mbudget[0m[2m=[0m6144 [3minodes[0m[2m=[0m82552 [3mlive[0m[2m=[0m82552 [3mexamined[0m[2m=[0m8192 [3mparked[0m[2m=[0m47 [3munheld[0m[2m=[0m393 [3mused[0m[2m=[0m0 [3mprivileged[0m[2m=[0m0 [3munparkable[0m[2m=[0m0
[2m2026-09-07T22:55:47.018689Z[0m [33m WARN[0m [2mlighter_fs::server[0m[2m:[0m an acknowledged mkdir or symlink failed to apply [3merrno[0m[2m=[0m17 [3mname[0m[2m=[0msrc
[2m2026-09-07T22:55:47.019233Z[0m [33m WARN[0m [2mlighter_fs::server[0m[2m:[0m an acknowledged clone failed to apply [3merrno[0m[2m=[0m116 [3mname[0m[2m=[0mindex.d.ts
[2m2026-09-07T22:55:47.019243Z[0m [33m WARN[0m [2mlighter_fs::server[0m[2m:[0m an acknowledged clone failed to apply [3merrno[0m[2m=[0m116 [3mname[0m[2m=[0mmessaging-compat.d.ts
[2m2026-09-07T22:55:47.019280Z[0m [33m WARN[0m [2mlighter_fs::server[0m[2m:[0m an acknowledged clone failed to apply [3merrno[0m[2m=[0m116 [3mname[0m[2m=[0mregisterMessagingCompat.d.ts
[  166.592000] docker0: port 1(veth113f7cf) entered disabled state
[  166.592038] vethf5d5f9b: renamed from eth0
[  166.611596] docker0: port 1(veth113f7cf) entered disabled state
[  166.611850] veth113f7cf (unregistering): left allmulticast mode
[  166.611859] veth113f7cf (unregistering): left promiscuous mode
[  166.611865] docker0: port 1(veth113f7cf) entered disabled state
[  166.815223] docker0: port 1(veth2d043e9) entered blocking state
[  166.815239] docker0: port 1(veth2d043e9) entered disabled state
[  166.815247] veth2d043e9: entered allmulticast mode
[  166.815263] veth2d043e9: entered promiscuous mode
[  166.818648] eth0: renamed from veth2cde809
[  166.819296] docker0: port 1(veth2d043e9) entered blocking state
[  166.819319] docker0: port 1(veth2d043e9) entered forwarding state
[  210.108066] docker0: port 1(veth2d043e9) entered disabled state
[  210.108210] veth2cde809: renamed from eth0
[  210.141133] docker0: port 1(veth2d043e9) entered disabled state
[  210.141574] veth2d043e9 (unregistering): left allmulticast mode
[  210.141591] veth2d043e9 (unregistering): left promiscuous mode
[  210.141598] docker0: port 1(veth2d043e9) entered disabled state
[  210.372211] docker0: port 1(vethb29346d) entered blocking state
[  210.372222] docker0: port 1(vethb29346d) entered disabled state
[  210.372229] vethb29346d: entered allmulticast mode
[  210.372270] vethb29346d: entered promiscuous mode
[  210.376517] eth0: renamed from veth0057fcd
[  210.377737] docker0: port 1(vethb29346d) entered blocking state
[  210.377759] docker0: port 1(vethb29346d) entered forwarding state
[  225.262898] docker0: port 1(vethb29346d) entered disabled state
[  225.262931] veth0057fcd: renamed from eth0
[  225.275914] docker0: port 1(vethb29346d) entered disabled state
[  225.276192] vethb29346d (unregistering): left allmulticast mode
[  225.276201] vethb29346d (unregistering): left promiscuous mode
[  225.276207] docker0: port 1(vethb29346d) entered disabled state
[  225.421729] docker0: port 1(vetha977984) entered blocking state
[  225.421738] docker0: port 1(vetha977984) entered disabled state
[  225.421744] vetha977984: entered allmulticast mode
[  225.421759] vetha977984: entered promiscuous mode
[  225.425371] eth0: renamed from veth123577a
[  225.426047] docker0: port 1(vetha977984) entered blocking state
[  225.426054] docker0: port 1(vetha977984) entered forwarding state
[  231.842649] docker0: port 1(vetha977984) entered disabled state
[  231.842798] veth123577a: renamed from eth0
[  231.872634] docker0: port 1(vetha977984) entered disabled state
[  231.873020] vetha977984 (unregistering): left allmulticast mode
[  231.873034] vetha977984 (unregistering): left promiscuous mode
[  231.873045] docker0: port 1(vetha977984) entered disabled state
[  232.095224] docker0: port 1(vethd9f4527) entered blocking state
[  232.095235] docker0: port 1(vethd9f4527) entered disabled state
[  232.095244] vethd9f4527: entered allmulticast mode
[  232.095274] vethd9f4527: entered promiscuous mode
[  232.098743] eth0: renamed from veth5c7904d
[  232.099910] docker0: port 1(vethd9f4527) entered blocking state
[  232.099919] docker0: port 1(vethd9f4527) entered forwarding state
[  232.550662] docker0: port 1(vethd9f4527) entered disabled state
[  232.550694] veth5c7904d: renamed from eth0
[  232.571032] docker0: port 1(vethd9f4527) entered disabled state
[  232.571285] vethd9f4527 (unregistering): left allmulticast mode
[  232.571295] vethd9f4527 (unregistering): left promiscuous mode
[  232.571304] docker0: port 1(vethd9f4527) entered disabled state
[  232.716134] docker0: port 1(vethc8f8da0) entered blocking state
[  232.716145] docker0: port 1(vethc8f8da0) entered disabled state
[  232.716166] vethc8f8da0: entered allmulticast mode
[  232.716183] vethc8f8da0: entered promiscuous mode
[  232.719796] eth0: renamed from vethbef4ee4
[  232.720243] docker0: port 1(vethc8f8da0) entered blocking state
[  232.720252] docker0: port 1(vethc8f8da0) entered forwarding state
[2m2026-09-07T22:56:57.529743Z[0m [32m INFO[0m [2mlighter_vmm::memory_policy[0m[2m:[0m balloon target [3mtarget_mib[0m[2m=[0m256
[2m2026-09-07T22:56:58.866383Z[0m [33m WARN[0m [2mlighter_fs::inode[0m[2m:[0m the share is holding more descriptors than it may [3mopen[0m[2m=[0m6241 [3mbudget[0m[2m=[0m6144 [3minodes[0m[2m=[0m166789 [3mlive[0m[2m=[0m166789 [3mexamined[0m[2m=[0m8192 [3mparked[0m[2m=[0m0 [3munheld[0m[2m=[0m0 [3mused[0m[2m=[0m0 [3mprivileged[0m[2m=[0m0 [3munparkable[0m[2m=[0m0
[2m2026-09-07T22:57:11.917691Z[0m [32m INFO[0m [2mlighter_vmm::memory_policy[0m[2m:[0m balloon target [3mtarget_mib[0m[2m=[0m0
[  259.520251] docker0: port 1(vethc8f8da0) entered disabled state
[  259.520399] vethbef4ee4: renamed from eth0
[  259.540612] docker0: port 1(vethc8f8da0) entered disabled state
[  259.541014] vethc8f8da0 (unregistering): left allmulticast mode
[  259.541028] vethc8f8da0 (unregistering): left promiscuous mode
[  259.541037] docker0: port 1(vethc8f8da0) entered disabled state
[  259.767499] docker0: port 1(vethd1325ec) entered blocking state
[  259.767510] docker0: port 1(vethd1325ec) entered disabled state
[  259.767518] vethd1325ec: entered allmulticast mode
[  259.767540] vethd1325ec: entered promiscuous mode
[  259.772016] eth0: renamed from veth6ac3440
[  259.773769] docker0: port 1(vethd1325ec) entered blocking state
[  259.773779] docker0: port 1(vethd1325ec) entered forwarding state
[  285.434661] docker0: port 1(vethd1325ec) entered disabled state
[  285.434800] veth6ac3440: renamed from eth0
[  285.455925] docker0: port 1(vethd1325ec) entered disabled state
[  285.456329] vethd1325ec (unregistering): left allmulticast mode
[  285.456343] vethd1325ec (unregistering): left promiscuous mode
[  285.456350] docker0: port 1(vethd1325ec) entered disabled state
[  285.677538] docker0: port 1(vethfe1e5a9) entered blocking state
[  285.677551] docker0: port 1(vethfe1e5a9) entered disabled state
[  285.677559] vethfe1e5a9: entered allmulticast mode
[  285.677616] vethfe1e5a9: entered promiscuous mode
[  285.682507] eth0: renamed from vetha97d118
[  285.683101] docker0: port 1(vethfe1e5a9) entered blocking state
[  285.683151] docker0: port 1(vethfe1e5a9) entered forwarding state
[  304.633827] docker0: port 1(vethfe1e5a9) entered disabled state
[  304.633868] vetha97d118: renamed from eth0
[  304.655538] docker0: port 1(vethfe1e5a9) entered disabled state
[  304.655794] vethfe1e5a9 (unregistering): left allmulticast mode
[  304.655804] vethfe1e5a9 (unregistering): left promiscuous mode
[  304.655810] docker0: port 1(vethfe1e5a9) entered disabled state
[  307.035159] docker0: port 1(veth61f59bc) entered blocking state
[  307.035171] docker0: port 1(veth61f59bc) entered disabled state
[  307.035179] veth61f59bc: entered allmulticast mode
[  307.035205] veth61f59bc: entered promiscuous mode
[  307.038518] eth0: renamed from veth857e7c6
[  307.038921] docker0: port 1(veth61f59bc) entered blocking state
[  307.038928] docker0: port 1(veth61f59bc) entered forwarding state
[  307.075678] docker0: port 1(veth61f59bc) entered disabled state
[  307.075717] veth857e7c6: renamed from eth0
[  307.095312] docker0: port 1(veth61f59bc) entered disabled state
[  307.095566] veth61f59bc (unregistering): left allmulticast mode
[  307.095575] veth61f59bc (unregistering): left promiscuous mode
[  307.095581] docker0: port 1(veth61f59bc) entered disabled state
[  307.406204] docker0: port 1(veth65ad68d) entered blocking state
[  307.406216] docker0: port 1(veth65ad68d) entered disabled state
[  307.406223] veth65ad68d: entered allmulticast mode
[  307.406238] veth65ad68d: entered promiscuous mode
[  307.410312] eth0: renamed from vethe62b814
[  307.410853] docker0: port 1(veth65ad68d) entered blocking state
[  307.410909] docker0: port 1(veth65ad68d) entered forwarding state
[  307.437009] docker0: port 1(veth65ad68d) entered disabled state
[  307.437208] vethe62b814: renamed from eth0
[  307.463487] docker0: port 1(veth65ad68d) entered disabled state
[  307.463780] veth65ad68d (unregistering): left allmulticast mode
[  307.463790] veth65ad68d (unregistering): left promiscuous mode
[  307.463796] docker0: port 1(veth65ad68d) entered disabled state
[  307.636474] docker0: port 1(veth0b551be) entered blocking state
[  307.636486] docker0: port 1(veth0b551be) entered disabled state
[  307.636494] veth0b551be: entered allmulticast mode
[  307.636514] veth0b551be: entered promiscuous mode
[  307.640105] eth0: renamed from veth7df2f7d
[  307.640548] docker0: port 1(veth0b551be) entered blocking state
[  307.640559] docker0: port 1(veth0b551be) entered forwarding state
[  307.689781] docker0: port 1(veth0b551be) entered disabled state
[  307.689839] veth7df2f7d: renamed from eth0
[  307.723918] docker0: port 1(veth0b551be) entered disabled state
[  307.724225] veth0b551be (unregistering): left allmulticast mode
[  307.724234] veth0b551be (unregistering): left promiscuous mode
[  307.724240] docker0: port 1(veth0b551be) entered disabled state
[  307.939980] docker0: port 1(vetha9d392c) entered blocking state
[  307.939996] docker0: port 1(vetha9d392c) entered disabled state
[  307.940008] vetha9d392c: entered allmulticast mode
[  307.940034] vetha9d392c: entered promiscuous mode
[  307.947203] eth0: renamed from veth2e0b8e4
[  307.947701] docker0: port 1(vetha9d392c) entered blocking state
[  307.947724] docker0: port 1(vetha9d392c) entered forwarding state
[  308.005712] docker0: port 1(vetha9d392c) entered disabled state
[  308.005755] veth2e0b8e4: renamed from eth0
[  308.062664] docker0: port 1(vetha9d392c) entered disabled state
[  308.063437] vetha9d392c (unregistering): left allmulticast mode
[  308.063451] vetha9d392c (unregistering): left promiscuous mode
[  308.063460] docker0: port 1(vetha9d392c) entered disabled state
[  308.289121] docker0: port 1(vethe374e93) entered blocking state
[  308.289132] docker0: port 1(vethe374e93) entered disabled state
[  308.289141] vethe374e93: entered allmulticast mode
[  308.289160] vethe374e93: entered promiscuous mode
[  308.294424] eth0: renamed from veth1b17c27
[  308.295074] docker0: port 1(vethe374e93) entered blocking state
[  308.295105] docker0: port 1(vethe374e93) entered forwarding state
[  308.538141] docker0: port 1(vethe374e93) entered disabled state
[  308.538190] veth1b17c27: renamed from eth0
[  308.561104] docker0: port 1(vethe374e93) entered disabled state
[  308.561689] vethe374e93 (unregistering): left allmulticast mode
[  308.561702] vethe374e93 (unregistering): left promiscuous mode
[  308.561720] docker0: port 1(vethe374e93) entered disabled state
[  313.840812] docker0: port 1(veth132ba3e) entered blocking state
[  313.840825] docker0: port 1(veth132ba3e) entered disabled state
[  313.840833] veth132ba3e: entered allmulticast mode
[  313.840849] veth132ba3e: entered promiscuous mode
[  313.846789] eth0: renamed from vethb71a981
[  313.847172] docker0: port 1(veth132ba3e) entered blocking state
[  313.847182] docker0: port 1(veth132ba3e) entered forwarding state
[  330.871108] vethb71a981: renamed from eth0
[  330.888364] docker0: port 1(veth132ba3e) entered disabled state
[  330.892098] docker0: port 1(veth132ba3e) entered disabled state
[  330.892337] veth132ba3e (unregistering): left allmulticast mode
[  330.892346] veth132ba3e (unregistering): left promiscuous mode
[  330.892351] docker0: port 1(veth132ba3e) entered disabled state
[2m2026-09-07T22:58:44.283313Z[0m [32m INFO[0m [2mlighter_vmm::virtio::mem[0m[2m:[0m virtio-mem offer [3mrequested_mib[0m[2m=[0m384 [3mplugged_mib[0m[2m=[0m3072
[  340.763251] virtio_mem virtio8: plugged size: 0xc0000000
[  340.763301] virtio_mem virtio8: requested size: 0x18000000
[  341.211352] Fallback order for Node 0: 0 
[  341.211365] Built 1 zonelists, mobility grouping on.  Total pages: 520084
[  341.211370] Policy zone: Normal
[2m2026-09-07T22:58:46.094370Z[0m [32m INFO[0m [2mlighter_vmm::virtio::mem[0m[2m:[0m virtio-mem offer [3mrequested_mib[0m[2m=[0m0 [3mplugged_mib[0m[2m=[0m1152
[  342.573251] virtio_mem virtio8: plugged size: 0x48000000
[  342.573311] virtio_mem virtio8: requested size: 0x0
[2m2026-09-07T22:59:34.735433Z[0m [32m INFO[0m [2mlighter_vmm::virtio::mem[0m[2m:[0m virtio-mem offer [3mrequested_mib[0m[2m=[0m3072 [3mplugged_mib[0m[2m=[0m1152
[  391.205954] virtio_mem virtio8: plugged size: 0x48000000
[  391.205965] virtio_mem virtio8: requested size: 0xc0000000
[  391.206808] Fallback order for Node 0: 0 
[  391.206819] Built 1 zonelists, mobility grouping on.  Total pages: 552308
[  391.206824] Policy zone: Normal
[  391.272574] docker0: port 1(veth6b81cf6) entered blocking state
[  391.272588] docker0: port 1(veth6b81cf6) entered disabled state
[  391.272595] veth6b81cf6: entered allmulticast mode
[  391.272615] veth6b81cf6: entered promiscuous mode
[  391.277931] eth0: renamed from veth952a568
[  391.278276] docker0: port 1(veth6b81cf6) entered blocking state
[  391.278285] docker0: port 1(veth6b81cf6) entered forwarding state
[2m2026-09-07T22:59:34.831856Z[0m [32m INFO[0m [2mlighter_vmm::streams[0m[2m:[0m port published through a stream [3mpublished[0m[2m=[0mtcp 0.0.0.0:5398 [3maddr[0m[2m=[0m0.0.0.0:5398 [3mdst[0m[2m=[0m192.168.127.2:5398
[2m2026-09-07T22:59:34.831880Z[0m [32m INFO[0m [2mlighter_docker[0m[2m:[0m port forwarded [3mpublished[0m[2m=[0mtcp 0.0.0.0:5398
[2m2026-09-07T22:59:34.831924Z[0m [32m INFO[0m [2mlighter_vmm::streams[0m[2m:[0m port published through a stream [3mpublished[0m[2m=[0mtcp [::]:5398 [3maddr[0m[2m=[0m[::]:5398 [3mdst[0m[2m=[0m[fd6c:6967:6874::2]:5398
[2m2026-09-07T22:59:34.831933Z[0m [32m INFO[0m [2mlighter_docker[0m[2m:[0m port forwarded [3mpublished[0m[2m=[0mtcp [::]:5398
[  391.356852] docker0: port 2(vethff4433a) entered blocking state
[  391.356863] docker0: port 2(vethff4433a) entered disabled state
[  391.356871] vethff4433a: entered allmulticast mode
[  391.356890] vethff4433a: entered promiscuous mode
[  391.360437] eth0: renamed from veth1d68936
[  391.360822] docker0: port 2(vethff4433a) entered blocking state
[  391.360832] docker0: port 2(vethff4433a) entered forwarding state
[2m2026-09-07T22:59:34.916750Z[0m [32m INFO[0m [2mlighter_vmm::streams[0m[2m:[0m port published through a stream [3mpublished[0m[2m=[0mtcp 0.0.0.0:5397 [3maddr[0m[2m=[0m0.0.0.0:5397 [3mdst[0m[2m=[0m192.168.127.2:5397
[2m2026-09-07T22:59:34.916775Z[0m [32m INFO[0m [2mlighter_docker[0m[2m:[0m port forwarded [3mpublished[0m[2m=[0mtcp 0.0.0.0:5397
[2m2026-09-07T22:59:34.916841Z[0m [32m INFO[0m [2mlighter_vmm::streams[0m[2m:[0m port published through a stream [3mpublished[0m[2m=[0mtcp [::]:5397 [3maddr[0m[2m=[0m[::]:5397 [3mdst[0m[2m=[0m[fd6c:6967:6874::2]:5397
[2m2026-09-07T22:59:34.916865Z[0m [32m INFO[0m [2mlighter_docker[0m[2m:[0m port forwarded [3mpublished[0m[2m=[0mtcp [::]:5397
lighter-agent: inbound to 192.168.127.2:5397 refused: Connection refused (os error 111)
[  391.496534] docker0: port 3(vethabb6daf) entered blocking state
[  391.496545] docker0: port 3(vethabb6daf) entered disabled state
[  391.496557] vethabb6daf: entered allmulticast mode
[  391.496573] vethabb6daf: entered promiscuous mode
[  391.500121] eth0: renamed from veth97c7d93
[  391.500486] docker0: port 3(vethabb6daf) entered blocking state
[  391.500496] docker0: port 3(vethabb6daf) entered forwarding state
[  394.539713] docker0: port 3(vethabb6daf) entered disabled state
[  394.540245] veth97c7d93: renamed from eth0
[  394.563636] docker0: port 3(vethabb6daf) entered disabled state
[  394.563899] vethabb6daf (unregistering): left allmulticast mode
[  394.563908] vethabb6daf (unregistering): left promiscuous mode
[  394.563914] docker0: port 3(vethabb6daf) entered disabled state
[  394.693950] docker0: port 3(vethba97358) entered blocking state
[  394.693960] docker0: port 3(vethba97358) entered disabled state
[  394.693967] vethba97358: entered allmulticast mode
[  394.693986] vethba97358: entered promiscuous mode
[  394.697710] eth0: renamed from veth4bb3835
[  394.698016] docker0: port 3(vethba97358) entered blocking state
[  394.698026] docker0: port 3(vethba97358) entered forwarding state
[  397.743112] docker0: port 3(vethba97358) entered disabled state
[  397.743146] veth4bb3835: renamed from eth0
[  397.779756] docker0: port 3(vethba97358) entered disabled state
[  397.780032] vethba97358 (unregistering): left allmulticast mode
[  397.780043] vethba97358 (unregistering): left promiscuous mode
[  397.780049] docker0: port 3(vethba97358) entered disabled state
[  397.901379] docker0: port 3(veth0d45517) entered blocking state
[  397.901390] docker0: port 3(veth0d45517) entered disabled state
[  397.901397] veth0d45517: entered allmulticast mode
[  397.901415] veth0d45517: entered promiscuous mode
[  397.904931] eth0: renamed from veth309d69c
[  397.905306] docker0: port 3(veth0d45517) entered blocking state
[  397.905315] docker0: port 3(veth0d45517) entered forwarding state
[  400.931619] docker0: port 3(veth0d45517) entered disabled state
[  400.931653] veth309d69c: renamed from eth0
[  400.955145] docker0: port 3(veth0d45517) entered disabled state
[  400.955405] veth0d45517 (unregistering): left allmulticast mode
[  400.955416] veth0d45517 (unregistering): left promiscuous mode
[  400.955424] docker0: port 3(veth0d45517) entered disabled state
[  401.088394] docker0: port 3(veth887dbcf) entered blocking state
[  401.088406] docker0: port 3(veth887dbcf) entered disabled state
[  401.088415] veth887dbcf: entered allmulticast mode
[  401.088434] veth887dbcf: entered promiscuous mode
[  401.091967] eth0: renamed from veth4201409
[  401.092366] docker0: port 3(veth887dbcf) entered blocking state
[  401.092373] docker0: port 3(veth887dbcf) entered forwarding state
[  404.114891] docker0: port 3(veth887dbcf) entered disabled state
[  404.114925] veth4201409: renamed from eth0
[  404.135277] docker0: port 3(veth887dbcf) entered disabled state
[  404.135546] veth887dbcf (unregistering): left allmulticast mode
[  404.135556] veth887dbcf (unregistering): left promiscuous mode
[  404.135561] docker0: port 3(veth887dbcf) entered disabled state
[  404.259828] docker0: port 3(veth5c578a9) entered blocking state
[  404.259839] docker0: port 3(veth5c578a9) entered disabled state
[  404.259842] veth5c578a9: entered allmulticast mode
[  404.259856] veth5c578a9: entered promiscuous mode
[  404.263332] eth0: renamed from vethc4eaa01
[  404.263659] docker0: port 3(veth5c578a9) entered blocking state
[  404.263666] docker0: port 3(veth5c578a9) entered forwarding state
[  407.285985] docker0: port 3(veth5c578a9) entered disabled state
[  407.286018] vethc4eaa01: renamed from eth0
[  407.307317] docker0: port 3(veth5c578a9) entered disabled state
[  407.307572] veth5c578a9 (unregistering): left allmulticast mode
[  407.307581] veth5c578a9 (unregistering): left promiscuous mode
[  407.307587] docker0: port 3(veth5c578a9) entered disabled state
[  407.446052] docker0: port 3(veth1fbd069) entered blocking state
[  407.446062] docker0: port 3(veth1fbd069) entered disabled state
[  407.446065] veth1fbd069: entered allmulticast mode
[  407.446079] veth1fbd069: entered promiscuous mode
[  407.449626] eth0: renamed from vethde2c663
[  407.450004] docker0: port 3(veth1fbd069) entered blocking state
[  407.450014] docker0: port 3(veth1fbd069) entered forwarding state
[  410.484670] docker0: port 3(veth1fbd069) entered disabled state
[  410.484748] vethde2c663: renamed from eth0
[  410.503757] docker0: port 3(veth1fbd069) entered disabled state
[  410.504013] veth1fbd069 (unregistering): left allmulticast mode
[  410.504022] veth1fbd069 (unregistering): left promiscuous mode
[  410.504027] docker0: port 3(veth1fbd069) entered disabled state
AGENT sockmap=on
[  428.888100] docker0: port 3(veth22c8360) entered blocking state
[  428.888111] docker0: port 3(veth22c8360) entered disabled state
[  428.888120] veth22c8360: entered allmulticast mode
[  428.888138] veth22c8360: entered promiscuous mode
[  428.892839] eth0: renamed from veth605c19d
[  428.893250] docker0: port 3(veth22c8360) entered blocking state
[  428.893260] docker0: port 3(veth22c8360) entered forwarding state
[  431.942711] docker0: port 3(veth22c8360) entered disabled state
[  431.942747] veth605c19d: renamed from eth0
[  431.967372] docker0: port 3(veth22c8360) entered disabled state
[  431.967630] veth22c8360 (unregistering): left allmulticast mode
[  431.967640] veth22c8360 (unregistering): left promiscuous mode
[  431.967645] docker0: port 3(veth22c8360) entered disabled state
[  432.092981] docker0: port 3(vethc769cc1) entered blocking state
[  432.092990] docker0: port 3(vethc769cc1) entered disabled state
[  432.092998] vethc769cc1: entered allmulticast mode
[  432.093018] vethc769cc1: entered promiscuous mode
[  432.097470] eth0: renamed from veth694acc8
[  432.097862] docker0: port 3(vethc769cc1) entered blocking state
[  432.097871] docker0: port 3(vethc769cc1) entered forwarding state
[  435.143658] docker0: port 3(vethc769cc1) entered disabled state
[  435.143696] veth694acc8: renamed from eth0
[  435.159044] docker0: port 3(vethc769cc1) entered disabled state
[  435.159302] vethc769cc1 (unregistering): left allmulticast mode
[  435.159311] vethc769cc1 (unregistering): left promiscuous mode
[  435.159317] docker0: port 3(vethc769cc1) entered disabled state
[  435.292131] docker0: port 3(veth737972c) entered blocking state
[  435.292142] docker0: port 3(veth737972c) entered disabled state
[  435.292149] veth737972c: entered allmulticast mode
[  435.292171] veth737972c: entered promiscuous mode
[  435.295568] eth0: renamed from vethcaacee3
[  435.296340] docker0: port 3(veth737972c) entered blocking state
[  435.296349] docker0: port 3(veth737972c) entered forwarding state
[  438.352598] docker0: port 3(veth737972c) entered disabled state
[  438.352636] vethcaacee3: renamed from eth0
[  438.371557] docker0: port 3(veth737972c) entered disabled state
[  438.371828] veth737972c (unregistering): left allmulticast mode
[  438.371837] veth737972c (unregistering): left promiscuous mode
[  438.371842] docker0: port 3(veth737972c) entered disabled state
[  439.962052] docker0: port 3(vethca8e20d) entered blocking state
[  439.962060] docker0: port 3(vethca8e20d) entered disabled state
[  439.962065] vethca8e20d: entered allmulticast mode
[  439.962081] vethca8e20d: entered promiscuous mode
[  439.965760] eth0: renamed from veth4bf5c4d
[  439.966155] docker0: port 3(vethca8e20d) entered blocking state
[  439.966162] docker0: port 3(vethca8e20d) entered forwarding state
[  440.076855] docker0: port 3(vethca8e20d) entered disabled state
[  440.076891] veth4bf5c4d: renamed from eth0
[  440.107502] docker0: port 3(vethca8e20d) entered disabled state
[  440.107790] vethca8e20d (unregistering): left allmulticast mode
[  440.107799] vethca8e20d (unregistering): left promiscuous mode
[  440.107805] docker0: port 3(vethca8e20d) entered disabled state
[  440.205292] docker0: port 3(veth5bf8d34) entered blocking state
[  440.205301] docker0: port 3(veth5bf8d34) entered disabled state
[  440.205304] veth5bf8d34: entered allmulticast mode
[  440.205318] veth5bf8d34: entered promiscuous mode
[  440.208726] eth0: renamed from veth1e25efa
[  440.209112] docker0: port 3(veth5bf8d34) entered blocking state
[  440.209120] docker0: port 3(veth5bf8d34) entered forwarding state
[  440.285045] veth1e25efa: renamed from eth0
[  440.285277] docker0: port 3(veth5bf8d34) entered disabled state
[  440.311378] docker0: port 3(veth5bf8d34) entered disabled state
[  440.311654] veth5bf8d34 (unregistering): left allmulticast mode
[  440.311665] veth5bf8d34 (unregistering): left promiscuous mode
[  440.311670] docker0: port 3(veth5bf8d34) entered disabled state
[  440.418124] docker0: port 3(vetheadb8fc) entered blocking state
[  440.418133] docker0: port 3(vetheadb8fc) entered disabled state
[  440.418136] vetheadb8fc: entered allmulticast mode
[  440.418159] vetheadb8fc: entered promiscuous mode
[  440.421967] eth0: renamed from veth95547b5
[  440.422449] docker0: port 3(vetheadb8fc) entered blocking state
[  440.422455] docker0: port 3(vetheadb8fc) entered forwarding state
[  440.519090] docker0: port 3(vetheadb8fc) entered disabled state
[  440.519158] veth95547b5: renamed from eth0
[  440.552045] docker0: port 3(vetheadb8fc) entered disabled state
[  440.552333] vetheadb8fc (unregistering): left allmulticast mode
[  440.552343] vetheadb8fc (unregistering): left promiscuous mode
[  440.552348] docker0: port 3(vetheadb8fc) entered disabled state
[  440.717557] docker0: port 2(vethff4433a) entered disabled state
[  440.717656] veth1d68936: renamed from eth0
[  440.740624] docker0: port 1(veth6b81cf6) entered disabled state
[  440.740655] veth952a568: renamed from eth0
[  440.764683] docker0: port 2(vethff4433a) entered disabled state
[  440.765045] vethff4433a (unregistering): left allmulticast mode
[  440.765055] vethff4433a (unregistering): left promiscuous mode
[  440.765061] docker0: port 2(vethff4433a) entered disabled state
[  440.792643] docker0: port 1(veth6b81cf6) entered disabled state
[  440.793021] veth6b81cf6 (unregistering): left allmulticast mode
[  440.793030] veth6b81cf6 (unregistering): left promiscuous mode
[  440.793036] docker0: port 1(veth6b81cf6) entered disabled state
[2m2026-09-07T23:00:24.328236Z[0m [32m INFO[0m [2mlighter_docker[0m[2m:[0m port forward withdrawn [3mpublished[0m[2m=[0mtcp 0.0.0.0:5397
[2m2026-09-07T23:00:24.328366Z[0m [32m INFO[0m [2mlighter_docker[0m[2m:[0m port forward withdrawn [3mpublished[0m[2m=[0mtcp [::]:5397
[2m2026-09-07T23:00:24.379334Z[0m [32m INFO[0m [2mlighter_docker[0m[2m:[0m port forward withdrawn [3mpublished[0m[2m=[0mtcp 0.0.0.0:5398
[2m2026-09-07T23:00:24.379496Z[0m [32m INFO[0m [2mlighter_docker[0m[2m:[0m port forward withdrawn [3mpublished[0m[2m=[0mtcp [::]:5398
[2m2026-09-07T23:00:33.916879Z[0m [32m INFO[0m [2mlighter_vmm::virtio::mem[0m[2m:[0m virtio-mem offer [3mrequested_mib[0m[2m=[0m512 [3mplugged_mib[0m[2m=[0m3072
[  450.385928] virtio_mem virtio8: plugged size: 0xc0000000
[  450.385983] virtio_mem virtio8: requested size: 0x20000000
[2m2026-09-07T23:00:33.995168Z[0m [32m INFO[0m [2mlighter_vmm::virtio::mem[0m[2m:[0m virtio-mem offer [3mrequested_mib[0m[2m=[0m0 [3mplugged_mib[0m[2m=[0m2816
[  450.464107] virtio_mem virtio8: plugged size: 0xb0000000
[  450.464120] virtio_mem virtio8: requested size: 0x0
[  450.669873] Fallback order for Node 0: 0 
[  450.669887] Built 1 zonelists, mobility grouping on.  Total pages: 520084
[  450.669892] Policy zone: Normal
[2m2026-09-07T23:01:34.492356Z[0m [32m INFO[0m [2mlighter_vmm::memory_policy[0m[2m:[0m virtio-mem: an unplug the guest could not finish; keeping the block [3mplugged_mib[0m[2m=[0m1152
[2m2026-09-07T23:01:34.492571Z[0m [32m INFO[0m [2mlighter_vmm::virtio::mem[0m[2m:[0m virtio-mem offer [3mrequested_mib[0m[2m=[0m1152 [3mplugged_mib[0m[2m=[0m1152
[  510.960372] virtio_mem virtio8: plugged size: 0x48000000
[  510.960433] virtio_mem virtio8: requested size: 0x48000000
[2m2026-09-07T23:01:39.535852Z[0m [32m INFO[0m [2mlighter_vmm::virtio::mem[0m[2m:[0m virtio-mem offer [3mrequested_mib[0m[2m=[0m0 [3mplugged_mib[0m[2m=[0m1152
[  516.003532] virtio_mem virtio8: plugged size: 0x48000000
[  516.003625] virtio_mem virtio8: requested size: 0x0
