[2m2026-09-08T00:28:03.052782Z[0m [32m INFO[0m [2mlighter_vmm::net[0m[2m:[0m network started [3mgateway[0m[2m=[0m"192.168.127.1" [3mguest[0m[2m=[0m"192.168.127.2" [3mmtu[0m[2m=[0m1500
[2m2026-09-08T00:28:03.052964Z[0m [32m INFO[0m [2mlighter_vmm::machine[0m[2m:[0m attached disk [3mpath[0m[2m=[0m/var/folders/t_/gbzzqq_x4hvg4qdrhspkp37m0000gn/T/lighter-rootfs.LuqK3NmvxO.ext4 [3mcapacity_mib[0m[2m=[0m2048 [3mallocated_kib[0m[2m=[0m2097152
[2m2026-09-08T00:28:03.053065Z[0m [32m INFO[0m [2mlighter_vmm::machine[0m[2m:[0m attached disk [3mpath[0m[2m=[0m/var/folders/t_/gbzzqq_x4hvg4qdrhspkp37m0000gn/T/lighter-bench.ztRnQPmiX0/data.img [3mcapacity_mib[0m[2m=[0m131072 [3mallocated_kib[0m[2m=[0m0
[2m2026-09-08T00:28:03.055141Z[0m [32m INFO[0m [2mlighter_fs::server[0m[2m:[0m share opened [3mroot[0m[2m=[0m~/.lighter-bench/lighter [3mattr_ms[0m[2m=[0m100 [3mentry_ms[0m[2m=[0m100 [3mdir_entry_ms[0m[2m=[0m1000 [3mwatched[0m[2m=[0mtrue [3mdescriptors[0m[2m=[0m10240
[2m2026-09-08T00:28:03.055663Z[0m [32m INFO[0m [2mlighter_fs::server[0m[2m:[0m share opened [3mroot[0m[2m=[0m/Library/Apple/usr/libexec/oah/RosettaLinux [3mattr_ms[0m[2m=[0m100 [3mentry_ms[0m[2m=[0m100 [3mdir_entry_ms[0m[2m=[0m1000 [3mwatched[0m[2m=[0mtrue [3mdescriptors[0m[2m=[0m10240
[2m2026-09-08T00:28:03.059581Z[0m [32m INFO[0m [2mlighter_vmm::machine[0m[2m:[0m machine started [3mvcpus[0m[2m=[0m8 [3mram_mib[0m[2m=[0m1024 [3mentry[0m[2m=[0m0x40000000 [3mdtb[0m[2m=[0m0x43400000
[2m2026-09-08T00:28:03.059965Z[0m [32m INFO[0m [2mlighter_vmm::vsock_proxy[0m[2m:[0m proxying a socket into the guest [3mpath[0m[2m=[0m/var/folders/t_/gbzzqq_x4hvg4qdrhspkp37m0000gn/T/lighter-bench.ztRnQPmiX0/docker.sock [3mguest_port[0m[2m=[0m2375
[2m2026-09-08T00:28:03.060040Z[0m [32m INFO[0m [2mlighter_vmm::vsock_proxy[0m[2m:[0m proxying a socket into the guest [3mpath[0m[2m=[0m/var/folders/t_/gbzzqq_x4hvg4qdrhspkp37m0000gn/T/lighter-bench.ztRnQPmiX0/control.sock [3mguest_port[0m[2m=[0m2376
[2m2026-09-08T00:28:03.060231Z[0m [33m WARN[0m [2mlighter_vmm::virtio::mmio[0m[2m:[0m queue notified before the driver was ready [3mdevice[0m[2m=[0m"virtio-vsock" [3mindex[0m[2m=[0m0
[    0.000000] Booting Linux on physical CPU 0x0000000000 [0x610f0000]
[    0.000000] Linux version 6.18.49-lighter (root@cc682f9944e9) (gcc (Debian 12.2.0-14+deb12u1) 12.2.0, GNU ld (GNU Binutils for Debian) 2.40) #1 SMP Mon Sep  7 19:57:38 UTC 2026
[    0.000000] KASLR disabled due to lack of seed
[    0.000000] Machine model: linux,dummy-virt
[    0.000000] efi: UEFI not found.
[    0.000000] OF: reserved mem: Reserved memory: No reserved-memory node in the DT
[    0.000000] NUMA: Faking a node at [mem 0x0000000040000000-0x000000007fffffff]
[    0.000000] NODE_DATA(0) allocated [mem 0x7fe05d00-0x7fe0847f]
[    0.000000] Zone ranges:
[    0.000000]   DMA      [mem 0x0000000040000000-0x000000007fffffff]
[    0.000000]   DMA32    empty
[    0.000000]   Normal   empty
[    0.000000] Movable zone start for each node
[    0.000000] Early memory node ranges
[    0.000000]   node   0: [mem 0x0000000040000000-0x000000007fffffff]
[    0.000000] Initmem setup node 0 [mem 0x0000000040000000-0x000000007fffffff]
[    0.000000] cma: Reserved 32 MiB at 0x000000007cc00000
[    0.000000] psci: probing for conduit method from DT.
[    0.000000] psci: PSCIv1.1 detected in firmware.
[    0.000000] psci: Using standard PSCI v0.2 function IDs
[    0.000000] psci: Trusted OS migration not required
[    0.000000] psci: SMC Calling Convention v1.0
[    0.000000] percpu: Embedded 23 pages/cpu s63320 r0 d30888 u94208
[    0.000000] Detected PIPT I-cache on CPU0
[    0.000000] CPU features: detected: Address authentication (IMP DEF algorithm)
[    0.000000] CPU features: detected: GICv3 CPU interface
[    0.000000] CPU features: detected: Spectre-v4
[    0.000000] CPU features: detected: Spectre-BHB
[    0.000000] alternatives: applying boot alternatives
[    0.000000] Kernel command line: console=ttyAMA0 panic=-1 root=/dev/vda rw init=/sbin/lighter-init psi=0 idle.poll_ns=50000 lighter.time=1788827282 lighter.share=bench:/mnt/bench  lighter.rosetta 
[    0.000000] printk: log buffer data + meta data: 131072 + 458752 = 589824 bytes
[    0.000000] Dentry cache hash table entries: 131072 (order: 8, 1048576 bytes, linear)
[    0.000000] Inode-cache hash table entries: 65536 (order: 7, 524288 bytes, linear)
[    0.000000] software IO TLB: SWIOTLB bounce buffer size adjusted to 1MB
[    0.000000] software IO TLB: area num 8.
[    0.000000] software IO TLB: SWIOTLB bounce buffer size roundup to 2MB
[    0.000000] software IO TLB: mapped [mem 0x000000007c980000-0x000000007cb80000] (2MB)
[    0.000000] Fallback order for Node 0: 0 
[    0.000000] Built 1 zonelists, mobility grouping on.  Total pages: 262144
[    0.000000] Policy zone: DMA
[    0.000000] mem auto-init: stack:off, heap alloc:off, heap free:off
[    0.000000] SLUB: HWalign=64, Order=0-3, MinObjects=0, CPUs=8, Nodes=1
[    0.000000] rcu: Hierarchical RCU implementation.
[    0.000000] rcu: 	RCU event tracing is enabled.
[    0.000000] rcu: 	RCU restricting CPUs from NR_CPUS=512 to nr_cpu_ids=8.
[    0.000000] 	Tracing variant of Tasks RCU enabled.
[    0.000000] rcu: RCU calculated value of scheduler-enlistment delay is 25 jiffies.
[    0.000000] rcu: Adjusting geometry for rcu_fanout_leaf=16, nr_cpu_ids=8
[    0.000000] RCU Tasks Trace: Setting shift to 3 and lim to 1 rcu_task_cb_adjust=1 rcu_task_cpu_ids=8.
[    0.000000] NR_IRQS: 64, nr_irqs: 64, preallocated irqs: 0
[    0.000000] GICv3: 988 SPIs implemented
[    0.000000] GICv3: 0 Extended SPIs implemented
[    0.000000] Root IRQ handler: gic_handle_irq
[    0.000000] GICv3: GICv3 features: 16 PPIs, RSS
[    0.000000] GICv3: GICD_CTLR.DS=1, SCR_EL3.FIQ=0
[    0.000000] GICv3: CPU0: found redistributor 0 region 0:0x00000000080a0000
[    0.000000] rcu: srcu_init: Setting srcu_struct sizes based on contention.
[    0.000000] clocksource: jiffies: mask: 0xffffffff max_cycles: 0xffffffff, max_idle_ns: 7645041785100000 ns
[    0.000000] arch_timer: cp15 timer running at 24.00MHz (virt).
[    0.000000] clocksource: arch_sys_counter: mask: 0xffffffffffffff max_cycles: 0x588fe9dc0, max_idle_ns: 440795202592 ns
[    0.000000] sched_clock: 56 bits at 24MHz, resolution 41ns, wraps every 4398046511097ns
[    0.000073] Console: colour dummy device 80x25
[    0.000098] Calibrating delay loop (skipped), value calculated using timer frequency.. 48.00 BogoMIPS (lpj=96000)
[    0.000099] pid_max: default: 32768 minimum: 301
[    0.000128] LSM: initializing lsm=capability
[    0.000216] Mount-cache hash table entries: 2048 (order: 2, 16384 bytes, linear)
[    0.000219] Mountpoint-cache hash table entries: 2048 (order: 2, 16384 bytes, linear)
[    0.000595] cacheinfo: Unable to detect cache hierarchy for CPU 0
[    0.000796] Apple TSO: available per thread (PR_SET_MEM_MODEL); boot value off
[    0.000828] rcu: Hierarchical SRCU implementation.
[    0.000828] rcu: 	Max phase no-delay instances is 1000.
[    0.000882] Timer migration: 1 hierarchy levels; 8 children per group; 1 crossnode level
[    0.000944] EFI services will not be available.
[    0.001053] smp: Bringing up secondary CPUs ...
[    0.001234] Detected PIPT I-cache on CPU1
[    0.001247] GICv3: CPU1: found redistributor 1 region 0:0x00000000080c0000
[    0.001289] CPU1: Booted secondary processor 0x0000000001 [0x610f0000]
[    0.001513] Detected PIPT I-cache on CPU2
[    0.001527] GICv3: CPU2: found redistributor 2 region 0:0x00000000080e0000
[    0.001568] CPU2: Booted secondary processor 0x0000000002 [0x610f0000]
[    0.001734] Detected PIPT I-cache on CPU3
[    0.001749] GICv3: CPU3: found redistributor 3 region 0:0x0000000008100000
[    0.001790] CPU3: Booted secondary processor 0x0000000003 [0x610f0000]
[    0.001971] Detected PIPT I-cache on CPU4
[    0.001988] GICv3: CPU4: found redistributor 4 region 0:0x0000000008120000
[    0.002029] CPU4: Booted secondary processor 0x0000000004 [0x610f0000]
[    0.002198] Detected PIPT I-cache on CPU5
[    0.002218] GICv3: CPU5: found redistributor 5 region 0:0x0000000008140000
[    0.002259] CPU5: Booted secondary processor 0x0000000005 [0x610f0000]
[    0.002419] Detected PIPT I-cache on CPU6
[    0.002440] GICv3: CPU6: found redistributor 6 region 0:0x0000000008160000
[    0.002481] CPU6: Booted secondary processor 0x0000000006 [0x610f0000]
[    0.002663] Detected PIPT I-cache on CPU7
[    0.002687] GICv3: CPU7: found redistributor 7 region 0:0x0000000008180000
[    0.002727] CPU7: Booted secondary processor 0x0000000007 [0x610f0000]
[    0.002759] smp: Brought up 1 node, 8 CPUs
[    0.002760] SMP: Total of 8 processors activated.
[    0.002761] CPU: All CPU(s) started at EL1
[    0.002772] CPU features: detected: ARMv8.4 Translation Table Level
[    0.002772] CPU features: detected: Data cache clean to the PoU not required for I/D coherence
[    0.002772] CPU features: detected: Common not Private translations
[    0.002773] CPU features: detected: CRC32 instructions
[    0.002773] CPU features: detected: Data independent timing control (DIT)
[    0.002773] CPU features: detected: E0PD
[    0.002774] CPU features: detected: Generic authentication (IMP DEF algorithm)
[    0.002775] CPU features: detected: RCpc load-acquire (LDAPR)
[    0.002775] CPU features: detected: LSE atomic instructions
[    0.002776] CPU features: detected: Privileged Access Never
[    0.002776] CPU features: detected: RAS Extension Support
[    0.002776] CPU features: detected: Speculation barrier (SB)
[    0.002777] CPU features: detected: TLB range maintenance instructions
[    0.014579] alternatives: applying system-wide alternatives
[    0.028186] Memory: 935880K/1048576K available (19008K kernel code, 6390K rwdata, 12684K rodata, 12224K init, 709K bss, 74108K reserved, 32768K cma-reserved)
[    0.028352] devtmpfs: initialized
[    0.028702] posixtimers hash table entries: 4096 (order: 4, 65536 bytes, linear)
[    0.028741] futex hash table entries: 2048 (131072 bytes on 1 NUMA nodes, total 128 KiB, linear).
[    0.028774] 19952 pages in range for non-PLT usage
[    0.028777] 511472 pages in range for PLT usage
[    0.028793] pinctrl core: initialized pinctrl subsystem
[    0.028976] DMI not present or invalid.
[    0.030093] NET: Registered PF_NETLINK/PF_ROUTE protocol family
[    0.030375] DMA: preallocated 128 KiB GFP_KERNEL pool for atomic allocations
[    0.030451] DMA: preallocated 128 KiB GFP_KERNEL|GFP_DMA pool for atomic allocations
[    0.030546] DMA: preallocated 128 KiB GFP_KERNEL|GFP_DMA32 pool for atomic allocations
[    0.030632] thermal_sys: Registered thermal governor 'step_wise'
[    0.030632] thermal_sys: Registered thermal governor 'power_allocator'
[    0.030637] cpuidle: using governor menu
[    0.030650] NET: Registered PF_QIPCRTR protocol family
[    0.030674] hw-breakpoint: found 6 breakpoint and 4 watchpoint registers.
[    0.030787] ASID allocator initialised with 256 entries
[    0.030969] Serial: AMBA PL011 UART driver
[    0.031144] c000000.pl011: ttyAMA0 at MMIO 0xc000000 (irq = 13, base_baud = 0) is a PL011 rev1
[    0.031204] printk: console [ttyAMA0] enabled
[    0.032030] HugeTLB: registered 1.00 GiB page size, pre-allocated 0 pages
[    0.032030] HugeTLB: 0 KiB vmemmap can be freed for a 1.00 GiB page
[    0.032031] HugeTLB: registered 32.0 MiB page size, pre-allocated 0 pages
[2m2026-09-08T00:28:03.136702Z[0m [33m WARN[0m [2mlighter_vmm::virtio::mmio[0m[2m:[0m queue notified before the driver was ready [3mdevice[0m[2m=[0m"virtio-vsock" [3mindex[0m[2m=[0m0
[2m2026-09-08T00:28:03.136869Z[0m [33m WARN[0m [2mlighter_vmm::virtio::mmio[0m[2m:[0m queue notified before the driver was ready [3mdevice[0m[2m=[0m"fs" [3mindex[0m[2m=[0m5
[    0.032035] HugeTLB: 0 KiB vmemmap can be freed for a 32.0 MiB page
[2m2026-09-08T00:28:03.136885Z[0m [32m INFO[0m [2mlighter_fs::cache[0m[2m:[0m cache lifetime set by whether the guest can be told to forget [3minvalidation[0m[2m=[0m"push" [3mattr_ms[0m[2m=[0m20000 [3mentry_ms[0m[2m=[0m20000
[    0.032035] HugeTLB: registered 2.00 MiB page size, pre-allocated 0 pages
[2m2026-09-08T00:28:03.137076Z[0m [32m INFO[0m [2mlighter_vmm::virtio::fs[0m[2m:[0m share activated [3mtag[0m[2m=[0mbench [3mroot[0m[2m=[0m~/.lighter-bench/lighter
[    0.032035] HugeTLB: 0 KiB vmemmap can be freed for a 2.00 MiB page
[2m2026-09-08T00:28:03.137354Z[0m [33m WARN[0m [2mlighter_vmm::virtio::mmio[0m[2m:[0m queue notified before the driver was ready [3mdevice[0m[2m=[0m"fs" [3mindex[0m[2m=[0m5
[2m2026-09-08T00:28:03.137364Z[0m [32m INFO[0m [2mlighter_fs::cache[0m[2m:[0m cache lifetime set by whether the guest can be told to forget [3minvalidation[0m[2m=[0m"push" [3mattr_ms[0m[2m=[0m20000 [3mentry_ms[0m[2m=[0m20000
[    0.032036] HugeTLB: registered 64.0 KiB page size, pre-allocated 0 pages
[2m2026-09-08T00:28:03.137541Z[0m [32m INFO[0m [2mlighter_vmm::virtio::fs[0m[2m:[0m share activated [3mtag[0m[2m=[0mrosetta [3mroot[0m[2m=[0m/Library/Apple/usr/libexec/oah/RosettaLinux
[    0.032036] HugeTLB: 0 KiB vmemmap can be freed for a 64.0 KiB page
[    0.033148] raid6: skipped pq benchmark and selected neonx8
[    0.033149] raid6: using neon recovery algorithm
[    0.033175] ACPI: Interpreter disabled.
[    0.033321] iommu: Default domain type: Translated
[    0.033326] iommu: DMA domain TLB invalidation policy: strict mode
[    0.037202] pps_core: LinuxPPS API ver. 1 registered
[    0.037202] pps_core: Software ver. 5.3.6 - Copyright 2005-2007 Rodolfo Giometti <giometti@linux.it>
[    0.037203] PTP clock support registered
[    0.037213] EDAC MC: Ver: 3.0.0
[    0.037248] scmi_core: SCMI protocol bus registered
[    0.037428] FPGA manager framework
[    0.037568] nfc: nfc_init: NFC Core ver 0.1
[    0.037573] NET: Registered PF_NFC protocol family
[    0.048034] clocksource: Switched to clocksource arch_sys_counter
[    0.048181] VFS: Disk quotas dquot_6.6.0
[    0.048188] VFS: Dquot-cache hash table entries: 512 (order 0, 4096 bytes)
[    0.048395] pnp: PnP ACPI: disabled
[    0.048971] NET: Registered PF_INET protocol family
[    0.049022] IP idents hash table entries: 16384 (order: 5, 131072 bytes, linear)
[    0.049350] tcp_listen_portaddr_hash hash table entries: 512 (order: 1, 8192 bytes, linear)
[    0.049352] Table-perturb hash table entries: 65536 (order: 6, 262144 bytes, linear)
[    0.049354] TCP established hash table entries: 8192 (order: 4, 65536 bytes, linear)
[    0.049370] TCP bind hash table entries: 8192 (order: 6, 262144 bytes, linear)
[    0.049428] TCP: Hash tables configured (established 8192 bind 8192)
[    0.049465] UDP hash table entries: 512 (order: 3, 32768 bytes, linear)
[    0.049473] UDP-Lite hash table entries: 512 (order: 3, 32768 bytes, linear)
[    0.049494] NET: Registered PF_UNIX/PF_LOCAL protocol family
[    0.049851] kvm [1]: HYP mode not available
[    0.050011] Initialise system trusted keyrings
[    0.050078] workingset: timestamp_bits=42 max_order=18 bucket_order=0
[    0.050135] squashfs: version 4.0 (2009/01/31) Phillip Lougher
[    0.050162] fuse: init (API version 7.45)
[    0.050214] SGI XFS with ACLs, security attributes, scrub, repair, no debug enabled
[    0.050439] 9p: Installing v9fs 9p2000 file system support
[    0.056690] NET: Registered PF_ALG protocol family
[    0.056694] xor: measuring software checksum speed
[    0.056868]    8regs           : 18969 MB/sec
[    0.056948]    32regs          : 41247 MB/sec
[    0.057018]    arm64_neon      : 46730 MB/sec
[    0.057019] xor: using function: arm64_neon (46730 MB/sec)
[    0.057020] Key type asymmetric registered
[    0.057021] Asymmetric key parser 'x509' registered
[    0.057031] Block layer SCSI generic (bsg) driver version 0.4 loaded (major 239)
[    0.057032] io scheduler mq-deadline registered
[    0.057033] io scheduler kyber registered
[    0.057037] io scheduler bfq registered
[    0.061163] ledtrig-cpu: registered to indicate activity on CPUs
[    0.061175] IPMI message handler: version 39.2
[    0.061178] ipmi device interface
[    0.061242] ipmi_si: IPMI System Interface driver
[    0.061251] ipmi_si: Unable to find any System Interface(s)
[    0.063209] virtiofs virtio4: discovered new tag: bench
[    0.063707] virtiofs virtio5: discovered new tag: rosetta
[    0.064365] Free page reporting enabled
[    0.064451] virtio_mem virtio8: start address: 0x80000000
[    0.064451] virtio_mem virtio8: region size: 0xc0000000
[    0.064452] virtio_mem virtio8: device block size: 0x8000000
[    0.064452] virtio_mem virtio8: nid: 0
[    0.064453] virtio_mem virtio8: memory block size: 0x8000000
[    0.064453] virtio_mem virtio8: big block size: 0x8000000
[    0.064544] virtio_mem virtio8: plugged size: 0x0
[    0.064544] virtio_mem virtio8: requested size: 0xc0000000
[    0.065401] Fallback order for Node 0: 0 
[    0.065402] Built 1 zonelists, mobility grouping on.  Total pages: 267393
[    0.065403] Policy zone: DMA
[    0.068686] Serial: 8250/16550 driver, 4 ports, IRQ sharing enabled
[    0.069120] msm_serial: driver initialized
[    0.069153] SuperH (H)SCI(F) driver initialized
[    0.069162] STM32 USART driver initialized
[    0.069541] random: crng init done
[    0.069880] Fallback order for Node 0: 0 
[    0.069882] Built 1 zonelists, mobility grouping on.  Total pages: 490481
[    0.069882] Policy zone: Normal
[    0.076946] loop: module loaded
[    0.081639] virtio_blk virtio0: 8/0/0 default/read/poll queues
[    0.082089] virtio_blk virtio0: [vda] 4194304 512-byte logical blocks (2.15 GB/2.00 GiB)
[    0.083120] virtio_blk virtio1: 8/0/0 default/read/poll queues
[    0.083546] virtio_blk virtio1: [vdb] 268435456 512-byte logical blocks (137 GB/128 GiB)
[    0.083826] zram: Added device: zram0
[    0.084475] tun: Universal TUN/TAP device driver, 1.6
[    0.085170] VFIO - User Level meta-driver version: 0.3
[    0.086876]  cs_system_cfg: CoreSight Configuration manager initialised
[    0.087104] gnss: GNSS driver registered with major 503
[    0.087309] GACT probability NOT on
[    0.087315] Mirror/redirect action on
[    0.087657] IPVS: Registered protocols ()
[    0.087666] IPVS: Connection hash table configured (size=4096, memory=32Kbytes)
[    0.087696] IPVS: ipvs loaded.
[    0.087732] Initializing XFRM netlink socket
[    0.087743] NET: Registered PF_INET6 protocol family
[    0.088027] Segment Routing with IPv6
[    0.088030] In-situ OAM (IOAM) with IPv6
[    0.088041] sit: IPv6, IPv4 and MPLS over IPv4 tunneling driver
[    0.088098] NET: Registered PF_PACKET protocol family
[    0.088190] 8021q: 802.1Q VLAN Support v1.8
[    0.088218] 9pnet: Installing 9P2000 support
[    0.088227] Key type dns_resolver registered
[    0.088255] NET: Registered PF_VSOCK protocol family
[    0.089963] registered taskstats version 1
[    0.090017] Loading compiled-in X.509 certificates
[    0.090874] Demotion targets for Node 0: null
[    0.091005] Btrfs loaded, zoned=no, fsverity=no
[    0.091083] clk: Disabling unused clocks
[    0.091084] PM: genpd: Disabling unused power domains
[    0.091393] check access for rdinit=/init failed: -2, ignoring
[    0.096612] EXT4-fs (vda): mounted filesystem b6b766ac-cd49-44a5-aac0-ad1817245fe0 r/w with ordered data mode. Quota mode: none.
[    0.096632] VFS: Mounted root (ext4 filesystem) on device 254:0.
[    0.096828] devtmpfs: mounted
[    0.097678] Freeing unused kernel memory: 12224K
[    0.097713] Run /sbin/lighter-init as init process
INIT clock=2026-09-08T00:28:02Z
INIT filesystems=ok
INIT formatting=/dev/vdb fs=btrfs mkfs=
INIT data_fs=btrfs
INIT data_opts=noatime,nodatacow,commit=30,thread_pool=1
[    0.186353] BTRFS: device label lighter-data devid 1 transid 8 /dev/vdb (254:16) scanned by mount (138)
[    0.186566] BTRFS info (device vdb): first mount of filesystem c4208c36-1848-4e74-aee2-8ff165f4ff9a
[    0.186584] BTRFS info (device vdb): using crc32c (crc32c-lib) checksum algorithm
[    0.187321] BTRFS info (device vdb): checking UUID tree
[    0.187355] BTRFS info (device vdb): setting nodatasum
[    0.187360] BTRFS info (device vdb): setting nodatacow
INIT data=mounted[    0.187365] BTRFS info (device vdb): turning on async discard

[    0.187370] BTRFS info (device vdb): enabling free space tree
INIT fstrim=0ms
[    0.195143] zram0: detected capacity change from 0 to 4194304
[    0.197872] Adding 2097148k swap on /dev/zram0.  Priority:100 extents:1 across:2097148k SS
INIT zram=on
[    0.198824] rcu: RCU calculated value of scheduler-enlistment delay is 25 jiffies.
[2m2026-09-08T00:28:03.273755Z[0m [32m INFO[0m [2mlighter_fs::server[0m[2m:[0m filesystem negotiated [3mguest[0m[2m=[0m7.45 [3mmax_write[0m[2m=[0m262144 [3mreaddirplus[0m[2m=[0mtrue [3mcreate_dialect[0m[2m=[0mtrue
INIT binfmt=x86_64 via=rosetta
[2m2026-09-08T00:28:03.274813Z[0m [32m INFO[0m [2mlighter_fs::server[0m[2m:[0m filesystem negotiated [3mguest[0m[2m=[0m7.45 [3mmax_write[0m[2m=[0m262144 [3mreaddirplus[0m[2m=[0mtrue [3mcreate_dialect[0m[2m=[0mtrue
INIT share=bench at=/mnt/bench
INIT dhcp=ok t=0.21
INIT ipv6=ok
INIT dockerd=ready after=100ms t=0.34
AGENT listening port=2375
AGENT tcp-proxy port=15201
AGENT listening port=2376
AGENT inbound port=2378
AGENT dns addr=192.168.127.2
AGENT udp-inbound
AGENT udp-proxy port=15202
AGENT udp-proxy port=15202
AGENT clock=set trip_us=111 attempt=0
INIT streams=on
INIT ready t=0.35
[2m2026-09-08T00:28:10.900720Z[0m [32m INFO[0m [2mlighter_vmm::virtio::mem[0m[2m:[0m virtio-mem offer [3mrequested_mib[0m[2m=[0m384 [3mplugged_mib[0m[2m=[0m3072
[    7.827196] virtio_mem virtio8: plugged size: 0xc0000000
[    7.827211] virtio_mem virtio8: requested size: 0x18000000
[2m2026-09-08T00:28:11.111786Z[0m [32m INFO[0m [2mlighter_vmm::virtio::mem[0m[2m:[0m virtio-mem offer [3mrequested_mib[0m[2m=[0m0 [3mplugged_mib[0m[2m=[0m1408
[    8.038241] virtio_mem virtio8: plugged size: 0x58000000
[    8.038252] virtio_mem virtio8: requested size: 0x0
[    8.085885] Fallback order for Node 0: 0 
[    8.085897] Built 1 zonelists, mobility grouping on.  Total pages: 520084
[    8.085903] Policy zone: Normal
[2m2026-09-08T00:28:18.213351Z[0m [32m INFO[0m [2mlighter_vmm::virtio::mem[0m[2m:[0m virtio-mem offer [3mrequested_mib[0m[2m=[0m3072 [3mplugged_mib[0m[2m=[0m256
[   15.139775] virtio_mem virtio8: plugged size: 0x10000000
[   15.139804] virtio_mem virtio8: requested size: 0xc0000000
[   15.140747] Fallback order for Node 0: 0 
[   15.140764] Built 1 zonelists, mobility grouping on.  Total pages: 326516
[   15.140770] Policy zone: Normal
[   15.543336] docker0: port 1(veth432528a) entered blocking state
[   15.543346] docker0: port 1(veth432528a) entered disabled state
[   15.543358] veth432528a: entered allmulticast mode
[   15.543383] veth432528a: entered promiscuous mode
[   15.549112] eth0: renamed from vethfa8e891
[   15.549569] docker0: port 1(veth432528a) entered blocking state
[   15.549578] docker0: port 1(veth432528a) entered forwarding state
AGENT sockmap=on
[   28.089075] docker0: port 1(veth432528a) entered disabled state
[   28.089110] vethfa8e891: renamed from eth0
[   28.103606] docker0: port 1(veth432528a) entered disabled state
[   28.103855] veth432528a (unregistering): left allmulticast mode
[   28.103865] veth432528a (unregistering): left promiscuous mode
[   28.103871] docker0: port 1(veth432528a) entered disabled state
[   28.379061] docker0: port 1(veth818da0f) entered blocking state
[   28.379072] docker0: port 1(veth818da0f) entered disabled state
[   28.379079] veth818da0f: entered allmulticast mode
[   28.379094] veth818da0f: entered promiscuous mode
[   28.382450] eth0: renamed from vethafc7d63
[   28.382774] docker0: port 1(veth818da0f) entered blocking state
[   28.382782] docker0: port 1(veth818da0f) entered forwarding state
[2m2026-09-08T00:28:39.581709Z[0m [33m WARN[0m [2mlighter_fs::inode[0m[2m:[0m the share is holding more descriptors than it may [3mopen[0m[2m=[0m6249 [3mbudget[0m[2m=[0m6144 [3minodes[0m[2m=[0m24813 [3mlive[0m[2m=[0m24813 [3mexamined[0m[2m=[0m8192 [3mparked[0m[2m=[0m0 [3munheld[0m[2m=[0m0 [3mused[0m[2m=[0m0 [3mprivileged[0m[2m=[0m0 [3munparkable[0m[2m=[0m0
[   46.651652] docker0: port 1(veth818da0f) entered disabled state
[   46.651688] vethafc7d63: renamed from eth0
[   46.680533] docker0: port 1(veth818da0f) entered disabled state
[   46.680816] veth818da0f (unregistering): left allmulticast mode
[   46.680825] veth818da0f (unregistering): left promiscuous mode
[   46.680831] docker0: port 1(veth818da0f) entered disabled state
[   46.811726] docker0: port 1(veth6ce38fb) entered blocking state
[   46.811742] docker0: port 1(veth6ce38fb) entered disabled state
[   46.811749] veth6ce38fb: entered allmulticast mode
[   46.811764] veth6ce38fb: entered promiscuous mode
[   46.815586] eth0: renamed from veth4fc7efe
[   46.815997] docker0: port 1(veth6ce38fb) entered blocking state
[   46.816004] docker0: port 1(veth6ce38fb) entered forwarding state
[   61.471905] virtio_vsock: the large receive buffer was refused; posting a small one
[   61.472031] virtio_vsock: the large receive buffer was refused; posting a small one
[   61.472085] virtio_vsock: the large receive buffer was refused; posting a small one
[   80.728783] docker0: port 1(veth6ce38fb) entered disabled state
[   80.728877] veth4fc7efe: renamed from eth0
[   80.744645] docker0: port 1(veth6ce38fb) entered disabled state
[   80.745035] veth6ce38fb (unregistering): left allmulticast mode
[   80.745049] veth6ce38fb (unregistering): left promiscuous mode
[   80.745055] docker0: port 1(veth6ce38fb) entered disabled state
[   81.101622] docker0: port 1(veth8d2e11e) entered blocking state
[   81.101642] docker0: port 1(veth8d2e11e) entered disabled state
[   81.101651] veth8d2e11e: entered allmulticast mode
[   81.101680] veth8d2e11e: entered promiscuous mode
[   81.105680] eth0: renamed from veth189423d
[   81.106164] docker0: port 1(veth8d2e11e) entered blocking state
[   81.106175] docker0: port 1(veth8d2e11e) entered forwarding state
[  129.355807] docker0: port 1(veth8d2e11e) entered disabled state
[  129.355877] veth189423d: renamed from eth0
[  129.385285] docker0: port 1(veth8d2e11e) entered disabled state
[  129.385608] veth8d2e11e (unregistering): left allmulticast mode
[  129.385621] veth8d2e11e (unregistering): left promiscuous mode
[  129.385627] docker0: port 1(veth8d2e11e) entered disabled state
[  129.596586] docker0: port 1(vethdfc549a) entered blocking state
[  129.596595] docker0: port 1(vethdfc549a) entered disabled state
[  129.596603] vethdfc549a: entered allmulticast mode
[  129.596642] vethdfc549a: entered promiscuous mode
[  129.600442] eth0: renamed from veth9e10851
[  129.601004] docker0: port 1(vethdfc549a) entered blocking state
[  129.601012] docker0: port 1(vethdfc549a) entered forwarding state
[2m2026-09-08T00:30:20.527675Z[0m [33m WARN[0m [2mlighter_fs::inode[0m[2m:[0m the share is holding more descriptors than it may [3mopen[0m[2m=[0m6245 [3mbudget[0m[2m=[0m6144 [3minodes[0m[2m=[0m59942 [3mlive[0m[2m=[0m59942 [3mexamined[0m[2m=[0m8192 [3mparked[0m[2m=[0m0 [3munheld[0m[2m=[0m0 [3mused[0m[2m=[0m0 [3mprivileged[0m[2m=[0m0 [3munparkable[0m[2m=[0m0
[2m2026-09-08T00:30:41.915768Z[0m [33m WARN[0m [2mlighter_fs::inode[0m[2m:[0m the share is holding more descriptors than it may [3mopen[0m[2m=[0m6250 [3mbudget[0m[2m=[0m6144 [3minodes[0m[2m=[0m71869 [3mlive[0m[2m=[0m71869 [3mexamined[0m[2m=[0m8192 [3mparked[0m[2m=[0m8 [3munheld[0m[2m=[0m2020 [3mused[0m[2m=[0m60 [3mprivileged[0m[2m=[0m0 [3munparkable[0m[2m=[0m0
[  163.184228] docker0: port 1(vethdfc549a) entered disabled state
[  163.184279] veth9e10851: renamed from eth0
[  163.209461] docker0: port 1(vethdfc549a) entered disabled state
[  163.209756] vethdfc549a (unregistering): left allmulticast mode
[  163.209766] vethdfc549a (unregistering): left promiscuous mode
[  163.209772] docker0: port 1(vethdfc549a) entered disabled state
[  163.415461] docker0: port 1(veth1303031) entered blocking state
[  163.415470] docker0: port 1(veth1303031) entered disabled state
[  163.415480] veth1303031: entered allmulticast mode
[  163.415495] veth1303031: entered promiscuous mode
[  163.418850] eth0: renamed from vethcb3e673
[  163.419203] docker0: port 1(veth1303031) entered blocking state
[  163.419212] docker0: port 1(veth1303031) entered forwarding state
[  207.576602] docker0: port 1(veth1303031) entered disabled state
[  207.576890] vethcb3e673: renamed from eth0
[  207.597414] docker0: port 1(veth1303031) entered disabled state
[  207.597774] veth1303031 (unregistering): left allmulticast mode
[  207.597789] veth1303031 (unregistering): left promiscuous mode
[  207.597799] docker0: port 1(veth1303031) entered disabled state
[  207.810255] docker0: port 1(veth2aec369) entered blocking state
[  207.810266] docker0: port 1(veth2aec369) entered disabled state
[  207.810273] veth2aec369: entered allmulticast mode
[  207.810298] veth2aec369: entered promiscuous mode
[  207.815983] eth0: renamed from veth84b8434
[  207.816564] docker0: port 1(veth2aec369) entered blocking state
[  207.816576] docker0: port 1(veth2aec369) entered forwarding state
[  223.829931] docker0: port 1(veth2aec369) entered disabled state
[  223.830104] veth84b8434: renamed from eth0
[  223.873638] docker0: port 1(veth2aec369) entered disabled state
[  223.874076] veth2aec369 (unregistering): left allmulticast mode
[  223.874092] veth2aec369 (unregistering): left promiscuous mode
[  223.874100] docker0: port 1(veth2aec369) entered disabled state
[  224.054920] docker0: port 1(veth7224b9b) entered blocking state
[  224.054930] docker0: port 1(veth7224b9b) entered disabled state
[  224.054938] veth7224b9b: entered allmulticast mode
[  224.054965] veth7224b9b: entered promiscuous mode
[  224.058736] eth0: renamed from veth784fd00
[  224.059229] docker0: port 1(veth7224b9b) entered blocking state
[  224.059238] docker0: port 1(veth7224b9b) entered forwarding state
[  231.482367] docker0: port 1(veth7224b9b) entered disabled state
[  231.482428] veth784fd00: renamed from eth0
[  231.500690] docker0: port 1(veth7224b9b) entered disabled state
[  231.500939] veth7224b9b (unregistering): left allmulticast mode
[  231.500948] veth7224b9b (unregistering): left promiscuous mode
[  231.500955] docker0: port 1(veth7224b9b) entered disabled state
[  231.686209] docker0: port 1(veth31bf1ca) entered blocking state
[  231.686220] docker0: port 1(veth31bf1ca) entered disabled state
[  231.686227] veth31bf1ca: entered allmulticast mode
[  231.686246] veth31bf1ca: entered promiscuous mode
[  231.689836] eth0: renamed from veth52df1fa
[  231.690245] docker0: port 1(veth31bf1ca) entered blocking state
[  231.690255] docker0: port 1(veth31bf1ca) entered forwarding state
[  232.105017] docker0: port 1(veth31bf1ca) entered disabled state
[  232.105050] veth52df1fa: renamed from eth0
[  232.124193] docker0: port 1(veth31bf1ca) entered disabled state
[  232.124323] veth31bf1ca (unregistering): left allmulticast mode
[  232.124325] veth31bf1ca (unregistering): left promiscuous mode
[  232.124326] docker0: port 1(veth31bf1ca) entered disabled state
[  232.251023] docker0: port 1(vethcc72bce) entered blocking state
[  232.251036] docker0: port 1(vethcc72bce) entered disabled state
[  232.251044] vethcc72bce: entered allmulticast mode
[  232.251066] vethcc72bce: entered promiscuous mode
[  232.255053] eth0: renamed from veth05493ac
[  232.255427] docker0: port 1(vethcc72bce) entered blocking state
[  232.255436] docker0: port 1(vethcc72bce) entered forwarding state
[2m2026-09-08T00:31:57.242270Z[0m [32m INFO[0m [2mlighter_vmm::memory_policy[0m[2m:[0m balloon target [3mtarget_mib[0m[2m=[0m256
[2m2026-09-08T00:32:14.319871Z[0m [32m INFO[0m [2mlighter_vmm::memory_policy[0m[2m:[0m balloon target [3mtarget_mib[0m[2m=[0m0
[  263.351374] docker0: port 1(vethcc72bce) entered disabled state
[  263.351910] veth05493ac: renamed from eth0
[  263.377019] docker0: port 1(vethcc72bce) entered disabled state
[  263.377422] vethcc72bce (unregistering): left allmulticast mode
[  263.377437] vethcc72bce (unregistering): left promiscuous mode
[  263.377443] docker0: port 1(vethcc72bce) entered disabled state
[  263.590434] docker0: port 1(veth1617d0a) entered blocking state
[  263.590448] docker0: port 1(veth1617d0a) entered disabled state
[  263.590459] veth1617d0a: entered allmulticast mode
[  263.590492] veth1617d0a: entered promiscuous mode
[  263.594324] eth0: renamed from veth87e5e9c
[  263.594854] docker0: port 1(veth1617d0a) entered blocking state
[  263.594865] docker0: port 1(veth1617d0a) entered forwarding state
[  289.962197] docker0: port 1(veth1617d0a) entered disabled state
[  289.962345] veth87e5e9c: renamed from eth0
[  289.985361] docker0: port 1(veth1617d0a) entered disabled state
[  289.985732] veth1617d0a (unregistering): left allmulticast mode
[  289.985749] veth1617d0a (unregistering): left promiscuous mode
[  289.985755] docker0: port 1(veth1617d0a) entered disabled state
