[2m2026-09-08T00:38:05.649680Z[0m [32m INFO[0m [2mlighter_vmm::net[0m[2m:[0m network started [3mgateway[0m[2m=[0m"192.168.127.1" [3mguest[0m[2m=[0m"192.168.127.2" [3mmtu[0m[2m=[0m1500
[2m2026-09-08T00:38:05.650294Z[0m [32m INFO[0m [2mlighter_vmm::machine[0m[2m:[0m attached disk [3mpath[0m[2m=[0m/var/folders/t_/gbzzqq_x4hvg4qdrhspkp37m0000gn/T/lighter-rootfs.BBvL9V9oCf.ext4 [3mcapacity_mib[0m[2m=[0m2048 [3mallocated_kib[0m[2m=[0m2097152
[2m2026-09-08T00:38:05.650577Z[0m [32m INFO[0m [2mlighter_vmm::machine[0m[2m:[0m attached disk [3mpath[0m[2m=[0m/var/folders/t_/gbzzqq_x4hvg4qdrhspkp37m0000gn/T/lighter-bench.wV5zbP6CHV/data.img [3mcapacity_mib[0m[2m=[0m131072 [3mallocated_kib[0m[2m=[0m0
[2m2026-09-08T00:38:05.651673Z[0m [32m INFO[0m [2mlighter_fs::server[0m[2m:[0m share opened [3mroot[0m[2m=[0m~/.lighter-bench/lighter [3mattr_ms[0m[2m=[0m100 [3mentry_ms[0m[2m=[0m100 [3mdir_entry_ms[0m[2m=[0m1000 [3mwatched[0m[2m=[0mtrue [3mdescriptors[0m[2m=[0m10240
[2m2026-09-08T00:38:05.652124Z[0m [32m INFO[0m [2mlighter_fs::server[0m[2m:[0m share opened [3mroot[0m[2m=[0m/Library/Apple/usr/libexec/oah/RosettaLinux [3mattr_ms[0m[2m=[0m100 [3mentry_ms[0m[2m=[0m100 [3mdir_entry_ms[0m[2m=[0m1000 [3mwatched[0m[2m=[0mtrue [3mdescriptors[0m[2m=[0m10240
[2m2026-09-08T00:38:05.655817Z[0m [32m INFO[0m [2mlighter_vmm::machine[0m[2m:[0m machine started [3mvcpus[0m[2m=[0m8 [3mram_mib[0m[2m=[0m1024 [3mentry[0m[2m=[0m0x40000000 [3mdtb[0m[2m=[0m0x43400000
[2m2026-09-08T00:38:05.656137Z[0m [32m INFO[0m [2mlighter_vmm::vsock_proxy[0m[2m:[0m proxying a socket into the guest [3mpath[0m[2m=[0m/var/folders/t_/gbzzqq_x4hvg4qdrhspkp37m0000gn/T/lighter-bench.wV5zbP6CHV/docker.sock [3mguest_port[0m[2m=[0m2375
[2m2026-09-08T00:38:05.656210Z[0m [32m INFO[0m [2mlighter_vmm::vsock_proxy[0m[2m:[0m proxying a socket into the guest [3mpath[0m[2m=[0m/var/folders/t_/gbzzqq_x4hvg4qdrhspkp37m0000gn/T/lighter-bench.wV5zbP6CHV/control.sock [3mguest_port[0m[2m=[0m2376
[2m2026-09-08T00:38:05.656284Z[0m [33m WARN[0m [2mlighter_vmm::virtio::mmio[0m[2m:[0m queue notified before the driver was ready [3mdevice[0m[2m=[0m"virtio-vsock" [3mindex[0m[2m=[0m0
[    0.000000] Booting Linux on physical CPU 0x0000000000 [0x610f0000]
[    0.000000] Linux version 6.18.49-lighter (root@65945b322116) (gcc (Debian 12.2.0-14+deb12u1) 12.2.0, GNU ld (GNU Binutils for Debian) 2.40) #3 SMP Mon Sep  7 00:53:47 UTC 2026
[    0.000000] KASLR disabled due to lack of seed
[    0.000000] Machine model: linux,dummy-virt
[    0.000000] efi: UEFI not found.
[    0.000000] OF: reserved mem: Reserved memory: No reserved-memory node in the DT
[    0.000000] NUMA: Faking a node at [mem 0x0000000040000000-0x000000007fffffff]
[    0.000000] NODE_DATA(0) allocated [mem 0x7fe05d00-0x7fe0847f]
[    0.000000] Zone ranges:
[    0.000000]   DMA      [mem 0x0000000040000000-0x000000007fffffff]
[    0.000000]   DMA32    empty
[    0.000000]   Normal   empty
[    0.000000] Movable zone start for each node
[    0.000000] Early memory node ranges
[    0.000000]   node   0: [mem 0x0000000040000000-0x000000007fffffff]
[    0.000000] Initmem setup node 0 [mem 0x0000000040000000-0x000000007fffffff]
[    0.000000] cma: Reserved 32 MiB at 0x000000007cc00000
[    0.000000] psci: probing for conduit method from DT.
[    0.000000] psci: PSCIv1.1 detected in firmware.
[    0.000000] psci: Using standard PSCI v0.2 function IDs
[    0.000000] psci: Trusted OS migration not required
[    0.000000] psci: SMC Calling Convention v1.0
[    0.000000] percpu: Embedded 23 pages/cpu s63320 r0 d30888 u94208
[    0.000000] Detected PIPT I-cache on CPU0
[    0.000000] CPU features: detected: Address authentication (IMP DEF algorithm)
[    0.000000] CPU features: detected: GICv3 CPU interface
[    0.000000] CPU features: detected: Spectre-v4
[    0.000000] CPU features: detected: Spectre-BHB
[    0.000000] alternatives: applying boot alternatives
[    0.000000] Kernel command line: console=ttyAMA0 panic=-1 root=/dev/vda rw init=/sbin/lighter-init psi=0 idle.poll_ns=50000 lighter.time=1788827885 lighter.share=bench:/mnt/bench  lighter.rosetta 
[    0.000000] printk: log buffer data + meta data: 131072 + 458752 = 589824 bytes
[    0.000000] Dentry cache hash table entries: 131072 (order: 8, 1048576 bytes, linear)
[    0.000000] Inode-cache hash table entries: 65536 (order: 7, 524288 bytes, linear)
[    0.000000] software IO TLB: SWIOTLB bounce buffer size adjusted to 1MB
[    0.000000] software IO TLB: area num 8.
[    0.000000] software IO TLB: SWIOTLB bounce buffer size roundup to 2MB
[    0.000000] software IO TLB: mapped [mem 0x000000007c980000-0x000000007cb80000] (2MB)
[    0.000000] Fallback order for Node 0: 0 
[    0.000000] Built 1 zonelists, mobility grouping on.  Total pages: 262144
[    0.000000] Policy zone: DMA
[    0.000000] mem auto-init: stack:off, heap alloc:off, heap free:off
[    0.000000] SLUB: HWalign=64, Order=0-3, MinObjects=0, CPUs=8, Nodes=1
[    0.000000] rcu: Hierarchical RCU implementation.
[    0.000000] rcu: 	RCU event tracing is enabled.
[    0.000000] rcu: 	RCU restricting CPUs from NR_CPUS=512 to nr_cpu_ids=8.
[    0.000000] 	Tracing variant of Tasks RCU enabled.
[    0.000000] rcu: RCU calculated value of scheduler-enlistment delay is 25 jiffies.
[    0.000000] rcu: Adjusting geometry for rcu_fanout_leaf=16, nr_cpu_ids=8
[    0.000000] RCU Tasks Trace: Setting shift to 3 and lim to 1 rcu_task_cb_adjust=1 rcu_task_cpu_ids=8.
[    0.000000] NR_IRQS: 64, nr_irqs: 64, preallocated irqs: 0
[    0.000000] GICv3: 988 SPIs implemented
[    0.000000] GICv3: 0 Extended SPIs implemented
[    0.000000] Root IRQ handler: gic_handle_irq
[    0.000000] GICv3: GICv3 features: 16 PPIs, RSS
[    0.000000] GICv3: GICD_CTLR.DS=1, SCR_EL3.FIQ=0
[    0.000000] GICv3: CPU0: found redistributor 0 region 0:0x00000000080a0000
[    0.000000] rcu: srcu_init: Setting srcu_struct sizes based on contention.
[    0.000000] clocksource: jiffies: mask: 0xffffffff max_cycles: 0xffffffff, max_idle_ns: 7645041785100000 ns
[    0.000000] arch_timer: cp15 timer running at 24.00MHz (virt).
[    0.000000] clocksource: arch_sys_counter: mask: 0xffffffffffffff max_cycles: 0x588fe9dc0, max_idle_ns: 440795202592 ns
[    0.000000] sched_clock: 56 bits at 24MHz, resolution 41ns, wraps every 4398046511097ns
[    0.000080] Console: colour dummy device 80x25
[    0.000106] Calibrating delay loop (skipped), value calculated using timer frequency.. 48.00 BogoMIPS (lpj=96000)
[    0.000107] pid_max: default: 32768 minimum: 301
[    0.000137] LSM: initializing lsm=capability
[    0.000233] Mount-cache hash table entries: 2048 (order: 2, 16384 bytes, linear)
[    0.000236] Mountpoint-cache hash table entries: 2048 (order: 2, 16384 bytes, linear)
[    0.000633] cacheinfo: Unable to detect cache hierarchy for CPU 0
[    0.000846] Apple TSO: available per thread (PR_SET_MEM_MODEL); boot value off
[    0.000881] rcu: Hierarchical SRCU implementation.
[    0.000882] rcu: 	Max phase no-delay instances is 1000.
[    0.000938] Timer migration: 1 hierarchy levels; 8 children per group; 1 crossnode level
[    0.001009] EFI services will not be available.
[    0.001128] smp: Bringing up secondary CPUs ...
[    0.001317] Detected PIPT I-cache on CPU1
[    0.001331] GICv3: CPU1: found redistributor 1 region 0:0x00000000080c0000
[    0.001374] CPU1: Booted secondary processor 0x0000000001 [0x610f0000]
[    0.001616] Detected PIPT I-cache on CPU2
[    0.001633] GICv3: CPU2: found redistributor 2 region 0:0x00000000080e0000
[    0.001678] CPU2: Booted secondary processor 0x0000000002 [0x610f0000]
[    0.001847] Detected PIPT I-cache on CPU3
[    0.001864] GICv3: CPU3: found redistributor 3 region 0:0x0000000008100000
[    0.001906] CPU3: Booted secondary processor 0x0000000003 [0x610f0000]
[    0.002086] Detected PIPT I-cache on CPU4
[    0.002104] GICv3: CPU4: found redistributor 4 region 0:0x0000000008120000
[    0.002146] CPU4: Booted secondary processor 0x0000000004 [0x610f0000]
[    0.002313] Detected PIPT I-cache on CPU5
[    0.002333] GICv3: CPU5: found redistributor 5 region 0:0x0000000008140000
[    0.002373] CPU5: Booted secondary processor 0x0000000005 [0x610f0000]
[    0.002646] Detected PIPT I-cache on CPU6
[    0.002671] GICv3: CPU6: found redistributor 6 region 0:0x0000000008160000
[    0.002713] CPU6: Booted secondary processor 0x0000000006 [0x610f0000]
[    0.002988] Detected PIPT I-cache on CPU7
[    0.003011] GICv3: CPU7: found redistributor 7 region 0:0x0000000008180000
[    0.003051] CPU7: Booted secondary processor 0x0000000007 [0x610f0000]
[    0.003147] smp: Brought up 1 node, 8 CPUs
[    0.003148] SMP: Total of 8 processors activated.
[    0.003149] CPU: All CPU(s) started at EL1
[    0.003160] CPU features: detected: ARMv8.4 Translation Table Level
[    0.003160] CPU features: detected: Data cache clean to the PoU not required for I/D coherence
[    0.003161] CPU features: detected: Common not Private translations
[    0.003161] CPU features: detected: CRC32 instructions
[    0.003161] CPU features: detected: Data independent timing control (DIT)
[    0.003162] CPU features: detected: E0PD
[    0.003162] CPU features: detected: Generic authentication (IMP DEF algorithm)
[    0.003163] CPU features: detected: RCpc load-acquire (LDAPR)
[    0.003163] CPU features: detected: LSE atomic instructions
[    0.003164] CPU features: detected: Privileged Access Never
[    0.003164] CPU features: detected: RAS Extension Support
[    0.003164] CPU features: detected: Speculation barrier (SB)
[    0.003165] CPU features: detected: TLB range maintenance instructions
[    0.007263] alternatives: applying system-wide alternatives
[    0.009640] Memory: 935880K/1048576K available (19008K kernel code, 6390K rwdata, 12684K rodata, 12224K init, 709K bss, 74108K reserved, 32768K cma-reserved)
[    0.009801] devtmpfs: initialized
[    0.010160] posixtimers hash table entries: 4096 (order: 4, 65536 bytes, linear)
[    0.010233] futex hash table entries: 2048 (131072 bytes on 1 NUMA nodes, total 128 KiB, linear).
[    0.010267] 19952 pages in range for non-PLT usage
[    0.010267] 511472 pages in range for PLT usage
[    0.010285] pinctrl core: initialized pinctrl subsystem
[    0.010474] DMI not present or invalid.
[    0.011608] NET: Registered PF_NETLINK/PF_ROUTE protocol family
[    0.011895] DMA: preallocated 128 KiB GFP_KERNEL pool for atomic allocations
[    0.011969] DMA: preallocated 128 KiB GFP_KERNEL|GFP_DMA pool for atomic allocations
[    0.012060] DMA: preallocated 128 KiB GFP_KERNEL|GFP_DMA32 pool for atomic allocations
[    0.012140] thermal_sys: Registered thermal governor 'step_wise'
[    0.012141] thermal_sys: Registered thermal governor 'power_allocator'
[    0.012146] cpuidle: using governor menu
[    0.012158] NET: Registered PF_QIPCRTR protocol family
[    0.012182] hw-breakpoint: found 6 breakpoint and 4 watchpoint registers.
[    0.012297] ASID allocator initialised with 256 entries
[    0.012476] Serial: AMBA PL011 UART driver
[    0.012640] c000000.pl011: ttyAMA0 at MMIO 0xc000000 (irq = 13, base_baud = 0) is a PL011 rev1
[    0.012699] printk: console [ttyAMA0] enabled
[    0.013465] HugeTLB: registered 1.00 GiB page size, pre-allocated 0 pages
[    0.013466] HugeTLB: 0 KiB vmemmap can be freed for a 1.00 GiB page
[    0.013466] HugeTLB: registered 32.0 MiB page size, pre-allocated 0 pages
[    0.013467] HugeTLB: 0 KiB vmemmap can be freed for a 32.0 MiB page
[    0.013467] HugeTLB: registered 2.00 MiB page size, pre-allocated 0 pages
[    0.013471] HugeTLB: 0 KiB vmemmap can be freed for a 2.00 MiB page
[    0.013472] HugeTLB: registered 64.0 KiB page size, pre-allocated 0 pages
[    0.013472] HugeTLB: 0 KiB vmemmap can be freed for a 64.0 KiB page
[2m2026-09-08T00:38:05.704504Z[0m [33m WARN[0m [2mlighter_vmm::virtio::mmio[0m[2m:[0m queue notified before the driver was ready [3mdevice[0m[2m=[0m"virtio-vsock" [3mindex[0m[2m=[0m0
[    0.014635] raid6: skipped pq benchmark and selected neonx8
[2m2026-09-08T00:38:05.704634Z[0m [33m WARN[0m [2mlighter_vmm::virtio::mmio[0m[2m:[0m queue notified before the driver was ready [3mdevice[0m[2m=[0m"fs" [3mindex[0m[2m=[0m5
[2m2026-09-08T00:38:05.704651Z[0m [32m INFO[0m [2mlighter_fs::cache[0m[2m:[0m cache lifetime set by whether the guest can be told to forget [3minvalidation[0m[2m=[0m"push" [3mattr_ms[0m[2m=[0m20000 [3mentry_ms[0m[2m=[0m20000
[    0.014636] raid6: using neon recovery algorithm
[    0.014663] ACPI: Interpreter disabled.
[2m2026-09-08T00:38:05.704816Z[0m [32m INFO[0m [2mlighter_vmm::virtio::fs[0m[2m:[0m share activated [3mtag[0m[2m=[0mbench [3mroot[0m[2m=[0m~/.lighter-bench/lighter
[    0.014842] iommu: Default domain type: Translated
[2m2026-09-08T00:38:05.705081Z[0m [33m WARN[0m [2mlighter_vmm::virtio::mmio[0m[2m:[0m queue notified before the driver was ready [3mdevice[0m[2m=[0m"fs" [3mindex[0m[2m=[0m5
[2m2026-09-08T00:38:05.705090Z[0m [32m INFO[0m [2mlighter_fs::cache[0m[2m:[0m cache lifetime set by whether the guest can be told to forget [3minvalidation[0m[2m=[0m"push" [3mattr_ms[0m[2m=[0m20000 [3mentry_ms[0m[2m=[0m20000
[    0.014843] iommu: DMA domain TLB invalidation policy: strict mode
[2m2026-09-08T00:38:05.705213Z[0m [32m INFO[0m [2mlighter_vmm::virtio::fs[0m[2m:[0m share activated [3mtag[0m[2m=[0mrosetta [3mroot[0m[2m=[0m/Library/Apple/usr/libexec/oah/RosettaLinux
[    0.019067] pps_core: LinuxPPS API ver. 1 registered
[    0.019067] pps_core: Software ver. 5.3.6 - Copyright 2005-2007 Rodolfo Giometti <giometti@linux.it>
[    0.019068] PTP clock support registered
[    0.019077] EDAC MC: Ver: 3.0.0
[    0.019203] scmi_core: SCMI protocol bus registered
[    0.019298] FPGA manager framework
[    0.019455] nfc: nfc_init: NFC Core ver 0.1
[    0.019460] NET: Registered PF_NFC protocol family
[    0.019674] clocksource: Switched to clocksource arch_sys_counter
[    0.019761] VFS: Disk quotas dquot_6.6.0
[    0.019766] VFS: Dquot-cache hash table entries: 512 (order 0, 4096 bytes)
[    0.019962] pnp: PnP ACPI: disabled
[    0.020533] NET: Registered PF_INET protocol family
[    0.020582] IP idents hash table entries: 16384 (order: 5, 131072 bytes, linear)
[    0.020751] tcp_listen_portaddr_hash hash table entries: 512 (order: 1, 8192 bytes, linear)
[    0.020752] Table-perturb hash table entries: 65536 (order: 6, 262144 bytes, linear)
[    0.020755] TCP established hash table entries: 8192 (order: 4, 65536 bytes, linear)
[    0.020772] TCP bind hash table entries: 8192 (order: 6, 262144 bytes, linear)
[    0.020822] TCP: Hash tables configured (established 8192 bind 8192)
[    0.020856] UDP hash table entries: 512 (order: 3, 32768 bytes, linear)
[    0.020864] UDP-Lite hash table entries: 512 (order: 3, 32768 bytes, linear)
[    0.020886] NET: Registered PF_UNIX/PF_LOCAL protocol family
[    0.021209] kvm [1]: HYP mode not available
[    0.021336] Initialise system trusted keyrings
[    0.021438] workingset: timestamp_bits=42 max_order=18 bucket_order=0
[    0.021486] squashfs: version 4.0 (2009/01/31) Phillip Lougher
[    0.021517] fuse: init (API version 7.45)
[    0.021577] SGI XFS with ACLs, security attributes, scrub, repair, no debug enabled
[    0.021747] 9p: Installing v9fs 9p2000 file system support
[    0.027829] NET: Registered PF_ALG protocol family
[    0.027833] xor: measuring software checksum speed
[    0.028005]    8regs           : 19102 MB/sec
[    0.028082]    32regs          : 42494 MB/sec
[    0.028148]    arm64_neon      : 50314 MB/sec
[    0.028148] xor: using function: arm64_neon (50314 MB/sec)
[    0.028154] Key type asymmetric registered
[    0.028155] Asymmetric key parser 'x509' registered
[    0.028159] Block layer SCSI generic (bsg) driver version 0.4 loaded (major 239)
[    0.028160] io scheduler mq-deadline registered
[    0.028161] io scheduler kyber registered
[    0.028164] io scheduler bfq registered
[    0.032734] ledtrig-cpu: registered to indicate activity on CPUs
[    0.032757] IPMI message handler: version 39.2
[    0.032760] ipmi device interface
[    0.032845] ipmi_si: IPMI System Interface driver
[    0.032854] ipmi_si: Unable to find any System Interface(s)
[    0.034635] virtiofs virtio4: discovered new tag: bench
[    0.035092] virtiofs virtio5: discovered new tag: rosetta
[    0.035682] Free page reporting enabled
[    0.035769] virtio_mem virtio8: start address: 0x80000000
[    0.035770] virtio_mem virtio8: region size: 0xc0000000
[    0.035770] virtio_mem virtio8: device block size: 0x8000000
[    0.035771] virtio_mem virtio8: nid: 0
[    0.035771] virtio_mem virtio8: memory block size: 0x8000000
[    0.035772] virtio_mem virtio8: big block size: 0x8000000
[    0.035862] virtio_mem virtio8: plugged size: 0x0
[    0.035862] virtio_mem virtio8: requested size: 0xc0000000
[    0.036678] Fallback order for Node 0: 0 
[    0.036680] Built 1 zonelists, mobility grouping on.  Total pages: 267393
[    0.036680] Policy zone: DMA
[    0.040172] Serial: 8250/16550 driver, 4 ports, IRQ sharing enabled
[    0.040737] msm_serial: driver initialized
[    0.040767] SuperH (H)SCI(F) driver initialized
[    0.040776] STM32 USART driver initialized
[    0.040967] Fallback order for Node 0: 0 
[    0.040968] Built 1 zonelists, mobility grouping on.  Total pages: 490481
[    0.040969] Policy zone: Normal
[    0.041092] random: crng init done
[    0.047490] loop: module loaded
[    0.052264] virtio_blk virtio0: 8/0/0 default/read/poll queues
[    0.052680] virtio_blk virtio0: [vda] 4194304 512-byte logical blocks (2.15 GB/2.00 GiB)
[    0.053742] virtio_blk virtio1: 8/0/0 default/read/poll queues
[    0.054128] virtio_blk virtio1: [vdb] 268435456 512-byte logical blocks (137 GB/128 GiB)
[    0.054354] zram: Added device: zram0
[    0.055000] tun: Universal TUN/TAP device driver, 1.6
[    0.055663] VFIO - User Level meta-driver version: 0.3
[    0.057320]  cs_system_cfg: CoreSight Configuration manager initialised
[    0.057537] gnss: GNSS driver registered with major 503
[    0.057755] GACT probability NOT on
[    0.057766] Mirror/redirect action on
[    0.058076] IPVS: Registered protocols ()
[    0.058085] IPVS: Connection hash table configured (size=4096, memory=32Kbytes)
[    0.058112] IPVS: ipvs loaded.
[    0.058148] Initializing XFRM netlink socket
[    0.058158] NET: Registered PF_INET6 protocol family
[    0.058459] Segment Routing with IPv6
[    0.058461] In-situ OAM (IOAM) with IPv6
[    0.058472] sit: IPv6, IPv4 and MPLS over IPv4 tunneling driver
[    0.058535] NET: Registered PF_PACKET protocol family
[    0.058628] 8021q: 802.1Q VLAN Support v1.8
[    0.058656] 9pnet: Installing 9P2000 support
[    0.058663] Key type dns_resolver registered
[    0.058709] NET: Registered PF_VSOCK protocol family
[    0.060262] registered taskstats version 1
[    0.060303] Loading compiled-in X.509 certificates
[    0.061138] Demotion targets for Node 0: null
[    0.061279] Btrfs loaded, zoned=no, fsverity=no
[    0.061382] clk: Disabling unused clocks
[    0.061384] PM: genpd: Disabling unused power domains
[    0.061663] check access for rdinit=/init failed: -2, ignoring
[    0.088004] EXT4-fs (vda): mounted filesystem 7fe18a50-9e40-44d4-ac16-9dd044db8a05 r/w with ordered data mode. Quota mode: none.
[    0.088022] VFS: Mounted root (ext4 filesystem) on device 254:0.
[    0.088213] devtmpfs: mounted
[    0.089054] Freeing unused kernel memory: 12224K
[    0.089083] Run /sbin/lighter-init as init process
INIT clock=2026-09-08T00:38:05Z
INIT filesystems=ok
INIT formatting=/dev/vdb fs=btrfs mkfs=
INIT data_fs=btrfs
INIT data_opts=noatime,nodatacow,commit=30,thread_pool=1
[    0.177993] BTRFS: device label lighter-data devid 1 transid 8 /dev/vdb (254:16) scanned by mount (137)
[    0.178245] BTRFS info (device vdb): first mount of filesystem 19ca25d0-10e1-49b8-8229-2a1cd4cde246
[    0.178257] BTRFS info (device vdb): using crc32c (crc32c-lib) checksum algorithm
[    0.179007] BTRFS info (device vdb): checking UUID tree
[    0.179112] BTRFS info (device vdb): setting nodatasum
[    0.179114] BTRFS info (device vdb): setting nodatacow
INIT data=mounted[    0.179114] BTRFS info (device vdb): turning on async discard
[    0.179115] BTRFS info (device vdb): enabling free space tree

INIT fstrim=9ms
[    0.186573] zram0: detected capacity change from 0 to 4194304
[    0.189535] Adding 2097148k swap on /dev/zram0.  Priority:100 extents:1 across:2097148k SS
INIT zram=on
[    0.190548] rcu: RCU calculated value of scheduler-enlistment delay is 25 jiffies.
[2m2026-09-08T00:38:05.861747Z[0m [32m INFO[0m [2mlighter_fs::server[0m[2m:[0m filesystem negotiated [3mguest[0m[2m=[0m7.45 [3mmax_write[0m[2m=[0m262144 [3mreaddirplus[0m[2m=[0mtrue [3mcreate_dialect[0m[2m=[0mtrue
INIT binfmt=x86_64 via=rosetta
[2m2026-09-08T00:38:05.864538Z[0m [32m INFO[0m [2mlighter_fs::server[0m[2m:[0m filesystem negotiated [3mguest[0m[2m=[0m7.45 [3mmax_write[0m[2m=[0m262144 [3mreaddirplus[0m[2m=[0mtrue [3mcreate_dialect[0m[2m=[0mtrue
INIT share=bench at=/mnt/bench
INIT dhcp=ok t=0.20
INIT ipv6=ok
INIT dockerd=ready after=100ms t=0.33
AGENT listening port=2376
AGENT tcp-proxy port=15201
AGENT inbound port=2378
AGENT listening port=2375
AGENT dns addr=192.168.127.2
AGENT udp-inbound
AGENT udp-proxy port=15202
AGENT udp-proxy port=15202
AGENT clock=set trip_us=138 attempt=0
INIT streams=on
INIT ready t=0.34
[2m2026-09-08T00:38:13.447933Z[0m [32m INFO[0m [2mlighter_vmm::virtio::mem[0m[2m:[0m virtio-mem offer [3mrequested_mib[0m[2m=[0m384 [3mplugged_mib[0m[2m=[0m3072
[    7.778067] virtio_mem virtio8: plugged size: 0xc0000000
[    7.778080] virtio_mem virtio8: requested size: 0x18000000
[    8.023824] Fallback order for Node 0: 0 
[    8.023835] Built 1 zonelists, mobility grouping on.  Total pages: 520084
[    8.023841] Policy zone: Normal
[2m2026-09-08T00:38:13.712232Z[0m [32m INFO[0m [2mlighter_vmm::virtio::mem[0m[2m:[0m virtio-mem offer [3mrequested_mib[0m[2m=[0m0 [3mplugged_mib[0m[2m=[0m1152
[    8.042349] virtio_mem virtio8: plugged size: 0x48000000
[    8.042368] virtio_mem virtio8: requested size: 0x0
[2m2026-09-08T00:38:20.154562Z[0m [32m INFO[0m [2mlighter_vmm::virtio::mem[0m[2m:[0m virtio-mem offer [3mrequested_mib[0m[2m=[0m3072 [3mplugged_mib[0m[2m=[0m256
[   14.484599] virtio_mem virtio8: plugged size: 0x10000000
[   14.484611] virtio_mem virtio8: requested size: 0xc0000000
[   14.485404] Fallback order for Node 0: 0 
[   14.485414] Built 1 zonelists, mobility grouping on.  Total pages: 326516
[   14.485419] Policy zone: Normal
[   14.874233] docker0: port 1(vethba3a006) entered blocking state
[   14.874245] docker0: port 1(vethba3a006) entered disabled state
[   14.874253] vethba3a006: entered allmulticast mode
[   14.874272] vethba3a006: entered promiscuous mode
[   14.879284] eth0: renamed from vethff780a1
[   14.879660] docker0: port 1(vethba3a006) entered blocking state
[   14.879670] docker0: port 1(vethba3a006) entered forwarding state
AGENT sockmap=on
[   27.491831] docker0: port 1(vethba3a006) entered disabled state
[   27.491870] vethff780a1: renamed from eth0
[   27.524700] docker0: port 1(vethba3a006) entered disabled state
[   27.524983] vethba3a006 (unregistering): left allmulticast mode
[   27.524993] vethba3a006 (unregistering): left promiscuous mode
[   27.524999] docker0: port 1(vethba3a006) entered disabled state
[   27.990246] docker0: port 1(vethad8fb62) entered blocking state
[   27.990257] docker0: port 1(vethad8fb62) entered disabled state
[   27.990264] vethad8fb62: entered allmulticast mode
[   27.990282] vethad8fb62: entered promiscuous mode
[   27.993860] eth0: renamed from veth69e6767
[   27.994278] docker0: port 1(vethad8fb62) entered blocking state
[   27.994287] docker0: port 1(vethad8fb62) entered forwarding state
[2m2026-09-08T00:38:41.583202Z[0m [33m WARN[0m [2mlighter_fs::inode[0m[2m:[0m the share is holding more descriptors than it may [3mopen[0m[2m=[0m6241 [3mbudget[0m[2m=[0m6144 [3minodes[0m[2m=[0m25264 [3mlive[0m[2m=[0m25264 [3mexamined[0m[2m=[0m8192 [3mparked[0m[2m=[0m0 [3munheld[0m[2m=[0m0 [3mused[0m[2m=[0m0 [3mprivileged[0m[2m=[0m0 [3munparkable[0m[2m=[0m0
[   46.821246] docker0: port 1(vethad8fb62) entered disabled state
[   46.821279] veth69e6767: renamed from eth0
[   46.844161] docker0: port 1(vethad8fb62) entered disabled state
[   46.844265] vethad8fb62 (unregistering): left allmulticast mode
[   46.844266] vethad8fb62 (unregistering): left promiscuous mode
[   46.844267] docker0: port 1(vethad8fb62) entered disabled state
[   46.989675] docker0: port 1(vethf4752a6) entered blocking state
[   46.989690] docker0: port 1(vethf4752a6) entered disabled state
[   46.989697] vethf4752a6: entered allmulticast mode
[   46.989718] vethf4752a6: entered promiscuous mode
[   46.993381] eth0: renamed from veth65cbfc2
[   46.993735] docker0: port 1(vethf4752a6) entered blocking state
[   46.993746] docker0: port 1(vethf4752a6) entered forwarding state
[   61.921846] virtio_vsock: the large receive buffer was refused; posting a small one
[   61.922001] virtio_vsock: the large receive buffer was refused; posting a small one
[   61.922041] virtio_vsock: the large receive buffer was refused; posting a small one
[   61.922062] virtio_vsock: the large receive buffer was refused; posting a small one
[   61.922088] virtio_vsock: the large receive buffer was refused; posting a small one
[   61.935415] virtio_vsock: the large receive buffer was refused; posting a small one
[   61.935450] virtio_vsock: the large receive buffer was refused; posting a small one
[   61.935519] virtio_vsock: the large receive buffer was refused; posting a small one
[   61.935543] virtio_vsock: the large receive buffer was refused; posting a small one
[   61.937913] virtio_vsock: the large receive buffer was refused; posting a small one
[   83.333490] docker0: port 1(vethf4752a6) entered disabled state
[   83.333601] veth65cbfc2: renamed from eth0
[   83.357527] docker0: port 1(vethf4752a6) entered disabled state
[   83.357930] vethf4752a6 (unregistering): left allmulticast mode
[   83.357944] vethf4752a6 (unregistering): left promiscuous mode
[   83.357951] docker0: port 1(vethf4752a6) entered disabled state
[   83.774581] docker0: port 1(vethb931a36) entered blocking state
[   83.774593] docker0: port 1(vethb931a36) entered disabled state
[   83.774600] vethb931a36: entered allmulticast mode
[   83.774625] vethb931a36: entered promiscuous mode
[   83.778138] eth0: renamed from veth55d1f7e
[   83.778628] docker0: port 1(vethb931a36) entered blocking state
[   83.778638] docker0: port 1(vethb931a36) entered forwarding state
[  132.047013] docker0: port 1(vethb931a36) entered disabled state
[  132.047077] veth55d1f7e: renamed from eth0
[  132.071510] docker0: port 1(vethb931a36) entered disabled state
[  132.071839] vethb931a36 (unregistering): left allmulticast mode
[  132.071853] vethb931a36 (unregistering): left promiscuous mode
[  132.071859] docker0: port 1(vethb931a36) entered disabled state
[  132.279497] docker0: port 1(vethd4d4c37) entered blocking state
[  132.279513] docker0: port 1(vethd4d4c37) entered disabled state
[  132.279521] vethd4d4c37: entered allmulticast mode
[  132.279541] vethd4d4c37: entered promiscuous mode
[  132.283198] eth0: renamed from veth68d8994
[  132.283645] docker0: port 1(vethd4d4c37) entered blocking state
[  132.283652] docker0: port 1(vethd4d4c37) entered forwarding state
[2m2026-09-08T00:40:26.441673Z[0m [33m WARN[0m [2mlighter_fs::inode[0m[2m:[0m the share is holding more descriptors than it may [3mopen[0m[2m=[0m6269 [3mbudget[0m[2m=[0m6144 [3minodes[0m[2m=[0m65209 [3mlive[0m[2m=[0m65209 [3mexamined[0m[2m=[0m8192 [3mparked[0m[2m=[0m0 [3munheld[0m[2m=[0m252 [3mused[0m[2m=[0m66 [3mprivileged[0m[2m=[0m0 [3munparkable[0m[2m=[0m0
[2m2026-09-08T00:40:49.081534Z[0m [33m WARN[0m [2mlighter_fs::inode[0m[2m:[0m the share is holding more descriptors than it may [3mopen[0m[2m=[0m6392 [3mbudget[0m[2m=[0m6144 [3minodes[0m[2m=[0m74059 [3mlive[0m[2m=[0m74059 [3mexamined[0m[2m=[0m8192 [3mparked[0m[2m=[0m0 [3munheld[0m[2m=[0m3140 [3mused[0m[2m=[0m0 [3mprivileged[0m[2m=[0m0 [3munparkable[0m[2m=[0m0
[  168.568222] docker0: port 1(vethd4d4c37) entered disabled state
[  168.568255] veth68d8994: renamed from eth0
[  168.592264] docker0: port 1(vethd4d4c37) entered disabled state
[  168.592546] vethd4d4c37 (unregistering): left allmulticast mode
[  168.592555] vethd4d4c37 (unregistering): left promiscuous mode
[  168.592561] docker0: port 1(vethd4d4c37) entered disabled state
[  168.809332] docker0: port 1(vethd46078b) entered blocking state
[  168.809342] docker0: port 1(vethd46078b) entered disabled state
[  168.809351] vethd46078b: entered allmulticast mode
[  168.809372] vethd46078b: entered promiscuous mode
[  168.813364] eth0: renamed from vethb64acb2
[  168.813803] docker0: port 1(vethd46078b) entered blocking state
[  168.813813] docker0: port 1(vethd46078b) entered forwarding state
[2m2026-09-08T00:41:11.501446Z[0m [32m INFO[0m [2mlighter_vmm::memory_policy[0m[2m:[0m balloon target [3mtarget_mib[0m[2m=[0m256
[2m2026-09-08T00:41:24.427084Z[0m [32m INFO[0m [2mlighter_vmm::memory_policy[0m[2m:[0m balloon target [3mtarget_mib[0m[2m=[0m0
[  213.975435] docker0: port 1(vethd46078b) entered disabled state
[  213.975601] vethb64acb2: renamed from eth0
[  213.996528] docker0: port 1(vethd46078b) entered disabled state
[  213.996913] vethd46078b (unregistering): left allmulticast mode
[  213.996927] vethd46078b (unregistering): left promiscuous mode
[  213.996933] docker0: port 1(vethd46078b) entered disabled state
[  214.220917] docker0: port 1(veth10d2b92) entered blocking state
[  214.220949] docker0: port 1(veth10d2b92) entered disabled state
[  214.220976] veth10d2b92: entered allmulticast mode
[  214.221052] veth10d2b92: entered promiscuous mode
[  214.228118] eth0: renamed from veth917529d
[  214.230248] docker0: port 1(veth10d2b92) entered blocking state
[  214.230259] docker0: port 1(veth10d2b92) entered forwarding state
[  229.427652] docker0: port 1(veth10d2b92) entered disabled state
[  229.427723] veth917529d: renamed from eth0
[  229.447868] docker0: port 1(veth10d2b92) entered disabled state
[  229.448180] veth10d2b92 (unregistering): left allmulticast mode
[  229.448192] veth10d2b92 (unregistering): left promiscuous mode
[  229.448198] docker0: port 1(veth10d2b92) entered disabled state
[  229.614797] docker0: port 1(veth780fb7e) entered blocking state
[  229.614808] docker0: port 1(veth780fb7e) entered disabled state
[  229.614817] veth780fb7e: entered allmulticast mode
[  229.614846] veth780fb7e: entered promiscuous mode
[  229.618371] eth0: renamed from veth778eba2
[  229.618935] docker0: port 1(veth780fb7e) entered blocking state
[  229.618941] docker0: port 1(veth780fb7e) entered forwarding state
[2m2026-09-08T00:41:57.720857Z[0m [32m INFO[0m [2mlighter_vmm::memory_policy[0m[2m:[0m balloon target [3mtarget_mib[0m[2m=[0m256
[  237.158698] veth778eba2: renamed from eth0
[  237.159004] docker0: port 1(veth780fb7e) entered disabled state
[  237.180480] docker0: port 1(veth780fb7e) entered disabled state
[  237.180772] veth780fb7e (unregistering): left allmulticast mode
[  237.180782] veth780fb7e (unregistering): left promiscuous mode
[  237.180788] docker0: port 1(veth780fb7e) entered disabled state
[  237.424125] docker0: port 1(vethd6d52e6) entered blocking state
[  237.424139] docker0: port 1(vethd6d52e6) entered disabled state
[  237.424146] vethd6d52e6: entered allmulticast mode
[  237.424165] vethd6d52e6: entered promiscuous mode
[  237.427804] eth0: renamed from veth03c485b
[  237.428229] docker0: port 1(vethd6d52e6) entered blocking state
[  237.428247] docker0: port 1(vethd6d52e6) entered forwarding state
[  237.891554] docker0: port 1(vethd6d52e6) entered disabled state
[  237.891588] veth03c485b: renamed from eth0
[  237.916117] docker0: port 1(vethd6d52e6) entered disabled state
[  237.916364] vethd6d52e6 (unregistering): left allmulticast mode
[  237.916375] vethd6d52e6 (unregistering): left promiscuous mode
[  237.916381] docker0: port 1(vethd6d52e6) entered disabled state
[  238.054550] docker0: port 1(veth786b750) entered blocking state
[  238.054562] docker0: port 1(veth786b750) entered disabled state
[  238.054593] veth786b750: entered allmulticast mode
[  238.054611] veth786b750: entered promiscuous mode
[  238.058359] eth0: renamed from veth6b40765
[  238.058803] docker0: port 1(veth786b750) entered blocking state
[  238.058816] docker0: port 1(veth786b750) entered forwarding state
[2m2026-09-08T00:42:09.769436Z[0m [32m INFO[0m [2mlighter_vmm::memory_policy[0m[2m:[0m balloon target [3mtarget_mib[0m[2m=[0m0
[2m2026-09-08T00:42:11.005706Z[0m [33m WARN[0m [2mlighter_fs::inode[0m[2m:[0m the share is holding more descriptors than it may [3mopen[0m[2m=[0m6250 [3mbudget[0m[2m=[0m6144 [3minodes[0m[2m=[0m197841 [3mlive[0m[2m=[0m197966 [3mexamined[0m[2m=[0m8192 [3mparked[0m[2m=[0m1 [3munheld[0m[2m=[0m37 [3mused[0m[2m=[0m0 [3mprivileged[0m[2m=[0m0 [3munparkable[0m[2m=[0m0
[2m2026-09-08T00:42:29.537701Z[0m [33m WARN[0m [2mlighter_fs::inode[0m[2m:[0m the share is holding more descriptors than it may [3mopen[0m[2m=[0m6242 [3mbudget[0m[2m=[0m6144 [3minodes[0m[2m=[0m165643 [3mlive[0m[2m=[0m165643 [3mexamined[0m[2m=[0m8192 [3mparked[0m[2m=[0m0 [3munheld[0m[2m=[0m7386 [3mused[0m[2m=[0m805 [3mprivileged[0m[2m=[0m0 [3munparkable[0m[2m=[0m0
[  266.858032] veth6b40765: renamed from eth0
[  266.877240] docker0: port 1(veth786b750) entered disabled state
[  266.881238] docker0: port 1(veth786b750) entered disabled state
[  266.881632] veth786b750 (unregistering): left allmulticast mode
[  266.881648] veth786b750 (unregistering): left promiscuous mode
[  266.881657] docker0: port 1(veth786b750) entered disabled state
[  267.133516] docker0: port 1(veth2ffad4a) entered blocking state
[  267.133525] docker0: port 1(veth2ffad4a) entered disabled state
[  267.133531] veth2ffad4a: entered allmulticast mode
[  267.133553] veth2ffad4a: entered promiscuous mode
[  267.137911] eth0: renamed from vethabab840
[  267.138486] docker0: port 1(veth2ffad4a) entered blocking state
[  267.138494] docker0: port 1(veth2ffad4a) entered forwarding state
[  293.896050] docker0: port 1(veth2ffad4a) entered disabled state
[  293.896186] vethabab840: renamed from eth0
[  293.921378] docker0: port 1(veth2ffad4a) entered disabled state
[  293.921743] veth2ffad4a (unregistering): left allmulticast mode
[  293.921757] veth2ffad4a (unregistering): left promiscuous mode
[  293.921763] docker0: port 1(veth2ffad4a) entered disabled state
