    Finished `release` profile [optimized] target(s) in 0.02s
==> lighter: warming caches (not timed)
==> lighter: npm-install 11568 11235 11052  (cpu ms: user=11580 sys=14760 user=11750 sys=14560 user=11780 sys=13920)
==> lighter: pnpm-install 7529 6109 6679  (cpu ms: user=5600 sys=14730 user=4690 sys=11220 user=5080 sys=13480)
==> lighter: yarn-install 12863 10933 10073  (cpu ms: user=11590 sys=23250 user=10810 sys=18460 user=10630 sys=16010)
==> lighter: materializing the package tree
==> lighter: ripgrep 6813 192 160  (cpu ms: user=720 sys=9870 user=530 sys=910 user=390 sys=760)
==> lighter: find-walk 144 122 134  (cpu ms: user=40 sys=110 user=50 sys=90 user=60 sys=80)
==> lighter: copy-tree 7808 10562 7888  (cpu ms: user=1000 sys=3850 user=1140 sys=6370 user=1100 sys=6110)
==> lighter: rm-rf 2669 2710 2588  (cpu ms: user=1090 sys=6330 user=1140 sys=6760 user=1090 sys=6430)
==> lighter: cpu-sha256 6311 6291 6296  (cpu ms: user=9050 sys=600 user=9020 sys=570 user=8970 sys=660)
==> lighter: container-start 222 181 204
==> lighter: watch-latency 437 3 2
==> lighter: memory peak=4123 after15s=813 after60s=807 (MiB)
==> lighter: net-tcp-egress 55819 55416 56527
==> lighter: net-tcp-egress-r 48260 50520 49273
==> lighter: net-tcp-port 47785 48636 48211
==> lighter: net-tcp-port-r 53383 54030 54541
==> lighter: net-udp 4768 4829 4915
==> lighter: net-connect-rate 10041 13800 10607
==> lighter: net-http-latency 134 131 132
==> lighter: net-dns 135 129 142
==> lighter: power-idle (a minute of quiet, then a minute of samples) cpu=6 ms/s wakeups=51/s pkg-idle-wakeups=1/s (powermetrics)
==> lighter: boot (a cold stop, then a start, 3 times; untimed round first) 846/1047 836/1004 857/1030
==> lighter: memory idle=248 MiB, a minute after a cold start

==> results in benchmarks/results/050-1b0caab-m1-a1-1-share.csv
