[2m2026-09-07T23:05:16.826962Z[0m [32m INFO[0m [2mlighter_vmm::net[0m[2m:[0m network started [3mgateway[0m[2m=[0m"192.168.127.1" [3mguest[0m[2m=[0m"192.168.127.2" [3mmtu[0m[2m=[0m1500
[2m2026-09-07T23:05:16.827113Z[0m [32m INFO[0m [2mlighter_vmm::machine[0m[2m:[0m attached disk [3mpath[0m[2m=[0m/var/folders/t_/gbzzqq_x4hvg4qdrhspkp37m0000gn/T/lighter-rootfs.of9r8xqhsE.ext4 [3mcapacity_mib[0m[2m=[0m2048 [3mallocated_kib[0m[2m=[0m2097152
[2m2026-09-07T23:05:16.827199Z[0m [32m INFO[0m [2mlighter_vmm::machine[0m[2m:[0m attached disk [3mpath[0m[2m=[0m/var/folders/t_/gbzzqq_x4hvg4qdrhspkp37m0000gn/T/lighter-bench.132WPMvaA1/data.img [3mcapacity_mib[0m[2m=[0m131072 [3mallocated_kib[0m[2m=[0m0
[2m2026-09-07T23:05:16.827991Z[0m [32m INFO[0m [2mlighter_fs::server[0m[2m:[0m share opened [3mroot[0m[2m=[0m~/.lighter-bench/lighter [3mattr_ms[0m[2m=[0m100 [3mentry_ms[0m[2m=[0m100 [3mdir_entry_ms[0m[2m=[0m1000 [3mwatched[0m[2m=[0mtrue [3mdescriptors[0m[2m=[0m10240
[2m2026-09-07T23:05:16.828475Z[0m [32m INFO[0m [2mlighter_fs::server[0m[2m:[0m share opened [3mroot[0m[2m=[0m/Library/Apple/usr/libexec/oah/RosettaLinux [3mattr_ms[0m[2m=[0m100 [3mentry_ms[0m[2m=[0m100 [3mdir_entry_ms[0m[2m=[0m1000 [3mwatched[0m[2m=[0mtrue [3mdescriptors[0m[2m=[0m10240
[2m2026-09-07T23:05:16.829208Z[0m [32m INFO[0m [2mlighter_vmm::machine[0m[2m:[0m machine started [3mvcpus[0m[2m=[0m8 [3mram_mib[0m[2m=[0m1024 [3mentry[0m[2m=[0m0x40000000 [3mdtb[0m[2m=[0m0x43400000
[2m2026-09-07T23:05:16.829544Z[0m [32m INFO[0m [2mlighter_vmm::vsock_proxy[0m[2m:[0m proxying a socket into the guest [3mpath[0m[2m=[0m/var/folders/t_/gbzzqq_x4hvg4qdrhspkp37m0000gn/T/lighter-bench.132WPMvaA1/docker.sock [3mguest_port[0m[2m=[0m2375
[2m2026-09-07T23:05:16.829619Z[0m [32m INFO[0m [2mlighter_vmm::vsock_proxy[0m[2m:[0m proxying a socket into the guest [3mpath[0m[2m=[0m/var/folders/t_/gbzzqq_x4hvg4qdrhspkp37m0000gn/T/lighter-bench.132WPMvaA1/control.sock [3mguest_port[0m[2m=[0m2376
[2m2026-09-07T23:05:16.829720Z[0m [33m WARN[0m [2mlighter_vmm::virtio::mmio[0m[2m:[0m queue notified before the driver was ready [3mdevice[0m[2m=[0m"virtio-vsock" [3mindex[0m[2m=[0m0
[    0.000000] Booting Linux on physical CPU 0x0000000000 [0x610f0000]
[    0.000000] Linux version 6.18.49-lighter (root@cc682f9944e9) (gcc (Debian 12.2.0-14+deb12u1) 12.2.0, GNU ld (GNU Binutils for Debian) 2.40) #1 SMP Mon Sep  7 19:57:38 UTC 2026
[    0.000000] KASLR disabled due to lack of seed
[    0.000000] Machine model: linux,dummy-virt
[    0.000000] efi: UEFI not found.
[    0.000000] OF: reserved mem: Reserved memory: No reserved-memory node in the DT
[    0.000000] NUMA: Faking a node at [mem 0x0000000040000000-0x000000007fffffff]
[    0.000000] NODE_DATA(0) allocated [mem 0x7fe05d00-0x7fe0847f]
[    0.000000] Zone ranges:
[    0.000000]   DMA      [mem 0x0000000040000000-0x000000007fffffff]
[    0.000000]   DMA32    empty
[    0.000000]   Normal   empty
[    0.000000] Movable zone start for each node
[    0.000000] Early memory node ranges
[    0.000000]   node   0: [mem 0x0000000040000000-0x000000007fffffff]
[    0.000000] Initmem setup node 0 [mem 0x0000000040000000-0x000000007fffffff]
[    0.000000] cma: Reserved 32 MiB at 0x000000007cc00000
[    0.000000] psci: probing for conduit method from DT.
[    0.000000] psci: PSCIv1.1 detected in firmware.
[    0.000000] psci: Using standard PSCI v0.2 function IDs
[    0.000000] psci: Trusted OS migration not required
[    0.000000] psci: SMC Calling Convention v1.0
[    0.000000] percpu: Embedded 23 pages/cpu s63320 r0 d30888 u94208
[    0.000000] Detected PIPT I-cache on CPU0
[    0.000000] CPU features: detected: Address authentication (IMP DEF algorithm)
[    0.000000] CPU features: detected: GICv3 CPU interface
[    0.000000] CPU features: detected: Spectre-v4
[    0.000000] CPU features: detected: Spectre-BHB
[    0.000000] alternatives: applying boot alternatives
[    0.000000] Kernel command line: console=ttyAMA0 panic=-1 root=/dev/vda rw init=/sbin/lighter-init psi=0 idle.poll_ns=50000 lighter.time=1788822316 lighter.share=bench:/mnt/bench  lighter.rosetta 
[    0.000000] printk: log buffer data + meta data: 131072 + 458752 = 589824 bytes
[    0.000000] Dentry cache hash table entries: 131072 (order: 8, 1048576 bytes, linear)
[    0.000000] Inode-cache hash table entries: 65536 (order: 7, 524288 bytes, linear)
[    0.000000] software IO TLB: SWIOTLB bounce buffer size adjusted to 1MB
[    0.000000] software IO TLB: area num 8.
[    0.000000] software IO TLB: SWIOTLB bounce buffer size roundup to 2MB
[    0.000000] software IO TLB: mapped [mem 0x000000007c980000-0x000000007cb80000] (2MB)
[    0.000000] Fallback order for Node 0: 0 
[    0.000000] Built 1 zonelists, mobility grouping on.  Total pages: 262144
[    0.000000] Policy zone: DMA
[    0.000000] mem auto-init: stack:off, heap alloc:off, heap free:off
[    0.000000] SLUB: HWalign=64, Order=0-3, MinObjects=0, CPUs=8, Nodes=1
[    0.000000] rcu: Hierarchical RCU implementation.
[    0.000000] rcu: 	RCU event tracing is enabled.
[    0.000000] rcu: 	RCU restricting CPUs from NR_CPUS=512 to nr_cpu_ids=8.
[    0.000000] 	Tracing variant of Tasks RCU enabled.
[    0.000000] rcu: RCU calculated value of scheduler-enlistment delay is 25 jiffies.
[    0.000000] rcu: Adjusting geometry for rcu_fanout_leaf=16, nr_cpu_ids=8
[    0.000000] RCU Tasks Trace: Setting shift to 3 and lim to 1 rcu_task_cb_adjust=1 rcu_task_cpu_ids=8.
[    0.000000] NR_IRQS: 64, nr_irqs: 64, preallocated irqs: 0
[    0.000000] GICv3: 988 SPIs implemented
[    0.000000] GICv3: 0 Extended SPIs implemented
[    0.000000] Root IRQ handler: gic_handle_irq
[    0.000000] GICv3: GICv3 features: 16 PPIs, RSS
[    0.000000] GICv3: GICD_CTLR.DS=1, SCR_EL3.FIQ=0
[    0.000000] GICv3: CPU0: found redistributor 0 region 0:0x00000000080a0000
[    0.000000] rcu: srcu_init: Setting srcu_struct sizes based on contention.
[    0.000000] clocksource: jiffies: mask: 0xffffffff max_cycles: 0xffffffff, max_idle_ns: 7645041785100000 ns
[    0.000000] arch_timer: cp15 timer running at 24.00MHz (virt).
[    0.000000] clocksource: arch_sys_counter: mask: 0xffffffffffffff max_cycles: 0x588fe9dc0, max_idle_ns: 440795202592 ns
[    0.000000] sched_clock: 56 bits at 24MHz, resolution 41ns, wraps every 4398046511097ns
[    0.000081] Console: colour dummy device 80x25
[    0.000107] Calibrating delay loop (skipped), value calculated using timer frequency.. 48.00 BogoMIPS (lpj=96000)
[    0.000108] pid_max: default: 32768 minimum: 301
[    0.000140] LSM: initializing lsm=capability
[    0.000228] Mount-cache hash table entries: 2048 (order: 2, 16384 bytes, linear)
[    0.000232] Mountpoint-cache hash table entries: 2048 (order: 2, 16384 bytes, linear)
[    0.000614] cacheinfo: Unable to detect cache hierarchy for CPU 0
[    0.000828] Apple TSO: available per thread (PR_SET_MEM_MODEL); boot value off
[    0.000861] rcu: Hierarchical SRCU implementation.
[    0.000861] rcu: 	Max phase no-delay instances is 1000.
[    0.000918] Timer migration: 1 hierarchy levels; 8 children per group; 1 crossnode level
[    0.000979] EFI services will not be available.
[    0.001109] smp: Bringing up secondary CPUs ...
[    0.001288] Detected PIPT I-cache on CPU1
[    0.001304] GICv3: CPU1: found redistributor 1 region 0:0x00000000080c0000
[    0.001344] CPU1: Booted secondary processor 0x0000000001 [0x610f0000]
[    0.001614] Detected PIPT I-cache on CPU2
[    0.001629] GICv3: CPU2: found redistributor 2 region 0:0x00000000080e0000
[    0.001671] CPU2: Booted secondary processor 0x0000000002 [0x610f0000]
[    0.001899] Detected PIPT I-cache on CPU3
[    0.001916] GICv3: CPU3: found redistributor 3 region 0:0x0000000008100000
[    0.001957] CPU3: Booted secondary processor 0x0000000003 [0x610f0000]
[    0.002213] Detected PIPT I-cache on CPU4
[    0.002231] GICv3: CPU4: found redistributor 4 region 0:0x0000000008120000
[    0.002271] CPU4: Booted secondary processor 0x0000000004 [0x610f0000]
[    0.002530] Detected PIPT I-cache on CPU5
[    0.002550] GICv3: CPU5: found redistributor 5 region 0:0x0000000008140000
[    0.002589] CPU5: Booted secondary processor 0x0000000005 [0x610f0000]
[    0.002831] Detected PIPT I-cache on CPU6
[    0.002853] GICv3: CPU6: found redistributor 6 region 0:0x0000000008160000
[    0.002891] CPU6: Booted secondary processor 0x0000000006 [0x610f0000]
[    0.003150] Detected PIPT I-cache on CPU7
[    0.003172] GICv3: CPU7: found redistributor 7 region 0:0x0000000008180000
[    0.003211] CPU7: Booted secondary processor 0x0000000007 [0x610f0000]
[    0.003290] smp: Brought up 1 node, 8 CPUs
[    0.003291] SMP: Total of 8 processors activated.
[    0.003291] CPU: All CPU(s) started at EL1
[    0.003302] CPU features: detected: ARMv8.4 Translation Table Level
[    0.003302] CPU features: detected: Data cache clean to the PoU not required for I/D coherence
[    0.003302] CPU features: detected: Common not Private translations
[    0.003303] CPU features: detected: CRC32 instructions
[    0.003303] CPU features: detected: Data independent timing control (DIT)
[    0.003303] CPU features: detected: E0PD
[    0.003304] CPU features: detected: Generic authentication (IMP DEF algorithm)
[    0.003304] CPU features: detected: RCpc load-acquire (LDAPR)
[    0.003305] CPU features: detected: LSE atomic instructions
[    0.003305] CPU features: detected: Privileged Access Never
[    0.003305] CPU features: detected: RAS Extension Support
[    0.003306] CPU features: detected: Speculation barrier (SB)
[    0.003306] CPU features: detected: TLB range maintenance instructions
[    0.003434] alternatives: applying system-wide alternatives
[    0.005796] Memory: 935880K/1048576K available (19008K kernel code, 6390K rwdata, 12684K rodata, 12224K init, 709K bss, 74108K reserved, 32768K cma-reserved)
[    0.005937] devtmpfs: initialized
[    0.006288] posixtimers hash table entries: 4096 (order: 4, 65536 bytes, linear)
[    0.006330] futex hash table entries: 2048 (131072 bytes on 1 NUMA nodes, total 128 KiB, linear).
[    0.006362] 19952 pages in range for non-PLT usage
[    0.006365] 511472 pages in range for PLT usage
[    0.006381] pinctrl core: initialized pinctrl subsystem
[    0.006565] DMI not present or invalid.
[    0.007748] NET: Registered PF_NETLINK/PF_ROUTE protocol family
[    0.008014] DMA: preallocated 128 KiB GFP_KERNEL pool for atomic allocations
[    0.008094] DMA: preallocated 128 KiB GFP_KERNEL|GFP_DMA pool for atomic allocations
[    0.008189] DMA: preallocated 128 KiB GFP_KERNEL|GFP_DMA32 pool for atomic allocations
[    0.008267] thermal_sys: Registered thermal governor 'step_wise'
[    0.008267] thermal_sys: Registered thermal governor 'power_allocator'
[    0.008272] cpuidle: using governor menu
[    0.008284] NET: Registered PF_QIPCRTR protocol family
[    0.008309] hw-breakpoint: found 6 breakpoint and 4 watchpoint registers.
[    0.008425] ASID allocator initialised with 256 entries
[    0.008610] Serial: AMBA PL011 UART driver
[    0.008784] c000000.pl011: ttyAMA0 at MMIO 0xc000000 (irq = 13, base_baud = 0) is a PL011 rev1
[    0.008842] printk: console [ttyAMA0] enabled
[    0.009657] HugeTLB: registered 1.00 GiB page size, pre-allocated 0 pages
[    0.009658] HugeTLB: 0 KiB vmemmap can be freed for a 1.00 GiB page
[    0.009659] HugeTLB: registered 32.0 MiB page size, pre-allocated 0 pages
[2m2026-09-07T23:05:16.872453Z[0m [33m WARN[0m [2mlighter_vmm::virtio::mmio[0m[2m:[0m queue notified before the driver was ready [3mdevice[0m[2m=[0m"virtio-vsock" [3mindex[0m[2m=[0m0
[2m2026-09-07T23:05:16.872583Z[0m [33m WARN[0m [2mlighter_vmm::virtio::mmio[0m[2m:[0m queue notified before the driver was ready [3mdevice[0m[2m=[0m"fs" [3mindex[0m[2m=[0m5
[2m2026-09-07T23:05:16.872598Z[0m [32m INFO[0m [2mlighter_fs::cache[0m[2m:[0m cache lifetime set by whether the guest can be told to forget [3minvalidation[0m[2m=[0m"push" [3mattr_ms[0m[2m=[0m20000 [3mentry_ms[0m[2m=[0m20000
[    0.009664] HugeTLB: 0 KiB vmemmap can be freed for a 32.0 MiB page
[2m2026-09-07T23:05:16.872765Z[0m [32m INFO[0m [2mlighter_vmm::virtio::fs[0m[2m:[0m share activated [3mtag[0m[2m=[0mbench [3mroot[0m[2m=[0m~/.lighter-bench/lighter
[    0.009664] HugeTLB: registered 2.00 MiB page size, pre-allocated 0 pages
[    0.009665] HugeTLB: 0 KiB vmemmap can be freed for a 2.00 MiB page
[2m2026-09-07T23:05:16.873027Z[0m [33m WARN[0m [2mlighter_vmm::virtio::mmio[0m[2m:[0m queue notified before the driver was ready [3mdevice[0m[2m=[0m"fs" [3mindex[0m[2m=[0m5
[2m2026-09-07T23:05:16.873039Z[0m [32m INFO[0m [2mlighter_fs::cache[0m[2m:[0m cache lifetime set by whether the guest can be told to forget [3minvalidation[0m[2m=[0m"push" [3mattr_ms[0m[2m=[0m20000 [3mentry_ms[0m[2m=[0m20000
[2m2026-09-07T23:05:16.873167Z[0m [32m INFO[0m [2mlighter_vmm::virtio::fs[0m[2m:[0m share activated [3mtag[0m[2m=[0mrosetta [3mroot[0m[2m=[0m/Library/Apple/usr/libexec/oah/RosettaLinux
[    0.009665] HugeTLB: registered 64.0 KiB page size, pre-allocated 0 pages
[    0.009665] HugeTLB: 0 KiB vmemmap can be freed for a 64.0 KiB page
[    0.010815] raid6: skipped pq benchmark and selected neonx8
[    0.010815] raid6: using neon recovery algorithm
[    0.010842] ACPI: Interpreter disabled.
[    0.011014] iommu: Default domain type: Translated
[    0.011015] iommu: DMA domain TLB invalidation policy: strict mode
[    0.014561] pps_core: LinuxPPS API ver. 1 registered
[    0.014561] pps_core: Software ver. 5.3.6 - Copyright 2005-2007 Rodolfo Giometti <giometti@linux.it>
[    0.014562] PTP clock support registered
[    0.014571] EDAC MC: Ver: 3.0.0
[    0.014696] scmi_core: SCMI protocol bus registered
[    0.014805] FPGA manager framework
[    0.014961] nfc: nfc_init: NFC Core ver 0.1
[    0.014966] NET: Registered PF_NFC protocol family
[    0.015077] clocksource: Switched to clocksource arch_sys_counter
[    0.015170] VFS: Disk quotas dquot_6.6.0
[    0.015175] VFS: Dquot-cache hash table entries: 512 (order 0, 4096 bytes)
[    0.015535] pnp: PnP ACPI: disabled
[    0.016174] NET: Registered PF_INET protocol family
[    0.016215] IP idents hash table entries: 16384 (order: 5, 131072 bytes, linear)
[    0.016379] tcp_listen_portaddr_hash hash table entries: 512 (order: 1, 8192 bytes, linear)
[    0.016380] Table-perturb hash table entries: 65536 (order: 6, 262144 bytes, linear)
[    0.016382] TCP established hash table entries: 8192 (order: 4, 65536 bytes, linear)
[    0.016401] TCP bind hash table entries: 8192 (order: 6, 262144 bytes, linear)
[    0.016453] TCP: Hash tables configured (established 8192 bind 8192)
[    0.016488] UDP hash table entries: 512 (order: 3, 32768 bytes, linear)
[    0.016495] UDP-Lite hash table entries: 512 (order: 3, 32768 bytes, linear)
[    0.016514] NET: Registered PF_UNIX/PF_LOCAL protocol family
[    0.016774] kvm [1]: HYP mode not available
[    0.016934] Initialise system trusted keyrings
[    0.017023] workingset: timestamp_bits=42 max_order=18 bucket_order=0
[    0.017069] squashfs: version 4.0 (2009/01/31) Phillip Lougher
[    0.017098] fuse: init (API version 7.45)
[    0.017169] SGI XFS with ACLs, security attributes, scrub, repair, no debug enabled
[    0.017342] 9p: Installing v9fs 9p2000 file system support
[    0.023394] NET: Registered PF_ALG protocol family
[    0.023398] xor: measuring software checksum speed
[    0.023568]    8regs           : 19327 MB/sec
[    0.023646]    32regs          : 42494 MB/sec
[    0.023712]    arm64_neon      : 50057 MB/sec
[    0.023712] xor: using function: arm64_neon (50057 MB/sec)
[    0.023718] Key type asymmetric registered
[    0.023718] Asymmetric key parser 'x509' registered
[    0.023723] Block layer SCSI generic (bsg) driver version 0.4 loaded (major 239)
[    0.023724] io scheduler mq-deadline registered
[    0.023725] io scheduler kyber registered
[    0.023728] io scheduler bfq registered
[    0.028195] ledtrig-cpu: registered to indicate activity on CPUs
[    0.028205] IPMI message handler: version 39.2
[    0.028210] ipmi device interface
[    0.028288] ipmi_si: IPMI System Interface driver
[    0.028298] ipmi_si: Unable to find any System Interface(s)
[    0.030082] virtiofs virtio4: discovered new tag: bench
[    0.030532] virtiofs virtio5: discovered new tag: rosetta
[    0.031088] Free page reporting enabled
[    0.031182] virtio_mem virtio8: start address: 0x80000000
[    0.031183] virtio_mem virtio8: region size: 0xc0000000
[    0.031183] virtio_mem virtio8: device block size: 0x8000000
[    0.031184] virtio_mem virtio8: nid: 0
[    0.031185] virtio_mem virtio8: memory block size: 0x8000000
[    0.031185] virtio_mem virtio8: big block size: 0x8000000
[    0.031207] virtio_mem virtio8: plugged size: 0x0
[    0.031207] virtio_mem virtio8: requested size: 0xc0000000
[    0.031840] Fallback order for Node 0: 0 
[    0.031842] Built 1 zonelists, mobility grouping on.  Total pages: 267393
[    0.031842] Policy zone: DMA
[    0.035787] Serial: 8250/16550 driver, 4 ports, IRQ sharing enabled
[    0.036167] msm_serial: driver initialized
[    0.036196] SuperH (H)SCI(F) driver initialized
[    0.036206] STM32 USART driver initialized
[    0.036474] random: crng init done
[    0.036536] Fallback order for Node 0: 0 
[    0.036537] Built 1 zonelists, mobility grouping on.  Total pages: 490481
[    0.036538] Policy zone: Normal
[    0.040474] loop: module loaded
[    0.050522] virtio_blk virtio0: 8/0/0 default/read/poll queues
[    0.050952] virtio_blk virtio0: [vda] 4194304 512-byte logical blocks (2.15 GB/2.00 GiB)
[    0.052029] virtio_blk virtio1: 8/0/0 default/read/poll queues
[    0.052435] virtio_blk virtio1: [vdb] 268435456 512-byte logical blocks (137 GB/128 GiB)
[    0.052668] zram: Added device: zram0
[    0.053324] tun: Universal TUN/TAP device driver, 1.6
[    0.054010] VFIO - User Level meta-driver version: 0.3
[    0.055665]  cs_system_cfg: CoreSight Configuration manager initialised
[    0.055883] gnss: GNSS driver registered with major 503
[    0.056081] GACT probability NOT on
[    0.056087] Mirror/redirect action on
[    0.056398] IPVS: Registered protocols ()
[    0.056407] IPVS: Connection hash table configured (size=4096, memory=32Kbytes)
[    0.056433] IPVS: ipvs loaded.
[    0.056475] Initializing XFRM netlink socket
[    0.056485] NET: Registered PF_INET6 protocol family
[    0.056686] Segment Routing with IPv6
[    0.056689] In-situ OAM (IOAM) with IPv6
[    0.056699] sit: IPv6, IPv4 and MPLS over IPv4 tunneling driver
[    0.056763] NET: Registered PF_PACKET protocol family
[    0.056835] 8021q: 802.1Q VLAN Support v1.8
[    0.056859] 9pnet: Installing 9P2000 support
[    0.056864] Key type dns_resolver registered
[    0.056894] NET: Registered PF_VSOCK protocol family
[    0.058483] registered taskstats version 1
[    0.058526] Loading compiled-in X.509 certificates
[    0.059380] Demotion targets for Node 0: null
[    0.059517] Btrfs loaded, zoned=no, fsverity=no
[    0.059617] clk: Disabling unused clocks
[    0.059618] PM: genpd: Disabling unused power domains
[    0.059929] check access for rdinit=/init failed: -2, ignoring
[    0.063989] EXT4-fs (vda): mounted filesystem b6b766ac-cd49-44a5-aac0-ad1817245fe0 r/w with ordered data mode. Quota mode: none.
[    0.064006] VFS: Mounted root (ext4 filesystem) on device 254:0.
[    0.064202] devtmpfs: mounted
[    0.065031] Freeing unused kernel memory: 12224K
[    0.065065] Run /sbin/lighter-init as init process
INIT clock=2026-09-07T23:05:16Z
INIT filesystems=ok
INIT formatting=/dev/vdb fs=btrfs mkfs=
INIT data_fs=btrfs
INIT data_opts=noatime,nodatacow,commit=30,thread_pool=1
[    0.149498] BTRFS: device label lighter-data devid 1 transid 8 /dev/vdb (254:16) scanned by mount (137)
[    0.149791] BTRFS info (device vdb): first mount of filesystem 1d166792-a5f8-4a4b-b127-709a07e7595c
[    0.149807] BTRFS info (device vdb): using crc32c (crc32c-lib) checksum algorithm
[    0.150539] BTRFS info (device vdb): checking UUID tree
[    0.150632] BTRFS info (device vdb): setting nodatasum
[    0.150633] BTRFS info (device vdb): setting nodatacow
INIT data=mounted[    0.150634] BTRFS info (device vdb): turning on async discard

[    0.150635] BTRFS info (device vdb): enabling free space tree
INIT fstrim=9ms
[    0.157861] zram0: detected capacity change from 0 to 4194304
[    0.160614] Adding 2097148k swap on /dev/zram0.  Priority:100 extents:1 across:2097148k SS
INIT zram=on
[    0.161603] rcu: RCU calculated value of scheduler-enlistment delay is 25 jiffies.
[2m2026-09-07T23:05:17.005310Z[0m [32m INFO[0m [2mlighter_fs::server[0m[2m:[0m filesystem negotiated [3mguest[0m[2m=[0m7.45 [3mmax_write[0m[2m=[0m262144 [3mreaddirplus[0m[2m=[0mtrue [3mcreate_dialect[0m[2m=[0mtrue
INIT binfmt=x86_64 via=rosetta
[2m2026-09-07T23:05:17.007851Z[0m [32m INFO[0m [2mlighter_fs::server[0m[2m:[0m filesystem negotiated [3mguest[0m[2m=[0m7.45 [3mmax_write[0m[2m=[0m262144 [3mreaddirplus[0m[2m=[0mtrue [3mcreate_dialect[0m[2m=[0mtrue
INIT share=bench at=/mnt/bench
INIT dhcp=ok t=0.17
INIT ipv6=ok
INIT dockerd=ready after=100ms t=0.30
AGENT listening port=2375
AGENT listening port=2376
AGENT tcp-proxy port=15201
AGENT udp-inbound
AGENT inbound port=2378
AGENT udp-proxy port=15202
AGENT dns addr=192.168.127.2
AGENT udp-proxy port=15202
AGENT clock=set trip_us=72 attempt=0
INIT streams=on
INIT ready t=0.31
[2m2026-09-07T23:05:24.609230Z[0m [32m INFO[0m [2mlighter_vmm::virtio::mem[0m[2m:[0m virtio-mem offer [3mrequested_mib[0m[2m=[0m512 [3mplugged_mib[0m[2m=[0m3072
[    7.766787] virtio_mem virtio8: plugged size: 0xc0000000
[    7.766800] virtio_mem virtio8: requested size: 0x20000000
[    8.048936] Fallback order for Node 0: 0 
[    8.048953] Built 1 zonelists, mobility grouping on.  Total pages: 520084
[    8.048958] Policy zone: Normal
[2m2026-09-07T23:05:25.650807Z[0m [32m INFO[0m [2mlighter_vmm::virtio::mem[0m[2m:[0m virtio-mem offer [3mrequested_mib[0m[2m=[0m0 [3mplugged_mib[0m[2m=[0m512
[    8.808394] virtio_mem virtio8: plugged size: 0x20000000
[    8.808409] virtio_mem virtio8: requested size: 0x0
[2m2026-09-07T23:05:32.530549Z[0m [32m INFO[0m [2mlighter_vmm::virtio::mem[0m[2m:[0m virtio-mem offer [3mrequested_mib[0m[2m=[0m3072 [3mplugged_mib[0m[2m=[0m384
[   15.687920] virtio_mem virtio8: plugged size: 0x18000000
[   15.687931] virtio_mem virtio8: requested size: 0xc0000000
[   15.688733] Fallback order for Node 0: 0 
[   15.688743] Built 1 zonelists, mobility grouping on.  Total pages: 358772
[   15.688748] Policy zone: Normal
[   16.063699] docker0: port 1(vethbd0fdc2) entered blocking state
[   16.063710] docker0: port 1(vethbd0fdc2) entered disabled state
[   16.063719] vethbd0fdc2: entered allmulticast mode
[   16.063733] vethbd0fdc2: entered promiscuous mode
[   16.067904] eth0: renamed from vethb1aa0b7
[   16.068474] docker0: port 1(vethbd0fdc2) entered blocking state
[   16.068480] docker0: port 1(vethbd0fdc2) entered forwarding state
AGENT sockmap=on
[   26.722158] docker0: port 1(vethbd0fdc2) entered disabled state
[   26.722260] vethb1aa0b7: renamed from eth0
[   26.735287] docker0: port 1(vethbd0fdc2) entered disabled state
[   26.735601] vethbd0fdc2 (unregistering): left allmulticast mode
[   26.735613] vethbd0fdc2 (unregistering): left promiscuous mode
[   26.735619] docker0: port 1(vethbd0fdc2) entered disabled state
[   27.199386] docker0: port 1(veth26a3f3f) entered blocking state
[   27.199398] docker0: port 1(veth26a3f3f) entered disabled state
[   27.199408] veth26a3f3f: entered allmulticast mode
[   27.199447] veth26a3f3f: entered promiscuous mode
[   27.203086] eth0: renamed from veth31a4d43
[   27.203460] docker0: port 1(veth26a3f3f) entered blocking state
[   27.203469] docker0: port 1(veth26a3f3f) entered forwarding state
[   34.482862] docker0: port 1(veth26a3f3f) entered disabled state
[   34.482895] veth31a4d43: renamed from eth0
[   34.499149] docker0: port 1(veth26a3f3f) entered disabled state
[   34.499413] veth26a3f3f (unregistering): left allmulticast mode
[   34.499423] veth26a3f3f (unregistering): left promiscuous mode
[   34.499432] docker0: port 1(veth26a3f3f) entered disabled state
[   34.833930] docker0: port 1(veth00ec921) entered blocking state
[   34.833943] docker0: port 1(veth00ec921) entered disabled state
[   34.833951] veth00ec921: entered allmulticast mode
[   34.833973] veth00ec921: entered promiscuous mode
[   34.837400] eth0: renamed from vethc54ae19
[   34.837768] docker0: port 1(veth00ec921) entered blocking state
[   34.837775] docker0: port 1(veth00ec921) entered forwarding state
[   63.122365] docker0: port 1(veth00ec921) entered disabled state
[   63.122404] vethc54ae19: renamed from eth0
[   63.143510] docker0: port 1(veth00ec921) entered disabled state
[   63.143783] veth00ec921 (unregistering): left allmulticast mode
[   63.143794] veth00ec921 (unregistering): left promiscuous mode
[   63.143800] docker0: port 1(veth00ec921) entered disabled state
[   63.296847] docker0: port 1(veth3f25862) entered blocking state
[   63.296858] docker0: port 1(veth3f25862) entered disabled state
[   63.296867] veth3f25862: entered allmulticast mode
[   63.296887] veth3f25862: entered promiscuous mode
[   63.300323] eth0: renamed from veth41437a1
[   63.300850] docker0: port 1(veth3f25862) entered blocking state
[   63.300860] docker0: port 1(veth3f25862) entered forwarding state
[   72.647773] docker0: port 1(veth3f25862) entered disabled state
[   72.647854] veth41437a1: renamed from eth0
[   72.663707] docker0: port 1(veth3f25862) entered disabled state
[   72.664021] veth3f25862 (unregistering): left allmulticast mode
[   72.664036] veth3f25862 (unregistering): left promiscuous mode
[   72.664042] docker0: port 1(veth3f25862) entered disabled state
[   72.816272] docker0: port 1(vethf819ae9) entered blocking state
[   72.816283] docker0: port 1(vethf819ae9) entered disabled state
[   72.816294] vethf819ae9: entered allmulticast mode
[   72.816319] vethf819ae9: entered promiscuous mode
[   72.819682] eth0: renamed from vethf0826b8
[   72.820089] docker0: port 1(vethf819ae9) entered blocking state
[   72.820096] docker0: port 1(vethf819ae9) entered forwarding state
[   98.658682] docker0: port 1(vethf819ae9) entered disabled state
[   98.658714] vethf0826b8: renamed from eth0
[   98.675231] docker0: port 1(vethf819ae9) entered disabled state
[   98.675495] vethf819ae9 (unregistering): left allmulticast mode
[   98.675505] vethf819ae9 (unregistering): left promiscuous mode
[   98.675511] docker0: port 1(vethf819ae9) entered disabled state
[   99.134125] docker0: port 1(veth2e8c612) entered blocking state
[   99.134136] docker0: port 1(veth2e8c612) entered disabled state
[   99.134145] veth2e8c612: entered allmulticast mode
[   99.134164] veth2e8c612: entered promiscuous mode
[   99.137791] eth0: renamed from veth9ee0968
[   99.138372] docker0: port 1(veth2e8c612) entered blocking state
[   99.138388] docker0: port 1(veth2e8c612) entered forwarding state
[  106.551718] docker0: port 1(veth2e8c612) entered disabled state
[  106.551754] veth9ee0968: renamed from eth0
[  106.571994] docker0: port 1(veth2e8c612) entered disabled state
[  106.572309] veth2e8c612 (unregistering): left allmulticast mode
[  106.572318] veth2e8c612 (unregistering): left promiscuous mode
[  106.572324] docker0: port 1(veth2e8c612) entered disabled state
[  106.848884] docker0: port 1(vethad6feca) entered blocking state
[  106.848895] docker0: port 1(vethad6feca) entered disabled state
[  106.848902] vethad6feca: entered allmulticast mode
[  106.848922] vethad6feca: entered promiscuous mode
[  106.852027] eth0: renamed from vethbceaf3f
[  106.852418] docker0: port 1(vethad6feca) entered blocking state
[  106.852427] docker0: port 1(vethad6feca) entered forwarding state
[  132.212635] docker0: port 1(vethad6feca) entered disabled state
[  132.212676] vethbceaf3f: renamed from eth0
[  132.231467] docker0: port 1(vethad6feca) entered disabled state
[  132.231741] vethad6feca (unregistering): left allmulticast mode
[  132.231751] vethad6feca (unregistering): left promiscuous mode
[  132.231757] docker0: port 1(vethad6feca) entered disabled state
[  132.538086] docker0: port 1(veth78bd3a8) entered blocking state
[  132.538097] docker0: port 1(veth78bd3a8) entered disabled state
[  132.538108] veth78bd3a8: entered allmulticast mode
[  132.538124] veth78bd3a8: entered promiscuous mode
[  132.541312] eth0: renamed from veth4f2bfaf
[  132.541916] docker0: port 1(veth78bd3a8) entered blocking state
[  132.541929] docker0: port 1(veth78bd3a8) entered forwarding state
[  141.018168] docker0: port 1(veth78bd3a8) entered disabled state
[  141.018202] veth4f2bfaf: renamed from eth0
[  141.030595] docker0: port 1(veth78bd3a8) entered disabled state
[  141.030849] veth78bd3a8 (unregistering): left allmulticast mode
[  141.030858] veth78bd3a8 (unregistering): left promiscuous mode
[  141.030864] docker0: port 1(veth78bd3a8) entered disabled state
[  141.502117] docker0: port 1(veth92ff3de) entered blocking state
[  141.502128] docker0: port 1(veth92ff3de) entered disabled state
[  141.502137] veth92ff3de: entered allmulticast mode
[  141.502156] veth92ff3de: entered promiscuous mode
[  141.505823] eth0: renamed from veth1babf23
[  141.506750] docker0: port 1(veth92ff3de) entered blocking state
[  141.506758] docker0: port 1(veth92ff3de) entered forwarding state
[  142.790423] docker0: port 1(veth92ff3de) entered disabled state
[  142.790464] veth1babf23: renamed from eth0
[  142.808968] docker0: port 1(veth92ff3de) entered disabled state
[  142.809358] veth92ff3de (unregistering): left allmulticast mode
[  142.809368] veth92ff3de (unregistering): left promiscuous mode
[  142.809373] docker0: port 1(veth92ff3de) entered disabled state
[  142.951142] docker0: port 1(veth270b7c9) entered blocking state
[  142.951155] docker0: port 1(veth270b7c9) entered disabled state
[  142.951162] veth270b7c9: entered allmulticast mode
[  142.951182] veth270b7c9: entered promiscuous mode
[  142.955309] eth0: renamed from vetha2c6073
[  142.955558] docker0: port 1(veth270b7c9) entered blocking state
[  142.955567] docker0: port 1(veth270b7c9) entered forwarding state
[  151.615367] docker0: port 1(veth270b7c9) entered disabled state
[  151.615404] vetha2c6073: renamed from eth0
[  151.635268] docker0: port 1(veth270b7c9) entered disabled state
[  151.635369] veth270b7c9 (unregistering): left allmulticast mode
[  151.635371] veth270b7c9 (unregistering): left promiscuous mode
[  151.635372] docker0: port 1(veth270b7c9) entered disabled state
[  152.327977] docker0: port 1(vethc0aa761) entered blocking state
[  152.327988] docker0: port 1(vethc0aa761) entered disabled state
[  152.327998] vethc0aa761: entered allmulticast mode
[  152.328019] vethc0aa761: entered promiscuous mode
[  152.332108] eth0: renamed from veth3b7810b
[  152.332508] docker0: port 1(vethc0aa761) entered blocking state
[  152.332517] docker0: port 1(vethc0aa761) entered forwarding state
[  152.750925] veth3b7810b: renamed from eth0
[  152.751192] docker0: port 1(vethc0aa761) entered disabled state
[  152.775696] docker0: port 1(vethc0aa761) entered disabled state
[  152.776001] vethc0aa761 (unregistering): left allmulticast mode
[  152.776011] vethc0aa761 (unregistering): left promiscuous mode
[  152.776017] docker0: port 1(vethc0aa761) entered disabled state
[  152.935792] docker0: port 1(veth2d999aa) entered blocking state
[  152.935803] docker0: port 1(veth2d999aa) entered disabled state
[  152.935810] veth2d999aa: entered allmulticast mode
[  152.935828] veth2d999aa: entered promiscuous mode
[  152.938870] eth0: renamed from veth6549dc4
[  152.939164] docker0: port 1(veth2d999aa) entered blocking state
[  152.939175] docker0: port 1(veth2d999aa) entered forwarding state
[  161.635290] docker0: port 1(veth2d999aa) entered disabled state
[  161.635328] veth6549dc4: renamed from eth0
[  161.659167] docker0: port 1(veth2d999aa) entered disabled state
[  161.659430] veth2d999aa (unregistering): left allmulticast mode
[  161.659439] veth2d999aa (unregistering): left promiscuous mode
[  161.659445] docker0: port 1(veth2d999aa) entered disabled state
[  162.417689] docker0: port 1(veth580f253) entered blocking state
[  162.417698] docker0: port 1(veth580f253) entered disabled state
[  162.417701] veth580f253: entered allmulticast mode
[  162.417716] veth580f253: entered promiscuous mode
[  162.421330] eth0: renamed from vethf6b339c
[  162.421831] docker0: port 1(veth580f253) entered blocking state
[  162.421852] docker0: port 1(veth580f253) entered forwarding state
[  173.654856] docker0: port 1(veth580f253) entered disabled state
[  173.654937] vethf6b339c: renamed from eth0
[  173.813774] docker0: port 1(veth580f253) entered disabled state
[  173.814210] veth580f253 (unregistering): left allmulticast mode
[  173.814220] veth580f253 (unregistering): left promiscuous mode
[  173.814226] docker0: port 1(veth580f253) entered disabled state
[  174.580265] docker0: port 1(veth916c09d) entered blocking state
[  174.580276] docker0: port 1(veth916c09d) entered disabled state
[  174.580282] veth916c09d: entered allmulticast mode
[  174.580301] veth916c09d: entered promiscuous mode
[  174.583574] eth0: renamed from vethfc0345f
[  174.583923] docker0: port 1(veth916c09d) entered blocking state
[  174.583932] docker0: port 1(veth916c09d) entered forwarding state
[  183.366005] docker0: port 1(veth916c09d) entered disabled state
[  183.366044] vethfc0345f: renamed from eth0
[  183.437447] docker0: port 1(veth916c09d) entered disabled state
[  183.437993] veth916c09d (unregistering): left allmulticast mode
[  183.438008] veth916c09d (unregistering): left promiscuous mode
[  183.438016] docker0: port 1(veth916c09d) entered disabled state
[  184.116855] docker0: port 1(veth197b44b) entered blocking state
[  184.116867] docker0: port 1(veth197b44b) entered disabled state
[  184.116874] veth197b44b: entered allmulticast mode
[  184.116894] veth197b44b: entered promiscuous mode
[  184.120446] eth0: renamed from veth6822b31
[  184.120810] docker0: port 1(veth197b44b) entered blocking state
[  184.120859] docker0: port 1(veth197b44b) entered forwarding state
[  199.034765] docker0: port 1(veth197b44b) entered disabled state
[  199.034806] veth6822b31: renamed from eth0
[  199.060430] docker0: port 1(veth197b44b) entered disabled state
[  199.060788] veth197b44b (unregistering): left allmulticast mode
[  199.060798] veth197b44b (unregistering): left promiscuous mode
[  199.060804] docker0: port 1(veth197b44b) entered disabled state
