[2m2026-09-08T00:15:21.337400Z[0m [32m INFO[0m [2mlighter_vmm::net[0m[2m:[0m network started [3mgateway[0m[2m=[0m"192.168.127.1" [3mguest[0m[2m=[0m"192.168.127.2" [3mmtu[0m[2m=[0m1500
[2m2026-09-08T00:15:21.337542Z[0m [32m INFO[0m [2mlighter_vmm::machine[0m[2m:[0m attached disk [3mpath[0m[2m=[0m/var/folders/t_/gbzzqq_x4hvg4qdrhspkp37m0000gn/T/lighter-rootfs.Udyfyr2jW5.ext4 [3mcapacity_mib[0m[2m=[0m2048 [3mallocated_kib[0m[2m=[0m2097152
[2m2026-09-08T00:15:21.337650Z[0m [32m INFO[0m [2mlighter_vmm::machine[0m[2m:[0m attached disk [3mpath[0m[2m=[0m/var/folders/t_/gbzzqq_x4hvg4qdrhspkp37m0000gn/T/lighter-bench.2BuCozWin4/data.img [3mcapacity_mib[0m[2m=[0m131072 [3mallocated_kib[0m[2m=[0m0
[2m2026-09-08T00:15:21.339111Z[0m [32m INFO[0m [2mlighter_fs::server[0m[2m:[0m share opened [3mroot[0m[2m=[0m~/.lighter-bench/lighter [3mattr_ms[0m[2m=[0m100 [3mentry_ms[0m[2m=[0m100 [3mdir_entry_ms[0m[2m=[0m1000 [3mwatched[0m[2m=[0mtrue [3mdescriptors[0m[2m=[0m10240
[2m2026-09-08T00:15:21.339896Z[0m [32m INFO[0m [2mlighter_fs::server[0m[2m:[0m share opened [3mroot[0m[2m=[0m/Library/Apple/usr/libexec/oah/RosettaLinux [3mattr_ms[0m[2m=[0m100 [3mentry_ms[0m[2m=[0m100 [3mdir_entry_ms[0m[2m=[0m1000 [3mwatched[0m[2m=[0mtrue [3mdescriptors[0m[2m=[0m10240
[2m2026-09-08T00:15:21.343544Z[0m [32m INFO[0m [2mlighter_vmm::machine[0m[2m:[0m machine started [3mvcpus[0m[2m=[0m8 [3mram_mib[0m[2m=[0m1024 [3mentry[0m[2m=[0m0x40000000 [3mdtb[0m[2m=[0m0x43400000
[2m2026-09-08T00:15:21.343860Z[0m [32m INFO[0m [2mlighter_vmm::vsock_proxy[0m[2m:[0m proxying a socket into the guest [3mpath[0m[2m=[0m/var/folders/t_/gbzzqq_x4hvg4qdrhspkp37m0000gn/T/lighter-bench.2BuCozWin4/docker.sock [3mguest_port[0m[2m=[0m2375
[2m2026-09-08T00:15:21.343931Z[0m [32m INFO[0m [2mlighter_vmm::vsock_proxy[0m[2m:[0m proxying a socket into the guest [3mpath[0m[2m=[0m/var/folders/t_/gbzzqq_x4hvg4qdrhspkp37m0000gn/T/lighter-bench.2BuCozWin4/control.sock [3mguest_port[0m[2m=[0m2376
[2m2026-09-08T00:15:21.344001Z[0m [33m WARN[0m [2mlighter_vmm::virtio::mmio[0m[2m:[0m queue notified before the driver was ready [3mdevice[0m[2m=[0m"virtio-vsock" [3mindex[0m[2m=[0m0
[    0.000000] Booting Linux on physical CPU 0x0000000000 [0x610f0000]
[    0.000000] Linux version 6.18.49-lighter (root@65945b322116) (gcc (Debian 12.2.0-14+deb12u1) 12.2.0, GNU ld (GNU Binutils for Debian) 2.40) #3 SMP Mon Sep  7 00:53:47 UTC 2026
[    0.000000] KASLR disabled due to lack of seed
[    0.000000] Machine model: linux,dummy-virt
[    0.000000] efi: UEFI not found.
[    0.000000] OF: reserved mem: Reserved memory: No reserved-memory node in the DT
[    0.000000] NUMA: Faking a node at [mem 0x0000000040000000-0x000000007fffffff]
[    0.000000] NODE_DATA(0) allocated [mem 0x7fe05d00-0x7fe0847f]
[    0.000000] Zone ranges:
[    0.000000]   DMA      [mem 0x0000000040000000-0x000000007fffffff]
[    0.000000]   DMA32    empty
[    0.000000]   Normal   empty
[    0.000000] Movable zone start for each node
[    0.000000] Early memory node ranges
[    0.000000]   node   0: [mem 0x0000000040000000-0x000000007fffffff]
[    0.000000] Initmem setup node 0 [mem 0x0000000040000000-0x000000007fffffff]
[    0.000000] cma: Reserved 32 MiB at 0x000000007cc00000
[    0.000000] psci: probing for conduit method from DT.
[    0.000000] psci: PSCIv1.1 detected in firmware.
[    0.000000] psci: Using standard PSCI v0.2 function IDs
[    0.000000] psci: Trusted OS migration not required
[    0.000000] psci: SMC Calling Convention v1.0
[    0.000000] percpu: Embedded 23 pages/cpu s63320 r0 d30888 u94208
[    0.000000] Detected PIPT I-cache on CPU0
[    0.000000] CPU features: detected: Address authentication (IMP DEF algorithm)
[    0.000000] CPU features: detected: GICv3 CPU interface
[    0.000000] CPU features: detected: Spectre-v4
[    0.000000] CPU features: detected: Spectre-BHB
[    0.000000] alternatives: applying boot alternatives
[    0.000000] Kernel command line: console=ttyAMA0 panic=-1 root=/dev/vda rw init=/sbin/lighter-init psi=0 idle.poll_ns=50000 lighter.time=1788826520 lighter.share=bench:/mnt/bench  lighter.rosetta 
[    0.000000] printk: log buffer data + meta data: 131072 + 458752 = 589824 bytes
[    0.000000] Dentry cache hash table entries: 131072 (order: 8, 1048576 bytes, linear)
[    0.000000] Inode-cache hash table entries: 65536 (order: 7, 524288 bytes, linear)
[    0.000000] software IO TLB: SWIOTLB bounce buffer size adjusted to 1MB
[    0.000000] software IO TLB: area num 8.
[    0.000000] software IO TLB: SWIOTLB bounce buffer size roundup to 2MB
[    0.000000] software IO TLB: mapped [mem 0x000000007c980000-0x000000007cb80000] (2MB)
[    0.000000] Fallback order for Node 0: 0 
[    0.000000] Built 1 zonelists, mobility grouping on.  Total pages: 262144
[    0.000000] Policy zone: DMA
[    0.000000] mem auto-init: stack:off, heap alloc:off, heap free:off
[    0.000000] SLUB: HWalign=64, Order=0-3, MinObjects=0, CPUs=8, Nodes=1
[    0.000000] rcu: Hierarchical RCU implementation.
[    0.000000] rcu: 	RCU event tracing is enabled.
[    0.000000] rcu: 	RCU restricting CPUs from NR_CPUS=512 to nr_cpu_ids=8.
[    0.000000] 	Tracing variant of Tasks RCU enabled.
[    0.000000] rcu: RCU calculated value of scheduler-enlistment delay is 25 jiffies.
[    0.000000] rcu: Adjusting geometry for rcu_fanout_leaf=16, nr_cpu_ids=8
[    0.000000] RCU Tasks Trace: Setting shift to 3 and lim to 1 rcu_task_cb_adjust=1 rcu_task_cpu_ids=8.
[    0.000000] NR_IRQS: 64, nr_irqs: 64, preallocated irqs: 0
[    0.000000] GICv3: 988 SPIs implemented
[    0.000000] GICv3: 0 Extended SPIs implemented
[    0.000000] Root IRQ handler: gic_handle_irq
[    0.000000] GICv3: GICv3 features: 16 PPIs, RSS
[    0.000000] GICv3: GICD_CTLR.DS=1, SCR_EL3.FIQ=0
[    0.000000] GICv3: CPU0: found redistributor 0 region 0:0x00000000080a0000
[    0.000000] rcu: srcu_init: Setting srcu_struct sizes based on contention.
[    0.000000] clocksource: jiffies: mask: 0xffffffff max_cycles: 0xffffffff, max_idle_ns: 7645041785100000 ns
[    0.000000] arch_timer: cp15 timer running at 24.00MHz (virt).
[    0.000000] clocksource: arch_sys_counter: mask: 0xffffffffffffff max_cycles: 0x588fe9dc0, max_idle_ns: 440795202592 ns
[    0.000000] sched_clock: 56 bits at 24MHz, resolution 41ns, wraps every 4398046511097ns
[    0.000074] Console: colour dummy device 80x25
[    0.000100] Calibrating delay loop (skipped), value calculated using timer frequency.. 48.00 BogoMIPS (lpj=96000)
[    0.000101] pid_max: default: 32768 minimum: 301
[    0.000135] LSM: initializing lsm=capability
[    0.000219] Mount-cache hash table entries: 2048 (order: 2, 16384 bytes, linear)
[    0.000222] Mountpoint-cache hash table entries: 2048 (order: 2, 16384 bytes, linear)
[    0.000582] cacheinfo: Unable to detect cache hierarchy for CPU 0
[    0.000775] Apple TSO: available per thread (PR_SET_MEM_MODEL); boot value off
[    0.000806] rcu: Hierarchical SRCU implementation.
[    0.000807] rcu: 	Max phase no-delay instances is 1000.
[    0.000861] Timer migration: 1 hierarchy levels; 8 children per group; 1 crossnode level
[    0.000928] EFI services will not be available.
[    0.001038] smp: Bringing up secondary CPUs ...
[    0.001206] Detected PIPT I-cache on CPU1
[    0.001218] GICv3: CPU1: found redistributor 1 region 0:0x00000000080c0000
[    0.001260] CPU1: Booted secondary processor 0x0000000001 [0x610f0000]
[    0.001465] Detected PIPT I-cache on CPU2
[    0.001478] GICv3: CPU2: found redistributor 2 region 0:0x00000000080e0000
[    0.001518] CPU2: Booted secondary processor 0x0000000002 [0x610f0000]
[    0.001703] Detected PIPT I-cache on CPU3
[    0.001718] GICv3: CPU3: found redistributor 3 region 0:0x0000000008100000
[    0.001758] CPU3: Booted secondary processor 0x0000000003 [0x610f0000]
[    0.001927] Detected PIPT I-cache on CPU4
[    0.001944] GICv3: CPU4: found redistributor 4 region 0:0x0000000008120000
[    0.001984] CPU4: Booted secondary processor 0x0000000004 [0x610f0000]
[    0.002143] Detected PIPT I-cache on CPU5
[    0.002162] GICv3: CPU5: found redistributor 5 region 0:0x0000000008140000
[    0.002201] CPU5: Booted secondary processor 0x0000000005 [0x610f0000]
[    0.002354] Detected PIPT I-cache on CPU6
[    0.002375] GICv3: CPU6: found redistributor 6 region 0:0x0000000008160000
[    0.002414] CPU6: Booted secondary processor 0x0000000006 [0x610f0000]
[    0.002585] Detected PIPT I-cache on CPU7
[    0.002608] GICv3: CPU7: found redistributor 7 region 0:0x0000000008180000
[    0.002647] CPU7: Booted secondary processor 0x0000000007 [0x610f0000]
[    0.002675] smp: Brought up 1 node, 8 CPUs
[    0.002676] SMP: Total of 8 processors activated.
[    0.002677] CPU: All CPU(s) started at EL1
[    0.002687] CPU features: detected: ARMv8.4 Translation Table Level
[    0.002687] CPU features: detected: Data cache clean to the PoU not required for I/D coherence
[    0.002687] CPU features: detected: Common not Private translations
[    0.002688] CPU features: detected: CRC32 instructions
[    0.002688] CPU features: detected: Data independent timing control (DIT)
[    0.002688] CPU features: detected: E0PD
[    0.002689] CPU features: detected: Generic authentication (IMP DEF algorithm)
[    0.002690] CPU features: detected: RCpc load-acquire (LDAPR)
[    0.002690] CPU features: detected: LSE atomic instructions
[    0.002690] CPU features: detected: Privileged Access Never
[    0.002691] CPU features: detected: RAS Extension Support
[    0.002691] CPU features: detected: Speculation barrier (SB)
[    0.002691] CPU features: detected: TLB range maintenance instructions
[    0.003475] alternatives: applying system-wide alternatives
[    0.005827] Memory: 935880K/1048576K available (19008K kernel code, 6390K rwdata, 12684K rodata, 12224K init, 709K bss, 74108K reserved, 32768K cma-reserved)
[    0.005956] devtmpfs: initialized
[    0.006316] posixtimers hash table entries: 4096 (order: 4, 65536 bytes, linear)
[    0.006359] futex hash table entries: 2048 (131072 bytes on 1 NUMA nodes, total 128 KiB, linear).
[    0.006391] 19952 pages in range for non-PLT usage
[    0.006391] 511472 pages in range for PLT usage
[    0.006406] pinctrl core: initialized pinctrl subsystem
[    0.006578] DMI not present or invalid.
[    0.007652] NET: Registered PF_NETLINK/PF_ROUTE protocol family
[    0.007932] DMA: preallocated 128 KiB GFP_KERNEL pool for atomic allocations
[    0.008006] DMA: preallocated 128 KiB GFP_KERNEL|GFP_DMA pool for atomic allocations
[    0.008097] DMA: preallocated 128 KiB GFP_KERNEL|GFP_DMA32 pool for atomic allocations
[    0.008172] thermal_sys: Registered thermal governor 'step_wise'
[    0.008172] thermal_sys: Registered thermal governor 'power_allocator'
[    0.008177] cpuidle: using governor menu
[    0.008189] NET: Registered PF_QIPCRTR protocol family
[    0.008214] hw-breakpoint: found 6 breakpoint and 4 watchpoint registers.
[    0.008343] ASID allocator initialised with 256 entries
[    0.008527] Serial: AMBA PL011 UART driver
[    0.008700] c000000.pl011: ttyAMA0 at MMIO 0xc000000 (irq = 13, base_baud = 0) is a PL011 rev1
[    0.008763] printk: console [ttyAMA0] enabled
[    0.009541] HugeTLB: registered 1.00 GiB page size, pre-allocated 0 pages
[    0.009542] HugeTLB: 0 KiB vmemmap can be freed for a 1.00 GiB page
[    0.009543] HugeTLB: registered 32.0 MiB page size, pre-allocated 0 pages
[2m2026-09-08T00:15:21.387135Z[0m [33m WARN[0m [2mlighter_vmm::virtio::mmio[0m[2m:[0m queue notified before the driver was ready [3mdevice[0m[2m=[0m"virtio-vsock" [3mindex[0m[2m=[0m0
[2m2026-09-08T00:15:21.387277Z[0m [33m WARN[0m [2mlighter_vmm::virtio::mmio[0m[2m:[0m queue notified before the driver was ready [3mdevice[0m[2m=[0m"fs" [3mindex[0m[2m=[0m5
[    0.009543] HugeTLB: 0 KiB vmemmap can be freed for a 32.0 MiB page
[2m2026-09-08T00:15:21.387293Z[0m [32m INFO[0m [2mlighter_fs::cache[0m[2m:[0m cache lifetime set by whether the guest can be told to forget [3minvalidation[0m[2m=[0m"push" [3mattr_ms[0m[2m=[0m20000 [3mentry_ms[0m[2m=[0m20000
[2m2026-09-08T00:15:21.387462Z[0m [32m INFO[0m [2mlighter_vmm::virtio::fs[0m[2m:[0m share activated [3mtag[0m[2m=[0mbench [3mroot[0m[2m=[0m~/.lighter-bench/lighter
[    0.009543] HugeTLB: registered 2.00 MiB page size, pre-allocated 0 pages
[    0.009548] HugeTLB: 0 KiB vmemmap can be freed for a 2.00 MiB page
[2m2026-09-08T00:15:21.387734Z[0m [33m WARN[0m [2mlighter_vmm::virtio::mmio[0m[2m:[0m queue notified before the driver was ready [3mdevice[0m[2m=[0m"fs" [3mindex[0m[2m=[0m5
[2m2026-09-08T00:15:21.387743Z[0m [32m INFO[0m [2mlighter_fs::cache[0m[2m:[0m cache lifetime set by whether the guest can be told to forget [3minvalidation[0m[2m=[0m"push" [3mattr_ms[0m[2m=[0m20000 [3mentry_ms[0m[2m=[0m20000
[    0.009548] HugeTLB: registered 64.0 KiB page size, pre-allocated 0 pages
[2m2026-09-08T00:15:21.387871Z[0m [32m INFO[0m [2mlighter_vmm::virtio::fs[0m[2m:[0m share activated [3mtag[0m[2m=[0mrosetta [3mroot[0m[2m=[0m/Library/Apple/usr/libexec/oah/RosettaLinux
[    0.009548] HugeTLB: 0 KiB vmemmap can be freed for a 64.0 KiB page
[    0.010625] raid6: skipped pq benchmark and selected neonx8
[    0.010626] raid6: using neon recovery algorithm
[    0.010654] ACPI: Interpreter disabled.
[    0.010818] iommu: Default domain type: Translated
[    0.010819] iommu: DMA domain TLB invalidation policy: strict mode
[    0.014275] pps_core: LinuxPPS API ver. 1 registered
[    0.014276] pps_core: Software ver. 5.3.6 - Copyright 2005-2007 Rodolfo Giometti <giometti@linux.it>
[    0.014277] PTP clock support registered
[    0.014286] EDAC MC: Ver: 3.0.0
[    0.014422] scmi_core: SCMI protocol bus registered
[    0.014508] FPGA manager framework
[    0.014655] nfc: nfc_init: NFC Core ver 0.1
[    0.014660] NET: Registered PF_NFC protocol family
[    0.014813] clocksource: Switched to clocksource arch_sys_counter
[    0.014892] VFS: Disk quotas dquot_6.6.0
[    0.014897] VFS: Dquot-cache hash table entries: 512 (order 0, 4096 bytes)
[    0.015140] pnp: PnP ACPI: disabled
[    0.015693] NET: Registered PF_INET protocol family
[    0.015744] IP idents hash table entries: 16384 (order: 5, 131072 bytes, linear)
[    0.015909] tcp_listen_portaddr_hash hash table entries: 512 (order: 1, 8192 bytes, linear)
[    0.015910] Table-perturb hash table entries: 65536 (order: 6, 262144 bytes, linear)
[    0.015912] TCP established hash table entries: 8192 (order: 4, 65536 bytes, linear)
[    0.015928] TCP bind hash table entries: 8192 (order: 6, 262144 bytes, linear)
[    0.015977] TCP: Hash tables configured (established 8192 bind 8192)
[    0.016011] UDP hash table entries: 512 (order: 3, 32768 bytes, linear)
[    0.016018] UDP-Lite hash table entries: 512 (order: 3, 32768 bytes, linear)
[    0.016037] NET: Registered PF_UNIX/PF_LOCAL protocol family
[    0.016381] kvm [1]: HYP mode not available
[    0.016520] Initialise system trusted keyrings
[    0.016613] workingset: timestamp_bits=42 max_order=18 bucket_order=0
[    0.016662] squashfs: version 4.0 (2009/01/31) Phillip Lougher
[    0.016692] fuse: init (API version 7.45)
[    0.016817] SGI XFS with ACLs, security attributes, scrub, repair, no debug enabled
[    0.017008] 9p: Installing v9fs 9p2000 file system support
[    0.023055] NET: Registered PF_ALG protocol family
[    0.023058] xor: measuring software checksum speed
[    0.023228]    8regs           : 19356 MB/sec
[    0.023307]    32regs          : 42153 MB/sec
[    0.023373]    arm64_neon      : 50090 MB/sec
[    0.023373] xor: using function: arm64_neon (50090 MB/sec)
[    0.023379] Key type asymmetric registered
[    0.023380] Asymmetric key parser 'x509' registered
[    0.023385] Block layer SCSI generic (bsg) driver version 0.4 loaded (major 239)
[    0.023385] io scheduler mq-deadline registered
[    0.023386] io scheduler kyber registered
[    0.023389] io scheduler bfq registered
[    0.028022] ledtrig-cpu: registered to indicate activity on CPUs
[    0.028034] IPMI message handler: version 39.2
[    0.028038] ipmi device interface
[    0.028117] ipmi_si: IPMI System Interface driver
[    0.028127] ipmi_si: Unable to find any System Interface(s)
[    0.029895] virtiofs virtio4: discovered new tag: bench
[    0.030353] virtiofs virtio5: discovered new tag: rosetta
[    0.030959] Free page reporting enabled
[    0.031048] virtio_mem virtio8: start address: 0x80000000
[    0.031049] virtio_mem virtio8: region size: 0xc0000000
[    0.031050] virtio_mem virtio8: device block size: 0x8000000
[    0.031050] virtio_mem virtio8: nid: 0
[    0.031051] virtio_mem virtio8: memory block size: 0x8000000
[    0.031051] virtio_mem virtio8: big block size: 0x8000000
[    0.031071] virtio_mem virtio8: plugged size: 0x0
[    0.031071] virtio_mem virtio8: requested size: 0xc0000000
[    0.031694] Fallback order for Node 0: 0 
[    0.031695] Built 1 zonelists, mobility grouping on.  Total pages: 267393
[    0.031696] Policy zone: DMA
[    0.035481] Serial: 8250/16550 driver, 4 ports, IRQ sharing enabled
[    0.035823] msm_serial: driver initialized
[    0.035853] SuperH (H)SCI(F) driver initialized
[    0.035863] STM32 USART driver initialized
[    0.036181] random: crng init done
[    0.036204] Fallback order for Node 0: 0 
[    0.036205] Built 1 zonelists, mobility grouping on.  Total pages: 490481
[    0.036206] Policy zone: Normal
[    0.043466] loop: module loaded
[    0.050084] virtio_blk virtio0: 8/0/0 default/read/poll queues
[    0.050480] virtio_blk virtio0: [vda] 4194304 512-byte logical blocks (2.15 GB/2.00 GiB)
[    0.051128] virtio_blk virtio1: 8/0/0 default/read/poll queues
[    0.051513] virtio_blk virtio1: [vdb] 268435456 512-byte logical blocks (137 GB/128 GiB)
[    0.051735] zram: Added device: zram0
[    0.052371] tun: Universal TUN/TAP device driver, 1.6
[    0.053050] VFIO - User Level meta-driver version: 0.3
[    0.054699]  cs_system_cfg: CoreSight Configuration manager initialised
[    0.054922] gnss: GNSS driver registered with major 503
[    0.055122] GACT probability NOT on
[    0.055127] Mirror/redirect action on
[    0.055432] IPVS: Registered protocols ()
[    0.055441] IPVS: Connection hash table configured (size=4096, memory=32Kbytes)
[    0.055467] IPVS: ipvs loaded.
[    0.055503] Initializing XFRM netlink socket
[    0.055513] NET: Registered PF_INET6 protocol family
[    0.055727] Segment Routing with IPv6
[    0.055729] In-situ OAM (IOAM) with IPv6
[    0.055740] sit: IPv6, IPv4 and MPLS over IPv4 tunneling driver
[    0.055812] NET: Registered PF_PACKET protocol family
[    0.055896] 8021q: 802.1Q VLAN Support v1.8
[    0.055921] 9pnet: Installing 9P2000 support
[    0.055929] Key type dns_resolver registered
[    0.055951] NET: Registered PF_VSOCK protocol family
[    0.057497] registered taskstats version 1
[    0.057538] Loading compiled-in X.509 certificates
[    0.058383] Demotion targets for Node 0: null
[    0.058524] Btrfs loaded, zoned=no, fsverity=no
[    0.058620] clk: Disabling unused clocks
[    0.058621] PM: genpd: Disabling unused power domains
[    0.058940] check access for rdinit=/init failed: -2, ignoring
[    0.079134] EXT4-fs (vda): mounted filesystem 7fe18a50-9e40-44d4-ac16-9dd044db8a05 r/w with ordered data mode. Quota mode: none.
[    0.079151] VFS: Mounted root (ext4 filesystem) on device 254:0.
[    0.079335] devtmpfs: mounted
[    0.080111] Freeing unused kernel memory: 12224K
[    0.080142] Run /sbin/lighter-init as init process
INIT clock=2026-09-08T00:15:20Z
INIT filesystems=ok
INIT formatting=/dev/vdb fs=btrfs mkfs=
INIT data_fs=btrfs
INIT data_opts=noatime,nodatacow,commit=30,thread_pool=1
[    0.153207] BTRFS: device label lighter-data devid 1 transid 8 /dev/vdb (254:16) scanned by mount (137)
[    0.153487] BTRFS info (device vdb): first mount of filesystem 8029cada-bca2-4562-a59d-edb3f2c66dd9
[    0.153503] BTRFS info (device vdb): using crc32c (crc32c-lib) checksum algorithm
[    0.154082] BTRFS info (device vdb): checking UUID tree
[    0.154098] BTRFS info (device vdb): setting nodatasum
[    0.154103] BTRFS info (device vdb): setting nodatacow
INIT data=mounted[    0.154108] BTRFS info (device vdb): turning on async discard
[    0.154113] BTRFS info (device vdb): enabling free space tree

INIT fstrim=0ms
[    0.161198] zram0: detected capacity change from 0 to 4194304
[    0.164287] Adding 2097148k swap on /dev/zram0.  Priority:100 extents:1 across:2097148k SS
INIT zram=on
[    0.165207] rcu: RCU calculated value of scheduler-enlistment delay is 25 jiffies.
[2m2026-09-08T00:15:21.523637Z[0m [32m INFO[0m [2mlighter_fs::server[0m[2m:[0m filesystem negotiated [3mguest[0m[2m=[0m7.45 [3mmax_write[0m[2m=[0m262144 [3mreaddirplus[0m[2m=[0mtrue [3mcreate_dialect[0m[2m=[0mtrue
INIT binfmt=x86_64 via=rosetta
[2m2026-09-08T00:15:21.524614Z[0m [32m INFO[0m [2mlighter_fs::server[0m[2m:[0m filesystem negotiated [3mguest[0m[2m=[0m7.45 [3mmax_write[0m[2m=[0m262144 [3mreaddirplus[0m[2m=[0mtrue [3mcreate_dialect[0m[2m=[0mtrue
INIT share=bench at=/mnt/bench
INIT dhcp=ok t=0.18
INIT ipv6=ok
INIT dockerd=ready after=100ms t=0.31
AGENT tcp-proxy port=15201
AGENT listening port=2375
AGENT listening port=2376
AGENT inbound port=2378
AGENT udp-inbound
AGENT dns addr=192.168.127.2
AGENT clock=set trip_us=21 attempt=0
AGENT udp-proxy port=15202
AGENT udp-proxy port=15202
INIT streams=on
INIT ready t=0.32
[2m2026-09-08T00:15:29.146260Z[0m [32m INFO[0m [2mlighter_vmm::virtio::mem[0m[2m:[0m virtio-mem offer [3mrequested_mib[0m[2m=[0m384 [3mplugged_mib[0m[2m=[0m3072
[    7.788874] virtio_mem virtio8: plugged size: 0xc0000000
[    7.788889] virtio_mem virtio8: requested size: 0x18000000
[2m2026-09-08T00:15:29.389722Z[0m [32m INFO[0m [2mlighter_vmm::virtio::mem[0m[2m:[0m virtio-mem offer [3mrequested_mib[0m[2m=[0m0 [3mplugged_mib[0m[2m=[0m1280
[    8.032325] virtio_mem virtio8: plugged size: 0x50000000
[    8.032338] virtio_mem virtio8: requested size: 0x0
[    8.055095] Fallback order for Node 0: 0 
[    8.055108] Built 1 zonelists, mobility grouping on.  Total pages: 520084
[    8.055113] Policy zone: Normal
[2m2026-09-08T00:15:36.573209Z[0m [32m INFO[0m [2mlighter_vmm::virtio::mem[0m[2m:[0m virtio-mem offer [3mrequested_mib[0m[2m=[0m3072 [3mplugged_mib[0m[2m=[0m256
[   15.215579] virtio_mem virtio8: plugged size: 0x10000000
[   15.215594] virtio_mem virtio8: requested size: 0xc0000000
[   15.216375] Fallback order for Node 0: 0 
[   15.216383] Built 1 zonelists, mobility grouping on.  Total pages: 326516
[   15.216388] Policy zone: Normal
[   15.611163] docker0: port 1(veth3830309) entered blocking state
[   15.611173] docker0: port 1(veth3830309) entered disabled state
[   15.611184] veth3830309: entered allmulticast mode
[   15.611207] veth3830309: entered promiscuous mode
[   15.617080] eth0: renamed from veth7397f1e
[   15.617562] docker0: port 1(veth3830309) entered blocking state
[   15.617568] docker0: port 1(veth3830309) entered forwarding state
AGENT sockmap=on
[   28.339948] docker0: port 1(veth3830309) entered disabled state
[   28.339981] veth7397f1e: renamed from eth0
[   28.363087] docker0: port 1(veth3830309) entered disabled state
[   28.363314] veth3830309 (unregistering): left allmulticast mode
[   28.363321] veth3830309 (unregistering): left promiscuous mode
[   28.363322] docker0: port 1(veth3830309) entered disabled state
[   28.630360] docker0: port 1(veth3b68402) entered blocking state
[   28.630371] docker0: port 1(veth3b68402) entered disabled state
[   28.630380] veth3b68402: entered allmulticast mode
[   28.630400] veth3b68402: entered promiscuous mode
[   28.634778] eth0: renamed from veth173c9cf
[   28.635192] docker0: port 1(veth3b68402) entered blocking state
[   28.635199] docker0: port 1(veth3b68402) entered forwarding state
[2m2026-09-08T00:15:57.258494Z[0m [33m WARN[0m [2mlighter_fs::inode[0m[2m:[0m the share is holding more descriptors than it may [3mopen[0m[2m=[0m6241 [3mbudget[0m[2m=[0m6144 [3minodes[0m[2m=[0m14576 [3mlive[0m[2m=[0m14576 [3mexamined[0m[2m=[0m8192 [3mparked[0m[2m=[0m0 [3munheld[0m[2m=[0m3 [3mused[0m[2m=[0m0 [3mprivileged[0m[2m=[0m0 [3munparkable[0m[2m=[0m0
[   46.903382] docker0: port 1(veth3b68402) entered disabled state
[   46.903478] veth173c9cf: renamed from eth0
[   46.931225] docker0: port 1(veth3b68402) entered disabled state
[   46.931502] veth3b68402 (unregistering): left allmulticast mode
[   46.931512] veth3b68402 (unregistering): left promiscuous mode
[   46.931518] docker0: port 1(veth3b68402) entered disabled state
[   47.062011] docker0: port 1(veth995fa8b) entered blocking state
[   47.062022] docker0: port 1(veth995fa8b) entered disabled state
[   47.062031] veth995fa8b: entered allmulticast mode
[   47.062046] veth995fa8b: entered promiscuous mode
[   47.065245] eth0: renamed from vetha79af96
[   47.065650] docker0: port 1(veth995fa8b) entered blocking state
[   47.065659] docker0: port 1(veth995fa8b) entered forwarding state
[   82.135211] docker0: port 1(veth995fa8b) entered disabled state
[   82.135361] vetha79af96: renamed from eth0
[   82.151495] docker0: port 1(veth995fa8b) entered disabled state
[   82.151874] veth995fa8b (unregistering): left allmulticast mode
[   82.151890] veth995fa8b (unregistering): left promiscuous mode
[   82.151896] docker0: port 1(veth995fa8b) entered disabled state
[   82.600329] docker0: port 1(vethfa09e5a) entered blocking state
[   82.600340] docker0: port 1(vethfa09e5a) entered disabled state
[   82.600347] vethfa09e5a: entered allmulticast mode
[   82.600371] vethfa09e5a: entered promiscuous mode
[   82.604338] eth0: renamed from veth2061911
[   82.604933] docker0: port 1(vethfa09e5a) entered blocking state
[   82.604953] docker0: port 1(vethfa09e5a) entered forwarding state
[  131.456440] docker0: port 1(vethfa09e5a) entered disabled state
[  131.456501] veth2061911: renamed from eth0
[  131.480404] docker0: port 1(vethfa09e5a) entered disabled state
[  131.480736] vethfa09e5a (unregistering): left allmulticast mode
[  131.480748] vethfa09e5a (unregistering): left promiscuous mode
[  131.480754] docker0: port 1(vethfa09e5a) entered disabled state
[  131.714091] docker0: port 1(veth51b2fe5) entered blocking state
[  131.714105] docker0: port 1(veth51b2fe5) entered disabled state
[  131.714116] veth51b2fe5: entered allmulticast mode
[  131.714139] veth51b2fe5: entered promiscuous mode
[  131.717920] eth0: renamed from vethc5fa616
[  131.718392] docker0: port 1(veth51b2fe5) entered blocking state
[  131.718403] docker0: port 1(veth51b2fe5) entered forwarding state
[2m2026-09-08T00:17:41.063398Z[0m [33m WARN[0m [2mlighter_fs::inode[0m[2m:[0m the share is holding more descriptors than it may [3mopen[0m[2m=[0m6253 [3mbudget[0m[2m=[0m6144 [3minodes[0m[2m=[0m62667 [3mlive[0m[2m=[0m62667 [3mexamined[0m[2m=[0m8192 [3mparked[0m[2m=[0m0 [3munheld[0m[2m=[0m156 [3mused[0m[2m=[0m231 [3mprivileged[0m[2m=[0m0 [3munparkable[0m[2m=[0m0
[  165.368111] docker0: port 1(veth51b2fe5) entered disabled state
[  165.368171] vethc5fa616: renamed from eth0
[  165.387323] docker0: port 1(veth51b2fe5) entered disabled state
[  165.387565] veth51b2fe5 (unregistering): left allmulticast mode
[  165.387574] veth51b2fe5 (unregistering): left promiscuous mode
[  165.387579] docker0: port 1(veth51b2fe5) entered disabled state
[  165.603141] docker0: port 1(vethe890987) entered blocking state
[  165.603152] docker0: port 1(vethe890987) entered disabled state
[  165.603160] vethe890987: entered allmulticast mode
[  165.603179] vethe890987: entered promiscuous mode
[  165.606755] eth0: renamed from veth49621ac
[  165.607236] docker0: port 1(vethe890987) entered blocking state
[  165.607246] docker0: port 1(vethe890987) entered forwarding state
[  209.500701] docker0: port 1(vethe890987) entered disabled state
[  209.500858] veth49621ac: renamed from eth0
[  209.515736] docker0: port 1(vethe890987) entered disabled state
[  209.516113] vethe890987 (unregistering): left allmulticast mode
[  209.516127] vethe890987 (unregistering): left promiscuous mode
[  209.516133] docker0: port 1(vethe890987) entered disabled state
[  209.743090] docker0: port 1(veth688a7ac) entered blocking state
[  209.743101] docker0: port 1(veth688a7ac) entered disabled state
[  209.743110] veth688a7ac: entered allmulticast mode
[  209.743138] veth688a7ac: entered promiscuous mode
[  209.746671] eth0: renamed from veth6828232
[  209.747240] docker0: port 1(veth688a7ac) entered blocking state
[  209.747252] docker0: port 1(veth688a7ac) entered forwarding state
[  224.915857] docker0: port 1(veth688a7ac) entered disabled state
[  224.915913] veth6828232: renamed from eth0
[  224.939605] docker0: port 1(veth688a7ac) entered disabled state
[  224.939914] veth688a7ac (unregistering): left allmulticast mode
[  224.939926] veth688a7ac (unregistering): left promiscuous mode
[  224.939933] docker0: port 1(veth688a7ac) entered disabled state
[  225.090234] docker0: port 1(veth95ecd6f) entered blocking state
[  225.090249] docker0: port 1(veth95ecd6f) entered disabled state
[  225.090260] veth95ecd6f: entered allmulticast mode
[  225.090298] veth95ecd6f: entered promiscuous mode
[  225.094060] eth0: renamed from vethe7aad88
[  225.094607] docker0: port 1(veth95ecd6f) entered blocking state
[  225.094618] docker0: port 1(veth95ecd6f) entered forwarding state
[  231.103247] docker0: port 1(veth95ecd6f) entered disabled state
[  231.103287] vethe7aad88: renamed from eth0
[2m2026-09-08T00:19:12.480622Z[0m [32m INFO[0m [2mlighter_vmm::memory_policy[0m[2m:[0m balloon target [3mtarget_mib[0m[2m=[0m256
[  231.137128] docker0: port 1(veth95ecd6f) entered disabled state
[  231.137592] veth95ecd6f (unregistering): left allmulticast mode
[  231.137602] veth95ecd6f (unregistering): left promiscuous mode
[  231.137609] docker0: port 1(veth95ecd6f) entered disabled state
[  231.341236] docker0: port 1(veth4ef5c01) entered blocking state
[  231.341248] docker0: port 1(veth4ef5c01) entered disabled state
[  231.341255] veth4ef5c01: entered allmulticast mode
[  231.341291] veth4ef5c01: entered promiscuous mode
[  231.344943] eth0: renamed from veth4d64978
[  231.345359] docker0: port 1(veth4ef5c01) entered blocking state
[  231.345369] docker0: port 1(veth4ef5c01) entered forwarding state
[  231.779413] docker0: port 1(veth4ef5c01) entered disabled state
[  231.779497] veth4d64978: renamed from eth0
[  231.816038] docker0: port 1(veth4ef5c01) entered disabled state
[  231.816298] veth4ef5c01 (unregistering): left allmulticast mode
[  231.816307] veth4ef5c01 (unregistering): left promiscuous mode
[  231.816313] docker0: port 1(veth4ef5c01) entered disabled state
[  231.960611] docker0: port 1(vethe787e09) entered blocking state
[  231.960624] docker0: port 1(vethe787e09) entered disabled state
[  231.960631] vethe787e09: entered allmulticast mode
[  231.960651] vethe787e09: entered promiscuous mode
[  231.964627] eth0: renamed from veth6f042a1
[  231.965206] docker0: port 1(vethe787e09) entered blocking state
[  231.965223] docker0: port 1(vethe787e09) entered forwarding state
[2m2026-09-08T00:19:30.092631Z[0m [32m INFO[0m [2mlighter_vmm::memory_policy[0m[2m:[0m balloon target [3mtarget_mib[0m[2m=[0m0
[  260.291878] docker0: port 1(vethe787e09) entered disabled state
[  260.292093] veth6f042a1: renamed from eth0
[  260.308760] docker0: port 1(vethe787e09) entered disabled state
[  260.309292] vethe787e09 (unregistering): left allmulticast mode
[  260.309308] vethe787e09 (unregistering): left promiscuous mode
[  260.309314] docker0: port 1(vethe787e09) entered disabled state
[  260.569587] docker0: port 1(veth9172f26) entered blocking state
[  260.569597] docker0: port 1(veth9172f26) entered disabled state
[  260.569604] veth9172f26: entered allmulticast mode
[  260.569631] veth9172f26: entered promiscuous mode
[  260.574354] eth0: renamed from veth36f4848
[  260.575306] docker0: port 1(veth9172f26) entered blocking state
[  260.575320] docker0: port 1(veth9172f26) entered forwarding state
[  287.730085] docker0: port 1(veth9172f26) entered disabled state
[  287.730266] veth36f4848: renamed from eth0
[  287.753400] docker0: port 1(veth9172f26) entered disabled state
[  287.753798] veth9172f26 (unregistering): left allmulticast mode
[  287.753815] veth9172f26 (unregistering): left promiscuous mode
[  287.753821] docker0: port 1(veth9172f26) entered disabled state
