[2m2026-09-07T22:49:38.779960Z[0m [32m INFO[0m [2mlighter_vmm::net[0m[2m:[0m network started [3mgateway[0m[2m=[0m"192.168.127.1" [3mguest[0m[2m=[0m"192.168.127.2" [3mmtu[0m[2m=[0m1500
[2m2026-09-07T22:49:38.780137Z[0m [32m INFO[0m [2mlighter_vmm::machine[0m[2m:[0m attached disk [3mpath[0m[2m=[0m/var/folders/t_/gbzzqq_x4hvg4qdrhspkp37m0000gn/T/lighter-rootfs.ZK4noPM6Iq.ext4 [3mcapacity_mib[0m[2m=[0m2048 [3mallocated_kib[0m[2m=[0m2097152
[2m2026-09-07T22:49:38.780229Z[0m [32m INFO[0m [2mlighter_vmm::machine[0m[2m:[0m attached disk [3mpath[0m[2m=[0m/var/folders/t_/gbzzqq_x4hvg4qdrhspkp37m0000gn/T/lighter-bench.hMSgIC58II/data.img [3mcapacity_mib[0m[2m=[0m131072 [3mallocated_kib[0m[2m=[0m0
[2m2026-09-07T22:49:38.781154Z[0m [32m INFO[0m [2mlighter_fs::server[0m[2m:[0m share opened [3mroot[0m[2m=[0m~/.lighter-bench/lighter [3mattr_ms[0m[2m=[0m100 [3mentry_ms[0m[2m=[0m100 [3mdir_entry_ms[0m[2m=[0m1000 [3mwatched[0m[2m=[0mtrue [3mdescriptors[0m[2m=[0m10240
[2m2026-09-07T22:49:38.782941Z[0m [32m INFO[0m [2mlighter_fs::server[0m[2m:[0m share opened [3mroot[0m[2m=[0m/Library/Apple/usr/libexec/oah/RosettaLinux [3mattr_ms[0m[2m=[0m100 [3mentry_ms[0m[2m=[0m100 [3mdir_entry_ms[0m[2m=[0m1000 [3mwatched[0m[2m=[0mtrue [3mdescriptors[0m[2m=[0m10240
[2m2026-09-07T22:49:38.787320Z[0m [32m INFO[0m [2mlighter_vmm::machine[0m[2m:[0m machine started [3mvcpus[0m[2m=[0m8 [3mram_mib[0m[2m=[0m1024 [3mentry[0m[2m=[0m0x40000000 [3mdtb[0m[2m=[0m0x43400000
[2m2026-09-07T22:49:38.787726Z[0m [32m INFO[0m [2mlighter_vmm::vsock_proxy[0m[2m:[0m proxying a socket into the guest [3mpath[0m[2m=[0m/var/folders/t_/gbzzqq_x4hvg4qdrhspkp37m0000gn/T/lighter-bench.hMSgIC58II/docker.sock [3mguest_port[0m[2m=[0m2375
[2m2026-09-07T22:49:38.787808Z[0m [32m INFO[0m [2mlighter_vmm::vsock_proxy[0m[2m:[0m proxying a socket into the guest [3mpath[0m[2m=[0m/var/folders/t_/gbzzqq_x4hvg4qdrhspkp37m0000gn/T/lighter-bench.hMSgIC58II/control.sock [3mguest_port[0m[2m=[0m2376
[2m2026-09-07T22:49:38.787892Z[0m [33m WARN[0m [2mlighter_vmm::virtio::mmio[0m[2m:[0m queue notified before the driver was ready [3mdevice[0m[2m=[0m"virtio-vsock" [3mindex[0m[2m=[0m0
[    0.000000] Booting Linux on physical CPU 0x0000000000 [0x610f0000]
[    0.000000] Linux version 6.18.49-lighter (root@cc682f9944e9) (gcc (Debian 12.2.0-14+deb12u1) 12.2.0, GNU ld (GNU Binutils for Debian) 2.40) #1 SMP Mon Sep  7 19:57:38 UTC 2026
[    0.000000] KASLR disabled due to lack of seed
[    0.000000] Machine model: linux,dummy-virt
[    0.000000] efi: UEFI not found.
[    0.000000] OF: reserved mem: Reserved memory: No reserved-memory node in the DT
[    0.000000] NUMA: Faking a node at [mem 0x0000000040000000-0x000000007fffffff]
[    0.000000] NODE_DATA(0) allocated [mem 0x7fe05d00-0x7fe0847f]
[    0.000000] Zone ranges:
[    0.000000]   DMA      [mem 0x0000000040000000-0x000000007fffffff]
[    0.000000]   DMA32    empty
[    0.000000]   Normal   empty
[    0.000000] Movable zone start for each node
[    0.000000] Early memory node ranges
[    0.000000]   node   0: [mem 0x0000000040000000-0x000000007fffffff]
[    0.000000] Initmem setup node 0 [mem 0x0000000040000000-0x000000007fffffff]
[    0.000000] cma: Reserved 32 MiB at 0x000000007cc00000
[    0.000000] psci: probing for conduit method from DT.
[    0.000000] psci: PSCIv1.1 detected in firmware.
[    0.000000] psci: Using standard PSCI v0.2 function IDs
[    0.000000] psci: Trusted OS migration not required
[    0.000000] psci: SMC Calling Convention v1.0
[    0.000000] percpu: Embedded 23 pages/cpu s63320 r0 d30888 u94208
[    0.000000] Detected PIPT I-cache on CPU0
[    0.000000] CPU features: detected: Address authentication (IMP DEF algorithm)
[    0.000000] CPU features: detected: GICv3 CPU interface
[    0.000000] CPU features: detected: Spectre-v4
[    0.000000] CPU features: detected: Spectre-BHB
[    0.000000] alternatives: applying boot alternatives
[    0.000000] Kernel command line: console=ttyAMA0 panic=-1 root=/dev/vda rw init=/sbin/lighter-init psi=0 idle.poll_ns=50000 lighter.time=1788821378 lighter.share=bench:/mnt/bench  lighter.rosetta 
[    0.000000] printk: log buffer data + meta data: 131072 + 458752 = 589824 bytes
[    0.000000] Dentry cache hash table entries: 131072 (order: 8, 1048576 bytes, linear)
[    0.000000] Inode-cache hash table entries: 65536 (order: 7, 524288 bytes, linear)
[    0.000000] software IO TLB: SWIOTLB bounce buffer size adjusted to 1MB
[    0.000000] software IO TLB: area num 8.
[    0.000000] software IO TLB: SWIOTLB bounce buffer size roundup to 2MB
[    0.000000] software IO TLB: mapped [mem 0x000000007c980000-0x000000007cb80000] (2MB)
[    0.000000] Fallback order for Node 0: 0 
[    0.000000] Built 1 zonelists, mobility grouping on.  Total pages: 262144
[    0.000000] Policy zone: DMA
[    0.000000] mem auto-init: stack:off, heap alloc:off, heap free:off
[    0.000000] SLUB: HWalign=64, Order=0-3, MinObjects=0, CPUs=8, Nodes=1
[    0.000000] rcu: Hierarchical RCU implementation.
[    0.000000] rcu: 	RCU event tracing is enabled.
[    0.000000] rcu: 	RCU restricting CPUs from NR_CPUS=512 to nr_cpu_ids=8.
[    0.000000] 	Tracing variant of Tasks RCU enabled.
[    0.000000] rcu: RCU calculated value of scheduler-enlistment delay is 25 jiffies.
[    0.000000] rcu: Adjusting geometry for rcu_fanout_leaf=16, nr_cpu_ids=8
[    0.000000] RCU Tasks Trace: Setting shift to 3 and lim to 1 rcu_task_cb_adjust=1 rcu_task_cpu_ids=8.
[    0.000000] NR_IRQS: 64, nr_irqs: 64, preallocated irqs: 0
[    0.000000] GICv3: 988 SPIs implemented
[    0.000000] GICv3: 0 Extended SPIs implemented
[    0.000000] Root IRQ handler: gic_handle_irq
[    0.000000] GICv3: GICv3 features: 16 PPIs, RSS
[    0.000000] GICv3: GICD_CTLR.DS=1, SCR_EL3.FIQ=0
[    0.000000] GICv3: CPU0: found redistributor 0 region 0:0x00000000080a0000
[    0.000000] rcu: srcu_init: Setting srcu_struct sizes based on contention.
[    0.000000] clocksource: jiffies: mask: 0xffffffff max_cycles: 0xffffffff, max_idle_ns: 7645041785100000 ns
[    0.000000] arch_timer: cp15 timer running at 24.00MHz (virt).
[    0.000000] clocksource: arch_sys_counter: mask: 0xffffffffffffff max_cycles: 0x588fe9dc0, max_idle_ns: 440795202592 ns
[    0.000000] sched_clock: 56 bits at 24MHz, resolution 41ns, wraps every 4398046511097ns
[    0.000082] Console: colour dummy device 80x25
[    0.000110] Calibrating delay loop (skipped), value calculated using timer frequency.. 48.00 BogoMIPS (lpj=96000)
[    0.000111] pid_max: default: 32768 minimum: 301
[    0.000143] LSM: initializing lsm=capability
[    0.000242] Mount-cache hash table entries: 2048 (order: 2, 16384 bytes, linear)
[    0.000245] Mountpoint-cache hash table entries: 2048 (order: 2, 16384 bytes, linear)
[    0.000642] cacheinfo: Unable to detect cache hierarchy for CPU 0
[    0.000853] Apple TSO: available per thread (PR_SET_MEM_MODEL); boot value off
[    0.000886] rcu: Hierarchical SRCU implementation.
[    0.000887] rcu: 	Max phase no-delay instances is 1000.
[    0.000945] Timer migration: 1 hierarchy levels; 8 children per group; 1 crossnode level
[    0.001013] EFI services will not be available.
[    0.001126] smp: Bringing up secondary CPUs ...
[    0.001323] Detected PIPT I-cache on CPU1
[    0.001336] GICv3: CPU1: found redistributor 1 region 0:0x00000000080c0000
[    0.001377] CPU1: Booted secondary processor 0x0000000001 [0x610f0000]
[    0.001629] Detected PIPT I-cache on CPU2
[    0.001645] GICv3: CPU2: found redistributor 2 region 0:0x00000000080e0000
[    0.001688] CPU2: Booted secondary processor 0x0000000002 [0x610f0000]
[    0.001900] Detected PIPT I-cache on CPU3
[    0.001916] GICv3: CPU3: found redistributor 3 region 0:0x0000000008100000
[    0.001956] CPU3: Booted secondary processor 0x0000000003 [0x610f0000]
[    0.002200] Detected PIPT I-cache on CPU4
[    0.002218] GICv3: CPU4: found redistributor 4 region 0:0x0000000008120000
[    0.002258] CPU4: Booted secondary processor 0x0000000004 [0x610f0000]
[    0.002477] Detected PIPT I-cache on CPU5
[    0.002496] GICv3: CPU5: found redistributor 5 region 0:0x0000000008140000
[    0.002536] CPU5: Booted secondary processor 0x0000000005 [0x610f0000]
[    0.002753] Detected PIPT I-cache on CPU6
[    0.002774] GICv3: CPU6: found redistributor 6 region 0:0x0000000008160000
[    0.002814] CPU6: Booted secondary processor 0x0000000006 [0x610f0000]
[    0.003042] Detected PIPT I-cache on CPU7
[    0.003065] GICv3: CPU7: found redistributor 7 region 0:0x0000000008180000
[    0.003105] CPU7: Booted secondary processor 0x0000000007 [0x610f0000]
[    0.003181] smp: Brought up 1 node, 8 CPUs
[    0.003183] SMP: Total of 8 processors activated.
[    0.003183] CPU: All CPU(s) started at EL1
[    0.003194] CPU features: detected: ARMv8.4 Translation Table Level
[    0.003194] CPU features: detected: Data cache clean to the PoU not required for I/D coherence
[    0.003195] CPU features: detected: Common not Private translations
[    0.003195] CPU features: detected: CRC32 instructions
[    0.003195] CPU features: detected: Data independent timing control (DIT)
[    0.003196] CPU features: detected: E0PD
[    0.003196] CPU features: detected: Generic authentication (IMP DEF algorithm)
[    0.003197] CPU features: detected: RCpc load-acquire (LDAPR)
[    0.003197] CPU features: detected: LSE atomic instructions
[    0.003198] CPU features: detected: Privileged Access Never
[    0.003198] CPU features: detected: RAS Extension Support
[    0.003198] CPU features: detected: Speculation barrier (SB)
[    0.003199] CPU features: detected: TLB range maintenance instructions
[    0.013445] alternatives: applying system-wide alternatives
[    0.017320] Memory: 935880K/1048576K available (19008K kernel code, 6390K rwdata, 12684K rodata, 12224K init, 709K bss, 74108K reserved, 32768K cma-reserved)
[    0.017483] devtmpfs: initialized
[    0.017848] posixtimers hash table entries: 4096 (order: 4, 65536 bytes, linear)
[    0.017895] futex hash table entries: 2048 (131072 bytes on 1 NUMA nodes, total 128 KiB, linear).
[    0.017932] 19952 pages in range for non-PLT usage
[    0.017935] 511472 pages in range for PLT usage
[    0.017954] pinctrl core: initialized pinctrl subsystem
[    0.018136] DMI not present or invalid.
[    0.019357] NET: Registered PF_NETLINK/PF_ROUTE protocol family
[    0.019637] DMA: preallocated 128 KiB GFP_KERNEL pool for atomic allocations
[    0.019716] DMA: preallocated 128 KiB GFP_KERNEL|GFP_DMA pool for atomic allocations
[    0.019812] DMA: preallocated 128 KiB GFP_KERNEL|GFP_DMA32 pool for atomic allocations
[    0.019904] thermal_sys: Registered thermal governor 'step_wise'
[    0.019905] thermal_sys: Registered thermal governor 'power_allocator'
[    0.019910] cpuidle: using governor menu
[    0.019923] NET: Registered PF_QIPCRTR protocol family
[    0.019956] hw-breakpoint: found 6 breakpoint and 4 watchpoint registers.
[    0.020067] ASID allocator initialised with 256 entries
[    0.020252] Serial: AMBA PL011 UART driver
[    0.020443] c000000.pl011: ttyAMA0 at MMIO 0xc000000 (irq = 13, base_baud = 0) is a PL011 rev1
[    0.020517] printk: console [ttyAMA0] enabled
[    0.021347] HugeTLB: registered 1.00 GiB page size, pre-allocated 0 pages
[    0.021347] HugeTLB: 0 KiB vmemmap can be freed for a 1.00 GiB page
[    0.021348] HugeTLB: registered 32.0 MiB page size, pre-allocated 0 pages
[    0.021356] HugeTLB: 0 KiB vmemmap can be freed for a 32.0 MiB page
[    0.021356] HugeTLB: registered 2.00 MiB page size, pre-allocated 0 pages
[    0.021356] HugeTLB: 0 KiB vmemmap can be freed for a 2.00 MiB page
[    0.021357] HugeTLB: registered 64.0 KiB page size, pre-allocated 0 pages
[    0.021357] HugeTLB: 0 KiB vmemmap can be freed for a 64.0 KiB page
[    0.022501] raid6: skipped pq benchmark and selected neonx8
[    0.022502] raid6: using neon recovery algorithm
[    0.022532] ACPI: Interpreter disabled.
[    0.022699] iommu: Default domain type: Translated
[    0.022700] iommu: DMA domain TLB invalidation policy: strict mode
[    0.025514] pps_core: LinuxPPS API ver. 1 registered
[    0.025515] pps_core: Software ver. 5.3.6 - Copyright 2005-2007 Rodolfo Giometti <giometti@linux.it>
[    0.025516] PTP clock support registered
[    0.025530] EDAC MC: Ver: 3.0.0
[    0.025644] scmi_core: SCMI protocol bus registered
[    0.025815] FPGA manager framework
[    0.025977] nfc: nfc_init: NFC Core ver 0.1
[2m2026-09-07T22:49:38.856242Z[0m [33m WARN[0m [2mlighter_vmm::virtio::mmio[0m[2m:[0m queue notified before the driver was ready [3mdevice[0m[2m=[0m"virtio-vsock" [3mindex[0m[2m=[0m0
[    0.025985] NET: Registered PF_NFC protocol family
[2m2026-09-07T22:49:38.856461Z[0m [33m WARN[0m [2mlighter_vmm::virtio::mmio[0m[2m:[0m queue notified before the driver was ready [3mdevice[0m[2m=[0m"fs" [3mindex[0m[2m=[0m5
[2m2026-09-07T22:49:38.856475Z[0m [32m INFO[0m [2mlighter_fs::cache[0m[2m:[0m cache lifetime set by whether the guest can be told to forget [3minvalidation[0m[2m=[0m"push" [3mattr_ms[0m[2m=[0m20000 [3mentry_ms[0m[2m=[0m20000
[    0.036399] clocksource: Switched to clocksource arch_sys_counter
[    0.036539] VFS: Disk quotas dquot_6.6.0
[2m2026-09-07T22:49:38.856637Z[0m [32m INFO[0m [2mlighter_vmm::virtio::fs[0m[2m:[0m share activated [3mtag[0m[2m=[0mbench [3mroot[0m[2m=[0m~/.lighter-bench/lighter
[    0.036545] VFS: Dquot-cache hash table entries: 512 (order 0, 4096 bytes)
[    0.036923] pnp: PnP ACPI: disabled
[2m2026-09-07T22:49:38.856935Z[0m [33m WARN[0m [2mlighter_vmm::virtio::mmio[0m[2m:[0m queue notified before the driver was ready [3mdevice[0m[2m=[0m"fs" [3mindex[0m[2m=[0m5
[2m2026-09-07T22:49:38.856944Z[0m [32m INFO[0m [2mlighter_fs::cache[0m[2m:[0m cache lifetime set by whether the guest can be told to forget [3minvalidation[0m[2m=[0m"push" [3mattr_ms[0m[2m=[0m20000 [3mentry_ms[0m[2m=[0m20000
[    0.037511] NET: Registered PF_INET protocol family
[2m2026-09-07T22:49:38.857095Z[0m [32m INFO[0m [2mlighter_vmm::virtio::fs[0m[2m:[0m share activated [3mtag[0m[2m=[0mrosetta [3mroot[0m[2m=[0m/Library/Apple/usr/libexec/oah/RosettaLinux
[    0.037560] IP idents hash table entries: 16384 (order: 5, 131072 bytes, linear)
[    0.037745] tcp_listen_portaddr_hash hash table entries: 512 (order: 1, 8192 bytes, linear)
[    0.037747] Table-perturb hash table entries: 65536 (order: 6, 262144 bytes, linear)
[    0.037749] TCP established hash table entries: 8192 (order: 4, 65536 bytes, linear)
[    0.037766] TCP bind hash table entries: 8192 (order: 6, 262144 bytes, linear)
[    0.037827] TCP: Hash tables configured (established 8192 bind 8192)
[    0.037870] UDP hash table entries: 512 (order: 3, 32768 bytes, linear)
[    0.037879] UDP-Lite hash table entries: 512 (order: 3, 32768 bytes, linear)
[    0.037903] NET: Registered PF_UNIX/PF_LOCAL protocol family
[    0.044701] kvm [1]: HYP mode not available
[    0.044877] Initialise system trusted keyrings
[    0.044986] workingset: timestamp_bits=42 max_order=18 bucket_order=0
[    0.045042] squashfs: version 4.0 (2009/01/31) Phillip Lougher
[    0.045064] fuse: init (API version 7.45)
[    0.045136] SGI XFS with ACLs, security attributes, scrub, repair, no debug enabled
[    0.045366] 9p: Installing v9fs 9p2000 file system support
[    0.051672] NET: Registered PF_ALG protocol family
[    0.051677] xor: measuring software checksum speed
[    0.051850]    8regs           : 19056 MB/sec
[    0.051931]    32regs          : 41053 MB/sec
[    0.051999]    arm64_neon      : 48042 MB/sec
[    0.052000] xor: using function: arm64_neon (48042 MB/sec)
[    0.052002] Key type asymmetric registered
[    0.052002] Asymmetric key parser 'x509' registered
[    0.052013] Block layer SCSI generic (bsg) driver version 0.4 loaded (major 239)
[    0.052013] io scheduler mq-deadline registered
[    0.052014] io scheduler kyber registered
[    0.052023] io scheduler bfq registered
[    0.053109] ledtrig-cpu: registered to indicate activity on CPUs
[    0.053121] IPMI message handler: version 39.2
[    0.053125] ipmi device interface
[    0.053215] ipmi_si: IPMI System Interface driver
[    0.053224] ipmi_si: Unable to find any System Interface(s)
[    0.055215] virtiofs virtio4: discovered new tag: bench
[    0.055687] virtiofs virtio5: discovered new tag: rosetta
[    0.056457] Free page reporting enabled
[    0.056550] virtio_mem virtio8: start address: 0x80000000
[    0.056551] virtio_mem virtio8: region size: 0xc0000000
[    0.056551] virtio_mem virtio8: device block size: 0x8000000
[    0.056552] virtio_mem virtio8: nid: 0
[    0.056553] virtio_mem virtio8: memory block size: 0x8000000
[    0.056553] virtio_mem virtio8: big block size: 0x8000000
[    0.056579] virtio_mem virtio8: plugged size: 0x0
[    0.056579] virtio_mem virtio8: requested size: 0xc0000000
[    0.057455] Fallback order for Node 0: 0 
[    0.057456] Built 1 zonelists, mobility grouping on.  Total pages: 267393
[    0.057457] Policy zone: DMA
[    0.061249] Serial: 8250/16550 driver, 4 ports, IRQ sharing enabled
[    0.061699] msm_serial: driver initialized
[    0.061732] SuperH (H)SCI(F) driver initialized
[    0.061741] STM32 USART driver initialized
[    0.062036] random: crng init done
[    0.062595] Fallback order for Node 0: 0 
[    0.062596] Built 1 zonelists, mobility grouping on.  Total pages: 490481
[    0.062596] Policy zone: Normal
[    0.063661] loop: module loaded
[    0.076368] virtio_blk virtio0: 8/0/0 default/read/poll queues
[    0.076793] virtio_blk virtio0: [vda] 4194304 512-byte logical blocks (2.15 GB/2.00 GiB)
[    0.077926] virtio_blk virtio1: 8/0/0 default/read/poll queues
[    0.078353] virtio_blk virtio1: [vdb] 268435456 512-byte logical blocks (137 GB/128 GiB)
[    0.078594] zram: Added device: zram0
[    0.079169] tun: Universal TUN/TAP device driver, 1.6
[    0.079898] VFIO - User Level meta-driver version: 0.3
[    0.081582]  cs_system_cfg: CoreSight Configuration manager initialised
[    0.081800] gnss: GNSS driver registered with major 503
[    0.081994] GACT probability NOT on
[    0.082002] Mirror/redirect action on
[    0.082293] IPVS: Registered protocols ()
[    0.082300] IPVS: Connection hash table configured (size=4096, memory=32Kbytes)
[    0.082324] IPVS: ipvs loaded.
[    0.082358] Initializing XFRM netlink socket
[    0.082368] NET: Registered PF_INET6 protocol family
[    0.082597] Segment Routing with IPv6
[    0.082599] In-situ OAM (IOAM) with IPv6
[    0.082609] sit: IPv6, IPv4 and MPLS over IPv4 tunneling driver
[    0.082670] NET: Registered PF_PACKET protocol family
[    0.082757] 8021q: 802.1Q VLAN Support v1.8
[    0.082784] 9pnet: Installing 9P2000 support
[    0.082791] Key type dns_resolver registered
[    0.082823] NET: Registered PF_VSOCK protocol family
[    0.084395] registered taskstats version 1
[    0.084440] Loading compiled-in X.509 certificates
[    0.085282] Demotion targets for Node 0: null
[    0.085426] Btrfs loaded, zoned=no, fsverity=no
[    0.085527] clk: Disabling unused clocks
[    0.085528] PM: genpd: Disabling unused power domains
[    0.085811] check access for rdinit=/init failed: -2, ignoring
[    0.090835] EXT4-fs (vda): mounted filesystem b6b766ac-cd49-44a5-aac0-ad1817245fe0 r/w with ordered data mode. Quota mode: none.
[    0.090848] VFS: Mounted root (ext4 filesystem) on device 254:0.
[    0.091041] devtmpfs: mounted
[    0.091853] Freeing unused kernel memory: 12224K
[    0.091890] Run /sbin/lighter-init as init process
INIT clock=2026-09-07T22:49:38Z
INIT filesystems=ok
INIT formatting=/dev/vdb fs=btrfs mkfs=
INIT data_fs=btrfs
INIT data_opts=noatime,nodatacow,commit=30,thread_pool=1
[    0.171007] BTRFS: device label lighter-data devid 1 transid 8 /dev/vdb (254:16) scanned by mount (137)
[    0.171304] BTRFS info (device vdb): first mount of filesystem e178ae01-4db6-47d8-b77b-2c42579f973b
[    0.171319] BTRFS info (device vdb): using crc32c (crc32c-lib) checksum algorithm
[    0.171954] BTRFS info (device vdb): checking UUID tree
[    0.171974] BTRFS info (device vdb): setting nodatasum
[    0.171979] BTRFS info (device vdb): setting nodatacow
INIT data=mounted[    0.171986] BTRFS info (device vdb): turning on async discard
[    0.171992] BTRFS info (device vdb): enabling free space tree

INIT fstrim=0ms
[    0.179455] zram0: detected capacity change from 0 to 4194304
[    0.182032] Adding 2097148k swap on /dev/zram0.  Priority:100 extents:1 across:2097148k SS
INIT zram=on
[    0.182933] rcu: RCU calculated value of scheduler-enlistment delay is 25 jiffies.
[2m2026-09-07T22:49:38.985207Z[0m [32m INFO[0m [2mlighter_fs::server[0m[2m:[0m filesystem negotiated [3mguest[0m[2m=[0m7.45 [3mmax_write[0m[2m=[0m262144 [3mreaddirplus[0m[2m=[0mtrue [3mcreate_dialect[0m[2m=[0mtrue
INIT binfmt=x86_64 via=rosetta
[2m2026-09-07T22:49:38.987773Z[0m [32m INFO[0m [2mlighter_fs::server[0m[2m:[0m filesystem negotiated [3mguest[0m[2m=[0m7.45 [3mmax_write[0m[2m=[0m262144 [3mreaddirplus[0m[2m=[0mtrue [3mcreate_dialect[0m[2m=[0mtrue
INIT share=bench at=/mnt/bench
INIT dhcp=ok t=0.19
INIT ipv6=ok
INIT dockerd=ready after=100ms t=0.32
AGENT inbound port=2378
AGENT listening port=2376
AGENT listening port=2375
AGENT tcp-proxy port=15201
AGENT dns addr=192.168.127.2
AGENT udp-inbound
AGENT clock=set trip_us=26 attempt=0
AGENT udp-proxy port=15202
AGENT udp-proxy port=15202
INIT streams=on
INIT ready t=0.33
[2m2026-09-07T22:49:48.857190Z[0m [32m INFO[0m [2mlighter_vmm::virtio::mem[0m[2m:[0m virtio-mem offer [3mrequested_mib[0m[2m=[0m384 [3mplugged_mib[0m[2m=[0m3072
[   10.056020] virtio_mem virtio8: plugged size: 0xc0000000
[   10.056032] virtio_mem virtio8: requested size: 0x18000000
[   10.330832] Fallback order for Node 0: 0 
[   10.330844] Built 1 zonelists, mobility grouping on.  Total pages: 520084
[   10.330849] Policy zone: Normal
[2m2026-09-07T22:49:50.667413Z[0m [32m INFO[0m [2mlighter_vmm::virtio::mem[0m[2m:[0m virtio-mem offer [3mrequested_mib[0m[2m=[0m0 [3mplugged_mib[0m[2m=[0m384
[   11.866245] virtio_mem virtio8: plugged size: 0x18000000
[   11.866259] virtio_mem virtio8: requested size: 0x0
[2m2026-09-07T22:49:53.182760Z[0m [32m INFO[0m [2mlighter_vmm::virtio::mem[0m[2m:[0m virtio-mem offer [3mrequested_mib[0m[2m=[0m3072 [3mplugged_mib[0m[2m=[0m384
[   14.381532] virtio_mem virtio8: plugged size: 0x18000000
[   14.381543] virtio_mem virtio8: requested size: 0xc0000000
[   14.382375] Fallback order for Node 0: 0 
[   14.382384] Built 1 zonelists, mobility grouping on.  Total pages: 358772
[   14.382389] Policy zone: Normal
[   14.744449] docker0: port 1(vethdf357b8) entered blocking state
[   14.744467] docker0: port 1(vethdf357b8) entered disabled state
[   14.744489] vethdf357b8: entered allmulticast mode
[   14.744537] vethdf357b8: entered promiscuous mode
[   14.749731] eth0: renamed from veth962b37d
[   14.750171] docker0: port 1(vethdf357b8) entered blocking state
[   14.750181] docker0: port 1(vethdf357b8) entered forwarding state
AGENT sockmap=on
[   34.183472] docker0: port 1(vethdf357b8) entered disabled state
[   34.183507] veth962b37d: renamed from eth0
[   34.198040] docker0: port 1(vethdf357b8) entered disabled state
[   34.198307] vethdf357b8 (unregistering): left allmulticast mode
[   34.198317] vethdf357b8 (unregistering): left promiscuous mode
[   34.198323] docker0: port 1(vethdf357b8) entered disabled state
[   35.062162] docker0: port 1(vethf491168) entered blocking state
[   35.062175] docker0: port 1(vethf491168) entered disabled state
[   35.062182] vethf491168: entered allmulticast mode
[   35.062201] vethf491168: entered promiscuous mode
[   35.065998] eth0: renamed from veth2c4019e
[   35.066392] docker0: port 1(vethf491168) entered blocking state
[   35.066402] docker0: port 1(vethf491168) entered forwarding state
[   45.950697] veth2c4019e: renamed from eth0
[   45.950977] docker0: port 1(vethf491168) entered disabled state
[   45.970087] docker0: port 1(vethf491168) entered disabled state
[   45.970386] vethf491168 (unregistering): left allmulticast mode
[   45.970396] vethf491168 (unregistering): left promiscuous mode
[   45.970401] docker0: port 1(vethf491168) entered disabled state
[   46.436405] docker0: port 1(veth18db1fe) entered blocking state
[   46.436415] docker0: port 1(veth18db1fe) entered disabled state
[   46.436424] veth18db1fe: entered allmulticast mode
[   46.436445] veth18db1fe: entered promiscuous mode
[   46.440481] eth0: renamed from veth67f9e56
[   46.440853] docker0: port 1(veth18db1fe) entered blocking state
[   46.440860] docker0: port 1(veth18db1fe) entered forwarding state
[   95.533580] docker0: port 1(veth18db1fe) entered disabled state
[   95.533614] veth67f9e56: renamed from eth0
[   95.545245] docker0: port 1(veth18db1fe) entered disabled state
[   95.545485] veth18db1fe (unregistering): left allmulticast mode
[   95.545494] veth18db1fe (unregistering): left promiscuous mode
[   95.545500] docker0: port 1(veth18db1fe) entered disabled state
[   97.289167] docker0: port 1(veth9f007cd) entered blocking state
[   97.289178] docker0: port 1(veth9f007cd) entered disabled state
[   97.289186] veth9f007cd: entered allmulticast mode
[   97.289204] veth9f007cd: entered promiscuous mode
[   97.292605] eth0: renamed from veth34fd606
[   97.292967] docker0: port 1(veth9f007cd) entered blocking state
[   97.292976] docker0: port 1(veth9f007cd) entered forwarding state
[  111.616417] docker0: port 1(veth9f007cd) entered disabled state
[  111.616450] veth34fd606: renamed from eth0
[  111.637313] docker0: port 1(veth9f007cd) entered disabled state
[  111.637603] veth9f007cd (unregistering): left allmulticast mode
[  111.637612] veth9f007cd (unregistering): left promiscuous mode
[  111.637617] docker0: port 1(veth9f007cd) entered disabled state
[  111.942216] docker0: port 1(veth22baf3e) entered blocking state
[  111.942227] docker0: port 1(veth22baf3e) entered disabled state
[  111.942234] veth22baf3e: entered allmulticast mode
[  111.942253] veth22baf3e: entered promiscuous mode
[  111.945825] eth0: renamed from vethdb725b9
[  111.946745] docker0: port 1(veth22baf3e) entered blocking state
[  111.946753] docker0: port 1(veth22baf3e) entered forwarding state
[  133.841058] docker0: port 1(veth22baf3e) entered disabled state
[  133.841099] vethdb725b9: renamed from eth0
[  133.860670] docker0: port 1(veth22baf3e) entered disabled state
[  133.860921] veth22baf3e (unregistering): left allmulticast mode
[  133.860931] veth22baf3e (unregistering): left promiscuous mode
[  133.860937] docker0: port 1(veth22baf3e) entered disabled state
[  136.103211] docker0: port 1(vetha07de9b) entered blocking state
[  136.103222] docker0: port 1(vetha07de9b) entered disabled state
[  136.103232] vetha07de9b: entered allmulticast mode
[  136.103247] vetha07de9b: entered promiscuous mode
[  136.107137] eth0: renamed from veth83bfd14
[  136.107793] docker0: port 1(vetha07de9b) entered blocking state
[  136.107813] docker0: port 1(vetha07de9b) entered forwarding state
[  136.147733] docker0: port 1(vetha07de9b) entered disabled state
[  136.147767] veth83bfd14: renamed from eth0
[  136.164233] docker0: port 1(vetha07de9b) entered disabled state
[  136.164463] vetha07de9b (unregistering): left allmulticast mode
[  136.164469] vetha07de9b (unregistering): left promiscuous mode
[  136.164470] docker0: port 1(vetha07de9b) entered disabled state
[  136.394329] docker0: port 1(vethd217ac3) entered blocking state
[  136.394340] docker0: port 1(vethd217ac3) entered disabled state
[  136.394347] vethd217ac3: entered allmulticast mode
[  136.394365] vethd217ac3: entered promiscuous mode
[  136.400991] eth0: renamed from vethd6fa1b6
[  136.401352] docker0: port 1(vethd217ac3) entered blocking state
[  136.401361] docker0: port 1(vethd217ac3) entered forwarding state
[  136.435699] docker0: port 1(vethd217ac3) entered disabled state
[  136.435734] vethd6fa1b6: renamed from eth0
[  136.456634] docker0: port 1(vethd217ac3) entered disabled state
[  136.456900] vethd217ac3 (unregistering): left allmulticast mode
[  136.456909] vethd217ac3 (unregistering): left promiscuous mode
[  136.456917] docker0: port 1(vethd217ac3) entered disabled state
[  136.620887] docker0: port 1(vethebd8e58) entered blocking state
[  136.620896] docker0: port 1(vethebd8e58) entered disabled state
[  136.620900] vethebd8e58: entered allmulticast mode
[  136.620914] vethebd8e58: entered promiscuous mode
[  136.624775] eth0: renamed from veth2f63e1d
[  136.624972] docker0: port 1(vethebd8e58) entered blocking state
[  136.624984] docker0: port 1(vethebd8e58) entered forwarding state
[  136.660323] docker0: port 1(vethebd8e58) entered disabled state
[  136.660406] veth2f63e1d: renamed from eth0
[  136.681165] docker0: port 1(vethebd8e58) entered disabled state
[  136.681370] vethebd8e58 (unregistering): left allmulticast mode
[  136.681372] vethebd8e58 (unregistering): left promiscuous mode
[  136.681377] docker0: port 1(vethebd8e58) entered disabled state
[  136.833824] docker0: port 1(vethd210372) entered blocking state
[  136.833834] docker0: port 1(vethd210372) entered disabled state
[  136.833843] vethd210372: entered allmulticast mode
[  136.833870] vethd210372: entered promiscuous mode
[  136.836824] eth0: renamed from vetha11b0eb
[  136.837161] docker0: port 1(vethd210372) entered blocking state
[  136.837170] docker0: port 1(vethd210372) entered forwarding state
[  136.870540] vetha11b0eb: renamed from eth0
[  136.870815] docker0: port 1(vethd210372) entered disabled state
[  136.892409] docker0: port 1(vethd210372) entered disabled state
[  136.892649] vethd210372 (unregistering): left allmulticast mode
[  136.892658] vethd210372 (unregistering): left promiscuous mode
[  136.892666] docker0: port 1(vethd210372) entered disabled state
