[2m2026-09-08T00:02:17.369057Z[0m [32m INFO[0m [2mlighter_vmm::net[0m[2m:[0m network started [3mgateway[0m[2m=[0m"192.168.127.1" [3mguest[0m[2m=[0m"192.168.127.2" [3mmtu[0m[2m=[0m1500
[2m2026-09-08T00:02:17.369194Z[0m [32m INFO[0m [2mlighter_vmm::machine[0m[2m:[0m attached disk [3mpath[0m[2m=[0m/var/folders/t_/gbzzqq_x4hvg4qdrhspkp37m0000gn/T/lighter-rootfs.FzgRWg5MOv.ext4 [3mcapacity_mib[0m[2m=[0m2048 [3mallocated_kib[0m[2m=[0m2097152
[2m2026-09-08T00:02:17.369289Z[0m [32m INFO[0m [2mlighter_vmm::machine[0m[2m:[0m attached disk [3mpath[0m[2m=[0m/var/folders/t_/gbzzqq_x4hvg4qdrhspkp37m0000gn/T/lighter-bench.ZXWwIFmkYc/data.img [3mcapacity_mib[0m[2m=[0m131072 [3mallocated_kib[0m[2m=[0m0
[2m2026-09-08T00:02:17.371243Z[0m [32m INFO[0m [2mlighter_fs::server[0m[2m:[0m share opened [3mroot[0m[2m=[0m~/.lighter-bench/lighter [3mattr_ms[0m[2m=[0m100 [3mentry_ms[0m[2m=[0m100 [3mdir_entry_ms[0m[2m=[0m1000 [3mwatched[0m[2m=[0mtrue [3mdescriptors[0m[2m=[0m10240
[2m2026-09-08T00:02:17.371747Z[0m [32m INFO[0m [2mlighter_fs::server[0m[2m:[0m share opened [3mroot[0m[2m=[0m/Library/Apple/usr/libexec/oah/RosettaLinux [3mattr_ms[0m[2m=[0m100 [3mentry_ms[0m[2m=[0m100 [3mdir_entry_ms[0m[2m=[0m1000 [3mwatched[0m[2m=[0mtrue [3mdescriptors[0m[2m=[0m10240
[2m2026-09-08T00:02:17.375639Z[0m [32m INFO[0m [2mlighter_vmm::machine[0m[2m:[0m machine started [3mvcpus[0m[2m=[0m8 [3mram_mib[0m[2m=[0m1024 [3mentry[0m[2m=[0m0x40000000 [3mdtb[0m[2m=[0m0x43400000
[2m2026-09-08T00:02:17.375983Z[0m [32m INFO[0m [2mlighter_vmm::vsock_proxy[0m[2m:[0m proxying a socket into the guest [3mpath[0m[2m=[0m/var/folders/t_/gbzzqq_x4hvg4qdrhspkp37m0000gn/T/lighter-bench.ZXWwIFmkYc/docker.sock [3mguest_port[0m[2m=[0m2375
[2m2026-09-08T00:02:17.376062Z[0m [32m INFO[0m [2mlighter_vmm::vsock_proxy[0m[2m:[0m proxying a socket into the guest [3mpath[0m[2m=[0m/var/folders/t_/gbzzqq_x4hvg4qdrhspkp37m0000gn/T/lighter-bench.ZXWwIFmkYc/control.sock [3mguest_port[0m[2m=[0m2376
[2m2026-09-08T00:02:17.376168Z[0m [33m WARN[0m [2mlighter_vmm::virtio::mmio[0m[2m:[0m queue notified before the driver was ready [3mdevice[0m[2m=[0m"virtio-vsock" [3mindex[0m[2m=[0m0
[    0.000000] Booting Linux on physical CPU 0x0000000000 [0x610f0000]
[    0.000000] Linux version 6.18.49-lighter (root@cc682f9944e9) (gcc (Debian 12.2.0-14+deb12u1) 12.2.0, GNU ld (GNU Binutils for Debian) 2.40) #1 SMP Mon Sep  7 19:57:38 UTC 2026
[    0.000000] KASLR disabled due to lack of seed
[    0.000000] Machine model: linux,dummy-virt
[    0.000000] efi: UEFI not found.
[    0.000000] OF: reserved mem: Reserved memory: No reserved-memory node in the DT
[    0.000000] NUMA: Faking a node at [mem 0x0000000040000000-0x000000007fffffff]
[    0.000000] NODE_DATA(0) allocated [mem 0x7fe05d00-0x7fe0847f]
[    0.000000] Zone ranges:
[    0.000000]   DMA      [mem 0x0000000040000000-0x000000007fffffff]
[    0.000000]   DMA32    empty
[    0.000000]   Normal   empty
[    0.000000] Movable zone start for each node
[    0.000000] Early memory node ranges
[    0.000000]   node   0: [mem 0x0000000040000000-0x000000007fffffff]
[    0.000000] Initmem setup node 0 [mem 0x0000000040000000-0x000000007fffffff]
[    0.000000] cma: Reserved 32 MiB at 0x000000007cc00000
[    0.000000] psci: probing for conduit method from DT.
[    0.000000] psci: PSCIv1.1 detected in firmware.
[    0.000000] psci: Using standard PSCI v0.2 function IDs
[    0.000000] psci: Trusted OS migration not required
[    0.000000] psci: SMC Calling Convention v1.0
[    0.000000] percpu: Embedded 23 pages/cpu s63320 r0 d30888 u94208
[    0.000000] Detected PIPT I-cache on CPU0
[    0.000000] CPU features: detected: Address authentication (IMP DEF algorithm)
[    0.000000] CPU features: detected: GICv3 CPU interface
[    0.000000] CPU features: detected: Spectre-v4
[    0.000000] CPU features: detected: Spectre-BHB
[    0.000000] alternatives: applying boot alternatives
[    0.000000] Kernel command line: console=ttyAMA0 panic=-1 root=/dev/vda rw init=/sbin/lighter-init psi=0 idle.poll_ns=50000 lighter.time=1788825736 lighter.share=bench:/mnt/bench  lighter.rosetta 
[    0.000000] printk: log buffer data + meta data: 131072 + 458752 = 589824 bytes
[    0.000000] Dentry cache hash table entries: 131072 (order: 8, 1048576 bytes, linear)
[    0.000000] Inode-cache hash table entries: 65536 (order: 7, 524288 bytes, linear)
[    0.000000] software IO TLB: SWIOTLB bounce buffer size adjusted to 1MB
[    0.000000] software IO TLB: area num 8.
[    0.000000] software IO TLB: SWIOTLB bounce buffer size roundup to 2MB
[    0.000000] software IO TLB: mapped [mem 0x000000007c980000-0x000000007cb80000] (2MB)
[    0.000000] Fallback order for Node 0: 0 
[    0.000000] Built 1 zonelists, mobility grouping on.  Total pages: 262144
[    0.000000] Policy zone: DMA
[    0.000000] mem auto-init: stack:off, heap alloc:off, heap free:off
[    0.000000] SLUB: HWalign=64, Order=0-3, MinObjects=0, CPUs=8, Nodes=1
[    0.000000] rcu: Hierarchical RCU implementation.
[    0.000000] rcu: 	RCU event tracing is enabled.
[    0.000000] rcu: 	RCU restricting CPUs from NR_CPUS=512 to nr_cpu_ids=8.
[    0.000000] 	Tracing variant of Tasks RCU enabled.
[    0.000000] rcu: RCU calculated value of scheduler-enlistment delay is 25 jiffies.
[    0.000000] rcu: Adjusting geometry for rcu_fanout_leaf=16, nr_cpu_ids=8
[    0.000000] RCU Tasks Trace: Setting shift to 3 and lim to 1 rcu_task_cb_adjust=1 rcu_task_cpu_ids=8.
[    0.000000] NR_IRQS: 64, nr_irqs: 64, preallocated irqs: 0
[    0.000000] GICv3: 988 SPIs implemented
[    0.000000] GICv3: 0 Extended SPIs implemented
[    0.000000] Root IRQ handler: gic_handle_irq
[    0.000000] GICv3: GICv3 features: 16 PPIs, RSS
[    0.000000] GICv3: GICD_CTLR.DS=1, SCR_EL3.FIQ=0
[    0.000000] GICv3: CPU0: found redistributor 0 region 0:0x00000000080a0000
[    0.000000] rcu: srcu_init: Setting srcu_struct sizes based on contention.
[    0.000000] clocksource: jiffies: mask: 0xffffffff max_cycles: 0xffffffff, max_idle_ns: 7645041785100000 ns
[    0.000000] arch_timer: cp15 timer running at 24.00MHz (virt).
[    0.000000] clocksource: arch_sys_counter: mask: 0xffffffffffffff max_cycles: 0x588fe9dc0, max_idle_ns: 440795202592 ns
[    0.000000] sched_clock: 56 bits at 24MHz, resolution 41ns, wraps every 4398046511097ns
[    0.000073] Console: colour dummy device 80x25
[    0.000097] Calibrating delay loop (skipped), value calculated using timer frequency.. 48.00 BogoMIPS (lpj=96000)
[    0.000098] pid_max: default: 32768 minimum: 301
[    0.000156] LSM: initializing lsm=capability
[    0.000240] Mount-cache hash table entries: 2048 (order: 2, 16384 bytes, linear)
[    0.000244] Mountpoint-cache hash table entries: 2048 (order: 2, 16384 bytes, linear)
[    0.000597] cacheinfo: Unable to detect cache hierarchy for CPU 0
[    0.000783] Apple TSO: available per thread (PR_SET_MEM_MODEL); boot value off
[    0.000814] rcu: Hierarchical SRCU implementation.
[    0.000814] rcu: 	Max phase no-delay instances is 1000.
[    0.000872] Timer migration: 1 hierarchy levels; 8 children per group; 1 crossnode level
[    0.000937] EFI services will not be available.
[    0.001047] smp: Bringing up secondary CPUs ...
[    0.001218] Detected PIPT I-cache on CPU1
[    0.001230] GICv3: CPU1: found redistributor 1 region 0:0x00000000080c0000
[    0.001271] CPU1: Booted secondary processor 0x0000000001 [0x610f0000]
[    0.001521] Detected PIPT I-cache on CPU2
[    0.001535] GICv3: CPU2: found redistributor 2 region 0:0x00000000080e0000
[    0.001573] CPU2: Booted secondary processor 0x0000000002 [0x610f0000]
[    0.001786] Detected PIPT I-cache on CPU3
[    0.001803] GICv3: CPU3: found redistributor 3 region 0:0x0000000008100000
[    0.001843] CPU3: Booted secondary processor 0x0000000003 [0x610f0000]
[    0.002069] Detected PIPT I-cache on CPU4
[    0.002086] GICv3: CPU4: found redistributor 4 region 0:0x0000000008120000
[    0.002125] CPU4: Booted secondary processor 0x0000000004 [0x610f0000]
[    0.002362] Detected PIPT I-cache on CPU5
[    0.002381] GICv3: CPU5: found redistributor 5 region 0:0x0000000008140000
[    0.002420] CPU5: Booted secondary processor 0x0000000005 [0x610f0000]
[    0.002652] Detected PIPT I-cache on CPU6
[    0.002673] GICv3: CPU6: found redistributor 6 region 0:0x0000000008160000
[    0.002711] CPU6: Booted secondary processor 0x0000000006 [0x610f0000]
[    0.002955] Detected PIPT I-cache on CPU7
[    0.002977] GICv3: CPU7: found redistributor 7 region 0:0x0000000008180000
[    0.003016] CPU7: Booted secondary processor 0x0000000007 [0x610f0000]
[    0.003092] smp: Brought up 1 node, 8 CPUs
[    0.003093] SMP: Total of 8 processors activated.
[    0.003093] CPU: All CPU(s) started at EL1
[    0.003103] CPU features: detected: ARMv8.4 Translation Table Level
[    0.003104] CPU features: detected: Data cache clean to the PoU not required for I/D coherence
[    0.003104] CPU features: detected: Common not Private translations
[    0.003104] CPU features: detected: CRC32 instructions
[    0.003105] CPU features: detected: Data independent timing control (DIT)
[    0.003105] CPU features: detected: E0PD
[    0.003106] CPU features: detected: Generic authentication (IMP DEF algorithm)
[    0.003106] CPU features: detected: RCpc load-acquire (LDAPR)
[    0.003106] CPU features: detected: LSE atomic instructions
[    0.003107] CPU features: detected: Privileged Access Never
[    0.003107] CPU features: detected: RAS Extension Support
[    0.003107] CPU features: detected: Speculation barrier (SB)
[    0.003108] CPU features: detected: TLB range maintenance instructions
[    0.003272] alternatives: applying system-wide alternatives
[    0.005637] Memory: 935880K/1048576K available (19008K kernel code, 6390K rwdata, 12684K rodata, 12224K init, 709K bss, 74108K reserved, 32768K cma-reserved)
[    0.005747] devtmpfs: initialized
[    0.006067] posixtimers hash table entries: 4096 (order: 4, 65536 bytes, linear)
[    0.006106] futex hash table entries: 2048 (131072 bytes on 1 NUMA nodes, total 128 KiB, linear).
[    0.006139] 19952 pages in range for non-PLT usage
[    0.006143] 511472 pages in range for PLT usage
[    0.006158] pinctrl core: initialized pinctrl subsystem
[    0.006338] DMI not present or invalid.
[    0.007359] NET: Registered PF_NETLINK/PF_ROUTE protocol family
[    0.007587] DMA: preallocated 128 KiB GFP_KERNEL pool for atomic allocations
[    0.007667] DMA: preallocated 128 KiB GFP_KERNEL|GFP_DMA pool for atomic allocations
[    0.007764] DMA: preallocated 128 KiB GFP_KERNEL|GFP_DMA32 pool for atomic allocations
[    0.007842] thermal_sys: Registered thermal governor 'step_wise'
[    0.007843] thermal_sys: Registered thermal governor 'power_allocator'
[    0.007848] cpuidle: using governor menu
[    0.007860] NET: Registered PF_QIPCRTR protocol family
[    0.007883] hw-breakpoint: found 6 breakpoint and 4 watchpoint registers.
[    0.007985] ASID allocator initialised with 256 entries
[    0.008170] Serial: AMBA PL011 UART driver
[    0.008339] c000000.pl011: ttyAMA0 at MMIO 0xc000000 (irq = 13, base_baud = 0) is a PL011 rev1
[    0.008398] printk: console [ttyAMA0] enabled
[    0.009156] HugeTLB: registered 1.00 GiB page size, pre-allocated 0 pages
[    0.009157] HugeTLB: 0 KiB vmemmap can be freed for a 1.00 GiB page
[    0.009158] HugeTLB: registered 32.0 MiB page size, pre-allocated 0 pages
[    0.009162] HugeTLB: 0 KiB vmemmap can be freed for a 32.0 MiB page
[    0.009162] HugeTLB: registered 2.00 MiB page size, pre-allocated 0 pages
[    0.009163] HugeTLB: 0 KiB vmemmap can be freed for a 2.00 MiB page
[    0.009163] HugeTLB: registered 64.0 KiB page size, pre-allocated 0 pages
[    0.009163] HugeTLB: 0 KiB vmemmap can be freed for a 64.0 KiB page
[    0.010288] raid6: skipped pq benchmark and selected neonx8
[    0.010289] raid6: using neon recovery algorithm
[    0.010316] ACPI: Interpreter disabled.
[    0.010454] iommu: Default domain type: Translated
[    0.010455] iommu: DMA domain TLB invalidation policy: strict mode
[    0.011405] pps_core: LinuxPPS API ver. 1 registered
[    0.011406] pps_core: Software ver. 5.3.6 - Copyright 2005-2007 Rodolfo Giometti <giometti@linux.it>
[    0.011407] PTP clock support registered
[    0.011416] EDAC MC: Ver: 3.0.0
[    0.011482] scmi_core: SCMI protocol bus registered
[    0.011561] FPGA manager framework
[    0.011680] nfc: nfc_init: NFC Core ver 0.1
[    0.011685] NET: Registered PF_NFC protocol family
[    0.011985] clocksource: Switched to clocksource arch_sys_counter
[    0.012072] VFS: Disk quotas dquot_6.6.0
[    0.012077] VFS: Dquot-cache hash table entries: 512 (order 0, 4096 bytes)
[    0.012376] pnp: PnP ACPI: disabled
[    0.013001] NET: Registered PF_INET protocol family
[    0.013068] IP idents hash table entries: 16384 (order: 5, 131072 bytes, linear)
[    0.013234] tcp_listen_portaddr_hash hash table entries: 512 (order: 1, 8192 bytes, linear)
[    0.013235] Table-perturb hash table entries: 65536 (order: 6, 262144 bytes, linear)
[    0.013238] TCP established hash table entries: 8192 (order: 4, 65536 bytes, linear)
[    0.013253] TCP bind hash table entries: 8192 (order: 6, 262144 bytes, linear)
[    0.013308] TCP: Hash tables configured (established 8192 bind 8192)
[    0.013334] UDP hash table entries: 512 (order: 3, 32768 bytes, linear)
[2m2026-09-08T00:02:17.423230Z[0m [33m WARN[0m [2mlighter_vmm::virtio::mmio[0m[2m:[0m queue notified before the driver was ready [3mdevice[0m[2m=[0m"virtio-vsock" [3mindex[0m[2m=[0m0
[    0.013342] UDP-Lite hash table entries: 512 (order: 3, 32768 bytes, linear)
[2m2026-09-08T00:02:17.423431Z[0m [33m WARN[0m [2mlighter_vmm::virtio::mmio[0m[2m:[0m queue notified before the driver was ready [3mdevice[0m[2m=[0m"fs" [3mindex[0m[2m=[0m5
[2m2026-09-08T00:02:17.423450Z[0m [32m INFO[0m [2mlighter_fs::cache[0m[2m:[0m cache lifetime set by whether the guest can be told to forget [3minvalidation[0m[2m=[0m"push" [3mattr_ms[0m[2m=[0m20000 [3mentry_ms[0m[2m=[0m20000
[    0.013364] NET: Registered PF_UNIX/PF_LOCAL protocol family
[2m2026-09-08T00:02:17.423611Z[0m [32m INFO[0m [2mlighter_vmm::virtio::fs[0m[2m:[0m share activated [3mtag[0m[2m=[0mbench [3mroot[0m[2m=[0m~/.lighter-bench/lighter
[    0.015368] kvm [1]: HYP mode not available
[    0.015504] Initialise system trusted keyrings
[2m2026-09-08T00:02:17.423898Z[0m [33m WARN[0m [2mlighter_vmm::virtio::mmio[0m[2m:[0m queue notified before the driver was ready [3mdevice[0m[2m=[0m"fs" [3mindex[0m[2m=[0m5
[2m2026-09-08T00:02:17.423907Z[0m [32m INFO[0m [2mlighter_fs::cache[0m[2m:[0m cache lifetime set by whether the guest can be told to forget [3minvalidation[0m[2m=[0m"push" [3mattr_ms[0m[2m=[0m20000 [3mentry_ms[0m[2m=[0m20000
[    0.015624] workingset: timestamp_bits=42 max_order=18 bucket_order=0
[2m2026-09-08T00:02:17.424068Z[0m [32m INFO[0m [2mlighter_vmm::virtio::fs[0m[2m:[0m share activated [3mtag[0m[2m=[0mrosetta [3mroot[0m[2m=[0m/Library/Apple/usr/libexec/oah/RosettaLinux
[    0.015666] squashfs: version 4.0 (2009/01/31) Phillip Lougher
[    0.015687] fuse: init (API version 7.45)
[    0.015789] SGI XFS with ACLs, security attributes, scrub, repair, no debug enabled
[    0.015976] 9p: Installing v9fs 9p2000 file system support
[    0.021976] NET: Registered PF_ALG protocol family
[    0.021981] xor: measuring software checksum speed
[    0.022143]    8regs           : 20231 MB/sec
[    0.022221]    32regs          : 42243 MB/sec
[    0.022287]    arm64_neon      : 50281 MB/sec
[    0.022287] xor: using function: arm64_neon (50281 MB/sec)
[    0.022288] Key type asymmetric registered
[    0.022289] Asymmetric key parser 'x509' registered
[    0.022294] Block layer SCSI generic (bsg) driver version 0.4 loaded (major 239)
[    0.022295] io scheduler mq-deadline registered
[    0.022295] io scheduler kyber registered
[    0.022299] io scheduler bfq registered
[    0.032097] ledtrig-cpu: registered to indicate activity on CPUs
[    0.032108] IPMI message handler: version 39.2
[    0.032111] ipmi device interface
[    0.032197] ipmi_si: IPMI System Interface driver
[    0.032208] ipmi_si: Unable to find any System Interface(s)
[    0.034041] virtiofs virtio4: discovered new tag: bench
[    0.034569] virtiofs virtio5: discovered new tag: rosetta
[    0.035141] Free page reporting enabled
[    0.035227] virtio_mem virtio8: start address: 0x80000000
[    0.035228] virtio_mem virtio8: region size: 0xc0000000
[    0.035229] virtio_mem virtio8: device block size: 0x8000000
[    0.035229] virtio_mem virtio8: nid: 0
[    0.035230] virtio_mem virtio8: memory block size: 0x8000000
[    0.035230] virtio_mem virtio8: big block size: 0x8000000
[    0.035251] virtio_mem virtio8: plugged size: 0x0
[    0.035251] virtio_mem virtio8: requested size: 0xc0000000
[    0.035872] Fallback order for Node 0: 0 
[    0.035874] Built 1 zonelists, mobility grouping on.  Total pages: 267393
[    0.035874] Policy zone: DMA
[    0.036705] Serial: 8250/16550 driver, 4 ports, IRQ sharing enabled
[    0.037089] msm_serial: driver initialized
[    0.037118] SuperH (H)SCI(F) driver initialized
[    0.037127] STM32 USART driver initialized
[    0.037359] random: crng init done
[    0.038996] loop: module loaded
[    0.040599] Fallback order for Node 0: 0 
[    0.040600] Built 1 zonelists, mobility grouping on.  Total pages: 490481
[    0.040601] Policy zone: Normal
[    0.053996] virtio_blk virtio0: 8/0/0 default/read/poll queues
[    0.054401] virtio_blk virtio0: [vda] 4194304 512-byte logical blocks (2.15 GB/2.00 GiB)
[    0.055478] virtio_blk virtio1: 8/0/0 default/read/poll queues
[    0.055892] virtio_blk virtio1: [vdb] 268435456 512-byte logical blocks (137 GB/128 GiB)
[    0.056136] zram: Added device: zram0
[    0.056828] tun: Universal TUN/TAP device driver, 1.6
[    0.057503] VFIO - User Level meta-driver version: 0.3
[    0.059123]  cs_system_cfg: CoreSight Configuration manager initialised
[    0.059337] gnss: GNSS driver registered with major 503
[    0.059529] GACT probability NOT on
[    0.059537] Mirror/redirect action on
[    0.059840] IPVS: Registered protocols ()
[    0.059848] IPVS: Connection hash table configured (size=4096, memory=32Kbytes)
[    0.059875] IPVS: ipvs loaded.
[    0.059914] Initializing XFRM netlink socket
[    0.059936] NET: Registered PF_INET6 protocol family
[    0.060205] Segment Routing with IPv6
[    0.060208] In-situ OAM (IOAM) with IPv6
[    0.060219] sit: IPv6, IPv4 and MPLS over IPv4 tunneling driver
[    0.060274] NET: Registered PF_PACKET protocol family
[    0.060344] 8021q: 802.1Q VLAN Support v1.8
[    0.060366] 9pnet: Installing 9P2000 support
[    0.060374] Key type dns_resolver registered
[    0.060406] NET: Registered PF_VSOCK protocol family
[    0.061930] registered taskstats version 1
[    0.061980] Loading compiled-in X.509 certificates
[    0.062816] Demotion targets for Node 0: null
[    0.062966] Btrfs loaded, zoned=no, fsverity=no
[    0.063055] clk: Disabling unused clocks
[    0.063056] PM: genpd: Disabling unused power domains
[    0.063367] check access for rdinit=/init failed: -2, ignoring
[    0.068003] EXT4-fs (vda): mounted filesystem b6b766ac-cd49-44a5-aac0-ad1817245fe0 r/w with ordered data mode. Quota mode: none.
[    0.068018] VFS: Mounted root (ext4 filesystem) on device 254:0.
[    0.068212] devtmpfs: mounted
[    0.069002] Freeing unused kernel memory: 12224K
[    0.069034] Run /sbin/lighter-init as init process
INIT clock=2026-09-08T00:02:16Z
INIT filesystems=ok
INIT formatting=/dev/vdb fs=btrfs mkfs=
INIT data_fs=btrfs
INIT data_opts=noatime,nodatacow,commit=30,thread_pool=1
[    0.154395] BTRFS: device label lighter-data devid 1 transid 8 /dev/vdb (254:16) scanned by mount (137)
[    0.154658] BTRFS info (device vdb): first mount of filesystem 37cf58d8-625f-4290-9e8c-8b1d926f1098
[    0.154671] BTRFS info (device vdb): using crc32c (crc32c-lib) checksum algorithm
[    0.155462] BTRFS info (device vdb): checking UUID tree
[    0.155581] BTRFS info (device vdb): setting nodatasum
[    0.155582] BTRFS info (device vdb): setting nodatacow
INIT data=mounted[    0.155582] BTRFS info (device vdb): turning on async discard

[    0.155583] BTRFS info (device vdb): enabling free space tree
INIT fstrim=0ms
[    0.162997] zram0: detected capacity change from 0 to 4194304
[    0.166047] Adding 2097148k swap on /dev/zram0.  Priority:100 extents:1 across:2097148k SS
INIT zram=on
[    0.167019] rcu: RCU calculated value of scheduler-enlistment delay is 25 jiffies.
[2m2026-09-08T00:02:17.557514Z[0m [32m INFO[0m [2mlighter_fs::server[0m[2m:[0m filesystem negotiated [3mguest[0m[2m=[0m7.45 [3mmax_write[0m[2m=[0m262144 [3mreaddirplus[0m[2m=[0mtrue [3mcreate_dialect[0m[2m=[0mtrue
INIT binfmt=x86_64 via=rosetta
[2m2026-09-08T00:02:17.558548Z[0m [32m INFO[0m [2mlighter_fs::server[0m[2m:[0m filesystem negotiated [3mguest[0m[2m=[0m7.45 [3mmax_write[0m[2m=[0m262144 [3mreaddirplus[0m[2m=[0mtrue [3mcreate_dialect[0m[2m=[0mtrue
INIT share=bench at=/mnt/bench
INIT dhcp=ok t=0.18
INIT ipv6=ok
INIT dockerd=ready after=100ms t=0.30
AGENT inbound port=2378
AGENT listening port=2376
AGENT listening port=2375
AGENT tcp-proxy port=15201
AGENT udp-inbound
AGENT dns addr=192.168.127.2
AGENT udp-proxy port=15202
AGENT clock=set trip_us=66 attempt=0
AGENT udp-proxy port=15202
INIT streams=on
INIT ready t=0.31
[2m2026-09-08T00:02:25.151753Z[0m [32m INFO[0m [2mlighter_vmm::virtio::mem[0m[2m:[0m virtio-mem offer [3mrequested_mib[0m[2m=[0m512 [3mplugged_mib[0m[2m=[0m3072
[    7.762521] virtio_mem virtio8: plugged size: 0xc0000000
[    7.762534] virtio_mem virtio8: requested size: 0x20000000
[    8.029310] Fallback order for Node 0: 0 
[    8.029322] Built 1 zonelists, mobility grouping on.  Total pages: 520084
[    8.029327] Policy zone: Normal
[2m2026-09-08T00:02:25.926461Z[0m [32m INFO[0m [2mlighter_vmm::virtio::mem[0m[2m:[0m virtio-mem offer [3mrequested_mib[0m[2m=[0m0 [3mplugged_mib[0m[2m=[0m512
[    8.537226] virtio_mem virtio8: plugged size: 0x20000000
[    8.537240] virtio_mem virtio8: requested size: 0x0
[2m2026-09-08T00:02:32.729837Z[0m [32m INFO[0m [2mlighter_vmm::virtio::mem[0m[2m:[0m virtio-mem offer [3mrequested_mib[0m[2m=[0m3072 [3mplugged_mib[0m[2m=[0m256
[   15.340506] virtio_mem virtio8: plugged size: 0x10000000
[   15.340519] virtio_mem virtio8: requested size: 0xc0000000
[   15.341600] Fallback order for Node 0: 0 
[   15.341610] Built 1 zonelists, mobility grouping on.  Total pages: 326516
[   15.341615] Policy zone: Normal
[   15.713267] docker0: port 1(vethe266747) entered blocking state
[   15.713277] docker0: port 1(vethe266747) entered disabled state
[   15.713283] vethe266747: entered allmulticast mode
[   15.713302] vethe266747: entered promiscuous mode
[   15.725302] eth0: renamed from veth8b51542
[   15.725812] docker0: port 1(vethe266747) entered blocking state
[   15.725819] docker0: port 1(vethe266747) entered forwarding state
AGENT sockmap=on
[   28.305466] docker0: port 1(vethe266747) entered disabled state
[   28.305497] veth8b51542: renamed from eth0
[   28.336639] docker0: port 1(vethe266747) entered disabled state
[   28.336921] vethe266747 (unregistering): left allmulticast mode
[   28.336930] vethe266747 (unregistering): left promiscuous mode
[   28.336936] docker0: port 1(vethe266747) entered disabled state
[   28.790994] docker0: port 1(veth83137de) entered blocking state
[   28.791019] docker0: port 1(veth83137de) entered disabled state
[   28.791037] veth83137de: entered allmulticast mode
[   28.791079] veth83137de: entered promiscuous mode
[   28.795079] eth0: renamed from vethe46798f
[   28.795321] docker0: port 1(veth83137de) entered blocking state
[   28.795330] docker0: port 1(veth83137de) entered forwarding state
[2m2026-09-08T00:02:53.577154Z[0m [33m WARN[0m [2mlighter_fs::inode[0m[2m:[0m the share is holding more descriptors than it may [3mopen[0m[2m=[0m6247 [3mbudget[0m[2m=[0m6144 [3minodes[0m[2m=[0m17359 [3mlive[0m[2m=[0m17359 [3mexamined[0m[2m=[0m8192 [3mparked[0m[2m=[0m0 [3munheld[0m[2m=[0m0 [3mused[0m[2m=[0m0 [3mprivileged[0m[2m=[0m0 [3munparkable[0m[2m=[0m0
[   47.154815] docker0: port 1(veth83137de) entered disabled state
[   47.154859] vethe46798f: renamed from eth0
[   47.169184] docker0: port 1(veth83137de) entered disabled state
[   47.169430] veth83137de (unregistering): left allmulticast mode
[   47.169439] veth83137de (unregistering): left promiscuous mode
[   47.169445] docker0: port 1(veth83137de) entered disabled state
[   47.315628] docker0: port 1(vethcbe5eef) entered blocking state
[   47.315638] docker0: port 1(vethcbe5eef) entered disabled state
[   47.315645] vethcbe5eef: entered allmulticast mode
[   47.315664] vethcbe5eef: entered promiscuous mode
[   47.319057] eth0: renamed from vethf43fb54
[   47.319440] docker0: port 1(vethcbe5eef) entered blocking state
[   47.319456] docker0: port 1(vethcbe5eef) entered forwarding state
[   61.654700] virtio_vsock: the large receive buffer was refused; posting a small one
[   61.658414] virtio_vsock: the large receive buffer was refused; posting a small one
[   61.658558] virtio_vsock: the large receive buffer was refused; posting a small one
[   61.658634] virtio_vsock: the large receive buffer was refused; posting a small one
[   61.658734] virtio_vsock: the large receive buffer was refused; posting a small one
[   61.658770] virtio_vsock: the large receive buffer was refused; posting a small one
[   61.658870] virtio_vsock: the large receive buffer was refused; posting a small one
[   61.658917] virtio_vsock: the large receive buffer was refused; posting a small one
[   61.658938] virtio_vsock: the large receive buffer was refused; posting a small one
[   61.659010] virtio_vsock: the large receive buffer was refused; posting a small one
[   85.168806] docker0: port 1(vethcbe5eef) entered disabled state
[   85.168899] vethf43fb54: renamed from eth0
[   85.195754] docker0: port 1(vethcbe5eef) entered disabled state
[   85.196125] vethcbe5eef (unregistering): left allmulticast mode
[   85.196140] vethcbe5eef (unregistering): left promiscuous mode
[   85.196146] docker0: port 1(vethcbe5eef) entered disabled state
[   85.560925] docker0: port 1(veth3a70d0d) entered blocking state
[   85.560935] docker0: port 1(veth3a70d0d) entered disabled state
[   85.560945] veth3a70d0d: entered allmulticast mode
[   85.560987] veth3a70d0d: entered promiscuous mode
[   85.564882] eth0: renamed from veth7941dc1
[   85.567273] docker0: port 1(veth3a70d0d) entered blocking state
[   85.567281] docker0: port 1(veth3a70d0d) entered forwarding state
[  134.369483] docker0: port 1(veth3a70d0d) entered disabled state
[  134.369568] veth7941dc1: renamed from eth0
[  134.402106] docker0: port 1(veth3a70d0d) entered disabled state
[  134.402525] veth3a70d0d (unregistering): left allmulticast mode
[  134.402540] veth3a70d0d (unregistering): left promiscuous mode
[  134.402547] docker0: port 1(veth3a70d0d) entered disabled state
[  134.634661] docker0: port 1(vethcc115f1) entered blocking state
[  134.634673] docker0: port 1(vethcc115f1) entered disabled state
[  134.634684] vethcc115f1: entered allmulticast mode
[  134.634717] vethcc115f1: entered promiscuous mode
[  134.639334] eth0: renamed from veth6aa32c9
[  134.639890] docker0: port 1(vethcc115f1) entered blocking state
[  134.639897] docker0: port 1(vethcc115f1) entered forwarding state
[2m2026-09-08T00:04:39.958025Z[0m [33m WARN[0m [2mlighter_fs::inode[0m[2m:[0m the share is holding more descriptors than it may [3mopen[0m[2m=[0m6262 [3mbudget[0m[2m=[0m6144 [3minodes[0m[2m=[0m64048 [3mlive[0m[2m=[0m64048 [3mexamined[0m[2m=[0m8192 [3mparked[0m[2m=[0m0 [3munheld[0m[2m=[0m0 [3mused[0m[2m=[0m0 [3mprivileged[0m[2m=[0m0 [3munparkable[0m[2m=[0m0
[2m2026-09-08T00:05:02.202002Z[0m [33m WARN[0m [2mlighter_fs::inode[0m[2m:[0m the share is holding more descriptors than it may [3mopen[0m[2m=[0m6282 [3mbudget[0m[2m=[0m6144 [3minodes[0m[2m=[0m77719 [3mlive[0m[2m=[0m77719 [3mexamined[0m[2m=[0m8192 [3mparked[0m[2m=[0m0 [3munheld[0m[2m=[0m2301 [3mused[0m[2m=[0m0 [3mprivileged[0m[2m=[0m0 [3munparkable[0m[2m=[0m0
[  169.181793] docker0: port 1(vethcc115f1) entered disabled state
[  169.181833] veth6aa32c9: renamed from eth0
[  169.216816] docker0: port 1(vethcc115f1) entered disabled state
[  169.217073] vethcc115f1 (unregistering): left allmulticast mode
[  169.217083] vethcc115f1 (unregistering): left promiscuous mode
[  169.217090] docker0: port 1(vethcc115f1) entered disabled state
[  169.432830] docker0: port 1(veth8d6d958) entered blocking state
[  169.432851] docker0: port 1(veth8d6d958) entered disabled state
[  169.432881] veth8d6d958: entered allmulticast mode
[  169.432955] veth8d6d958: entered promiscuous mode
[  169.436943] eth0: renamed from veth763e33e
[  169.437398] docker0: port 1(veth8d6d958) entered blocking state
[  169.437410] docker0: port 1(veth8d6d958) entered forwarding state
[  211.665631] docker0: port 1(veth8d6d958) entered disabled state
[  211.665712] veth763e33e: renamed from eth0
[  211.684589] docker0: port 1(veth8d6d958) entered disabled state
[  211.684891] veth8d6d958 (unregistering): left allmulticast mode
[  211.684903] veth8d6d958 (unregistering): left promiscuous mode
[  211.684909] docker0: port 1(veth8d6d958) entered disabled state
[  211.894375] docker0: port 1(veth721bebd) entered blocking state
[  211.894392] docker0: port 1(veth721bebd) entered disabled state
[  211.894406] veth721bebd: entered allmulticast mode
[  211.894438] veth721bebd: entered promiscuous mode
[  211.898623] eth0: renamed from vethf2d79ff
[  211.899125] docker0: port 1(veth721bebd) entered blocking state
[  211.899136] docker0: port 1(veth721bebd) entered forwarding state
[  227.205133] docker0: port 1(veth721bebd) entered disabled state
[  227.205183] vethf2d79ff: renamed from eth0
[  227.233317] docker0: port 1(veth721bebd) entered disabled state
[  227.233621] veth721bebd (unregistering): left allmulticast mode
[  227.233632] veth721bebd (unregistering): left promiscuous mode
[  227.233639] docker0: port 1(veth721bebd) entered disabled state
[  227.396517] docker0: port 1(veth46ae3c3) entered blocking state
[  227.396533] docker0: port 1(veth46ae3c3) entered disabled state
[  227.396540] veth46ae3c3: entered allmulticast mode
[  227.396572] veth46ae3c3: entered promiscuous mode
[  227.400189] eth0: renamed from veth6d5743b
[  227.400576] docker0: port 1(veth46ae3c3) entered blocking state
[  227.400585] docker0: port 1(veth46ae3c3) entered forwarding state
[  234.733779] docker0: port 1(veth46ae3c3) entered disabled state
[  234.733860] veth6d5743b: renamed from eth0
[  234.752643] docker0: port 1(veth46ae3c3) entered disabled state
[  234.752948] veth46ae3c3 (unregistering): left allmulticast mode
[  234.752962] veth46ae3c3 (unregistering): left promiscuous mode
[  234.752968] docker0: port 1(veth46ae3c3) entered disabled state
[  234.965682] docker0: port 1(vethacb1fb5) entered blocking state
[  234.965698] docker0: port 1(vethacb1fb5) entered disabled state
[  234.965707] vethacb1fb5: entered allmulticast mode
[  234.965728] vethacb1fb5: entered promiscuous mode
[  234.969453] eth0: renamed from vethc6027ca
[  234.969903] docker0: port 1(vethacb1fb5) entered blocking state
[  234.969910] docker0: port 1(vethacb1fb5) entered forwarding state
[  235.394937] docker0: port 1(vethacb1fb5) entered disabled state
[  235.394970] vethc6027ca: renamed from eth0
[  235.416720] docker0: port 1(vethacb1fb5) entered disabled state
[  235.417124] vethacb1fb5 (unregistering): left allmulticast mode
[  235.417147] vethacb1fb5 (unregistering): left promiscuous mode
[  235.417159] docker0: port 1(vethacb1fb5) entered disabled state
[  235.553366] docker0: port 1(veth3e4ef4b) entered blocking state
[  235.553374] docker0: port 1(veth3e4ef4b) entered disabled state
[  235.553388] veth3e4ef4b: entered allmulticast mode
[  235.553404] veth3e4ef4b: entered promiscuous mode
[  235.557020] eth0: renamed from veth17a6ce2
[  235.557414] docker0: port 1(veth3e4ef4b) entered blocking state
[  235.557421] docker0: port 1(veth3e4ef4b) entered forwarding state
[2m2026-09-08T00:06:16.934758Z[0m [33m WARN[0m [2mlighter_fs::inode[0m[2m:[0m the share is holding more descriptors than it may [3mopen[0m[2m=[0m6241 [3mbudget[0m[2m=[0m6144 [3minodes[0m[2m=[0m171035 [3mlive[0m[2m=[0m171035 [3mexamined[0m[2m=[0m8192 [3mparked[0m[2m=[0m0 [3munheld[0m[2m=[0m0 [3mused[0m[2m=[0m0 [3mprivileged[0m[2m=[0m0 [3munparkable[0m[2m=[0m0
[2m2026-09-08T00:06:19.637876Z[0m [32m INFO[0m [2mlighter_vmm::memory_policy[0m[2m:[0m balloon target [3mtarget_mib[0m[2m=[0m256
[2m2026-09-08T00:06:32.080999Z[0m [32m INFO[0m [2mlighter_vmm::memory_policy[0m[2m:[0m balloon target [3mtarget_mib[0m[2m=[0m0
[  265.924721] docker0: port 1(veth3e4ef4b) entered disabled state
[  265.924832] veth17a6ce2: renamed from eth0
[  265.953973] docker0: port 1(veth3e4ef4b) entered disabled state
[  265.954385] veth3e4ef4b (unregistering): left allmulticast mode
[  265.954403] veth3e4ef4b (unregistering): left promiscuous mode
[  265.954413] docker0: port 1(veth3e4ef4b) entered disabled state
[  266.169336] docker0: port 1(vethc7ba028) entered blocking state
[  266.169347] docker0: port 1(vethc7ba028) entered disabled state
[  266.169357] vethc7ba028: entered allmulticast mode
[  266.169388] vethc7ba028: entered promiscuous mode
[  266.174705] eth0: renamed from veth44d444c
[  266.175625] docker0: port 1(vethc7ba028) entered blocking state
[  266.175642] docker0: port 1(vethc7ba028) entered forwarding state
[  292.325008] docker0: port 1(vethc7ba028) entered disabled state
[  292.325142] veth44d444c: renamed from eth0
[  292.361778] docker0: port 1(vethc7ba028) entered disabled state
[  292.362208] vethc7ba028 (unregistering): left allmulticast mode
[  292.362223] vethc7ba028 (unregistering): left promiscuous mode
[  292.362230] docker0: port 1(vethc7ba028) entered disabled state
