using docker due to KIND_EXPERIMENTAL_PROVIDER
Creating cluster "lighter-qualification" ...
 • Ensuring node image (kindest/node:v1.35.8) 🖼️  ...
 ✓ Ensuring node image (kindest/node:v1.35.8) 🖼️
 • Preparing nodes 📦   ...
 ✓ Preparing nodes 📦
 • Writing configuration 📜  ...
 ✓ Writing configuration 📜
 • Starting control-plane 🕹️  ...
 ✓ Starting control-plane 🕹️
 • Installing CNI 🔌  ...
 ✓ Installing CNI 🔌
 • Installing StorageClass 💾  ...
 ✓ Installing StorageClass 💾
 • Waiting ≤ 3m0s for control-plane = Ready ⏳  ...
panic: runtime error: index out of range [0] with length 0

goroutine 1 [running]:
sigs.k8s.io/kind/pkg/cluster/internal/create/actions/waitforready.(*Action).Execute.waitForReady.func1()
	sigs.k8s.io/kind/pkg/cluster/internal/create/actions/waitforready/waitforready.go:122 +0x17c
sigs.k8s.io/kind/pkg/cluster/internal/create/actions/waitforready.tryUntil({0xc29fe149acfa82d8?, 0x2e163a1ef0?, 0x104a7b5a0?}, 0x400684369790)
	sigs.k8s.io/kind/pkg/cluster/internal/create/actions/waitforready/waitforready.go:138 +0x5c
sigs.k8s.io/kind/pkg/cluster/internal/create/actions/waitforready.waitForReady(...)
	sigs.k8s.io/kind/pkg/cluster/internal/create/actions/waitforready/waitforready.go:103
sigs.k8s.io/kind/pkg/cluster/internal/create/actions/waitforready.(*Action).Execute(0x4006840c1e70, 0x40068421b040)
	sigs.k8s.io/kind/pkg/cluster/internal/create/actions/waitforready/waitforready.go:87 +0x160
sigs.k8s.io/kind/pkg/cluster/internal/create.Cluster({0x104a0bd00, 0x40068425a6f0}, {0x104a0e858, 0x4006840be588}, 0x40068423c7d0)
	sigs.k8s.io/kind/pkg/cluster/internal/create/create.go:136 +0x5f4
sigs.k8s.io/kind/pkg/cluster.(*Provider).Create(0x40068415eb40, {0x16bcba80b, 0x15}, {0x4006840f5a38, 0x7, 0x0?})
	sigs.k8s.io/kind/pkg/cluster/provider.go:195 +0xd8
sigs.k8s.io/kind/pkg/cmd/kind/create/cluster.runE({0x104a0bd00, 0x40068425a6f0}, {{0x104a06d68, 0x4006840b0050}, {0x104a06d88, 0x4006840b0058}, {0x104a06d88, 0x4006840b0060}}, 0x40068423c550)
	sigs.k8s.io/kind/pkg/cmd/kind/create/cluster/createcluster.go:110 +0x2bc
sigs.k8s.io/kind/pkg/cmd/kind/create/cluster.NewCommand.func1(0x400684218600?, {0x4006840fac60?, 0x4?, 0x1045487dc?})
	sigs.k8s.io/kind/pkg/cmd/kind/create/cluster/createcluster.go:54 +0x58
github.com/spf13/cobra.(*Command).execute(0x400684277b08, {0x4006840fabd0, 0x9, 0x9})
	github.com/spf13/cobra@v1.8.0/command.go:983 +0x804
github.com/spf13/cobra.(*Command).ExecuteC(0x400684276008)
	github.com/spf13/cobra@v1.8.0/command.go:1115 +0x344
github.com/spf13/cobra.(*Command).Execute(0x104a0bd00?)
	github.com/spf13/cobra@v1.8.0/command.go:1039 +0x1c
sigs.k8s.io/kind/cmd/kind/app.Run({0x104a0bd00, 0x40068425a6f0}, {{0x104a06d68, 0x4006840b0050}, {0x104a06d88, 0x4006840b0058}, {0x104a06d88, 0x4006840b0060}}, {0x4006840d00d0, 0xb, ...})
	sigs.k8s.io/kind/cmd/kind/app/main.go:54 +0xac
sigs.k8s.io/kind/cmd/kind/app.Main()
	sigs.k8s.io/kind/cmd/kind/app/main.go:36 +0xb0
main.main()
	sigs.k8s.io/kind/main.go:25 +0x1c
