Stopped.
Starting lighter (4 cores, 6144 MiB)…
Docker 28.3.3 on linux/arm64
Running as pid 24536; use DOCKER_HOST=unix:///private/tmp/lighter-kind-m5.1h4w3x6t/docker.sock
using docker due to KIND_EXPERIMENTAL_PROVIDER
Creating cluster "lighter-multi" ...
 • Ensuring node image (kindest/node:v1.35.8) 🖼️  ...
 ✓ Ensuring node image (kindest/node:v1.35.8) 🖼️
 • Preparing nodes 📦 📦   ...
 ✓ Preparing nodes 📦 📦
 • Writing configuration 📜  ...
 ✓ Writing configuration 📜
 • Starting control-plane 🕹️  ...
 ✓ Starting control-plane 🕹️
 • Installing CNI 🔌  ...
 ✓ Installing CNI 🔌
 • Installing StorageClass 💾  ...
 ✓ Installing StorageClass 💾
 • Joining worker nodes 🚜  ...
 ✓ Joining worker nodes 🚜
Set kubectl context to "kind-lighter-multi"
You can now use your cluster with:

kubectl cluster-info --context kind-lighter-multi

Thanks for using kind! 😊
