==> orbstack: warming caches (not timed)
==> orbstack: npm-install 12344 11149 10886  (cpu ms: user=12680 sys=26570 user=11590 sys=27730 user=11610 sys=27270)
==> orbstack: pnpm-install 6594 6140 6188  (cpu ms: user=4290 sys=26660 user=3910 sys=22290 user=3950 sys=22580)
==> orbstack: yarn-install 11850 10558 10243  (cpu ms: user=11300 sys=36260 user=10120 sys=30610 user=9810 sys=29570)
==> orbstack: materializing the package tree
==> orbstack: ripgrep 2403 1111 1107  (cpu ms: user=630 sys=15990 user=540 sys=7130 user=480 sys=7210)
==> orbstack: find-walk 827 518 526  (cpu ms: user=70 sys=740 user=60 sys=460 user=40 sys=480)
==> orbstack: copy-tree 12167 12129 22489  (cpu ms: user=900 sys=11260 user=930 sys=15250 user=1100 sys=25450)
==> orbstack: rm-rf 4126 4081 4068  (cpu ms: user=1000 sys=15860 user=1050 sys=24110 user=950 sys=17200)
==> orbstack: cpu-sha256 9104 9110 9074  (cpu ms: user=8730 sys=430 user=8790 sys=380 user=8750 sys=390)
==> orbstack: container-start 253 260 290
==> orbstack: watch-latency 175 1 11
==> orbstack: memory peak=4373 after15s=2076 after60s=1309 (MiB)
==> orbstack: net-tcp-egress 65694 64755 64740
==> orbstack: net-tcp-egress-r 32961 31728 32163
==> orbstack: net-tcp-port 32451 31784 32384
==> orbstack: net-tcp-port-r 66805 67127 68733
==> orbstack: net-udp 3255 3296 3119
==> orbstack: net-connect-rate 17079 16659 17028
==> orbstack: net-http-latency 132 125 119
==> orbstack: net-dns 397 375 387
==> orbstack: power-idle (a minute of quiet, then a minute of samples) cpu=4 ms/s wakeups=14/s pkg-idle-wakeups=0/s (powermetrics)
==> orbstack: boot (a cold stop, then a start, 3 times; untimed round first) 1187/1516 1173/1493 1174/1451
==> orbstack: memory idle=578 MiB, a minute after a cold start

==> results in benchmarks/results/050-1b0caab-m1-orbstack-a1-share.csv
