    Finished `release` profile [optimized] target(s) in 0.01s
==> lighter: warming caches (not timed)
==> lighter: npm-install 6487 6456 6628  (cpu ms: user=6860 sys=11190 user=7270 sys=10580 user=7340 sys=10890)
==> lighter: pnpm-install 4425 3913 4115  (cpu ms: user=3070 sys=12010 user=2770 sys=10240 user=2890 sys=10990)
==> lighter: yarn-install 5354 5252 5211  (cpu ms: user=5710 sys=10460 user=5730 sys=10150 user=5570 sys=10240)
==> lighter: materializing the package tree
==> lighter: ripgrep 1865 85 83  (cpu ms: user=340 sys=4580 user=270 sys=370 user=230 sys=380)
==> lighter: find-walk 101 90 90  (cpu ms: user=40 sys=60 user=30 sys=70 user=40 sys=60)
==> lighter: copy-tree 4293 3608 4076  (cpu ms: user=710 sys=2140 user=680 sys=4160 user=790 sys=4220)
==> lighter: rm-rf 2544 2790 2524  (cpu ms: user=650 sys=4270 user=750 sys=4180 user=690 sys=4080)
==> lighter: cpu-sha256 3094 3016 3052  (cpu ms: user=4930 sys=360 user=4860 sys=360 user=4950 sys=340)
==> lighter: container-start 147 149 141
==> lighter: watch-latency 19 2 2
==> lighter: memory peak=4245 after15s=958 after60s=956 (MiB)
==> lighter: net-tcp-egress 89265 85742 77433
==> lighter: net-tcp-egress-r 76320 84826 80472
==> lighter: net-tcp-port 83816 79644 84293
==> lighter: net-tcp-port-r 90603 90899 89066
==> lighter: net-udp 4901 4803 4830
==> lighter: net-connect-rate 16759 16755 16518
==> lighter: net-http-latency 93 64 62
==> lighter: net-dns 40 41 44
==> lighter: power-idle (a minute of quiet, then a minute of samples) cpu=4 ms/s wakeups=66/s pkg-idle-wakeups=1/s (powermetrics)
==> lighter: boot (a cold stop, then a start, 3 times; untimed round first) 1188/1327 1224/1388 1243/1413
==> lighter: memory idle=315 MiB, a minute after a cold start

==> results in benchmarks/results/042-d0fbd11-m5-1-share.csv
scripts/capped.sh: line 24: 87474 Terminated: 15          sleep "$cap"
