[2m2026-09-07T22:45:05.877699Z[0m [32m INFO[0m [2mlighter_vmm::net[0m[2m:[0m network started [3mgateway[0m[2m=[0m"192.168.127.1" [3mguest[0m[2m=[0m"192.168.127.2" [3mmtu[0m[2m=[0m1500
[2m2026-09-07T22:45:05.877855Z[0m [32m INFO[0m [2mlighter_vmm::machine[0m[2m:[0m attached disk [3mpath[0m[2m=[0m/var/folders/t_/gbzzqq_x4hvg4qdrhspkp37m0000gn/T/lighter-rootfs.nRVSsSVV2z.ext4 [3mcapacity_mib[0m[2m=[0m2048 [3mallocated_kib[0m[2m=[0m2097152
[2m2026-09-07T22:45:05.877949Z[0m [32m INFO[0m [2mlighter_vmm::machine[0m[2m:[0m attached disk [3mpath[0m[2m=[0m/var/folders/t_/gbzzqq_x4hvg4qdrhspkp37m0000gn/T/lighter-bench.UZn90rIr7G/data.img [3mcapacity_mib[0m[2m=[0m131072 [3mallocated_kib[0m[2m=[0m0
[2m2026-09-07T22:45:05.878811Z[0m [32m INFO[0m [2mlighter_fs::server[0m[2m:[0m share opened [3mroot[0m[2m=[0m~/.lighter-bench/lighter [3mattr_ms[0m[2m=[0m100 [3mentry_ms[0m[2m=[0m100 [3mdir_entry_ms[0m[2m=[0m1000 [3mwatched[0m[2m=[0mtrue [3mdescriptors[0m[2m=[0m10240
[2m2026-09-07T22:45:05.879370Z[0m [32m INFO[0m [2mlighter_fs::server[0m[2m:[0m share opened [3mroot[0m[2m=[0m/Library/Apple/usr/libexec/oah/RosettaLinux [3mattr_ms[0m[2m=[0m100 [3mentry_ms[0m[2m=[0m100 [3mdir_entry_ms[0m[2m=[0m1000 [3mwatched[0m[2m=[0mtrue [3mdescriptors[0m[2m=[0m10240
[2m2026-09-07T22:45:05.880083Z[0m [32m INFO[0m [2mlighter_vmm::machine[0m[2m:[0m machine started [3mvcpus[0m[2m=[0m8 [3mram_mib[0m[2m=[0m1024 [3mentry[0m[2m=[0m0x40000000 [3mdtb[0m[2m=[0m0x43400000
[2m2026-09-07T22:45:05.880440Z[0m [32m INFO[0m [2mlighter_vmm::vsock_proxy[0m[2m:[0m proxying a socket into the guest [3mpath[0m[2m=[0m/var/folders/t_/gbzzqq_x4hvg4qdrhspkp37m0000gn/T/lighter-bench.UZn90rIr7G/docker.sock [3mguest_port[0m[2m=[0m2375
[2m2026-09-07T22:45:05.880512Z[0m [32m INFO[0m [2mlighter_vmm::vsock_proxy[0m[2m:[0m proxying a socket into the guest [3mpath[0m[2m=[0m/var/folders/t_/gbzzqq_x4hvg4qdrhspkp37m0000gn/T/lighter-bench.UZn90rIr7G/control.sock [3mguest_port[0m[2m=[0m2376
[2m2026-09-07T22:45:05.880593Z[0m [33m WARN[0m [2mlighter_vmm::virtio::mmio[0m[2m:[0m queue notified before the driver was ready [3mdevice[0m[2m=[0m"virtio-vsock" [3mindex[0m[2m=[0m0
[    0.000000] Booting Linux on physical CPU 0x0000000000 [0x610f0000]
[    0.000000] Linux version 6.18.49-lighter (root@cc682f9944e9) (gcc (Debian 12.2.0-14+deb12u1) 12.2.0, GNU ld (GNU Binutils for Debian) 2.40) #1 SMP Mon Sep  7 19:57:38 UTC 2026
[    0.000000] KASLR disabled due to lack of seed
[    0.000000] Machine model: linux,dummy-virt
[    0.000000] efi: UEFI not found.
[    0.000000] OF: reserved mem: Reserved memory: No reserved-memory node in the DT
[    0.000000] NUMA: Faking a node at [mem 0x0000000040000000-0x000000007fffffff]
[    0.000000] NODE_DATA(0) allocated [mem 0x7fe05d00-0x7fe0847f]
[    0.000000] Zone ranges:
[    0.000000]   DMA      [mem 0x0000000040000000-0x000000007fffffff]
[    0.000000]   DMA32    empty
[    0.000000]   Normal   empty
[    0.000000] Movable zone start for each node
[    0.000000] Early memory node ranges
[    0.000000]   node   0: [mem 0x0000000040000000-0x000000007fffffff]
[    0.000000] Initmem setup node 0 [mem 0x0000000040000000-0x000000007fffffff]
[    0.000000] cma: Reserved 32 MiB at 0x000000007cc00000
[    0.000000] psci: probing for conduit method from DT.
[    0.000000] psci: PSCIv1.1 detected in firmware.
[    0.000000] psci: Using standard PSCI v0.2 function IDs
[    0.000000] psci: Trusted OS migration not required
[    0.000000] psci: SMC Calling Convention v1.0
[    0.000000] percpu: Embedded 23 pages/cpu s63320 r0 d30888 u94208
[    0.000000] Detected PIPT I-cache on CPU0
[    0.000000] CPU features: detected: Address authentication (IMP DEF algorithm)
[    0.000000] CPU features: detected: GICv3 CPU interface
[    0.000000] CPU features: detected: Spectre-v4
[    0.000000] CPU features: detected: Spectre-BHB
[    0.000000] alternatives: applying boot alternatives
[    0.000000] Kernel command line: console=ttyAMA0 panic=-1 root=/dev/vda rw init=/sbin/lighter-init psi=0 idle.poll_ns=50000 lighter.time=1788821105 lighter.share=bench:/mnt/bench  lighter.rosetta 
[    0.000000] printk: log buffer data + meta data: 131072 + 458752 = 589824 bytes
[    0.000000] Dentry cache hash table entries: 131072 (order: 8, 1048576 bytes, linear)
[    0.000000] Inode-cache hash table entries: 65536 (order: 7, 524288 bytes, linear)
[    0.000000] software IO TLB: SWIOTLB bounce buffer size adjusted to 1MB
[    0.000000] software IO TLB: area num 8.
[    0.000000] software IO TLB: SWIOTLB bounce buffer size roundup to 2MB
[    0.000000] software IO TLB: mapped [mem 0x000000007c980000-0x000000007cb80000] (2MB)
[    0.000000] Fallback order for Node 0: 0 
[    0.000000] Built 1 zonelists, mobility grouping on.  Total pages: 262144
[    0.000000] Policy zone: DMA
[    0.000000] mem auto-init: stack:off, heap alloc:off, heap free:off
[    0.000000] SLUB: HWalign=64, Order=0-3, MinObjects=0, CPUs=8, Nodes=1
[    0.000000] rcu: Hierarchical RCU implementation.
[    0.000000] rcu: 	RCU event tracing is enabled.
[    0.000000] rcu: 	RCU restricting CPUs from NR_CPUS=512 to nr_cpu_ids=8.
[    0.000000] 	Tracing variant of Tasks RCU enabled.
[    0.000000] rcu: RCU calculated value of scheduler-enlistment delay is 25 jiffies.
[    0.000000] rcu: Adjusting geometry for rcu_fanout_leaf=16, nr_cpu_ids=8
[    0.000000] RCU Tasks Trace: Setting shift to 3 and lim to 1 rcu_task_cb_adjust=1 rcu_task_cpu_ids=8.
[    0.000000] NR_IRQS: 64, nr_irqs: 64, preallocated irqs: 0
[    0.000000] GICv3: 988 SPIs implemented
[    0.000000] GICv3: 0 Extended SPIs implemented
[    0.000000] Root IRQ handler: gic_handle_irq
[    0.000000] GICv3: GICv3 features: 16 PPIs, RSS
[    0.000000] GICv3: GICD_CTLR.DS=1, SCR_EL3.FIQ=0
[    0.000000] GICv3: CPU0: found redistributor 0 region 0:0x00000000080a0000
[    0.000000] rcu: srcu_init: Setting srcu_struct sizes based on contention.
[    0.000000] clocksource: jiffies: mask: 0xffffffff max_cycles: 0xffffffff, max_idle_ns: 7645041785100000 ns
[    0.000000] arch_timer: cp15 timer running at 24.00MHz (virt).
[    0.000000] clocksource: arch_sys_counter: mask: 0xffffffffffffff max_cycles: 0x588fe9dc0, max_idle_ns: 440795202592 ns
[    0.000000] sched_clock: 56 bits at 24MHz, resolution 41ns, wraps every 4398046511097ns
[    0.000079] Console: colour dummy device 80x25
[    0.000103] Calibrating delay loop (skipped), value calculated using timer frequency.. 48.00 BogoMIPS (lpj=96000)
[    0.000104] pid_max: default: 32768 minimum: 301
[    0.000136] LSM: initializing lsm=capability
[    0.000227] Mount-cache hash table entries: 2048 (order: 2, 16384 bytes, linear)
[    0.000231] Mountpoint-cache hash table entries: 2048 (order: 2, 16384 bytes, linear)
[    0.000607] cacheinfo: Unable to detect cache hierarchy for CPU 0
[    0.000834] Apple TSO: available per thread (PR_SET_MEM_MODEL); boot value off
[    0.000876] rcu: Hierarchical SRCU implementation.
[    0.000876] rcu: 	Max phase no-delay instances is 1000.
[    0.000930] Timer migration: 1 hierarchy levels; 8 children per group; 1 crossnode level
[    0.000990] EFI services will not be available.
[    0.001098] smp: Bringing up secondary CPUs ...
[    0.001282] Detected PIPT I-cache on CPU1
[    0.001298] GICv3: CPU1: found redistributor 1 region 0:0x00000000080c0000
[    0.001337] CPU1: Booted secondary processor 0x0000000001 [0x610f0000]
[    0.001616] Detected PIPT I-cache on CPU2
[    0.001631] GICv3: CPU2: found redistributor 2 region 0:0x00000000080e0000
[    0.001672] CPU2: Booted secondary processor 0x0000000002 [0x610f0000]
[    0.001907] Detected PIPT I-cache on CPU3
[    0.001923] GICv3: CPU3: found redistributor 3 region 0:0x0000000008100000
[    0.001962] CPU3: Booted secondary processor 0x0000000003 [0x610f0000]
[    0.002224] Detected PIPT I-cache on CPU4
[    0.002243] GICv3: CPU4: found redistributor 4 region 0:0x0000000008120000
[    0.002284] CPU4: Booted secondary processor 0x0000000004 [0x610f0000]
[    0.002531] Detected PIPT I-cache on CPU5
[    0.002550] GICv3: CPU5: found redistributor 5 region 0:0x0000000008140000
[    0.002589] CPU5: Booted secondary processor 0x0000000005 [0x610f0000]
[    0.002802] Detected PIPT I-cache on CPU6
[    0.002823] GICv3: CPU6: found redistributor 6 region 0:0x0000000008160000
[    0.002862] CPU6: Booted secondary processor 0x0000000006 [0x610f0000]
[    0.003109] Detected PIPT I-cache on CPU7
[    0.003132] GICv3: CPU7: found redistributor 7 region 0:0x0000000008180000
[    0.003171] CPU7: Booted secondary processor 0x0000000007 [0x610f0000]
[    0.003247] smp: Brought up 1 node, 8 CPUs
[    0.003248] SMP: Total of 8 processors activated.
[    0.003248] CPU: All CPU(s) started at EL1
[    0.003258] CPU features: detected: ARMv8.4 Translation Table Level
[    0.003259] CPU features: detected: Data cache clean to the PoU not required for I/D coherence
[    0.003259] CPU features: detected: Common not Private translations
[    0.003260] CPU features: detected: CRC32 instructions
[    0.003260] CPU features: detected: Data independent timing control (DIT)
[    0.003260] CPU features: detected: E0PD
[    0.003261] CPU features: detected: Generic authentication (IMP DEF algorithm)
[    0.003261] CPU features: detected: RCpc load-acquire (LDAPR)
[    0.003262] CPU features: detected: LSE atomic instructions
[    0.003262] CPU features: detected: Privileged Access Never
[    0.003262] CPU features: detected: RAS Extension Support
[    0.003263] CPU features: detected: Speculation barrier (SB)
[    0.003263] CPU features: detected: TLB range maintenance instructions
[    0.003391] alternatives: applying system-wide alternatives
[    0.005745] Memory: 935880K/1048576K available (19008K kernel code, 6390K rwdata, 12684K rodata, 12224K init, 709K bss, 74108K reserved, 32768K cma-reserved)
[    0.005877] devtmpfs: initialized
[    0.006229] posixtimers hash table entries: 4096 (order: 4, 65536 bytes, linear)
[    0.006269] futex hash table entries: 2048 (131072 bytes on 1 NUMA nodes, total 128 KiB, linear).
[    0.006301] 19952 pages in range for non-PLT usage
[    0.006301] 511472 pages in range for PLT usage
[    0.006317] pinctrl core: initialized pinctrl subsystem
[    0.006491] DMI not present or invalid.
[    0.007568] NET: Registered PF_NETLINK/PF_ROUTE protocol family
[    0.007841] DMA: preallocated 128 KiB GFP_KERNEL pool for atomic allocations
[    0.007915] DMA: preallocated 128 KiB GFP_KERNEL|GFP_DMA pool for atomic allocations
[    0.008009] DMA: preallocated 128 KiB GFP_KERNEL|GFP_DMA32 pool for atomic allocations
[    0.008090] thermal_sys: Registered thermal governor 'step_wise'
[    0.008090] thermal_sys: Registered thermal governor 'power_allocator'
[    0.008095] cpuidle: using governor menu
[    0.008107] NET: Registered PF_QIPCRTR protocol family
[    0.008132] hw-breakpoint: found 6 breakpoint and 4 watchpoint registers.
[    0.008251] ASID allocator initialised with 256 entries
[    0.008430] Serial: AMBA PL011 UART driver
[    0.008602] c000000.pl011: ttyAMA0 at MMIO 0xc000000 (irq = 13, base_baud = 0) is a PL011 rev1
[    0.008670] printk: console [ttyAMA0] enabled
[    0.009500] HugeTLB: registered 1.00 GiB page size, pre-allocated 0 pages
[    0.009501] HugeTLB: 0 KiB vmemmap can be freed for a 1.00 GiB page
[    0.009502] HugeTLB: registered 32.0 MiB page size, pre-allocated 0 pages
[    0.009510] HugeTLB: 0 KiB vmemmap can be freed for a 32.0 MiB page
[2m2026-09-07T22:45:05.923331Z[0m [33m WARN[0m [2mlighter_vmm::virtio::mmio[0m[2m:[0m queue notified before the driver was ready [3mdevice[0m[2m=[0m"virtio-vsock" [3mindex[0m[2m=[0m0
[    0.009510] HugeTLB: registered 2.00 MiB page size, pre-allocated 0 pages
[2m2026-09-07T22:45:05.923460Z[0m [33m WARN[0m [2mlighter_vmm::virtio::mmio[0m[2m:[0m queue notified before the driver was ready [3mdevice[0m[2m=[0m"fs" [3mindex[0m[2m=[0m5
[2m2026-09-07T22:45:05.923479Z[0m [32m INFO[0m [2mlighter_fs::cache[0m[2m:[0m cache lifetime set by whether the guest can be told to forget [3minvalidation[0m[2m=[0m"push" [3mattr_ms[0m[2m=[0m20000 [3mentry_ms[0m[2m=[0m20000
[    0.009510] HugeTLB: 0 KiB vmemmap can be freed for a 2.00 MiB page
[2m2026-09-07T22:45:05.923644Z[0m [32m INFO[0m [2mlighter_vmm::virtio::fs[0m[2m:[0m share activated [3mtag[0m[2m=[0mbench [3mroot[0m[2m=[0m~/.lighter-bench/lighter
[    0.009511] HugeTLB: registered 64.0 KiB page size, pre-allocated 0 pages
[    0.009511] HugeTLB: 0 KiB vmemmap can be freed for a 64.0 KiB page
[2m2026-09-07T22:45:05.923910Z[0m [33m WARN[0m [2mlighter_vmm::virtio::mmio[0m[2m:[0m queue notified before the driver was ready [3mdevice[0m[2m=[0m"fs" [3mindex[0m[2m=[0m5
[2m2026-09-07T22:45:05.923919Z[0m [32m INFO[0m [2mlighter_fs::cache[0m[2m:[0m cache lifetime set by whether the guest can be told to forget [3minvalidation[0m[2m=[0m"push" [3mattr_ms[0m[2m=[0m20000 [3mentry_ms[0m[2m=[0m20000
[    0.010614] raid6: skipped pq benchmark and selected neonx8
[2m2026-09-07T22:45:05.924051Z[0m [32m INFO[0m [2mlighter_vmm::virtio::fs[0m[2m:[0m share activated [3mtag[0m[2m=[0mrosetta [3mroot[0m[2m=[0m/Library/Apple/usr/libexec/oah/RosettaLinux
[    0.010615] raid6: using neon recovery algorithm
[    0.010643] ACPI: Interpreter disabled.
[    0.010808] iommu: Default domain type: Translated
[    0.010808] iommu: DMA domain TLB invalidation policy: strict mode
[    0.014558] pps_core: LinuxPPS API ver. 1 registered
[    0.014558] pps_core: Software ver. 5.3.6 - Copyright 2005-2007 Rodolfo Giometti <giometti@linux.it>
[    0.014559] PTP clock support registered
[    0.014569] EDAC MC: Ver: 3.0.0
[    0.014706] scmi_core: SCMI protocol bus registered
[    0.014850] FPGA manager framework
[    0.014994] nfc: nfc_init: NFC Core ver 0.1
[    0.014999] NET: Registered PF_NFC protocol family
[    0.015184] clocksource: Switched to clocksource arch_sys_counter
[    0.015267] VFS: Disk quotas dquot_6.6.0
[    0.015272] VFS: Dquot-cache hash table entries: 512 (order 0, 4096 bytes)
[    0.015477] pnp: PnP ACPI: disabled
[    0.016067] NET: Registered PF_INET protocol family
[    0.016110] IP idents hash table entries: 16384 (order: 5, 131072 bytes, linear)
[    0.016278] tcp_listen_portaddr_hash hash table entries: 512 (order: 1, 8192 bytes, linear)
[    0.016280] Table-perturb hash table entries: 65536 (order: 6, 262144 bytes, linear)
[    0.016282] TCP established hash table entries: 8192 (order: 4, 65536 bytes, linear)
[    0.016302] TCP bind hash table entries: 8192 (order: 6, 262144 bytes, linear)
[    0.016357] TCP: Hash tables configured (established 8192 bind 8192)
[    0.016391] UDP hash table entries: 512 (order: 3, 32768 bytes, linear)
[    0.016399] UDP-Lite hash table entries: 512 (order: 3, 32768 bytes, linear)
[    0.016418] NET: Registered PF_UNIX/PF_LOCAL protocol family
[    0.016737] kvm [1]: HYP mode not available
[    0.016876] Initialise system trusted keyrings
[    0.016964] workingset: timestamp_bits=42 max_order=18 bucket_order=0
[    0.017005] squashfs: version 4.0 (2009/01/31) Phillip Lougher
[    0.017032] fuse: init (API version 7.45)
[    0.017093] SGI XFS with ACLs, security attributes, scrub, repair, no debug enabled
[    0.017301] 9p: Installing v9fs 9p2000 file system support
[    0.023349] NET: Registered PF_ALG protocol family
[    0.023353] xor: measuring software checksum speed
[    0.023524]    8regs           : 19195 MB/sec
[    0.023601]    32regs          : 42725 MB/sec
[    0.023667]    arm64_neon      : 50281 MB/sec
[    0.023667] xor: using function: arm64_neon (50281 MB/sec)
[    0.023674] Key type asymmetric registered
[    0.023674] Asymmetric key parser 'x509' registered
[    0.023679] Block layer SCSI generic (bsg) driver version 0.4 loaded (major 239)
[    0.023680] io scheduler mq-deadline registered
[    0.023680] io scheduler kyber registered
[    0.023683] io scheduler bfq registered
[    0.028223] ledtrig-cpu: registered to indicate activity on CPUs
[    0.028233] IPMI message handler: version 39.2
[    0.028237] ipmi device interface
[    0.028317] ipmi_si: IPMI System Interface driver
[    0.028326] ipmi_si: Unable to find any System Interface(s)
[    0.030087] virtiofs virtio4: discovered new tag: bench
[    0.030541] virtiofs virtio5: discovered new tag: rosetta
[    0.031083] Free page reporting enabled
[    0.031171] virtio_mem virtio8: start address: 0x80000000
[    0.031172] virtio_mem virtio8: region size: 0xc0000000
[    0.031181] virtio_mem virtio8: device block size: 0x8000000
[    0.031182] virtio_mem virtio8: nid: 0
[    0.031183] virtio_mem virtio8: memory block size: 0x8000000
[    0.031183] virtio_mem virtio8: big block size: 0x8000000
[    0.031204] virtio_mem virtio8: plugged size: 0x0
[    0.031204] virtio_mem virtio8: requested size: 0xc0000000
[    0.031826] Fallback order for Node 0: 0 
[    0.031827] Built 1 zonelists, mobility grouping on.  Total pages: 267393
[    0.031828] Policy zone: DMA
[    0.035860] Serial: 8250/16550 driver, 4 ports, IRQ sharing enabled
[    0.036298] msm_serial: driver initialized
[    0.036332] SuperH (H)SCI(F) driver initialized
[    0.036341] STM32 USART driver initialized
[    0.036397] Fallback order for Node 0: 0 
[    0.036398] Built 1 zonelists, mobility grouping on.  Total pages: 490481
[    0.036398] Policy zone: Normal
[    0.036646] random: crng init done
[    0.043203] loop: module loaded
[    0.050462] virtio_blk virtio0: 8/0/0 default/read/poll queues
[    0.050862] virtio_blk virtio0: [vda] 4194304 512-byte logical blocks (2.15 GB/2.00 GiB)
[    0.051966] virtio_blk virtio1: 8/0/0 default/read/poll queues
[    0.052373] virtio_blk virtio1: [vdb] 268435456 512-byte logical blocks (137 GB/128 GiB)
[    0.052629] zram: Added device: zram0
[    0.053268] tun: Universal TUN/TAP device driver, 1.6
[    0.053961] VFIO - User Level meta-driver version: 0.3
[    0.055606]  cs_system_cfg: CoreSight Configuration manager initialised
[    0.055827] gnss: GNSS driver registered with major 503
[    0.056018] GACT probability NOT on
[    0.056026] Mirror/redirect action on
[    0.056306] IPVS: Registered protocols ()
[    0.056315] IPVS: Connection hash table configured (size=4096, memory=32Kbytes)
[    0.056342] IPVS: ipvs loaded.
[    0.056382] Initializing XFRM netlink socket
[    0.056392] NET: Registered PF_INET6 protocol family
[    0.056564] Segment Routing with IPv6
[    0.056566] In-situ OAM (IOAM) with IPv6
[    0.056577] sit: IPv6, IPv4 and MPLS over IPv4 tunneling driver
[    0.056633] NET: Registered PF_PACKET protocol family
[    0.056703] 8021q: 802.1Q VLAN Support v1.8
[    0.056723] 9pnet: Installing 9P2000 support
[    0.056731] Key type dns_resolver registered
[    0.056761] NET: Registered PF_VSOCK protocol family
[    0.058361] registered taskstats version 1
[    0.058400] Loading compiled-in X.509 certificates
[    0.059237] Demotion targets for Node 0: null
[    0.059378] Btrfs loaded, zoned=no, fsverity=no
[    0.059488] clk: Disabling unused clocks
[    0.059490] PM: genpd: Disabling unused power domains
[    0.059763] check access for rdinit=/init failed: -2, ignoring
[    0.064001] EXT4-fs (vda): mounted filesystem b6b766ac-cd49-44a5-aac0-ad1817245fe0 r/w with ordered data mode. Quota mode: none.
[    0.064014] VFS: Mounted root (ext4 filesystem) on device 254:0.
[    0.064205] devtmpfs: mounted
[    0.064954] Freeing unused kernel memory: 12224K
[    0.064985] Run /sbin/lighter-init as init process
INIT clock=2026-09-07T22:45:05Z
INIT filesystems=ok
INIT formatting=/dev/vdb fs=btrfs mkfs=
INIT data_fs=btrfs
INIT data_opts=noatime,nodatacow,commit=30,thread_pool=1
[    0.182085] BTRFS: device label lighter-data devid 1 transid 8 /dev/vdb (254:16) scanned by mount (136)
[    0.182390] BTRFS info (device vdb): first mount of filesystem cccb8580-0aae-4b7e-88a6-71ead69145d8
[    0.182405] BTRFS info (device vdb): using crc32c (crc32c-lib) checksum algorithm
[    0.183266] BTRFS info (device vdb): checking UUID tree
[    0.183372] BTRFS info (device vdb): setting nodatasum
[    0.183374] BTRFS info (device vdb): setting nodatacow
INIT data=mounted[    0.183375] BTRFS info (device vdb): turning on async discard
[    0.183376] BTRFS info (device vdb): enabling free space tree

INIT fstrim=0ms
[    0.191249] zram0: detected capacity change from 0 to 4194304
[    0.194008] Adding 2097148k swap on /dev/zram0.  Priority:100 extents:1 across:2097148k SS
INIT zram=on
[    0.195064] rcu: RCU calculated value of scheduler-enlistment delay is 25 jiffies.
[2m2026-09-07T22:45:06.089590Z[0m [32m INFO[0m [2mlighter_fs::server[0m[2m:[0m filesystem negotiated [3mguest[0m[2m=[0m7.45 [3mmax_write[0m[2m=[0m262144 [3mreaddirplus[0m[2m=[0mtrue [3mcreate_dialect[0m[2m=[0mtrue
INIT binfmt=x86_64 via=rosetta
[2m2026-09-07T22:45:06.090614Z[0m [32m INFO[0m [2mlighter_fs::server[0m[2m:[0m filesystem negotiated [3mguest[0m[2m=[0m7.45 [3mmax_write[0m[2m=[0m262144 [3mreaddirplus[0m[2m=[0mtrue [3mcreate_dialect[0m[2m=[0mtrue
INIT share=bench at=/mnt/bench
INIT dhcp=ok t=0.21
INIT ipv6=ok
INIT dockerd=ready after=100ms t=0.33
AGENT listening port=2376
AGENT tcp-proxy port=15201
AGENT udp-proxy port=15202
AGENT listening port=2375
AGENT inbound port=2378
AGENT udp-proxy port=15202
AGENT udp-inbound
AGENT dns addr=192.168.127.2
AGENT clock=set trip_us=27 attempt=0
INIT streams=on
INIT ready t=0.34
[2m2026-09-07T22:45:13.715002Z[0m [32m INFO[0m [2mlighter_vmm::virtio::mem[0m[2m:[0m virtio-mem offer [3mrequested_mib[0m[2m=[0m512 [3mplugged_mib[0m[2m=[0m3072
[    7.821725] virtio_mem virtio8: plugged size: 0xc0000000
[    7.821739] virtio_mem virtio8: requested size: 0x20000000
[2m2026-09-07T22:45:13.950952Z[0m [32m INFO[0m [2mlighter_vmm::virtio::mem[0m[2m:[0m virtio-mem offer [3mrequested_mib[0m[2m=[0m0 [3mplugged_mib[0m[2m=[0m1280
[    8.057652] virtio_mem virtio8: plugged size: 0x50000000
[    8.057662] virtio_mem virtio8: requested size: 0x0
[    8.078276] Fallback order for Node 0: 0 
[    8.078296] Built 1 zonelists, mobility grouping on.  Total pages: 520084
[    8.078302] Policy zone: Normal
[2m2026-09-07T22:45:21.680481Z[0m [32m INFO[0m [2mlighter_vmm::virtio::mem[0m[2m:[0m virtio-mem offer [3mrequested_mib[0m[2m=[0m3072 [3mplugged_mib[0m[2m=[0m384
[   15.787051] virtio_mem virtio8: plugged size: 0x18000000
[   15.787062] virtio_mem virtio8: requested size: 0xc0000000
[   15.787863] Fallback order for Node 0: 0 
[   15.787875] Built 1 zonelists, mobility grouping on.  Total pages: 358772
[   15.787880] Policy zone: Normal
[   16.091144] docker0: port 1(vethccb7cc8) entered blocking state
[   16.091153] docker0: port 1(vethccb7cc8) entered disabled state
[   16.091159] vethccb7cc8: entered allmulticast mode
[   16.091185] vethccb7cc8: entered promiscuous mode
[   16.097797] eth0: renamed from veth48b22dc
[   16.119959] docker0: port 1(vethccb7cc8) entered blocking state
[   16.119971] docker0: port 1(vethccb7cc8) entered forwarding state
AGENT sockmap=on
[   26.776468] docker0: port 1(vethccb7cc8) entered disabled state
[   26.776542] veth48b22dc: renamed from eth0
[   26.796891] docker0: port 1(vethccb7cc8) entered disabled state
[   26.797215] vethccb7cc8 (unregistering): left allmulticast mode
[   26.797228] vethccb7cc8 (unregistering): left promiscuous mode
[   26.797234] docker0: port 1(vethccb7cc8) entered disabled state
[   27.427293] docker0: port 1(vetha2e0e7d) entered blocking state
[   27.427304] docker0: port 1(vetha2e0e7d) entered disabled state
[   27.427312] vetha2e0e7d: entered allmulticast mode
[   27.427343] vetha2e0e7d: entered promiscuous mode
[   27.431027] eth0: renamed from veth118b949
[   27.431505] docker0: port 1(vetha2e0e7d) entered blocking state
[   27.431519] docker0: port 1(vetha2e0e7d) entered forwarding state
[   34.920660] docker0: port 1(vetha2e0e7d) entered disabled state
[   34.920694] veth118b949: renamed from eth0
[   34.948070] docker0: port 1(vetha2e0e7d) entered disabled state
[   34.948324] vetha2e0e7d (unregistering): left allmulticast mode
[   34.948333] vetha2e0e7d (unregistering): left promiscuous mode
[   34.948338] docker0: port 1(vetha2e0e7d) entered disabled state
[   35.366231] docker0: port 1(veth847d527) entered blocking state
[   35.366242] docker0: port 1(veth847d527) entered disabled state
[   35.366251] veth847d527: entered allmulticast mode
[   35.366270] veth847d527: entered promiscuous mode
[   35.369615] eth0: renamed from veth8985941
[   35.369981] docker0: port 1(veth847d527) entered blocking state
[   35.370019] docker0: port 1(veth847d527) entered forwarding state
[   63.666060] docker0: port 1(veth847d527) entered disabled state
[   63.666206] veth8985941: renamed from eth0
[   63.690032] docker0: port 1(veth847d527) entered disabled state
[   63.690444] veth847d527 (unregistering): left allmulticast mode
[   63.690458] veth847d527 (unregistering): left promiscuous mode
[   63.690464] docker0: port 1(veth847d527) entered disabled state
[   64.231641] docker0: port 1(veth07164cd) entered blocking state
[   64.231652] docker0: port 1(veth07164cd) entered disabled state
[   64.231665] veth07164cd: entered allmulticast mode
[   64.231701] veth07164cd: entered promiscuous mode
[   64.236455] eth0: renamed from veth5431582
[   64.236914] docker0: port 1(veth07164cd) entered blocking state
[   64.236921] docker0: port 1(veth07164cd) entered forwarding state
[   73.880936] docker0: port 1(veth07164cd) entered disabled state
[   73.880977] veth5431582: renamed from eth0
[   73.901652] docker0: port 1(veth07164cd) entered disabled state
[   73.901911] veth07164cd (unregistering): left allmulticast mode
[   73.901921] veth07164cd (unregistering): left promiscuous mode
[   73.901927] docker0: port 1(veth07164cd) entered disabled state
[   74.127984] docker0: port 1(vethad15d8d) entered blocking state
[   74.127995] docker0: port 1(vethad15d8d) entered disabled state
[   74.128006] vethad15d8d: entered allmulticast mode
[   74.128026] vethad15d8d: entered promiscuous mode
[   74.131003] eth0: renamed from veth557523e
[   74.131411] docker0: port 1(vethad15d8d) entered blocking state
[   74.131418] docker0: port 1(vethad15d8d) entered forwarding state
[  100.133577] docker0: port 1(vethad15d8d) entered disabled state
[  100.133612] veth557523e: renamed from eth0
[  100.153536] docker0: port 1(vethad15d8d) entered disabled state
[  100.153825] vethad15d8d (unregistering): left allmulticast mode
[  100.153834] vethad15d8d (unregistering): left promiscuous mode
[  100.153840] docker0: port 1(vethad15d8d) entered disabled state
[  100.681775] docker0: port 1(veth22feb95) entered blocking state
[  100.681785] docker0: port 1(veth22feb95) entered disabled state
[  100.681792] veth22feb95: entered allmulticast mode
[  100.681807] veth22feb95: entered promiscuous mode
[  100.684753] eth0: renamed from veth0549e84
[  100.685127] docker0: port 1(veth22feb95) entered blocking state
[  100.685136] docker0: port 1(veth22feb95) entered forwarding state
[  108.018753] docker0: port 1(veth22feb95) entered disabled state
[  108.018907] veth0549e84: renamed from eth0
[  108.039466] docker0: port 1(veth22feb95) entered disabled state
[  108.039723] veth22feb95 (unregistering): left allmulticast mode
[  108.039732] veth22feb95 (unregistering): left promiscuous mode
[  108.039738] docker0: port 1(veth22feb95) entered disabled state
[  108.361428] docker0: port 1(veth6ab0bd9) entered blocking state
[  108.361439] docker0: port 1(veth6ab0bd9) entered disabled state
[  108.361448] veth6ab0bd9: entered allmulticast mode
[  108.361461] veth6ab0bd9: entered promiscuous mode
[  108.364299] eth0: renamed from veth08d12a4
[  108.364604] docker0: port 1(veth6ab0bd9) entered blocking state
[  108.364611] docker0: port 1(veth6ab0bd9) entered forwarding state
[  133.561367] docker0: port 1(veth6ab0bd9) entered disabled state
[  133.561406] veth08d12a4: renamed from eth0
[  133.579762] docker0: port 1(veth6ab0bd9) entered disabled state
[  133.580014] veth6ab0bd9 (unregistering): left allmulticast mode
[  133.580024] veth6ab0bd9 (unregistering): left promiscuous mode
[  133.580029] docker0: port 1(veth6ab0bd9) entered disabled state
[  133.914075] docker0: port 1(vethbf5b67b) entered blocking state
[  133.914085] docker0: port 1(vethbf5b67b) entered disabled state
[  133.914092] vethbf5b67b: entered allmulticast mode
[  133.914112] vethbf5b67b: entered promiscuous mode
[  133.917068] eth0: renamed from veth8cd7fcd
[  133.917426] docker0: port 1(vethbf5b67b) entered blocking state
[  133.917443] docker0: port 1(vethbf5b67b) entered forwarding state
[  142.627337] docker0: port 1(vethbf5b67b) entered disabled state
[  142.627376] veth8cd7fcd: renamed from eth0
[  142.647919] docker0: port 1(vethbf5b67b) entered disabled state
[  142.648168] vethbf5b67b (unregistering): left allmulticast mode
[  142.648177] vethbf5b67b (unregistering): left promiscuous mode
[  142.648182] docker0: port 1(vethbf5b67b) entered disabled state
[  143.282273] docker0: port 1(veth1d29c12) entered blocking state
[  143.282284] docker0: port 1(veth1d29c12) entered disabled state
[  143.282290] veth1d29c12: entered allmulticast mode
[  143.282308] veth1d29c12: entered promiscuous mode
[  143.285577] eth0: renamed from vethecf4636
[  143.285984] docker0: port 1(veth1d29c12) entered blocking state
[  143.285993] docker0: port 1(veth1d29c12) entered forwarding state
[  144.291947] docker0: port 1(veth1d29c12) entered disabled state
[  144.291981] vethecf4636: renamed from eth0
[  144.312372] docker0: port 1(veth1d29c12) entered disabled state
[  144.312739] veth1d29c12 (unregistering): left allmulticast mode
[  144.312748] veth1d29c12 (unregistering): left promiscuous mode
[  144.312754] docker0: port 1(veth1d29c12) entered disabled state
[  144.436746] docker0: port 1(veth083ecb2) entered blocking state
[  144.436753] docker0: port 1(veth083ecb2) entered disabled state
[  144.436756] veth083ecb2: entered allmulticast mode
[  144.436781] veth083ecb2: entered promiscuous mode
[  144.439739] eth0: renamed from veth9687680
[  144.439958] docker0: port 1(veth083ecb2) entered blocking state
[  144.439965] docker0: port 1(veth083ecb2) entered forwarding state
[  153.062549] docker0: port 1(veth083ecb2) entered disabled state
[  153.062586] veth9687680: renamed from eth0
[  153.089032] docker0: port 1(veth083ecb2) entered disabled state
[  153.089282] veth083ecb2 (unregistering): left allmulticast mode
[  153.089291] veth083ecb2 (unregistering): left promiscuous mode
[  153.089297] docker0: port 1(veth083ecb2) entered disabled state
[  153.954057] docker0: port 1(veth43c89d9) entered blocking state
[  153.954068] docker0: port 1(veth43c89d9) entered disabled state
[  153.954416] veth43c89d9: entered allmulticast mode
[  153.954435] veth43c89d9: entered promiscuous mode
[  153.958206] eth0: renamed from vethd986539
[  153.958613] docker0: port 1(veth43c89d9) entered blocking state
[  153.958620] docker0: port 1(veth43c89d9) entered forwarding state
[  154.375571] docker0: port 1(veth43c89d9) entered disabled state
[  154.375667] vethd986539: renamed from eth0
[  154.403535] docker0: port 1(veth43c89d9) entered disabled state
[  154.403801] veth43c89d9 (unregistering): left allmulticast mode
[  154.403811] veth43c89d9 (unregistering): left promiscuous mode
[  154.403817] docker0: port 1(veth43c89d9) entered disabled state
[  154.548335] docker0: port 1(veth47acd37) entered blocking state
[  154.548344] docker0: port 1(veth47acd37) entered disabled state
[  154.548346] veth47acd37: entered allmulticast mode
[  154.548360] veth47acd37: entered promiscuous mode
[  154.551489] eth0: renamed from veth839cfe4
[  154.551853] docker0: port 1(veth47acd37) entered blocking state
[  154.551860] docker0: port 1(veth47acd37) entered forwarding state
[  163.211640] docker0: port 1(veth47acd37) entered disabled state
[  163.211678] veth839cfe4: renamed from eth0
[  163.231962] docker0: port 1(veth47acd37) entered disabled state
[  163.232229] veth47acd37 (unregistering): left allmulticast mode
[  163.232238] veth47acd37 (unregistering): left promiscuous mode
[  163.232243] docker0: port 1(veth47acd37) entered disabled state
[  164.398041] docker0: port 1(veth2ebcd3e) entered blocking state
[  164.398049] docker0: port 1(veth2ebcd3e) entered disabled state
[  164.398056] veth2ebcd3e: entered allmulticast mode
[  164.398070] veth2ebcd3e: entered promiscuous mode
[  164.401302] eth0: renamed from veth4267b0a
[  164.401569] docker0: port 1(veth2ebcd3e) entered blocking state
[  164.401576] docker0: port 1(veth2ebcd3e) entered forwarding state
[  177.236785] docker0: port 1(veth2ebcd3e) entered disabled state
[  177.236848] veth4267b0a: renamed from eth0
[  177.489587] docker0: port 1(veth2ebcd3e) entered disabled state
[  177.489841] veth2ebcd3e (unregistering): left allmulticast mode
[  177.489849] veth2ebcd3e (unregistering): left promiscuous mode
[  177.489855] docker0: port 1(veth2ebcd3e) entered disabled state
[  178.455134] docker0: port 1(veth219a1c0) entered blocking state
[  178.455144] docker0: port 1(veth219a1c0) entered disabled state
[  178.455151] veth219a1c0: entered allmulticast mode
[  178.455170] veth219a1c0: entered promiscuous mode
[  178.458318] eth0: renamed from veth43e4cda
[  178.458647] docker0: port 1(veth219a1c0) entered blocking state
[  178.458657] docker0: port 1(veth219a1c0) entered forwarding state
[  187.438199] docker0: port 1(veth219a1c0) entered disabled state
[  187.438259] veth43e4cda: renamed from eth0
[  187.448086] docker0: port 1(veth219a1c0) entered disabled state
[  187.448374] veth219a1c0 (unregistering): left allmulticast mode
[  187.448386] veth219a1c0 (unregistering): left promiscuous mode
[  187.448392] docker0: port 1(veth219a1c0) entered disabled state
[  188.803877] docker0: port 1(vethc63ba8f) entered blocking state
[  188.803887] docker0: port 1(vethc63ba8f) entered disabled state
[  188.803896] vethc63ba8f: entered allmulticast mode
[  188.803920] vethc63ba8f: entered promiscuous mode
[  188.807149] eth0: renamed from vethfdd51ab
[  188.807550] docker0: port 1(vethc63ba8f) entered blocking state
[  188.807560] docker0: port 1(vethc63ba8f) entered forwarding state
[  204.876702] docker0: port 1(vethc63ba8f) entered disabled state
[  204.876758] vethfdd51ab: renamed from eth0
[  204.904507] docker0: port 1(vethc63ba8f) entered disabled state
[  204.904810] vethc63ba8f (unregistering): left allmulticast mode
[  204.904819] vethc63ba8f (unregistering): left promiscuous mode
[  204.904825] docker0: port 1(vethc63ba8f) entered disabled state
