[2m2026-09-07T23:09:43.423543Z[0m [32m INFO[0m [2mlighter_vmm::net[0m[2m:[0m network started [3mgateway[0m[2m=[0m"192.168.127.1" [3mguest[0m[2m=[0m"192.168.127.2" [3mmtu[0m[2m=[0m1500
[2m2026-09-07T23:09:43.423687Z[0m [32m INFO[0m [2mlighter_vmm::machine[0m[2m:[0m attached disk [3mpath[0m[2m=[0m/var/folders/t_/gbzzqq_x4hvg4qdrhspkp37m0000gn/T/lighter-rootfs.9Z0Bx5AR3O.ext4 [3mcapacity_mib[0m[2m=[0m2048 [3mallocated_kib[0m[2m=[0m2097152
[2m2026-09-07T23:09:43.423778Z[0m [32m INFO[0m [2mlighter_vmm::machine[0m[2m:[0m attached disk [3mpath[0m[2m=[0m/var/folders/t_/gbzzqq_x4hvg4qdrhspkp37m0000gn/T/lighter-bench.blKU0hLZvN/data.img [3mcapacity_mib[0m[2m=[0m131072 [3mallocated_kib[0m[2m=[0m0
[2m2026-09-07T23:09:43.424697Z[0m [32m INFO[0m [2mlighter_fs::server[0m[2m:[0m share opened [3mroot[0m[2m=[0m~/.lighter-bench/lighter [3mattr_ms[0m[2m=[0m100 [3mentry_ms[0m[2m=[0m100 [3mdir_entry_ms[0m[2m=[0m1000 [3mwatched[0m[2m=[0mtrue [3mdescriptors[0m[2m=[0m10240
[2m2026-09-07T23:09:43.426021Z[0m [32m INFO[0m [2mlighter_fs::server[0m[2m:[0m share opened [3mroot[0m[2m=[0m/Library/Apple/usr/libexec/oah/RosettaLinux [3mattr_ms[0m[2m=[0m100 [3mentry_ms[0m[2m=[0m100 [3mdir_entry_ms[0m[2m=[0m1000 [3mwatched[0m[2m=[0mtrue [3mdescriptors[0m[2m=[0m10240
[2m2026-09-07T23:09:43.430230Z[0m [32m INFO[0m [2mlighter_vmm::machine[0m[2m:[0m machine started [3mvcpus[0m[2m=[0m8 [3mram_mib[0m[2m=[0m1024 [3mentry[0m[2m=[0m0x40000000 [3mdtb[0m[2m=[0m0x43400000
[2m2026-09-07T23:09:43.430631Z[0m [32m INFO[0m [2mlighter_vmm::vsock_proxy[0m[2m:[0m proxying a socket into the guest [3mpath[0m[2m=[0m/var/folders/t_/gbzzqq_x4hvg4qdrhspkp37m0000gn/T/lighter-bench.blKU0hLZvN/docker.sock [3mguest_port[0m[2m=[0m2375
[2m2026-09-07T23:09:43.430715Z[0m [32m INFO[0m [2mlighter_vmm::vsock_proxy[0m[2m:[0m proxying a socket into the guest [3mpath[0m[2m=[0m/var/folders/t_/gbzzqq_x4hvg4qdrhspkp37m0000gn/T/lighter-bench.blKU0hLZvN/control.sock [3mguest_port[0m[2m=[0m2376
[2m2026-09-07T23:09:43.430783Z[0m [33m WARN[0m [2mlighter_vmm::virtio::mmio[0m[2m:[0m queue notified before the driver was ready [3mdevice[0m[2m=[0m"virtio-vsock" [3mindex[0m[2m=[0m0
[    0.000000] Booting Linux on physical CPU 0x0000000000 [0x610f0000]
[    0.000000] Linux version 6.18.49-lighter (root@cc682f9944e9) (gcc (Debian 12.2.0-14+deb12u1) 12.2.0, GNU ld (GNU Binutils for Debian) 2.40) #1 SMP Mon Sep  7 19:57:38 UTC 2026
[    0.000000] KASLR disabled due to lack of seed
[    0.000000] Machine model: linux,dummy-virt
[    0.000000] efi: UEFI not found.
[    0.000000] OF: reserved mem: Reserved memory: No reserved-memory node in the DT
[    0.000000] NUMA: Faking a node at [mem 0x0000000040000000-0x000000007fffffff]
[    0.000000] NODE_DATA(0) allocated [mem 0x7fe05d00-0x7fe0847f]
[    0.000000] Zone ranges:
[    0.000000]   DMA      [mem 0x0000000040000000-0x000000007fffffff]
[    0.000000]   DMA32    empty
[    0.000000]   Normal   empty
[    0.000000] Movable zone start for each node
[    0.000000] Early memory node ranges
[    0.000000]   node   0: [mem 0x0000000040000000-0x000000007fffffff]
[    0.000000] Initmem setup node 0 [mem 0x0000000040000000-0x000000007fffffff]
[    0.000000] cma: Reserved 32 MiB at 0x000000007cc00000
[    0.000000] psci: probing for conduit method from DT.
[    0.000000] psci: PSCIv1.1 detected in firmware.
[    0.000000] psci: Using standard PSCI v0.2 function IDs
[    0.000000] psci: Trusted OS migration not required
[    0.000000] psci: SMC Calling Convention v1.0
[    0.000000] percpu: Embedded 23 pages/cpu s63320 r0 d30888 u94208
[    0.000000] Detected PIPT I-cache on CPU0
[    0.000000] CPU features: detected: Address authentication (IMP DEF algorithm)
[    0.000000] CPU features: detected: GICv3 CPU interface
[    0.000000] CPU features: detected: Spectre-v4
[    0.000000] CPU features: detected: Spectre-BHB
[    0.000000] alternatives: applying boot alternatives
[    0.000000] Kernel command line: console=ttyAMA0 panic=-1 root=/dev/vda rw init=/sbin/lighter-init psi=0 idle.poll_ns=50000 lighter.time=1788822582 lighter.share=bench:/mnt/bench  lighter.rosetta 
[    0.000000] printk: log buffer data + meta data: 131072 + 458752 = 589824 bytes
[    0.000000] Dentry cache hash table entries: 131072 (order: 8, 1048576 bytes, linear)
[    0.000000] Inode-cache hash table entries: 65536 (order: 7, 524288 bytes, linear)
[    0.000000] software IO TLB: SWIOTLB bounce buffer size adjusted to 1MB
[    0.000000] software IO TLB: area num 8.
[    0.000000] software IO TLB: SWIOTLB bounce buffer size roundup to 2MB
[    0.000000] software IO TLB: mapped [mem 0x000000007c980000-0x000000007cb80000] (2MB)
[    0.000000] Fallback order for Node 0: 0 
[    0.000000] Built 1 zonelists, mobility grouping on.  Total pages: 262144
[    0.000000] Policy zone: DMA
[    0.000000] mem auto-init: stack:off, heap alloc:off, heap free:off
[    0.000000] SLUB: HWalign=64, Order=0-3, MinObjects=0, CPUs=8, Nodes=1
[    0.000000] rcu: Hierarchical RCU implementation.
[    0.000000] rcu: 	RCU event tracing is enabled.
[    0.000000] rcu: 	RCU restricting CPUs from NR_CPUS=512 to nr_cpu_ids=8.
[    0.000000] 	Tracing variant of Tasks RCU enabled.
[    0.000000] rcu: RCU calculated value of scheduler-enlistment delay is 25 jiffies.
[    0.000000] rcu: Adjusting geometry for rcu_fanout_leaf=16, nr_cpu_ids=8
[    0.000000] RCU Tasks Trace: Setting shift to 3 and lim to 1 rcu_task_cb_adjust=1 rcu_task_cpu_ids=8.
[    0.000000] NR_IRQS: 64, nr_irqs: 64, preallocated irqs: 0
[    0.000000] GICv3: 988 SPIs implemented
[    0.000000] GICv3: 0 Extended SPIs implemented
[    0.000000] Root IRQ handler: gic_handle_irq
[    0.000000] GICv3: GICv3 features: 16 PPIs, RSS
[    0.000000] GICv3: GICD_CTLR.DS=1, SCR_EL3.FIQ=0
[    0.000000] GICv3: CPU0: found redistributor 0 region 0:0x00000000080a0000
[    0.000000] rcu: srcu_init: Setting srcu_struct sizes based on contention.
[    0.000000] clocksource: jiffies: mask: 0xffffffff max_cycles: 0xffffffff, max_idle_ns: 7645041785100000 ns
[    0.000000] arch_timer: cp15 timer running at 24.00MHz (virt).
[    0.000000] clocksource: arch_sys_counter: mask: 0xffffffffffffff max_cycles: 0x588fe9dc0, max_idle_ns: 440795202592 ns
[    0.000000] sched_clock: 56 bits at 24MHz, resolution 41ns, wraps every 4398046511097ns
[    0.000079] Console: colour dummy device 80x25
[    0.000103] Calibrating delay loop (skipped), value calculated using timer frequency.. 48.00 BogoMIPS (lpj=96000)
[    0.000104] pid_max: default: 32768 minimum: 301
[    0.000132] LSM: initializing lsm=capability
[    0.000216] Mount-cache hash table entries: 2048 (order: 2, 16384 bytes, linear)
[    0.000219] Mountpoint-cache hash table entries: 2048 (order: 2, 16384 bytes, linear)
[    0.000569] cacheinfo: Unable to detect cache hierarchy for CPU 0
[    0.000758] Apple TSO: available per thread (PR_SET_MEM_MODEL); boot value off
[    0.000789] rcu: Hierarchical SRCU implementation.
[    0.000790] rcu: 	Max phase no-delay instances is 1000.
[    0.000843] Timer migration: 1 hierarchy levels; 8 children per group; 1 crossnode level
[    0.000904] EFI services will not be available.
[    0.001011] smp: Bringing up secondary CPUs ...
[    0.001181] Detected PIPT I-cache on CPU1
[    0.001194] GICv3: CPU1: found redistributor 1 region 0:0x00000000080c0000
[    0.001233] CPU1: Booted secondary processor 0x0000000001 [0x610f0000]
[    0.001485] Detected PIPT I-cache on CPU2
[    0.001498] GICv3: CPU2: found redistributor 2 region 0:0x00000000080e0000
[    0.001537] CPU2: Booted secondary processor 0x0000000002 [0x610f0000]
[    0.001767] Detected PIPT I-cache on CPU3
[    0.001785] GICv3: CPU3: found redistributor 3 region 0:0x0000000008100000
[    0.001826] CPU3: Booted secondary processor 0x0000000003 [0x610f0000]
[    0.002078] Detected PIPT I-cache on CPU4
[    0.002095] GICv3: CPU4: found redistributor 4 region 0:0x0000000008120000
[    0.002135] CPU4: Booted secondary processor 0x0000000004 [0x610f0000]
[    0.002372] Detected PIPT I-cache on CPU5
[    0.002391] GICv3: CPU5: found redistributor 5 region 0:0x0000000008140000
[    0.002429] CPU5: Booted secondary processor 0x0000000005 [0x610f0000]
[    0.002654] Detected PIPT I-cache on CPU6
[    0.002675] GICv3: CPU6: found redistributor 6 region 0:0x0000000008160000
[    0.002713] CPU6: Booted secondary processor 0x0000000006 [0x610f0000]
[    0.002958] Detected PIPT I-cache on CPU7
[    0.002980] GICv3: CPU7: found redistributor 7 region 0:0x0000000008180000
[    0.003019] CPU7: Booted secondary processor 0x0000000007 [0x610f0000]
[    0.003097] smp: Brought up 1 node, 8 CPUs
[    0.003099] SMP: Total of 8 processors activated.
[    0.003099] CPU: All CPU(s) started at EL1
[    0.003109] CPU features: detected: ARMv8.4 Translation Table Level
[    0.003109] CPU features: detected: Data cache clean to the PoU not required for I/D coherence
[    0.003109] CPU features: detected: Common not Private translations
[    0.003110] CPU features: detected: CRC32 instructions
[    0.003110] CPU features: detected: Data independent timing control (DIT)
[    0.003110] CPU features: detected: E0PD
[    0.003111] CPU features: detected: Generic authentication (IMP DEF algorithm)
[    0.003111] CPU features: detected: RCpc load-acquire (LDAPR)
[    0.003112] CPU features: detected: LSE atomic instructions
[    0.003112] CPU features: detected: Privileged Access Never
[    0.003112] CPU features: detected: RAS Extension Support
[    0.003113] CPU features: detected: Speculation barrier (SB)
[    0.003113] CPU features: detected: TLB range maintenance instructions
[    0.003318] alternatives: applying system-wide alternatives
[    0.005729] Memory: 935880K/1048576K available (19008K kernel code, 6390K rwdata, 12684K rodata, 12224K init, 709K bss, 74108K reserved, 32768K cma-reserved)
[    0.005866] devtmpfs: initialized
[    0.006192] posixtimers hash table entries: 4096 (order: 4, 65536 bytes, linear)
[    0.006229] futex hash table entries: 2048 (131072 bytes on 1 NUMA nodes, total 128 KiB, linear).
[    0.006261] 19952 pages in range for non-PLT usage
[    0.006264] 511472 pages in range for PLT usage
[    0.006278] pinctrl core: initialized pinctrl subsystem
[    0.006462] DMI not present or invalid.
[    0.007610] NET: Registered PF_NETLINK/PF_ROUTE protocol family
[    0.007868] DMA: preallocated 128 KiB GFP_KERNEL pool for atomic allocations
[    0.007942] DMA: preallocated 128 KiB GFP_KERNEL|GFP_DMA pool for atomic allocations
[    0.008038] DMA: preallocated 128 KiB GFP_KERNEL|GFP_DMA32 pool for atomic allocations
[    0.008117] thermal_sys: Registered thermal governor 'step_wise'
[    0.008117] thermal_sys: Registered thermal governor 'power_allocator'
[    0.008122] cpuidle: using governor menu
[    0.008134] NET: Registered PF_QIPCRTR protocol family
[    0.008157] hw-breakpoint: found 6 breakpoint and 4 watchpoint registers.
[    0.008272] ASID allocator initialised with 256 entries
[    0.008446] Serial: AMBA PL011 UART driver
[    0.008620] c000000.pl011: ttyAMA0 at MMIO 0xc000000 (irq = 13, base_baud = 0) is a PL011 rev1
[    0.008678] printk: console [ttyAMA0] enabled
[    0.009519] HugeTLB: registered 1.00 GiB page size, pre-allocated 0 pages
[    0.009520] HugeTLB: 0 KiB vmemmap can be freed for a 1.00 GiB page
[    0.009520] HugeTLB: registered 32.0 MiB page size, pre-allocated 0 pages
[    0.009525] HugeTLB: 0 KiB vmemmap can be freed for a 32.0 MiB page
[    0.009525] HugeTLB: registered 2.00 MiB page size, pre-allocated 0 pages
[    0.009525] HugeTLB: 0 KiB vmemmap can be freed for a 2.00 MiB page
[2m2026-09-07T23:09:43.473678Z[0m [33m WARN[0m [2mlighter_vmm::virtio::mmio[0m[2m:[0m queue notified before the driver was ready [3mdevice[0m[2m=[0m"virtio-vsock" [3mindex[0m[2m=[0m0
[    0.009526] HugeTLB: registered 64.0 KiB page size, pre-allocated 0 pages
[2m2026-09-07T23:09:43.473832Z[0m [33m WARN[0m [2mlighter_vmm::virtio::mmio[0m[2m:[0m queue notified before the driver was ready [3mdevice[0m[2m=[0m"fs" [3mindex[0m[2m=[0m5
[2m2026-09-07T23:09:43.473856Z[0m [32m INFO[0m [2mlighter_fs::cache[0m[2m:[0m cache lifetime set by whether the guest can be told to forget [3minvalidation[0m[2m=[0m"push" [3mattr_ms[0m[2m=[0m20000 [3mentry_ms[0m[2m=[0m20000
[    0.009526] HugeTLB: 0 KiB vmemmap can be freed for a 64.0 KiB page
[2m2026-09-07T23:09:43.474009Z[0m [32m INFO[0m [2mlighter_vmm::virtio::fs[0m[2m:[0m share activated [3mtag[0m[2m=[0mbench [3mroot[0m[2m=[0m~/.lighter-bench/lighter
[    0.010574] raid6: skipped pq benchmark and selected neonx8
[2m2026-09-07T23:09:43.474269Z[0m [33m WARN[0m [2mlighter_vmm::virtio::mmio[0m[2m:[0m queue notified before the driver was ready [3mdevice[0m[2m=[0m"fs" [3mindex[0m[2m=[0m5
[2m2026-09-07T23:09:43.474278Z[0m [32m INFO[0m [2mlighter_fs::cache[0m[2m:[0m cache lifetime set by whether the guest can be told to forget [3minvalidation[0m[2m=[0m"push" [3mattr_ms[0m[2m=[0m20000 [3mentry_ms[0m[2m=[0m20000
[    0.010575] raid6: using neon recovery algorithm
[    0.010604] ACPI: Interpreter disabled.
[2m2026-09-07T23:09:43.474410Z[0m [32m INFO[0m [2mlighter_vmm::virtio::fs[0m[2m:[0m share activated [3mtag[0m[2m=[0mrosetta [3mroot[0m[2m=[0m/Library/Apple/usr/libexec/oah/RosettaLinux
[    0.010772] iommu: Default domain type: Translated
[    0.010772] iommu: DMA domain TLB invalidation policy: strict mode
[    0.014753] pps_core: LinuxPPS API ver. 1 registered
[    0.014754] pps_core: Software ver. 5.3.6 - Copyright 2005-2007 Rodolfo Giometti <giometti@linux.it>
[    0.014755] PTP clock support registered
[    0.014764] EDAC MC: Ver: 3.0.0
[    0.014904] scmi_core: SCMI protocol bus registered
[    0.015059] FPGA manager framework
[    0.015225] nfc: nfc_init: NFC Core ver 0.1
[    0.015232] NET: Registered PF_NFC protocol family
[    0.015413] clocksource: Switched to clocksource arch_sys_counter
[    0.015507] VFS: Disk quotas dquot_6.6.0
[    0.015513] VFS: Dquot-cache hash table entries: 512 (order 0, 4096 bytes)
[    0.015654] pnp: PnP ACPI: disabled
[    0.016156] NET: Registered PF_INET protocol family
[    0.016195] IP idents hash table entries: 16384 (order: 5, 131072 bytes, linear)
[    0.016362] tcp_listen_portaddr_hash hash table entries: 512 (order: 1, 8192 bytes, linear)
[    0.016364] Table-perturb hash table entries: 65536 (order: 6, 262144 bytes, linear)
[    0.016366] TCP established hash table entries: 8192 (order: 4, 65536 bytes, linear)
[    0.016381] TCP bind hash table entries: 8192 (order: 6, 262144 bytes, linear)
[    0.016442] TCP: Hash tables configured (established 8192 bind 8192)
[    0.016487] UDP hash table entries: 512 (order: 3, 32768 bytes, linear)
[    0.016494] UDP-Lite hash table entries: 512 (order: 3, 32768 bytes, linear)
[    0.016513] NET: Registered PF_UNIX/PF_LOCAL protocol family
[    0.016869] kvm [1]: HYP mode not available
[    0.016973] Initialise system trusted keyrings
[    0.017081] workingset: timestamp_bits=42 max_order=18 bucket_order=0
[    0.017125] squashfs: version 4.0 (2009/01/31) Phillip Lougher
[    0.017153] fuse: init (API version 7.45)
[    0.017224] SGI XFS with ACLs, security attributes, scrub, repair, no debug enabled
[    0.017394] 9p: Installing v9fs 9p2000 file system support
[    0.023419] NET: Registered PF_ALG protocol family
[    0.023424] xor: measuring software checksum speed
[    0.023597]    8regs           : 18937 MB/sec
[    0.023675]    32regs          : 42609 MB/sec
[    0.023741]    arm64_neon      : 50281 MB/sec
[    0.023741] xor: using function: arm64_neon (50281 MB/sec)
[    0.023750] Key type asymmetric registered
[    0.023751] Asymmetric key parser 'x509' registered
[    0.023756] Block layer SCSI generic (bsg) driver version 0.4 loaded (major 239)
[    0.023756] io scheduler mq-deadline registered
[    0.023757] io scheduler kyber registered
[    0.023760] io scheduler bfq registered
[    0.028448] ledtrig-cpu: registered to indicate activity on CPUs
[    0.028456] IPMI message handler: version 39.2
[    0.028459] ipmi device interface
[    0.028540] ipmi_si: IPMI System Interface driver
[    0.028549] ipmi_si: Unable to find any System Interface(s)
[    0.030401] virtiofs virtio4: discovered new tag: bench
[    0.030853] virtiofs virtio5: discovered new tag: rosetta
[    0.031467] Free page reporting enabled
[    0.031555] virtio_mem virtio8: start address: 0x80000000
[    0.031555] virtio_mem virtio8: region size: 0xc0000000
[    0.031556] virtio_mem virtio8: device block size: 0x8000000
[    0.031556] virtio_mem virtio8: nid: 0
[    0.031557] virtio_mem virtio8: memory block size: 0x8000000
[    0.031557] virtio_mem virtio8: big block size: 0x8000000
[    0.031577] virtio_mem virtio8: plugged size: 0x0
[    0.031578] virtio_mem virtio8: requested size: 0xc0000000
[    0.032200] Fallback order for Node 0: 0 
[    0.032201] Built 1 zonelists, mobility grouping on.  Total pages: 267393
[    0.032202] Policy zone: DMA
[    0.036155] Serial: 8250/16550 driver, 4 ports, IRQ sharing enabled
[    0.036566] msm_serial: driver initialized
[    0.036595] SuperH (H)SCI(F) driver initialized
[    0.036605] STM32 USART driver initialized
[    0.036745] Fallback order for Node 0: 0 
[    0.036747] Built 1 zonelists, mobility grouping on.  Total pages: 490481
[    0.036747] Policy zone: Normal
[    0.036929] random: crng init done
[    0.040848] loop: module loaded
[    0.050727] virtio_blk virtio0: 8/0/0 default/read/poll queues
[    0.051119] virtio_blk virtio0: [vda] 4194304 512-byte logical blocks (2.15 GB/2.00 GiB)
[    0.052118] virtio_blk virtio1: 8/0/0 default/read/poll queues
[    0.052502] virtio_blk virtio1: [vdb] 268435456 512-byte logical blocks (137 GB/128 GiB)
[    0.052746] zram: Added device: zram0
[    0.053386] tun: Universal TUN/TAP device driver, 1.6
[    0.054067] VFIO - User Level meta-driver version: 0.3
[    0.055712]  cs_system_cfg: CoreSight Configuration manager initialised
[    0.055924] gnss: GNSS driver registered with major 503
[    0.056116] GACT probability NOT on
[    0.056123] Mirror/redirect action on
[    0.056436] IPVS: Registered protocols ()
[    0.056447] IPVS: Connection hash table configured (size=4096, memory=32Kbytes)
[    0.056472] IPVS: ipvs loaded.
[    0.056510] Initializing XFRM netlink socket
[    0.056520] NET: Registered PF_INET6 protocol family
[    0.056701] Segment Routing with IPv6
[    0.056703] In-situ OAM (IOAM) with IPv6
[    0.056713] sit: IPv6, IPv4 and MPLS over IPv4 tunneling driver
[    0.056772] NET: Registered PF_PACKET protocol family
[    0.056825] 8021q: 802.1Q VLAN Support v1.8
[    0.056846] 9pnet: Installing 9P2000 support
[    0.056852] Key type dns_resolver registered
[    0.056878] NET: Registered PF_VSOCK protocol family
[    0.058483] registered taskstats version 1
[    0.058528] Loading compiled-in X.509 certificates
[    0.059367] Demotion targets for Node 0: null
[    0.059527] Btrfs loaded, zoned=no, fsverity=no
[    0.059627] clk: Disabling unused clocks
[    0.059629] PM: genpd: Disabling unused power domains
[    0.059927] check access for rdinit=/init failed: -2, ignoring
[    0.065658] EXT4-fs (vda): mounted filesystem b6b766ac-cd49-44a5-aac0-ad1817245fe0 r/w with ordered data mode. Quota mode: none.
[    0.065674] VFS: Mounted root (ext4 filesystem) on device 254:0.
[    0.065856] devtmpfs: mounted
[    0.066600] Freeing unused kernel memory: 12224K
[    0.066631] Run /sbin/lighter-init as init process
INIT clock=2026-09-07T23:09:42Z
INIT filesystems=ok
INIT formatting=/dev/vdb fs=btrfs mkfs=
INIT data_fs=btrfs
INIT data_opts=noatime,nodatacow,commit=30,thread_pool=1
[    0.157890] BTRFS: device label lighter-data devid 1 transid 8 /dev/vdb (254:16) scanned by mount (137)
[    0.158135] BTRFS info (device vdb): first mount of filesystem b5eddc0f-8f00-47c0-a571-67d55a8f6bcf
[    0.158150] BTRFS info (device vdb): using crc32c (crc32c-lib) checksum algorithm
[    0.158942] BTRFS info (device vdb): checking UUID tree
[    0.159038] BTRFS info (device vdb): setting nodatasum
[    0.159040] BTRFS info (device vdb): setting nodatacow
INIT data=mounted[    0.159040] BTRFS info (device vdb): turning on async discard
[    0.159041] BTRFS info (device vdb): enabling free space tree

INIT fstrim=10ms
[    0.166449] zram0: detected capacity change from 0 to 4194304
[    0.169307] Adding 2097148k swap on /dev/zram0.  Priority:100 extents:1 across:2097148k SS
INIT zram=on
[    0.170300] rcu: RCU calculated value of scheduler-enlistment delay is 25 jiffies.
[2m2026-09-07T23:09:43.614888Z[0m [32m INFO[0m [2mlighter_fs::server[0m[2m:[0m filesystem negotiated [3mguest[0m[2m=[0m7.45 [3mmax_write[0m[2m=[0m262144 [3mreaddirplus[0m[2m=[0mtrue [3mcreate_dialect[0m[2m=[0mtrue
INIT binfmt=x86_64 via=rosetta
[2m2026-09-07T23:09:43.615982Z[0m [32m INFO[0m [2mlighter_fs::server[0m[2m:[0m filesystem negotiated [3mguest[0m[2m=[0m7.45 [3mmax_write[0m[2m=[0m262144 [3mreaddirplus[0m[2m=[0mtrue [3mcreate_dialect[0m[2m=[0mtrue
INIT share=bench at=/mnt/bench
INIT dhcp=ok t=0.18
INIT ipv6=ok
INIT dockerd=ready after=100ms t=0.31
AGENT listening port=2375
AGENT listening port=2376
AGENT inbound port=2378
AGENT tcp-proxy port=15201
AGENT dns addr=192.168.127.2
AGENT udp-inbound
AGENT udp-proxy port=15202
AGENT clock=set trip_us=49 attempt=0
AGENT udp-proxy port=15202
INIT streams=on
INIT ready t=0.32
[2m2026-09-07T23:09:51.233250Z[0m [32m INFO[0m [2mlighter_vmm::virtio::mem[0m[2m:[0m virtio-mem offer [3mrequested_mib[0m[2m=[0m384 [3mplugged_mib[0m[2m=[0m3072
[    7.789882] virtio_mem virtio8: plugged size: 0xc0000000
[    7.789896] virtio_mem virtio8: requested size: 0x18000000
[2m2026-09-07T23:09:51.484048Z[0m [32m INFO[0m [2mlighter_vmm::virtio::mem[0m[2m:[0m virtio-mem offer [3mrequested_mib[0m[2m=[0m0 [3mplugged_mib[0m[2m=[0m1280
[    8.048810] Fallback order for Node 0: 0 
[    8.048823] Built 1 zonelists, mobility grouping on.  Total pages: 520084
[    8.048829] Policy zone: Normal
[    8.048978] virtio_mem virtio8: plugged size: 0x50000000
[    8.048979] virtio_mem virtio8: requested size: 0x0
[2m2026-09-07T23:09:57.791387Z[0m [32m INFO[0m [2mlighter_vmm::virtio::mem[0m[2m:[0m virtio-mem offer [3mrequested_mib[0m[2m=[0m3072 [3mplugged_mib[0m[2m=[0m384
[   14.347874] virtio_mem virtio8: plugged size: 0x18000000
[   14.347885] virtio_mem virtio8: requested size: 0xc0000000
[   14.348551] Fallback order for Node 0: 0 
[   14.348560] Built 1 zonelists, mobility grouping on.  Total pages: 358772
[   14.348565] Policy zone: Normal
[   14.729940] docker0: port 1(veth58dbeb6) entered blocking state
[   14.729954] docker0: port 1(veth58dbeb6) entered disabled state
[   14.729962] veth58dbeb6: entered allmulticast mode
[   14.729981] veth58dbeb6: entered promiscuous mode
[   14.734459] eth0: renamed from vethc1ef00a
[   14.734868] docker0: port 1(veth58dbeb6) entered blocking state
[   14.734878] docker0: port 1(veth58dbeb6) entered forwarding state
AGENT sockmap=on
[   33.967680] docker0: port 1(veth58dbeb6) entered disabled state
[   33.967715] vethc1ef00a: renamed from eth0
[   33.988272] docker0: port 1(veth58dbeb6) entered disabled state
[   33.988520] veth58dbeb6 (unregistering): left allmulticast mode
[   33.988529] veth58dbeb6 (unregistering): left promiscuous mode
[   33.988535] docker0: port 1(veth58dbeb6) entered disabled state
[   34.473422] docker0: port 1(veth58483d3) entered blocking state
[   34.473434] docker0: port 1(veth58483d3) entered disabled state
[   34.473442] veth58483d3: entered allmulticast mode
[   34.473463] veth58483d3: entered promiscuous mode
[   34.477468] eth0: renamed from veth7ecb9e4
[   34.477671] docker0: port 1(veth58483d3) entered blocking state
[   34.477682] docker0: port 1(veth58483d3) entered forwarding state
[   45.193299] docker0: port 1(veth58483d3) entered disabled state
[   45.193332] veth7ecb9e4: renamed from eth0
[   45.212331] docker0: port 1(veth58483d3) entered disabled state
[   45.212620] veth58483d3 (unregistering): left allmulticast mode
[   45.212634] veth58483d3 (unregistering): left promiscuous mode
[   45.212640] docker0: port 1(veth58483d3) entered disabled state
[   45.594118] docker0: port 1(vetha679686) entered blocking state
[   45.594126] docker0: port 1(vetha679686) entered disabled state
[   45.594129] vetha679686: entered allmulticast mode
[   45.594144] vetha679686: entered promiscuous mode
[   45.597643] eth0: renamed from vethca6e150
[   45.597985] docker0: port 1(vetha679686) entered blocking state
[   45.597995] docker0: port 1(vetha679686) entered forwarding state
[   94.604654] docker0: port 1(vetha679686) entered disabled state
[   94.604688] vethca6e150: renamed from eth0
[   94.619866] docker0: port 1(vetha679686) entered disabled state
[   94.620127] vetha679686 (unregistering): left allmulticast mode
[   94.620137] vetha679686 (unregistering): left promiscuous mode
[   94.620142] docker0: port 1(vetha679686) entered disabled state
[   95.579688] docker0: port 1(veth1f71eeb) entered blocking state
[   95.579698] docker0: port 1(veth1f71eeb) entered disabled state
[   95.579704] veth1f71eeb: entered allmulticast mode
[   95.579722] veth1f71eeb: entered promiscuous mode
[   95.582543] eth0: renamed from veth4e5f68d
[   95.583438] docker0: port 1(veth1f71eeb) entered blocking state
[   95.583455] docker0: port 1(veth1f71eeb) entered forwarding state
[  109.795540] docker0: port 1(veth1f71eeb) entered disabled state
[  109.795574] veth4e5f68d: renamed from eth0
[  109.831661] docker0: port 1(veth1f71eeb) entered disabled state
[  109.831932] veth1f71eeb (unregistering): left allmulticast mode
[  109.831942] veth1f71eeb (unregistering): left promiscuous mode
[  109.831947] docker0: port 1(veth1f71eeb) entered disabled state
[  110.104691] docker0: port 1(veth78b2cc5) entered blocking state
[  110.104705] docker0: port 1(veth78b2cc5) entered disabled state
[  110.104714] veth78b2cc5: entered allmulticast mode
[  110.104735] veth78b2cc5: entered promiscuous mode
[  110.109442] eth0: renamed from veth1b4a490
[  110.109807] docker0: port 1(veth78b2cc5) entered blocking state
[  110.109818] docker0: port 1(veth78b2cc5) entered forwarding state
[  131.995146] docker0: port 1(veth78b2cc5) entered disabled state
[  131.995178] veth1b4a490: renamed from eth0
[  132.023976] docker0: port 1(veth78b2cc5) entered disabled state
[  132.024257] veth78b2cc5 (unregistering): left allmulticast mode
[  132.024267] veth78b2cc5 (unregistering): left promiscuous mode
[  132.024273] docker0: port 1(veth78b2cc5) entered disabled state
[  134.325002] docker0: port 1(veth3c2b10b) entered blocking state
[  134.325013] docker0: port 1(veth3c2b10b) entered disabled state
[  134.325020] veth3c2b10b: entered allmulticast mode
[  134.325039] veth3c2b10b: entered promiscuous mode
[  134.328728] eth0: renamed from veth07f835e
[  134.329134] docker0: port 1(veth3c2b10b) entered blocking state
[  134.329144] docker0: port 1(veth3c2b10b) entered forwarding state
[  134.370443] docker0: port 1(veth3c2b10b) entered disabled state
[  134.370517] veth07f835e: renamed from eth0
[  134.396154] docker0: port 1(veth3c2b10b) entered disabled state
[  134.396423] veth3c2b10b (unregistering): left allmulticast mode
[  134.396433] veth3c2b10b (unregistering): left promiscuous mode
[  134.396439] docker0: port 1(veth3c2b10b) entered disabled state
[  134.639671] docker0: port 1(veth1e65fd5) entered blocking state
[  134.639682] docker0: port 1(veth1e65fd5) entered disabled state
[  134.639694] veth1e65fd5: entered allmulticast mode
[  134.639712] veth1e65fd5: entered promiscuous mode
[  134.643293] eth0: renamed from veth863d071
[  134.643703] docker0: port 1(veth1e65fd5) entered blocking state
[  134.643713] docker0: port 1(veth1e65fd5) entered forwarding state
[  134.686813] docker0: port 1(veth1e65fd5) entered disabled state
[  134.686844] veth863d071: renamed from eth0
[  134.708434] docker0: port 1(veth1e65fd5) entered disabled state
[  134.708740] veth1e65fd5 (unregistering): left allmulticast mode
[  134.708749] veth1e65fd5 (unregistering): left promiscuous mode
[  134.708755] docker0: port 1(veth1e65fd5) entered disabled state
[  134.864677] docker0: port 1(veth7b87268) entered blocking state
[  134.864687] docker0: port 1(veth7b87268) entered disabled state
[  134.864694] veth7b87268: entered allmulticast mode
[  134.864712] veth7b87268: entered promiscuous mode
[  134.868457] eth0: renamed from veth2c17007
[  134.868888] docker0: port 1(veth7b87268) entered blocking state
[  134.868898] docker0: port 1(veth7b87268) entered forwarding state
[  134.903159] docker0: port 1(veth7b87268) entered disabled state
[  134.903199] veth2c17007: renamed from eth0
[  134.927386] docker0: port 1(veth7b87268) entered disabled state
[  134.927676] veth7b87268 (unregistering): left allmulticast mode
[  134.927686] veth7b87268 (unregistering): left promiscuous mode
[  134.927691] docker0: port 1(veth7b87268) entered disabled state
[  135.065153] docker0: port 1(veth68835d9) entered blocking state
[  135.065164] docker0: port 1(veth68835d9) entered disabled state
[  135.065171] veth68835d9: entered allmulticast mode
[  135.065189] veth68835d9: entered promiscuous mode
[  135.068576] eth0: renamed from vethbeb10ef
[  135.068932] docker0: port 1(veth68835d9) entered blocking state
[  135.068942] docker0: port 1(veth68835d9) entered forwarding state
[  135.103470] vethbeb10ef: renamed from eth0
[  135.120817] docker0: port 1(veth68835d9) entered disabled state
[  135.123362] docker0: port 1(veth68835d9) entered disabled state
[  135.123660] veth68835d9 (unregistering): left allmulticast mode
[  135.123673] veth68835d9 (unregistering): left promiscuous mode
[  135.123680] docker0: port 1(veth68835d9) entered disabled state
