[2m2026-09-07T23:30:01.910362Z[0m [32m INFO[0m [2mlighter_vmm::net[0m[2m:[0m network started [3mgateway[0m[2m=[0m"192.168.127.1" [3mguest[0m[2m=[0m"192.168.127.2" [3mmtu[0m[2m=[0m1500
[2m2026-09-07T23:30:01.910520Z[0m [32m INFO[0m [2mlighter_vmm::machine[0m[2m:[0m attached disk [3mpath[0m[2m=[0m/var/folders/t_/gbzzqq_x4hvg4qdrhspkp37m0000gn/T/lighter-rootfs.2u2wmAbi3z.ext4 [3mcapacity_mib[0m[2m=[0m2048 [3mallocated_kib[0m[2m=[0m2097152
[2m2026-09-07T23:30:01.910605Z[0m [32m INFO[0m [2mlighter_vmm::machine[0m[2m:[0m attached disk [3mpath[0m[2m=[0m/var/folders/t_/gbzzqq_x4hvg4qdrhspkp37m0000gn/T/lighter-bench.votbN1tYkB/data.img [3mcapacity_mib[0m[2m=[0m131072 [3mallocated_kib[0m[2m=[0m0
[2m2026-09-07T23:30:01.911487Z[0m [32m INFO[0m [2mlighter_fs::server[0m[2m:[0m share opened [3mroot[0m[2m=[0m~/.lighter-bench/lighter [3mattr_ms[0m[2m=[0m100 [3mentry_ms[0m[2m=[0m100 [3mdir_entry_ms[0m[2m=[0m1000 [3mwatched[0m[2m=[0mtrue [3mdescriptors[0m[2m=[0m10240
[2m2026-09-07T23:30:01.912044Z[0m [32m INFO[0m [2mlighter_fs::server[0m[2m:[0m share opened [3mroot[0m[2m=[0m/Library/Apple/usr/libexec/oah/RosettaLinux [3mattr_ms[0m[2m=[0m100 [3mentry_ms[0m[2m=[0m100 [3mdir_entry_ms[0m[2m=[0m1000 [3mwatched[0m[2m=[0mtrue [3mdescriptors[0m[2m=[0m10240
[2m2026-09-07T23:30:01.917076Z[0m [32m INFO[0m [2mlighter_vmm::machine[0m[2m:[0m machine started [3mvcpus[0m[2m=[0m8 [3mram_mib[0m[2m=[0m1024 [3mentry[0m[2m=[0m0x40000000 [3mdtb[0m[2m=[0m0x43400000
[2m2026-09-07T23:30:01.917429Z[0m [32m INFO[0m [2mlighter_vmm::vsock_proxy[0m[2m:[0m proxying a socket into the guest [3mpath[0m[2m=[0m/var/folders/t_/gbzzqq_x4hvg4qdrhspkp37m0000gn/T/lighter-bench.votbN1tYkB/docker.sock [3mguest_port[0m[2m=[0m2375
[2m2026-09-07T23:30:01.917508Z[0m [32m INFO[0m [2mlighter_vmm::vsock_proxy[0m[2m:[0m proxying a socket into the guest [3mpath[0m[2m=[0m/var/folders/t_/gbzzqq_x4hvg4qdrhspkp37m0000gn/T/lighter-bench.votbN1tYkB/control.sock [3mguest_port[0m[2m=[0m2376
[2m2026-09-07T23:30:01.917588Z[0m [33m WARN[0m [2mlighter_vmm::virtio::mmio[0m[2m:[0m queue notified before the driver was ready [3mdevice[0m[2m=[0m"virtio-vsock" [3mindex[0m[2m=[0m0
[    0.000000] Booting Linux on physical CPU 0x0000000000 [0x610f0000]
[    0.000000] Linux version 6.18.49-lighter (root@cc682f9944e9) (gcc (Debian 12.2.0-14+deb12u1) 12.2.0, GNU ld (GNU Binutils for Debian) 2.40) #1 SMP Mon Sep  7 19:57:38 UTC 2026
[    0.000000] KASLR disabled due to lack of seed
[    0.000000] Machine model: linux,dummy-virt
[    0.000000] efi: UEFI not found.
[    0.000000] OF: reserved mem: Reserved memory: No reserved-memory node in the DT
[    0.000000] NUMA: Faking a node at [mem 0x0000000040000000-0x000000007fffffff]
[    0.000000] NODE_DATA(0) allocated [mem 0x7fe05d00-0x7fe0847f]
[    0.000000] Zone ranges:
[    0.000000]   DMA      [mem 0x0000000040000000-0x000000007fffffff]
[    0.000000]   DMA32    empty
[    0.000000]   Normal   empty
[    0.000000] Movable zone start for each node
[    0.000000] Early memory node ranges
[    0.000000]   node   0: [mem 0x0000000040000000-0x000000007fffffff]
[    0.000000] Initmem setup node 0 [mem 0x0000000040000000-0x000000007fffffff]
[    0.000000] cma: Reserved 32 MiB at 0x000000007cc00000
[    0.000000] psci: probing for conduit method from DT.
[    0.000000] psci: PSCIv1.1 detected in firmware.
[    0.000000] psci: Using standard PSCI v0.2 function IDs
[    0.000000] psci: Trusted OS migration not required
[    0.000000] psci: SMC Calling Convention v1.0
[    0.000000] percpu: Embedded 23 pages/cpu s63320 r0 d30888 u94208
[    0.000000] Detected PIPT I-cache on CPU0
[    0.000000] CPU features: detected: Address authentication (IMP DEF algorithm)
[    0.000000] CPU features: detected: GICv3 CPU interface
[    0.000000] CPU features: detected: Spectre-v4
[    0.000000] CPU features: detected: Spectre-BHB
[    0.000000] alternatives: applying boot alternatives
[    0.000000] Kernel command line: console=ttyAMA0 panic=-1 root=/dev/vda rw init=/sbin/lighter-init psi=0 idle.poll_ns=50000 lighter.time=1788823801 lighter.share=bench:/mnt/bench  lighter.rosetta 
[    0.000000] printk: log buffer data + meta data: 131072 + 458752 = 589824 bytes
[    0.000000] Dentry cache hash table entries: 131072 (order: 8, 1048576 bytes, linear)
[    0.000000] Inode-cache hash table entries: 65536 (order: 7, 524288 bytes, linear)
[    0.000000] software IO TLB: SWIOTLB bounce buffer size adjusted to 1MB
[    0.000000] software IO TLB: area num 8.
[    0.000000] software IO TLB: SWIOTLB bounce buffer size roundup to 2MB
[    0.000000] software IO TLB: mapped [mem 0x000000007c980000-0x000000007cb80000] (2MB)
[    0.000000] Fallback order for Node 0: 0 
[    0.000000] Built 1 zonelists, mobility grouping on.  Total pages: 262144
[    0.000000] Policy zone: DMA
[    0.000000] mem auto-init: stack:off, heap alloc:off, heap free:off
[    0.000000] SLUB: HWalign=64, Order=0-3, MinObjects=0, CPUs=8, Nodes=1
[    0.000000] rcu: Hierarchical RCU implementation.
[    0.000000] rcu: 	RCU event tracing is enabled.
[    0.000000] rcu: 	RCU restricting CPUs from NR_CPUS=512 to nr_cpu_ids=8.
[    0.000000] 	Tracing variant of Tasks RCU enabled.
[    0.000000] rcu: RCU calculated value of scheduler-enlistment delay is 25 jiffies.
[    0.000000] rcu: Adjusting geometry for rcu_fanout_leaf=16, nr_cpu_ids=8
[    0.000000] RCU Tasks Trace: Setting shift to 3 and lim to 1 rcu_task_cb_adjust=1 rcu_task_cpu_ids=8.
[    0.000000] NR_IRQS: 64, nr_irqs: 64, preallocated irqs: 0
[    0.000000] GICv3: 988 SPIs implemented
[    0.000000] GICv3: 0 Extended SPIs implemented
[    0.000000] Root IRQ handler: gic_handle_irq
[    0.000000] GICv3: GICv3 features: 16 PPIs, RSS
[    0.000000] GICv3: GICD_CTLR.DS=1, SCR_EL3.FIQ=0
[    0.000000] GICv3: CPU0: found redistributor 0 region 0:0x00000000080a0000
[    0.000000] rcu: srcu_init: Setting srcu_struct sizes based on contention.
[    0.000000] clocksource: jiffies: mask: 0xffffffff max_cycles: 0xffffffff, max_idle_ns: 7645041785100000 ns
[    0.000000] arch_timer: cp15 timer running at 24.00MHz (virt).
[    0.000000] clocksource: arch_sys_counter: mask: 0xffffffffffffff max_cycles: 0x588fe9dc0, max_idle_ns: 440795202592 ns
[    0.000000] sched_clock: 56 bits at 24MHz, resolution 41ns, wraps every 4398046511097ns
[    0.000077] Console: colour dummy device 80x25
[    0.000105] Calibrating delay loop (skipped), value calculated using timer frequency.. 48.00 BogoMIPS (lpj=96000)
[    0.000106] pid_max: default: 32768 minimum: 301
[    0.000138] LSM: initializing lsm=capability
[    0.000226] Mount-cache hash table entries: 2048 (order: 2, 16384 bytes, linear)
[    0.000230] Mountpoint-cache hash table entries: 2048 (order: 2, 16384 bytes, linear)
[    0.000621] cacheinfo: Unable to detect cache hierarchy for CPU 0
[    0.000835] Apple TSO: available per thread (PR_SET_MEM_MODEL); boot value off
[    0.000875] rcu: Hierarchical SRCU implementation.
[    0.000875] rcu: 	Max phase no-delay instances is 1000.
[    0.000936] Timer migration: 1 hierarchy levels; 8 children per group; 1 crossnode level
[    0.001003] EFI services will not be available.
[    0.001110] smp: Bringing up secondary CPUs ...
[    0.001300] Detected PIPT I-cache on CPU1
[    0.001317] GICv3: CPU1: found redistributor 1 region 0:0x00000000080c0000
[    0.001357] CPU1: Booted secondary processor 0x0000000001 [0x610f0000]
[    0.001618] Detected PIPT I-cache on CPU2
[    0.001631] GICv3: CPU2: found redistributor 2 region 0:0x00000000080e0000
[    0.001670] CPU2: Booted secondary processor 0x0000000002 [0x610f0000]
[    0.001911] Detected PIPT I-cache on CPU3
[    0.001929] GICv3: CPU3: found redistributor 3 region 0:0x0000000008100000
[    0.001970] CPU3: Booted secondary processor 0x0000000003 [0x610f0000]
[    0.002232] Detected PIPT I-cache on CPU4
[    0.002249] GICv3: CPU4: found redistributor 4 region 0:0x0000000008120000
[    0.002288] CPU4: Booted secondary processor 0x0000000004 [0x610f0000]
[    0.002553] Detected PIPT I-cache on CPU5
[    0.002573] GICv3: CPU5: found redistributor 5 region 0:0x0000000008140000
[    0.002612] CPU5: Booted secondary processor 0x0000000005 [0x610f0000]
[    0.002844] Detected PIPT I-cache on CPU6
[    0.002865] GICv3: CPU6: found redistributor 6 region 0:0x0000000008160000
[    0.002903] CPU6: Booted secondary processor 0x0000000006 [0x610f0000]
[    0.003149] Detected PIPT I-cache on CPU7
[    0.003172] GICv3: CPU7: found redistributor 7 region 0:0x0000000008180000
[    0.003210] CPU7: Booted secondary processor 0x0000000007 [0x610f0000]
[    0.003258] smp: Brought up 1 node, 8 CPUs
[    0.003259] SMP: Total of 8 processors activated.
[    0.003259] CPU: All CPU(s) started at EL1
[    0.003270] CPU features: detected: ARMv8.4 Translation Table Level
[    0.003270] CPU features: detected: Data cache clean to the PoU not required for I/D coherence
[    0.003270] CPU features: detected: Common not Private translations
[    0.003271] CPU features: detected: CRC32 instructions
[    0.003271] CPU features: detected: Data independent timing control (DIT)
[    0.003271] CPU features: detected: E0PD
[    0.003272] CPU features: detected: Generic authentication (IMP DEF algorithm)
[    0.003273] CPU features: detected: RCpc load-acquire (LDAPR)
[    0.003273] CPU features: detected: LSE atomic instructions
[    0.003273] CPU features: detected: Privileged Access Never
[    0.003274] CPU features: detected: RAS Extension Support
[    0.003274] CPU features: detected: Speculation barrier (SB)
[    0.003274] CPU features: detected: TLB range maintenance instructions
[    0.003380] alternatives: applying system-wide alternatives
[    0.005739] Memory: 935880K/1048576K available (19008K kernel code, 6390K rwdata, 12684K rodata, 12224K init, 709K bss, 74108K reserved, 32768K cma-reserved)
[    0.005868] devtmpfs: initialized
[    0.006179] posixtimers hash table entries: 4096 (order: 4, 65536 bytes, linear)
[    0.006219] futex hash table entries: 2048 (131072 bytes on 1 NUMA nodes, total 128 KiB, linear).
[    0.006252] 19952 pages in range for non-PLT usage
[    0.006255] 511472 pages in range for PLT usage
[    0.006270] pinctrl core: initialized pinctrl subsystem
[    0.006447] DMI not present or invalid.
[    0.007701] NET: Registered PF_NETLINK/PF_ROUTE protocol family
[    0.007957] DMA: preallocated 128 KiB GFP_KERNEL pool for atomic allocations
[    0.008040] DMA: preallocated 128 KiB GFP_KERNEL|GFP_DMA pool for atomic allocations
[    0.008130] DMA: preallocated 128 KiB GFP_KERNEL|GFP_DMA32 pool for atomic allocations
[    0.008206] thermal_sys: Registered thermal governor 'step_wise'
[    0.008206] thermal_sys: Registered thermal governor 'power_allocator'
[    0.008211] cpuidle: using governor menu
[    0.008223] NET: Registered PF_QIPCRTR protocol family
[    0.008247] hw-breakpoint: found 6 breakpoint and 4 watchpoint registers.
[    0.008355] ASID allocator initialised with 256 entries
[    0.008532] Serial: AMBA PL011 UART driver
[    0.008693] c000000.pl011: ttyAMA0 at MMIO 0xc000000 (irq = 13, base_baud = 0) is a PL011 rev1
[    0.008750] printk: console [ttyAMA0] enabled
[    0.009522] HugeTLB: registered 1.00 GiB page size, pre-allocated 0 pages
[    0.009523] HugeTLB: 0 KiB vmemmap can be freed for a 1.00 GiB page
[    0.009524] HugeTLB: registered 32.0 MiB page size, pre-allocated 0 pages
[2m2026-09-07T23:30:01.960192Z[0m [33m WARN[0m [2mlighter_vmm::virtio::mmio[0m[2m:[0m queue notified before the driver was ready [3mdevice[0m[2m=[0m"virtio-vsock" [3mindex[0m[2m=[0m0
[    0.009529] HugeTLB: 0 KiB vmemmap can be freed for a 32.0 MiB page
[2m2026-09-07T23:30:01.960341Z[0m [33m WARN[0m [2mlighter_vmm::virtio::mmio[0m[2m:[0m queue notified before the driver was ready [3mdevice[0m[2m=[0m"fs" [3mindex[0m[2m=[0m5
[2m2026-09-07T23:30:01.960360Z[0m [32m INFO[0m [2mlighter_fs::cache[0m[2m:[0m cache lifetime set by whether the guest can be told to forget [3minvalidation[0m[2m=[0m"push" [3mattr_ms[0m[2m=[0m20000 [3mentry_ms[0m[2m=[0m20000
[    0.009529] HugeTLB: registered 2.00 MiB page size, pre-allocated 0 pages
[2m2026-09-07T23:30:01.960530Z[0m [32m INFO[0m [2mlighter_vmm::virtio::fs[0m[2m:[0m share activated [3mtag[0m[2m=[0mbench [3mroot[0m[2m=[0m~/.lighter-bench/lighter
[    0.009529] HugeTLB: 0 KiB vmemmap can be freed for a 2.00 MiB page
[    0.009529] HugeTLB: registered 64.0 KiB page size, pre-allocated 0 pages
[2m2026-09-07T23:30:01.960805Z[0m [33m WARN[0m [2mlighter_vmm::virtio::mmio[0m[2m:[0m queue notified before the driver was ready [3mdevice[0m[2m=[0m"fs" [3mindex[0m[2m=[0m5
[2m2026-09-07T23:30:01.960814Z[0m [32m INFO[0m [2mlighter_fs::cache[0m[2m:[0m cache lifetime set by whether the guest can be told to forget [3minvalidation[0m[2m=[0m"push" [3mattr_ms[0m[2m=[0m20000 [3mentry_ms[0m[2m=[0m20000
[    0.009530] HugeTLB: 0 KiB vmemmap can be freed for a 64.0 KiB page
[2m2026-09-07T23:30:01.960945Z[0m [32m INFO[0m [2mlighter_vmm::virtio::fs[0m[2m:[0m share activated [3mtag[0m[2m=[0mrosetta [3mroot[0m[2m=[0m/Library/Apple/usr/libexec/oah/RosettaLinux
[    0.010616] raid6: skipped pq benchmark and selected neonx8
[    0.010616] raid6: using neon recovery algorithm
[    0.010643] ACPI: Interpreter disabled.
[    0.010804] iommu: Default domain type: Translated
[    0.010805] iommu: DMA domain TLB invalidation policy: strict mode
[    0.014533] pps_core: LinuxPPS API ver. 1 registered
[    0.014534] pps_core: Software ver. 5.3.6 - Copyright 2005-2007 Rodolfo Giometti <giometti@linux.it>
[    0.014535] PTP clock support registered
[    0.014544] EDAC MC: Ver: 3.0.0
[    0.014606] scmi_core: SCMI protocol bus registered
[    0.014688] FPGA manager framework
[    0.014836] nfc: nfc_init: NFC Core ver 0.1
[    0.014841] NET: Registered PF_NFC protocol family
[    0.015133] clocksource: Switched to clocksource arch_sys_counter
[    0.015220] VFS: Disk quotas dquot_6.6.0
[    0.015225] VFS: Dquot-cache hash table entries: 512 (order 0, 4096 bytes)
[    0.015507] pnp: PnP ACPI: disabled
[    0.016074] NET: Registered PF_INET protocol family
[    0.016124] IP idents hash table entries: 16384 (order: 5, 131072 bytes, linear)
[    0.016294] tcp_listen_portaddr_hash hash table entries: 512 (order: 1, 8192 bytes, linear)
[    0.016295] Table-perturb hash table entries: 65536 (order: 6, 262144 bytes, linear)
[    0.016298] TCP established hash table entries: 8192 (order: 4, 65536 bytes, linear)
[    0.016312] TCP bind hash table entries: 8192 (order: 6, 262144 bytes, linear)
[    0.016364] TCP: Hash tables configured (established 8192 bind 8192)
[    0.016402] UDP hash table entries: 512 (order: 3, 32768 bytes, linear)
[    0.016413] UDP-Lite hash table entries: 512 (order: 3, 32768 bytes, linear)
[    0.016433] NET: Registered PF_UNIX/PF_LOCAL protocol family
[    0.016658] kvm [1]: HYP mode not available
[    0.016747] Initialise system trusted keyrings
[    0.016837] workingset: timestamp_bits=42 max_order=18 bucket_order=0
[    0.016880] squashfs: version 4.0 (2009/01/31) Phillip Lougher
[    0.016910] fuse: init (API version 7.45)
[    0.016970] SGI XFS with ACLs, security attributes, scrub, repair, no debug enabled
[    0.017126] 9p: Installing v9fs 9p2000 file system support
[    0.023158] NET: Registered PF_ALG protocol family
[    0.023162] xor: measuring software checksum speed
[    0.023338]    8regs           : 18615 MB/sec
[    0.023416]    32regs          : 42563 MB/sec
[    0.023482]    arm64_neon      : 50249 MB/sec
[    0.023482] xor: using function: arm64_neon (50249 MB/sec)
[    0.023490] Key type asymmetric registered
[    0.023490] Asymmetric key parser 'x509' registered
[    0.023495] Block layer SCSI generic (bsg) driver version 0.4 loaded (major 239)
[    0.023496] io scheduler mq-deadline registered
[    0.023496] io scheduler kyber registered
[    0.023504] io scheduler bfq registered
[    0.028245] ledtrig-cpu: registered to indicate activity on CPUs
[    0.028262] IPMI message handler: version 39.2
[    0.028266] ipmi device interface
[    0.028345] ipmi_si: IPMI System Interface driver
[    0.028354] ipmi_si: Unable to find any System Interface(s)
[    0.030140] virtiofs virtio4: discovered new tag: bench
[    0.030611] virtiofs virtio5: discovered new tag: rosetta
[    0.031223] Free page reporting enabled
[    0.031318] virtio_mem virtio8: start address: 0x80000000
[    0.031319] virtio_mem virtio8: region size: 0xc0000000
[    0.031319] virtio_mem virtio8: device block size: 0x8000000
[    0.031319] virtio_mem virtio8: nid: 0
[    0.031320] virtio_mem virtio8: memory block size: 0x8000000
[    0.031320] virtio_mem virtio8: big block size: 0x8000000
[    0.031343] virtio_mem virtio8: plugged size: 0x0
[    0.031344] virtio_mem virtio8: requested size: 0xc0000000
[    0.031964] Fallback order for Node 0: 0 
[    0.031965] Built 1 zonelists, mobility grouping on.  Total pages: 267393
[    0.031966] Policy zone: DMA
[    0.035846] Serial: 8250/16550 driver, 4 ports, IRQ sharing enabled
[    0.036246] msm_serial: driver initialized
[    0.036278] SuperH (H)SCI(F) driver initialized
[    0.036287] STM32 USART driver initialized
[    0.036609] random: crng init done
[    0.036681] Fallback order for Node 0: 0 
[    0.036682] Built 1 zonelists, mobility grouping on.  Total pages: 490481
[    0.036683] Policy zone: Normal
[    0.043439] loop: module loaded
[    0.050621] virtio_blk virtio0: 8/0/0 default/read/poll queues
[    0.051043] virtio_blk virtio0: [vda] 4194304 512-byte logical blocks (2.15 GB/2.00 GiB)
[    0.052124] virtio_blk virtio1: 8/0/0 default/read/poll queues
[    0.052523] virtio_blk virtio1: [vdb] 268435456 512-byte logical blocks (137 GB/128 GiB)
[    0.052766] zram: Added device: zram0
[    0.053371] tun: Universal TUN/TAP device driver, 1.6
[    0.054051] VFIO - User Level meta-driver version: 0.3
[    0.055707]  cs_system_cfg: CoreSight Configuration manager initialised
[    0.055923] gnss: GNSS driver registered with major 503
[    0.056124] GACT probability NOT on
[    0.056129] Mirror/redirect action on
[    0.056387] IPVS: Registered protocols ()
[    0.056394] IPVS: Connection hash table configured (size=4096, memory=32Kbytes)
[    0.056414] IPVS: ipvs loaded.
[    0.056448] Initializing XFRM netlink socket
[    0.056458] NET: Registered PF_INET6 protocol family
[    0.056678] Segment Routing with IPv6
[    0.056681] In-situ OAM (IOAM) with IPv6
[    0.056691] sit: IPv6, IPv4 and MPLS over IPv4 tunneling driver
[    0.056752] NET: Registered PF_PACKET protocol family
[    0.056860] 8021q: 802.1Q VLAN Support v1.8
[    0.056883] 9pnet: Installing 9P2000 support
[    0.056889] Key type dns_resolver registered
[    0.056917] NET: Registered PF_VSOCK protocol family
[    0.058456] registered taskstats version 1
[    0.058497] Loading compiled-in X.509 certificates
[    0.059345] Demotion targets for Node 0: null
[    0.059488] Btrfs loaded, zoned=no, fsverity=no
[    0.059577] clk: Disabling unused clocks
[    0.059578] PM: genpd: Disabling unused power domains
[    0.059890] check access for rdinit=/init failed: -2, ignoring
[    0.064040] EXT4-fs (vda): mounted filesystem b6b766ac-cd49-44a5-aac0-ad1817245fe0 r/w with ordered data mode. Quota mode: none.
[    0.064060] VFS: Mounted root (ext4 filesystem) on device 254:0.
[    0.064257] devtmpfs: mounted
[    0.065175] Freeing unused kernel memory: 12224K
[    0.065207] Run /sbin/lighter-init as init process
INIT clock=2026-09-07T23:30:01Z
INIT filesystems=ok
INIT formatting=/dev/vdb fs=btrfs mkfs=
INIT data_fs=btrfs
INIT data_opts=noatime,nodatacow,commit=30,thread_pool=1
[    0.145783] BTRFS: device label lighter-data devid 1 transid 8 /dev/vdb (254:16) scanned by mount (136)
[    0.146067] BTRFS info (device vdb): first mount of filesystem fbefc7dd-5cd0-44ba-b8dd-ed429cd8469a
[    0.146083] BTRFS info (device vdb): using crc32c (crc32c-lib) checksum algorithm
[    0.146765] BTRFS info (device vdb): checking UUID tree
[    0.146788] BTRFS info (device vdb): setting nodatasum
[    0.146793] BTRFS info (device vdb): setting nodatacow
INIT data=mounted[    0.146798] BTRFS info (device vdb): turning on async discard
[    0.146804] BTRFS info (device vdb): enabling free space tree

INIT fstrim=0ms
[    0.153774] zram0: detected capacity change from 0 to 4194304
[    0.156605] Adding 2097148k swap on /dev/zram0.  Priority:100 extents:1 across:2097148k SS
INIT zram=on
[    0.157568] rcu: RCU calculated value of scheduler-enlistment delay is 25 jiffies.
[2m2026-09-07T23:30:02.088773Z[0m [32m INFO[0m [2mlighter_fs::server[0m[2m:[0m filesystem negotiated [3mguest[0m[2m=[0m7.45 [3mmax_write[0m[2m=[0m262144 [3mreaddirplus[0m[2m=[0mtrue [3mcreate_dialect[0m[2m=[0mtrue
INIT binfmt=x86_64 via=rosetta
[2m2026-09-07T23:30:02.089777Z[0m [32m INFO[0m [2mlighter_fs::server[0m[2m:[0m filesystem negotiated [3mguest[0m[2m=[0m7.45 [3mmax_write[0m[2m=[0m262144 [3mreaddirplus[0m[2m=[0mtrue [3mcreate_dialect[0m[2m=[0mtrue
INIT share=bench at=/mnt/bench
INIT dhcp=ok t=0.17
INIT ipv6=ok
INIT dockerd=ready after=100ms t=0.29
AGENT listening port=2375
AGENT tcp-proxy port=15201
AGENT inbound port=2378
AGENT listening port=2376
AGENT dns addr=192.168.127.2
AGENT udp-inbound
AGENT udp-proxy port=15202
AGENT udp-proxy port=15202
AGENT clock=set trip_us=63 attempt=0
INIT streams=on
INIT ready t=0.30
[2m2026-09-07T23:30:09.658530Z[0m [32m INFO[0m [2mlighter_vmm::virtio::mem[0m[2m:[0m virtio-mem offer [3mrequested_mib[0m[2m=[0m384 [3mplugged_mib[0m[2m=[0m3072
[    7.728435] virtio_mem virtio8: plugged size: 0xc0000000
[    7.728449] virtio_mem virtio8: requested size: 0x18000000
[    7.991455] Fallback order for Node 0: 0 
[    7.991477] Built 1 zonelists, mobility grouping on.  Total pages: 520084
[    7.991486] Policy zone: Normal
[2m2026-09-07T23:30:10.683071Z[0m [32m INFO[0m [2mlighter_vmm::virtio::mem[0m[2m:[0m virtio-mem offer [3mrequested_mib[0m[2m=[0m0 [3mplugged_mib[0m[2m=[0m512
[    8.752960] virtio_mem virtio8: plugged size: 0x20000000
[    8.752973] virtio_mem virtio8: requested size: 0x0
[2m2026-09-07T23:30:16.254340Z[0m [32m INFO[0m [2mlighter_vmm::virtio::mem[0m[2m:[0m virtio-mem offer [3mrequested_mib[0m[2m=[0m3072 [3mplugged_mib[0m[2m=[0m512
[   14.324053] virtio_mem virtio8: plugged size: 0x20000000
[   14.324064] virtio_mem virtio8: requested size: 0xc0000000
[   14.324869] Fallback order for Node 0: 0 
[   14.324878] Built 1 zonelists, mobility grouping on.  Total pages: 391028
[   14.324883] Policy zone: Normal
[   14.707527] docker0: port 1(vethace11d3) entered blocking state
[   14.707535] docker0: port 1(vethace11d3) entered disabled state
[   14.707539] vethace11d3: entered allmulticast mode
[   14.707554] vethace11d3: entered promiscuous mode
[   14.711689] eth0: renamed from vethc712894
[   14.711915] docker0: port 1(vethace11d3) entered blocking state
[   14.711947] docker0: port 1(vethace11d3) entered forwarding state
AGENT sockmap=on
[   34.162729] docker0: port 1(vethace11d3) entered disabled state
[   34.162770] vethc712894: renamed from eth0
[   34.176193] docker0: port 1(vethace11d3) entered disabled state
[   34.176437] vethace11d3 (unregistering): left allmulticast mode
[   34.176446] vethace11d3 (unregistering): left promiscuous mode
[   34.176451] docker0: port 1(vethace11d3) entered disabled state
[   34.950574] docker0: port 1(veth0941b2c) entered blocking state
[   34.950585] docker0: port 1(veth0941b2c) entered disabled state
[   34.950594] veth0941b2c: entered allmulticast mode
[   34.950612] veth0941b2c: entered promiscuous mode
[   34.953818] eth0: renamed from veth6045eea
[   34.954900] docker0: port 1(veth0941b2c) entered blocking state
[   34.954911] docker0: port 1(veth0941b2c) entered forwarding state
[   45.827607] docker0: port 1(veth0941b2c) entered disabled state
[   45.827642] veth6045eea: renamed from eth0
[   45.847534] docker0: port 1(veth0941b2c) entered disabled state
[   45.847792] veth0941b2c (unregistering): left allmulticast mode
[   45.847801] veth0941b2c (unregistering): left promiscuous mode
[   45.847807] docker0: port 1(veth0941b2c) entered disabled state
[   46.150254] docker0: port 1(vetha4d397a) entered blocking state
[   46.150264] docker0: port 1(vetha4d397a) entered disabled state
[   46.150271] vetha4d397a: entered allmulticast mode
[   46.150290] vetha4d397a: entered promiscuous mode
[   46.153880] eth0: renamed from vethcc3fa89
[   46.154271] docker0: port 1(vetha4d397a) entered blocking state
[   46.154280] docker0: port 1(vetha4d397a) entered forwarding state
[   94.784726] docker0: port 1(vetha4d397a) entered disabled state
[   94.784768] vethcc3fa89: renamed from eth0
[   94.808480] docker0: port 1(vetha4d397a) entered disabled state
[   94.808755] vetha4d397a (unregistering): left allmulticast mode
[   94.808764] vetha4d397a (unregistering): left promiscuous mode
[   94.808769] docker0: port 1(vetha4d397a) entered disabled state
[   96.395477] docker0: port 1(vethf3ef3ef) entered blocking state
[   96.395486] docker0: port 1(vethf3ef3ef) entered disabled state
[   96.395493] vethf3ef3ef: entered allmulticast mode
[   96.395512] vethf3ef3ef: entered promiscuous mode
[   96.399318] eth0: renamed from vethd466ba7
[   96.399693] docker0: port 1(vethf3ef3ef) entered blocking state
[   96.399702] docker0: port 1(vethf3ef3ef) entered forwarding state
[  110.767265] vethd466ba7: renamed from eth0
[  110.767481] docker0: port 1(vethf3ef3ef) entered disabled state
[  110.799266] docker0: port 1(vethf3ef3ef) entered disabled state
[  110.799532] vethf3ef3ef (unregistering): left allmulticast mode
[  110.799541] vethf3ef3ef (unregistering): left promiscuous mode
[  110.799548] docker0: port 1(vethf3ef3ef) entered disabled state
[  111.080919] docker0: port 1(vethe4d54c9) entered blocking state
[  111.080931] docker0: port 1(vethe4d54c9) entered disabled state
[  111.080938] vethe4d54c9: entered allmulticast mode
[  111.080957] vethe4d54c9: entered promiscuous mode
[  111.084360] eth0: renamed from veth37265c9
[  111.084747] docker0: port 1(vethe4d54c9) entered blocking state
[  111.084756] docker0: port 1(vethe4d54c9) entered forwarding state
[  132.985072] docker0: port 1(vethe4d54c9) entered disabled state
[  132.985107] veth37265c9: renamed from eth0
[  133.007255] docker0: port 1(vethe4d54c9) entered disabled state
[  133.007511] vethe4d54c9 (unregistering): left allmulticast mode
[  133.007520] vethe4d54c9 (unregistering): left promiscuous mode
[  133.007526] docker0: port 1(vethe4d54c9) entered disabled state
[  135.248256] docker0: port 1(veth3d5c8c7) entered blocking state
[  135.248269] docker0: port 1(veth3d5c8c7) entered disabled state
[  135.248278] veth3d5c8c7: entered allmulticast mode
[  135.248296] veth3d5c8c7: entered promiscuous mode
[  135.251367] eth0: renamed from veth2153e75
[  135.251779] docker0: port 1(veth3d5c8c7) entered blocking state
[  135.251789] docker0: port 1(veth3d5c8c7) entered forwarding state
[  135.281212] docker0: port 1(veth3d5c8c7) entered disabled state
[  135.281265] veth2153e75: renamed from eth0
[  135.303676] docker0: port 1(veth3d5c8c7) entered disabled state
[  135.303936] veth3d5c8c7 (unregistering): left allmulticast mode
[  135.303945] veth3d5c8c7 (unregistering): left promiscuous mode
[  135.303951] docker0: port 1(veth3d5c8c7) entered disabled state
[  135.542104] docker0: port 1(vethc120cb2) entered blocking state
[  135.542115] docker0: port 1(vethc120cb2) entered disabled state
[  135.542124] vethc120cb2: entered allmulticast mode
[  135.542143] vethc120cb2: entered promiscuous mode
[  135.545522] eth0: renamed from vethb6ce208
[  135.545877] docker0: port 1(vethc120cb2) entered blocking state
[  135.545887] docker0: port 1(vethc120cb2) entered forwarding state
[  135.578900] docker0: port 1(vethc120cb2) entered disabled state
[  135.579148] vethb6ce208: renamed from eth0
[  135.603086] docker0: port 1(vethc120cb2) entered disabled state
[  135.603380] vethc120cb2 (unregistering): left allmulticast mode
[  135.603389] vethc120cb2 (unregistering): left promiscuous mode
[  135.603395] docker0: port 1(vethc120cb2) entered disabled state
[  135.765807] docker0: port 1(vethbc622be) entered blocking state
[  135.765818] docker0: port 1(vethbc622be) entered disabled state
[  135.765824] vethbc622be: entered allmulticast mode
[  135.765842] vethbc622be: entered promiscuous mode
[  135.769407] eth0: renamed from veth48a97dd
[  135.769770] docker0: port 1(vethbc622be) entered blocking state
[  135.769777] docker0: port 1(vethbc622be) entered forwarding state
[  135.798286] veth48a97dd: renamed from eth0
[  135.798397] docker0: port 1(vethbc622be) entered disabled state
[  135.823463] docker0: port 1(vethbc622be) entered disabled state
[  135.823744] vethbc622be (unregistering): left allmulticast mode
[  135.823754] vethbc622be (unregistering): left promiscuous mode
[  135.823760] docker0: port 1(vethbc622be) entered disabled state
[  135.988838] docker0: port 1(veth59f7182) entered blocking state
[  135.988852] docker0: port 1(veth59f7182) entered disabled state
[  135.988859] veth59f7182: entered allmulticast mode
[  135.988877] veth59f7182: entered promiscuous mode
[  135.992569] eth0: renamed from vethd2fad2b
[  135.992887] docker0: port 1(veth59f7182) entered blocking state
[  135.992896] docker0: port 1(veth59f7182) entered forwarding state
[  136.026362] docker0: port 1(veth59f7182) entered disabled state
[  136.026394] vethd2fad2b: renamed from eth0
[  136.047266] docker0: port 1(veth59f7182) entered disabled state
[  136.047431] veth59f7182 (unregistering): left allmulticast mode
[  136.047432] veth59f7182 (unregistering): left promiscuous mode
[  136.047434] docker0: port 1(veth59f7182) entered disabled state
