[2m2026-09-07T22:27:47.858554Z[0m [32m INFO[0m [2mlighter_vmm::net[0m[2m:[0m network started [3mgateway[0m[2m=[0m"192.168.127.1" [3mguest[0m[2m=[0m"192.168.127.2" [3mmtu[0m[2m=[0m1500
[2m2026-09-07T22:27:47.858717Z[0m [32m INFO[0m [2mlighter_vmm::machine[0m[2m:[0m attached disk [3mpath[0m[2m=[0m/var/folders/t_/gbzzqq_x4hvg4qdrhspkp37m0000gn/T/lighter-rootfs.5LROhwnvnL.ext4 [3mcapacity_mib[0m[2m=[0m2048 [3mallocated_kib[0m[2m=[0m2097152
[2m2026-09-07T22:27:47.858814Z[0m [32m INFO[0m [2mlighter_vmm::machine[0m[2m:[0m attached disk [3mpath[0m[2m=[0m/var/folders/t_/gbzzqq_x4hvg4qdrhspkp37m0000gn/T/lighter-bench.0G0mcnLVTZ/data.img [3mcapacity_mib[0m[2m=[0m131072 [3mallocated_kib[0m[2m=[0m0
[2m2026-09-07T22:27:47.859674Z[0m [32m INFO[0m [2mlighter_fs::server[0m[2m:[0m share opened [3mroot[0m[2m=[0m~/.lighter-bench/lighter [3mattr_ms[0m[2m=[0m100 [3mentry_ms[0m[2m=[0m100 [3mdir_entry_ms[0m[2m=[0m1000 [3mwatched[0m[2m=[0mtrue [3mdescriptors[0m[2m=[0m10240
[2m2026-09-07T22:27:47.860152Z[0m [32m INFO[0m [2mlighter_fs::server[0m[2m:[0m share opened [3mroot[0m[2m=[0m/Library/Apple/usr/libexec/oah/RosettaLinux [3mattr_ms[0m[2m=[0m100 [3mentry_ms[0m[2m=[0m100 [3mdir_entry_ms[0m[2m=[0m1000 [3mwatched[0m[2m=[0mtrue [3mdescriptors[0m[2m=[0m10240
[2m2026-09-07T22:27:47.860864Z[0m [32m INFO[0m [2mlighter_vmm::machine[0m[2m:[0m machine started [3mvcpus[0m[2m=[0m8 [3mram_mib[0m[2m=[0m1024 [3mentry[0m[2m=[0m0x40000000 [3mdtb[0m[2m=[0m0x43400000
[2m2026-09-07T22:27:47.861177Z[0m [32m INFO[0m [2mlighter_vmm::vsock_proxy[0m[2m:[0m proxying a socket into the guest [3mpath[0m[2m=[0m/var/folders/t_/gbzzqq_x4hvg4qdrhspkp37m0000gn/T/lighter-bench.0G0mcnLVTZ/docker.sock [3mguest_port[0m[2m=[0m2375
[2m2026-09-07T22:27:47.861251Z[0m [32m INFO[0m [2mlighter_vmm::vsock_proxy[0m[2m:[0m proxying a socket into the guest [3mpath[0m[2m=[0m/var/folders/t_/gbzzqq_x4hvg4qdrhspkp37m0000gn/T/lighter-bench.0G0mcnLVTZ/control.sock [3mguest_port[0m[2m=[0m2376
[2m2026-09-07T22:27:47.861328Z[0m [33m WARN[0m [2mlighter_vmm::virtio::mmio[0m[2m:[0m queue notified before the driver was ready [3mdevice[0m[2m=[0m"virtio-vsock" [3mindex[0m[2m=[0m0
[    0.000000] Booting Linux on physical CPU 0x0000000000 [0x610f0000]
[    0.000000] Linux version 6.18.49-lighter (root@cc682f9944e9) (gcc (Debian 12.2.0-14+deb12u1) 12.2.0, GNU ld (GNU Binutils for Debian) 2.40) #1 SMP Mon Sep  7 19:57:38 UTC 2026
[    0.000000] KASLR disabled due to lack of seed
[    0.000000] Machine model: linux,dummy-virt
[    0.000000] efi: UEFI not found.
[    0.000000] OF: reserved mem: Reserved memory: No reserved-memory node in the DT
[    0.000000] NUMA: Faking a node at [mem 0x0000000040000000-0x000000007fffffff]
[    0.000000] NODE_DATA(0) allocated [mem 0x7fe05d00-0x7fe0847f]
[    0.000000] Zone ranges:
[    0.000000]   DMA      [mem 0x0000000040000000-0x000000007fffffff]
[    0.000000]   DMA32    empty
[    0.000000]   Normal   empty
[    0.000000] Movable zone start for each node
[    0.000000] Early memory node ranges
[    0.000000]   node   0: [mem 0x0000000040000000-0x000000007fffffff]
[    0.000000] Initmem setup node 0 [mem 0x0000000040000000-0x000000007fffffff]
[    0.000000] cma: Reserved 32 MiB at 0x000000007cc00000
[    0.000000] psci: probing for conduit method from DT.
[    0.000000] psci: PSCIv1.1 detected in firmware.
[    0.000000] psci: Using standard PSCI v0.2 function IDs
[    0.000000] psci: Trusted OS migration not required
[    0.000000] psci: SMC Calling Convention v1.0
[    0.000000] percpu: Embedded 23 pages/cpu s63320 r0 d30888 u94208
[    0.000000] Detected PIPT I-cache on CPU0
[    0.000000] CPU features: detected: Address authentication (IMP DEF algorithm)
[    0.000000] CPU features: detected: GICv3 CPU interface
[    0.000000] CPU features: detected: Spectre-v4
[    0.000000] CPU features: detected: Spectre-BHB
[    0.000000] alternatives: applying boot alternatives
[    0.000000] Kernel command line: console=ttyAMA0 panic=-1 root=/dev/vda rw init=/sbin/lighter-init psi=0 idle.poll_ns=50000 lighter.time=1788820067 lighter.share=bench:/mnt/bench  lighter.rosetta 
[    0.000000] printk: log buffer data + meta data: 131072 + 458752 = 589824 bytes
[    0.000000] Dentry cache hash table entries: 131072 (order: 8, 1048576 bytes, linear)
[    0.000000] Inode-cache hash table entries: 65536 (order: 7, 524288 bytes, linear)
[    0.000000] software IO TLB: SWIOTLB bounce buffer size adjusted to 1MB
[    0.000000] software IO TLB: area num 8.
[    0.000000] software IO TLB: SWIOTLB bounce buffer size roundup to 2MB
[    0.000000] software IO TLB: mapped [mem 0x000000007c980000-0x000000007cb80000] (2MB)
[    0.000000] Fallback order for Node 0: 0 
[    0.000000] Built 1 zonelists, mobility grouping on.  Total pages: 262144
[    0.000000] Policy zone: DMA
[    0.000000] mem auto-init: stack:off, heap alloc:off, heap free:off
[    0.000000] SLUB: HWalign=64, Order=0-3, MinObjects=0, CPUs=8, Nodes=1
[    0.000000] rcu: Hierarchical RCU implementation.
[    0.000000] rcu: 	RCU event tracing is enabled.
[    0.000000] rcu: 	RCU restricting CPUs from NR_CPUS=512 to nr_cpu_ids=8.
[    0.000000] 	Tracing variant of Tasks RCU enabled.
[    0.000000] rcu: RCU calculated value of scheduler-enlistment delay is 25 jiffies.
[    0.000000] rcu: Adjusting geometry for rcu_fanout_leaf=16, nr_cpu_ids=8
[    0.000000] RCU Tasks Trace: Setting shift to 3 and lim to 1 rcu_task_cb_adjust=1 rcu_task_cpu_ids=8.
[    0.000000] NR_IRQS: 64, nr_irqs: 64, preallocated irqs: 0
[    0.000000] GICv3: 988 SPIs implemented
[    0.000000] GICv3: 0 Extended SPIs implemented
[    0.000000] Root IRQ handler: gic_handle_irq
[    0.000000] GICv3: GICv3 features: 16 PPIs, RSS
[    0.000000] GICv3: GICD_CTLR.DS=1, SCR_EL3.FIQ=0
[    0.000000] GICv3: CPU0: found redistributor 0 region 0:0x00000000080a0000
[    0.000000] rcu: srcu_init: Setting srcu_struct sizes based on contention.
[    0.000000] clocksource: jiffies: mask: 0xffffffff max_cycles: 0xffffffff, max_idle_ns: 7645041785100000 ns
[    0.000000] arch_timer: cp15 timer running at 24.00MHz (virt).
[    0.000000] clocksource: arch_sys_counter: mask: 0xffffffffffffff max_cycles: 0x588fe9dc0, max_idle_ns: 440795202592 ns
[    0.000000] sched_clock: 56 bits at 24MHz, resolution 41ns, wraps every 4398046511097ns
[    0.000079] Console: colour dummy device 80x25
[    0.000102] Calibrating delay loop (skipped), value calculated using timer frequency.. 48.00 BogoMIPS (lpj=96000)
[    0.000103] pid_max: default: 32768 minimum: 301
[    0.000138] LSM: initializing lsm=capability
[    0.000230] Mount-cache hash table entries: 2048 (order: 2, 16384 bytes, linear)
[    0.000233] Mountpoint-cache hash table entries: 2048 (order: 2, 16384 bytes, linear)
[    0.000610] cacheinfo: Unable to detect cache hierarchy for CPU 0
[    0.000819] Apple TSO: available per thread (PR_SET_MEM_MODEL); boot value off
[    0.000854] rcu: Hierarchical SRCU implementation.
[    0.000854] rcu: 	Max phase no-delay instances is 1000.
[    0.000912] Timer migration: 1 hierarchy levels; 8 children per group; 1 crossnode level
[    0.000977] EFI services will not be available.
[    0.001091] smp: Bringing up secondary CPUs ...
[    0.001276] Detected PIPT I-cache on CPU1
[    0.001291] GICv3: CPU1: found redistributor 1 region 0:0x00000000080c0000
[    0.001330] CPU1: Booted secondary processor 0x0000000001 [0x610f0000]
[    0.001598] Detected PIPT I-cache on CPU2
[    0.001614] GICv3: CPU2: found redistributor 2 region 0:0x00000000080e0000
[    0.001655] CPU2: Booted secondary processor 0x0000000002 [0x610f0000]
[    0.001907] Detected PIPT I-cache on CPU3
[    0.001925] GICv3: CPU3: found redistributor 3 region 0:0x0000000008100000
[    0.001965] CPU3: Booted secondary processor 0x0000000003 [0x610f0000]
[    0.002218] Detected PIPT I-cache on CPU4
[    0.002236] GICv3: CPU4: found redistributor 4 region 0:0x0000000008120000
[    0.002275] CPU4: Booted secondary processor 0x0000000004 [0x610f0000]
[    0.002515] Detected PIPT I-cache on CPU5
[    0.002535] GICv3: CPU5: found redistributor 5 region 0:0x0000000008140000
[    0.002574] CPU5: Booted secondary processor 0x0000000005 [0x610f0000]
[    0.002802] Detected PIPT I-cache on CPU6
[    0.002823] GICv3: CPU6: found redistributor 6 region 0:0x0000000008160000
[    0.002862] CPU6: Booted secondary processor 0x0000000006 [0x610f0000]
[    0.003109] Detected PIPT I-cache on CPU7
[    0.003132] GICv3: CPU7: found redistributor 7 region 0:0x0000000008180000
[    0.003171] CPU7: Booted secondary processor 0x0000000007 [0x610f0000]
[    0.003247] smp: Brought up 1 node, 8 CPUs
[    0.003248] SMP: Total of 8 processors activated.
[    0.003248] CPU: All CPU(s) started at EL1
[    0.003258] CPU features: detected: ARMv8.4 Translation Table Level
[    0.003259] CPU features: detected: Data cache clean to the PoU not required for I/D coherence
[    0.003259] CPU features: detected: Common not Private translations
[    0.003259] CPU features: detected: CRC32 instructions
[    0.003260] CPU features: detected: Data independent timing control (DIT)
[    0.003260] CPU features: detected: E0PD
[    0.003260] CPU features: detected: Generic authentication (IMP DEF algorithm)
[    0.003261] CPU features: detected: RCpc load-acquire (LDAPR)
[    0.003261] CPU features: detected: LSE atomic instructions
[    0.003262] CPU features: detected: Privileged Access Never
[    0.003262] CPU features: detected: RAS Extension Support
[    0.003263] CPU features: detected: Speculation barrier (SB)
[    0.003263] CPU features: detected: TLB range maintenance instructions
[    0.003383] alternatives: applying system-wide alternatives
[    0.005741] Memory: 935880K/1048576K available (19008K kernel code, 6390K rwdata, 12684K rodata, 12224K init, 709K bss, 74108K reserved, 32768K cma-reserved)
[    0.005924] devtmpfs: initialized
[    0.006290] posixtimers hash table entries: 4096 (order: 4, 65536 bytes, linear)
[    0.006332] futex hash table entries: 2048 (131072 bytes on 1 NUMA nodes, total 128 KiB, linear).
[    0.006364] 19952 pages in range for non-PLT usage
[    0.006365] 511472 pages in range for PLT usage
[    0.006381] pinctrl core: initialized pinctrl subsystem
[    0.006561] DMI not present or invalid.
[    0.007654] NET: Registered PF_NETLINK/PF_ROUTE protocol family
[    0.007944] DMA: preallocated 128 KiB GFP_KERNEL pool for atomic allocations
[    0.008020] DMA: preallocated 128 KiB GFP_KERNEL|GFP_DMA pool for atomic allocations
[    0.008111] DMA: preallocated 128 KiB GFP_KERNEL|GFP_DMA32 pool for atomic allocations
[    0.008193] thermal_sys: Registered thermal governor 'step_wise'
[    0.008193] thermal_sys: Registered thermal governor 'power_allocator'
[    0.008198] cpuidle: using governor menu
[    0.008210] NET: Registered PF_QIPCRTR protocol family
[    0.008233] hw-breakpoint: found 6 breakpoint and 4 watchpoint registers.
[    0.008332] ASID allocator initialised with 256 entries
[    0.008515] Serial: AMBA PL011 UART driver
[    0.008676] c000000.pl011: ttyAMA0 at MMIO 0xc000000 (irq = 13, base_baud = 0) is a PL011 rev1
[    0.008734] printk: console [ttyAMA0] enabled
[    0.009555] HugeTLB: registered 1.00 GiB page size, pre-allocated 0 pages
[    0.009556] HugeTLB: 0 KiB vmemmap can be freed for a 1.00 GiB page
[    0.009556] HugeTLB: registered 32.0 MiB page size, pre-allocated 0 pages
[2m2026-09-07T22:27:47.903839Z[0m [33m WARN[0m [2mlighter_vmm::virtio::mmio[0m[2m:[0m queue notified before the driver was ready [3mdevice[0m[2m=[0m"virtio-vsock" [3mindex[0m[2m=[0m0
[2m2026-09-07T22:27:47.903980Z[0m [33m WARN[0m [2mlighter_vmm::virtio::mmio[0m[2m:[0m queue notified before the driver was ready [3mdevice[0m[2m=[0m"fs" [3mindex[0m[2m=[0m5
[2m2026-09-07T22:27:47.903999Z[0m [32m INFO[0m [2mlighter_fs::cache[0m[2m:[0m cache lifetime set by whether the guest can be told to forget [3minvalidation[0m[2m=[0m"push" [3mattr_ms[0m[2m=[0m20000 [3mentry_ms[0m[2m=[0m20000
[    0.009565] HugeTLB: 0 KiB vmemmap can be freed for a 32.0 MiB page
[2m2026-09-07T22:27:47.904187Z[0m [32m INFO[0m [2mlighter_vmm::virtio::fs[0m[2m:[0m share activated [3mtag[0m[2m=[0mbench [3mroot[0m[2m=[0m~/.lighter-bench/lighter
[    0.009565] HugeTLB: registered 2.00 MiB page size, pre-allocated 0 pages
[    0.009566] HugeTLB: 0 KiB vmemmap can be freed for a 2.00 MiB page
[2m2026-09-07T22:27:47.904470Z[0m [33m WARN[0m [2mlighter_vmm::virtio::mmio[0m[2m:[0m queue notified before the driver was ready [3mdevice[0m[2m=[0m"fs" [3mindex[0m[2m=[0m5
[2m2026-09-07T22:27:47.904479Z[0m [32m INFO[0m [2mlighter_fs::cache[0m[2m:[0m cache lifetime set by whether the guest can be told to forget [3minvalidation[0m[2m=[0m"push" [3mattr_ms[0m[2m=[0m20000 [3mentry_ms[0m[2m=[0m20000
[    0.009566] HugeTLB: registered 64.0 KiB page size, pre-allocated 0 pages
[2m2026-09-07T22:27:47.904625Z[0m [32m INFO[0m [2mlighter_vmm::virtio::fs[0m[2m:[0m share activated [3mtag[0m[2m=[0mrosetta [3mroot[0m[2m=[0m/Library/Apple/usr/libexec/oah/RosettaLinux
[    0.009566] HugeTLB: 0 KiB vmemmap can be freed for a 64.0 KiB page
[    0.010622] raid6: skipped pq benchmark and selected neonx8
[    0.010623] raid6: using neon recovery algorithm
[    0.010650] ACPI: Interpreter disabled.
[    0.010833] iommu: Default domain type: Translated
[    0.010833] iommu: DMA domain TLB invalidation policy: strict mode
[    0.014363] pps_core: LinuxPPS API ver. 1 registered
[    0.014363] pps_core: Software ver. 5.3.6 - Copyright 2005-2007 Rodolfo Giometti <giometti@linux.it>
[    0.014364] PTP clock support registered
[    0.014373] EDAC MC: Ver: 3.0.0
[    0.014438] scmi_core: SCMI protocol bus registered
[    0.014515] FPGA manager framework
[    0.014662] nfc: nfc_init: NFC Core ver 0.1
[    0.014667] NET: Registered PF_NFC protocol family
[    0.014880] clocksource: Switched to clocksource arch_sys_counter
[    0.014959] VFS: Disk quotas dquot_6.6.0
[    0.014964] VFS: Dquot-cache hash table entries: 512 (order 0, 4096 bytes)
[    0.015211] pnp: PnP ACPI: disabled
[    0.015790] NET: Registered PF_INET protocol family
[    0.015843] IP idents hash table entries: 16384 (order: 5, 131072 bytes, linear)
[    0.016007] tcp_listen_portaddr_hash hash table entries: 512 (order: 1, 8192 bytes, linear)
[    0.016008] Table-perturb hash table entries: 65536 (order: 6, 262144 bytes, linear)
[    0.016010] TCP established hash table entries: 8192 (order: 4, 65536 bytes, linear)
[    0.016026] TCP bind hash table entries: 8192 (order: 6, 262144 bytes, linear)
[    0.016074] TCP: Hash tables configured (established 8192 bind 8192)
[    0.016106] UDP hash table entries: 512 (order: 3, 32768 bytes, linear)
[    0.016114] UDP-Lite hash table entries: 512 (order: 3, 32768 bytes, linear)
[    0.016133] NET: Registered PF_UNIX/PF_LOCAL protocol family
[    0.016549] kvm [1]: HYP mode not available
[    0.016684] Initialise system trusted keyrings
[    0.016769] workingset: timestamp_bits=42 max_order=18 bucket_order=0
[    0.016814] squashfs: version 4.0 (2009/01/31) Phillip Lougher
[    0.016843] fuse: init (API version 7.45)
[    0.016915] SGI XFS with ACLs, security attributes, scrub, repair, no debug enabled
[    0.017086] 9p: Installing v9fs 9p2000 file system support
[    0.023178] NET: Registered PF_ALG protocol family
[    0.023182] xor: measuring software checksum speed
[    0.023355]    8regs           : 18983 MB/sec
[    0.023434]    32regs          : 42198 MB/sec
[    0.023500]    arm64_neon      : 50057 MB/sec
[    0.023500] xor: using function: arm64_neon (50057 MB/sec)
[    0.023506] Key type asymmetric registered
[    0.023506] Asymmetric key parser 'x509' registered
[    0.023511] Block layer SCSI generic (bsg) driver version 0.4 loaded (major 239)
[    0.023512] io scheduler mq-deadline registered
[    0.023512] io scheduler kyber registered
[    0.023516] io scheduler bfq registered
[    0.028072] ledtrig-cpu: registered to indicate activity on CPUs
[    0.028087] IPMI message handler: version 39.2
[    0.028090] ipmi device interface
[    0.028168] ipmi_si: IPMI System Interface driver
[    0.028177] ipmi_si: Unable to find any System Interface(s)
[    0.029962] virtiofs virtio4: discovered new tag: bench
[    0.030443] virtiofs virtio5: discovered new tag: rosetta
[    0.031062] Free page reporting enabled
[    0.031151] virtio_mem virtio8: start address: 0x80000000
[    0.031151] virtio_mem virtio8: region size: 0xc0000000
[    0.031152] virtio_mem virtio8: device block size: 0x8000000
[    0.031152] virtio_mem virtio8: nid: 0
[    0.031153] virtio_mem virtio8: memory block size: 0x8000000
[    0.031153] virtio_mem virtio8: big block size: 0x8000000
[    0.031176] virtio_mem virtio8: plugged size: 0x0
[    0.031177] virtio_mem virtio8: requested size: 0xc0000000
[    0.031772] Fallback order for Node 0: 0 
[    0.031773] Built 1 zonelists, mobility grouping on.  Total pages: 267393
[    0.031774] Policy zone: DMA
[    0.035575] Serial: 8250/16550 driver, 4 ports, IRQ sharing enabled
[    0.036026] msm_serial: driver initialized
[    0.036059] SuperH (H)SCI(F) driver initialized
[    0.036068] STM32 USART driver initialized
[    0.036365] random: crng init done
[    0.036499] Fallback order for Node 0: 0 
[    0.036500] Built 1 zonelists, mobility grouping on.  Total pages: 490481
[    0.036501] Policy zone: Normal
[    0.040071] loop: module loaded
[    0.050407] virtio_blk virtio0: 8/0/0 default/read/poll queues
[    0.050836] virtio_blk virtio0: [vda] 4194304 512-byte logical blocks (2.15 GB/2.00 GiB)
[    0.051942] virtio_blk virtio1: 8/0/0 default/read/poll queues
[    0.052348] virtio_blk virtio1: [vdb] 268435456 512-byte logical blocks (137 GB/128 GiB)
[    0.052581] zram: Added device: zram0
[    0.053231] tun: Universal TUN/TAP device driver, 1.6
[    0.053915] VFIO - User Level meta-driver version: 0.3
[    0.055565]  cs_system_cfg: CoreSight Configuration manager initialised
[    0.055781] gnss: GNSS driver registered with major 503
[    0.055977] GACT probability NOT on
[    0.055985] Mirror/redirect action on
[    0.056290] IPVS: Registered protocols ()
[    0.056299] IPVS: Connection hash table configured (size=4096, memory=32Kbytes)
[    0.056323] IPVS: ipvs loaded.
[    0.056357] Initializing XFRM netlink socket
[    0.056367] NET: Registered PF_INET6 protocol family
[    0.056542] Segment Routing with IPv6
[    0.056545] In-situ OAM (IOAM) with IPv6
[    0.056554] sit: IPv6, IPv4 and MPLS over IPv4 tunneling driver
[    0.056615] NET: Registered PF_PACKET protocol family
[    0.056685] 8021q: 802.1Q VLAN Support v1.8
[    0.056705] 9pnet: Installing 9P2000 support
[    0.056710] Key type dns_resolver registered
[    0.056738] NET: Registered PF_VSOCK protocol family
[    0.058312] registered taskstats version 1
[    0.058353] Loading compiled-in X.509 certificates
[    0.059194] Demotion targets for Node 0: null
[    0.059309] Btrfs loaded, zoned=no, fsverity=no
[    0.059384] clk: Disabling unused clocks
[    0.059386] PM: genpd: Disabling unused power domains
[    0.059744] check access for rdinit=/init failed: -2, ignoring
[    0.063844] EXT4-fs (vda): mounted filesystem b6b766ac-cd49-44a5-aac0-ad1817245fe0 r/w with ordered data mode. Quota mode: none.
[    0.063861] VFS: Mounted root (ext4 filesystem) on device 254:0.
[    0.064054] devtmpfs: mounted
[    0.064856] Freeing unused kernel memory: 12224K
[    0.064884] Run /sbin/lighter-init as init process
INIT clock=2026-09-07T22:27:47Z
INIT filesystems=ok
INIT formatting=/dev/vdb fs=btrfs mkfs=
INIT data_fs=btrfs
INIT data_opts=noatime,nodatacow,commit=30,thread_pool=1
[    0.137465] BTRFS: device label lighter-data devid 1 transid 8 /dev/vdb (254:16) scanned by mount (138)
[    0.137699] BTRFS info (device vdb): first mount of filesystem b6b1a628-aef0-4085-aaef-f82533de0f2c
[    0.137713] BTRFS info (device vdb): using crc32c (crc32c-lib) checksum algorithm
[    0.138406] BTRFS info (device vdb): checking UUID tree
[    0.138520] BTRFS info (device vdb): setting nodatasum
[    0.138522] BTRFS info (device vdb): setting nodatacow
INIT data=mounted[    0.138522] BTRFS info (device vdb): turning on async discard
[    0.138523] BTRFS info (device vdb): enabling free space tree

INIT fstrim=10ms
[    0.145496] zram0: detected capacity change from 0 to 4194304
[    0.148347] Adding 2097148k swap on /dev/zram0.  Priority:100 extents:1 across:2097148k SS
INIT zram=on
[    0.149301] rcu: RCU calculated value of scheduler-enlistment delay is 25 jiffies.
[2m2026-09-07T22:27:48.024419Z[0m [32m INFO[0m [2mlighter_fs::server[0m[2m:[0m filesystem negotiated [3mguest[0m[2m=[0m7.45 [3mmax_write[0m[2m=[0m262144 [3mreaddirplus[0m[2m=[0mtrue [3mcreate_dialect[0m[2m=[0mtrue
INIT binfmt=x86_64 via=rosetta
[2m2026-09-07T22:27:48.025377Z[0m [32m INFO[0m [2mlighter_fs::server[0m[2m:[0m filesystem negotiated [3mguest[0m[2m=[0m7.45 [3mmax_write[0m[2m=[0m262144 [3mreaddirplus[0m[2m=[0mtrue [3mcreate_dialect[0m[2m=[0mtrue
INIT share=bench at=/mnt/bench
INIT dhcp=ok t=0.16
INIT ipv6=ok
INIT dockerd=ready after=100ms t=0.29
AGENT listening port=2376
AGENT listening port=2375
AGENT inbound port=2378
AGENT tcp-proxy port=15201
AGENT dns addr=192.168.127.2
AGENT udp-inbound
AGENT udp-proxy port=15202
AGENT clock=set trip_us=106 attempt=0
AGENT udp-proxy port=15202
INIT streams=on
INIT ready t=0.30
[2m2026-09-07T22:27:55.663289Z[0m [32m INFO[0m [2mlighter_vmm::virtio::mem[0m[2m:[0m virtio-mem offer [3mrequested_mib[0m[2m=[0m512 [3mplugged_mib[0m[2m=[0m3072
[    7.789338] virtio_mem virtio8: plugged size: 0xc0000000
[    7.789352] virtio_mem virtio8: requested size: 0x20000000
[2m2026-09-07T22:27:55.918311Z[0m [32m INFO[0m [2mlighter_vmm::virtio::mem[0m[2m:[0m virtio-mem offer [3mrequested_mib[0m[2m=[0m0 [3mplugged_mib[0m[2m=[0m1280
[    8.044381] virtio_mem virtio8: plugged size: 0x50000000
[    8.044392] virtio_mem virtio8: requested size: 0x0
[    8.064352] Fallback order for Node 0: 0 
[    8.064364] Built 1 zonelists, mobility grouping on.  Total pages: 520084
[    8.064369] Policy zone: Normal
[2m2026-09-07T22:28:03.071188Z[0m [32m INFO[0m [2mlighter_vmm::virtio::mem[0m[2m:[0m virtio-mem offer [3mrequested_mib[0m[2m=[0m3072 [3mplugged_mib[0m[2m=[0m384
[   15.197128] virtio_mem virtio8: plugged size: 0x18000000
[   15.197142] virtio_mem virtio8: requested size: 0xc0000000
[   15.197908] Fallback order for Node 0: 0 
[   15.197917] Built 1 zonelists, mobility grouping on.  Total pages: 358772
[   15.197922] Policy zone: Normal
[   15.569404] docker0: port 1(veth8ecbb7d) entered blocking state
[   15.569414] docker0: port 1(veth8ecbb7d) entered disabled state
[   15.569424] veth8ecbb7d: entered allmulticast mode
[   15.569445] veth8ecbb7d: entered promiscuous mode
[   15.575364] eth0: renamed from vethcbc5af8
[   15.575758] docker0: port 1(veth8ecbb7d) entered blocking state
[   15.575768] docker0: port 1(veth8ecbb7d) entered forwarding state
AGENT sockmap=on
[   28.282936] docker0: port 1(veth8ecbb7d) entered disabled state
[   28.282970] vethcbc5af8: renamed from eth0
[   28.312629] docker0: port 1(veth8ecbb7d) entered disabled state
[   28.312896] veth8ecbb7d (unregistering): left allmulticast mode
[   28.312906] veth8ecbb7d (unregistering): left promiscuous mode
[   28.312912] docker0: port 1(veth8ecbb7d) entered disabled state
[   28.577289] docker0: port 1(vetha41d00f) entered blocking state
[   28.577301] docker0: port 1(vetha41d00f) entered disabled state
[   28.577309] vetha41d00f: entered allmulticast mode
[   28.577329] vetha41d00f: entered promiscuous mode
[   28.580972] eth0: renamed from veth2f462d1
[   28.581340] docker0: port 1(vetha41d00f) entered blocking state
[   28.581350] docker0: port 1(vetha41d00f) entered forwarding state
[2m2026-09-07T22:28:23.398379Z[0m [33m WARN[0m [2mlighter_fs::inode[0m[2m:[0m the share is holding more descriptors than it may [3mopen[0m[2m=[0m6247 [3mbudget[0m[2m=[0m6144 [3minodes[0m[2m=[0m11719 [3mlive[0m[2m=[0m11719 [3mexamined[0m[2m=[0m8192 [3mparked[0m[2m=[0m0 [3munheld[0m[2m=[0m1 [3mused[0m[2m=[0m0 [3mprivileged[0m[2m=[0m0 [3munparkable[0m[2m=[0m0
[   46.686074] docker0: port 1(vetha41d00f) entered disabled state
[   46.686147] veth2f462d1: renamed from eth0
[   46.704140] docker0: port 1(vetha41d00f) entered disabled state
[   46.704468] vetha41d00f (unregistering): left allmulticast mode
[   46.704484] vetha41d00f (unregistering): left promiscuous mode
[   46.704490] docker0: port 1(vetha41d00f) entered disabled state
[   46.844472] docker0: port 1(veth4f980f4) entered blocking state
[   46.844484] docker0: port 1(veth4f980f4) entered disabled state
[   46.844492] veth4f980f4: entered allmulticast mode
[   46.844517] veth4f980f4: entered promiscuous mode
[   46.848072] eth0: renamed from vethb8138f2
[   46.848556] docker0: port 1(veth4f980f4) entered blocking state
[   46.848566] docker0: port 1(veth4f980f4) entered forwarding state
[   82.630914] docker0: port 1(veth4f980f4) entered disabled state
[   82.631041] vethb8138f2: renamed from eth0
[   82.652113] docker0: port 1(veth4f980f4) entered disabled state
[   82.652505] veth4f980f4 (unregistering): left allmulticast mode
[   82.652522] veth4f980f4 (unregistering): left promiscuous mode
[   82.652528] docker0: port 1(veth4f980f4) entered disabled state
[   83.306900] docker0: port 1(veth2b1f60c) entered blocking state
[   83.306909] docker0: port 1(veth2b1f60c) entered disabled state
[   83.306918] veth2b1f60c: entered allmulticast mode
[   83.306951] veth2b1f60c: entered promiscuous mode
[   83.312465] eth0: renamed from veth8d1f063
[   83.313064] docker0: port 1(veth2b1f60c) entered blocking state
[   83.313074] docker0: port 1(veth2b1f60c) entered forwarding state
[  132.117626] docker0: port 1(veth2b1f60c) entered disabled state
[  132.117690] veth8d1f063: renamed from eth0
[  132.148424] docker0: port 1(veth2b1f60c) entered disabled state
[  132.148616] veth2b1f60c (unregistering): left allmulticast mode
[  132.148623] veth2b1f60c (unregistering): left promiscuous mode
[  132.148626] docker0: port 1(veth2b1f60c) entered disabled state
[  132.379238] docker0: port 1(vethec289c1) entered blocking state
[  132.379250] docker0: port 1(vethec289c1) entered disabled state
[  132.379258] vethec289c1: entered allmulticast mode
[  132.379283] vethec289c1: entered promiscuous mode
[  132.383005] eth0: renamed from vetha7953fc
[  132.383536] docker0: port 1(vethec289c1) entered blocking state
[  132.383546] docker0: port 1(vethec289c1) entered forwarding state
[2m2026-09-07T22:30:08.053058Z[0m [33m WARN[0m [2mlighter_fs::inode[0m[2m:[0m the share is holding more descriptors than it may [3mopen[0m[2m=[0m6248 [3mbudget[0m[2m=[0m6144 [3minodes[0m[2m=[0m62587 [3mlive[0m[2m=[0m62587 [3mexamined[0m[2m=[0m8192 [3mparked[0m[2m=[0m1 [3munheld[0m[2m=[0m0 [3mused[0m[2m=[0m0 [3mprivileged[0m[2m=[0m0 [3munparkable[0m[2m=[0m0
[2m2026-09-07T22:30:30.534105Z[0m [33m WARN[0m [2mlighter_fs::inode[0m[2m:[0m the share is holding more descriptors than it may [3mopen[0m[2m=[0m6268 [3mbudget[0m[2m=[0m6144 [3minodes[0m[2m=[0m72772 [3mlive[0m[2m=[0m72772 [3mexamined[0m[2m=[0m8192 [3mparked[0m[2m=[0m6 [3munheld[0m[2m=[0m126 [3mused[0m[2m=[0m0 [3mprivileged[0m[2m=[0m0 [3munparkable[0m[2m=[0m0
[  167.200189] docker0: port 1(vethec289c1) entered disabled state
[  167.200234] vetha7953fc: renamed from eth0
[  167.227554] docker0: port 1(vethec289c1) entered disabled state
[  167.227791] vethec289c1 (unregistering): left allmulticast mode
[  167.227800] vethec289c1 (unregistering): left promiscuous mode
[  167.227805] docker0: port 1(vethec289c1) entered disabled state
[  167.464451] docker0: port 1(vethf7b98ab) entered blocking state
[  167.464459] docker0: port 1(vethf7b98ab) entered disabled state
[  167.464466] vethf7b98ab: entered allmulticast mode
[  167.464481] vethf7b98ab: entered promiscuous mode
[  167.467872] eth0: renamed from vethfdeeee6
[  167.468201] docker0: port 1(vethf7b98ab) entered blocking state
[  167.468210] docker0: port 1(vethf7b98ab) entered forwarding state
[2m2026-09-07T22:30:52.647899Z[0m [32m INFO[0m [2mlighter_vmm::memory_policy[0m[2m:[0m balloon target [3mtarget_mib[0m[2m=[0m256
[2m2026-09-07T22:30:57.660027Z[0m [32m INFO[0m [2mlighter_vmm::memory_policy[0m[2m:[0m balloon target [3mtarget_mib[0m[2m=[0m224
[2m2026-09-07T22:31:00.672240Z[0m [32m INFO[0m [2mlighter_vmm::memory_policy[0m[2m:[0m balloon target [3mtarget_mib[0m[2m=[0m256
[2m2026-09-07T22:31:04.295866Z[0m [32m INFO[0m [2mlighter_vmm::memory_policy[0m[2m:[0m balloon target [3mtarget_mib[0m[2m=[0m0
[  212.325584] docker0: port 1(vethf7b98ab) entered disabled state
[  212.325962] vethfdeeee6: renamed from eth0
[  212.356374] docker0: port 1(vethf7b98ab) entered disabled state
[  212.356770] vethf7b98ab (unregistering): left allmulticast mode
[  212.356785] vethf7b98ab (unregistering): left promiscuous mode
[  212.356792] docker0: port 1(vethf7b98ab) entered disabled state
[  212.582087] docker0: port 1(vethce2aba2) entered blocking state
[  212.582098] docker0: port 1(vethce2aba2) entered disabled state
[  212.582105] vethce2aba2: entered allmulticast mode
[  212.582130] vethce2aba2: entered promiscuous mode
[  212.585662] eth0: renamed from vethe1df08a
[  212.586249] docker0: port 1(vethce2aba2) entered blocking state
[  212.586260] docker0: port 1(vethce2aba2) entered forwarding state
[  227.872548] docker0: port 1(vethce2aba2) entered disabled state
[  227.873019] vethe1df08a: renamed from eth0
[  227.904196] docker0: port 1(vethce2aba2) entered disabled state
[  227.904540] vethce2aba2 (unregistering): left allmulticast mode
[  227.904553] vethce2aba2 (unregistering): left promiscuous mode
[  227.904564] docker0: port 1(vethce2aba2) entered disabled state
[  228.087655] docker0: port 1(veth5b8b3a6) entered blocking state
[  228.087667] docker0: port 1(veth5b8b3a6) entered disabled state
[  228.087675] veth5b8b3a6: entered allmulticast mode
[  228.087699] veth5b8b3a6: entered promiscuous mode
[  228.091562] eth0: renamed from veth28748de
[  228.092061] docker0: port 1(veth5b8b3a6) entered blocking state
[  228.092073] docker0: port 1(veth5b8b3a6) entered forwarding state
[  235.301871] docker0: port 1(veth5b8b3a6) entered disabled state
[  235.301944] veth28748de: renamed from eth0
[  235.320087] docker0: port 1(veth5b8b3a6) entered disabled state
[  235.320383] veth5b8b3a6 (unregistering): left allmulticast mode
[  235.320393] veth5b8b3a6 (unregistering): left promiscuous mode
[  235.320404] docker0: port 1(veth5b8b3a6) entered disabled state
[  235.562424] docker0: port 1(vethca7cad9) entered blocking state
[  235.562435] docker0: port 1(vethca7cad9) entered disabled state
[  235.562447] vethca7cad9: entered allmulticast mode
[  235.562467] vethca7cad9: entered promiscuous mode
[  235.566959] eth0: renamed from vethfed287d
[  235.567344] docker0: port 1(vethca7cad9) entered blocking state
[  235.567366] docker0: port 1(vethca7cad9) entered forwarding state
[  236.023931] docker0: port 1(vethca7cad9) entered disabled state
[  236.023962] vethfed287d: renamed from eth0
[  236.052062] docker0: port 1(vethca7cad9) entered disabled state
[  236.052365] vethca7cad9 (unregistering): left allmulticast mode
[  236.052374] vethca7cad9 (unregistering): left promiscuous mode
[  236.052380] docker0: port 1(vethca7cad9) entered disabled state
[  236.206009] docker0: port 1(veth88ffc6b) entered blocking state
[  236.206021] docker0: port 1(veth88ffc6b) entered disabled state
[  236.206061] veth88ffc6b: entered allmulticast mode
[  236.206076] veth88ffc6b: entered promiscuous mode
[  236.210047] eth0: renamed from veth90baafc
[  236.210443] docker0: port 1(veth88ffc6b) entered blocking state
[  236.210456] docker0: port 1(veth88ffc6b) entered forwarding state
[2m2026-09-07T22:31:47.859946Z[0m [33m WARN[0m [2mlighter_fs::inode[0m[2m:[0m the share is holding more descriptors than it may [3mopen[0m[2m=[0m6241 [3mbudget[0m[2m=[0m6144 [3minodes[0m[2m=[0m167895 [3mlive[0m[2m=[0m167895 [3mexamined[0m[2m=[0m8192 [3mparked[0m[2m=[0m0 [3munheld[0m[2m=[0m0 [3mused[0m[2m=[0m0 [3mprivileged[0m[2m=[0m0 [3munparkable[0m[2m=[0m0
[2m2026-09-07T22:31:47.894263Z[0m [32m INFO[0m [2mlighter_vmm::memory_policy[0m[2m:[0m balloon target [3mtarget_mib[0m[2m=[0m256
[2m2026-09-07T22:31:51.606120Z[0m [32m INFO[0m [2mlighter_vmm::memory_policy[0m[2m:[0m balloon target [3mtarget_mib[0m[2m=[0m0
[  267.968048] docker0: port 1(veth88ffc6b) entered disabled state
[  267.968444] veth90baafc: renamed from eth0
[  267.992463] docker0: port 1(veth88ffc6b) entered disabled state
[  267.992889] veth88ffc6b (unregistering): left allmulticast mode
[  267.992904] veth88ffc6b (unregistering): left promiscuous mode
[  267.992910] docker0: port 1(veth88ffc6b) entered disabled state
[  268.240831] docker0: port 1(vethd3d649e) entered blocking state
[  268.240842] docker0: port 1(vethd3d649e) entered disabled state
[  268.240852] vethd3d649e: entered allmulticast mode
[  268.240876] vethd3d649e: entered promiscuous mode
[  268.244963] eth0: renamed from veth281e73d
[  268.245619] docker0: port 1(vethd3d649e) entered blocking state
[  268.245631] docker0: port 1(vethd3d649e) entered forwarding state
[  295.452149] docker0: port 1(vethd3d649e) entered disabled state
[  295.452304] veth281e73d: renamed from eth0
[  295.473233] docker0: port 1(vethd3d649e) entered disabled state
[  295.473628] vethd3d649e (unregistering): left allmulticast mode
[  295.473644] vethd3d649e (unregistering): left promiscuous mode
[  295.473657] docker0: port 1(vethd3d649e) entered disabled state
[  295.699425] docker0: port 1(vethbd921b7) entered blocking state
[  295.699436] docker0: port 1(vethbd921b7) entered disabled state
[  295.699443] vethbd921b7: entered allmulticast mode
[  295.699473] vethbd921b7: entered promiscuous mode
[  295.703718] eth0: renamed from vetha2bf566
[  295.704298] docker0: port 1(vethbd921b7) entered blocking state
[  295.704309] docker0: port 1(vethbd921b7) entered forwarding state
[  314.665858] docker0: port 1(vethbd921b7) entered disabled state
[  314.665891] vetha2bf566: renamed from eth0
[  314.679086] docker0: port 1(vethbd921b7) entered disabled state
[  314.679352] vethbd921b7 (unregistering): left allmulticast mode
[  314.679362] vethbd921b7 (unregistering): left promiscuous mode
[  314.679368] docker0: port 1(vethbd921b7) entered disabled state
[  317.134407] docker0: port 1(veth8b57d25) entered blocking state
[  317.134416] docker0: port 1(veth8b57d25) entered disabled state
[  317.134419] veth8b57d25: entered allmulticast mode
[  317.134432] veth8b57d25: entered promiscuous mode
[  317.138370] eth0: renamed from vethfa4a1db
[  317.138874] docker0: port 1(veth8b57d25) entered blocking state
[  317.138888] docker0: port 1(veth8b57d25) entered forwarding state
[  317.202733] docker0: port 1(veth8b57d25) entered disabled state
[  317.202770] vethfa4a1db: renamed from eth0
[  317.232325] docker0: port 1(veth8b57d25) entered disabled state
[  317.232618] veth8b57d25 (unregistering): left allmulticast mode
[  317.232632] veth8b57d25 (unregistering): left promiscuous mode
[  317.232638] docker0: port 1(veth8b57d25) entered disabled state
[  317.564923] docker0: port 1(veth0ab3bb5) entered blocking state
[  317.564934] docker0: port 1(veth0ab3bb5) entered disabled state
[  317.564941] veth0ab3bb5: entered allmulticast mode
[  317.564960] veth0ab3bb5: entered promiscuous mode
[  317.568763] eth0: renamed from vethff4fff8
[  317.569494] docker0: port 1(veth0ab3bb5) entered blocking state
[  317.569503] docker0: port 1(veth0ab3bb5) entered forwarding state
[  317.609809] docker0: port 1(veth0ab3bb5) entered disabled state
[  317.609855] vethff4fff8: renamed from eth0
[  317.631663] docker0: port 1(veth0ab3bb5) entered disabled state
[  317.631958] veth0ab3bb5 (unregistering): left allmulticast mode
[  317.631967] veth0ab3bb5 (unregistering): left promiscuous mode
[  317.631973] docker0: port 1(veth0ab3bb5) entered disabled state
[  317.792391] docker0: port 1(vethed4c851) entered blocking state
[  317.792399] docker0: port 1(vethed4c851) entered disabled state
[  317.792401] vethed4c851: entered allmulticast mode
[  317.792416] vethed4c851: entered promiscuous mode
[  317.796262] eth0: renamed from vethf583922
[  317.796659] docker0: port 1(vethed4c851) entered blocking state
[  317.796669] docker0: port 1(vethed4c851) entered forwarding state
[  317.826853] docker0: port 1(vethed4c851) entered disabled state
[  317.826903] vethf583922: renamed from eth0
[  317.847159] docker0: port 1(vethed4c851) entered disabled state
[  317.847406] vethed4c851 (unregistering): left allmulticast mode
[  317.847416] vethed4c851 (unregistering): left promiscuous mode
[  317.847422] docker0: port 1(vethed4c851) entered disabled state
[  318.017000] docker0: port 1(vetheba3922) entered blocking state
[  318.017012] docker0: port 1(vetheba3922) entered disabled state
[  318.017024] vetheba3922: entered allmulticast mode
[  318.017045] vetheba3922: entered promiscuous mode
[  318.021624] eth0: renamed from vethbd26e06
[  318.022061] docker0: port 1(vetheba3922) entered blocking state
[  318.022069] docker0: port 1(vetheba3922) entered forwarding state
[  318.054525] docker0: port 1(vetheba3922) entered disabled state
[  318.054556] vethbd26e06: renamed from eth0
[  318.075055] docker0: port 1(vetheba3922) entered disabled state
[  318.075364] vetheba3922 (unregistering): left allmulticast mode
[  318.075374] vetheba3922 (unregistering): left promiscuous mode
[  318.075379] docker0: port 1(vetheba3922) entered disabled state
[  318.242057] docker0: port 1(veth5d60454) entered blocking state
[  318.242069] docker0: port 1(veth5d60454) entered disabled state
[  318.242080] veth5d60454: entered allmulticast mode
[  318.242103] veth5d60454: entered promiscuous mode
[  318.245620] eth0: renamed from veth9705131
[  318.246507] docker0: port 1(veth5d60454) entered blocking state
[  318.246524] docker0: port 1(veth5d60454) entered forwarding state
[  318.742985] docker0: port 1(veth5d60454) entered disabled state
[  318.743019] veth9705131: renamed from eth0
[  318.772230] docker0: port 1(veth5d60454) entered disabled state
[  318.772533] veth5d60454 (unregistering): left allmulticast mode
[  318.772543] veth5d60454 (unregistering): left promiscuous mode
[  318.772549] docker0: port 1(veth5d60454) entered disabled state
[  324.891467] docker0: port 1(vethc45534c) entered blocking state
[  324.891478] docker0: port 1(vethc45534c) entered disabled state
[  324.891487] vethc45534c: entered allmulticast mode
[  324.891514] vethc45534c: entered promiscuous mode
[  324.897772] eth0: renamed from veth23e5c60
[  324.898248] docker0: port 1(vethc45534c) entered blocking state
[  324.898256] docker0: port 1(vethc45534c) entered forwarding state
[  342.378349] docker0: port 1(vethc45534c) entered disabled state
[  342.378394] veth23e5c60: renamed from eth0
[  342.399669] docker0: port 1(vethc45534c) entered disabled state
[  342.399864] vethc45534c (unregistering): left allmulticast mode
[  342.399866] vethc45534c (unregistering): left promiscuous mode
[  342.399867] docker0: port 1(vethc45534c) entered disabled state
[2m2026-09-07T22:33:33.435305Z[0m [32m INFO[0m [2mlighter_vmm::virtio::mem[0m[2m:[0m virtio-mem offer [3mrequested_mib[0m[2m=[0m1792 [3mplugged_mib[0m[2m=[0m3072
[  345.555897] virtio_mem virtio8: plugged size: 0xc0000000
[  345.555950] virtio_mem virtio8: requested size: 0x70000000
[2m2026-09-07T22:33:33.553587Z[0m [32m INFO[0m [2mlighter_vmm::virtio::mem[0m[2m:[0m virtio-mem offer [3mrequested_mib[0m[2m=[0m512 [3mplugged_mib[0m[2m=[0m2944
[  345.673910] virtio_mem virtio8: plugged size: 0xb8000000
[  345.673928] virtio_mem virtio8: requested size: 0x20000000
[  346.207632] Fallback order for Node 0: 0 
[  346.207644] Built 1 zonelists, mobility grouping on.  Total pages: 520084
[  346.207649] Policy zone: Normal
[2m2026-09-07T22:33:34.563739Z[0m [32m INFO[0m [2mlighter_vmm::virtio::mem[0m[2m:[0m virtio-mem offer [3mrequested_mib[0m[2m=[0m0 [3mplugged_mib[0m[2m=[0m1152
[  346.684187] virtio_mem virtio8: plugged size: 0x48000000
[  346.684251] virtio_mem virtio8: requested size: 0x0
[2m2026-09-07T22:34:31.257201Z[0m [32m INFO[0m [2mlighter_vmm::virtio::mem[0m[2m:[0m virtio-mem offer [3mrequested_mib[0m[2m=[0m3072 [3mplugged_mib[0m[2m=[0m1152
[  403.376546] virtio_mem virtio8: plugged size: 0x48000000
[  403.376557] virtio_mem virtio8: requested size: 0xc0000000
[  403.377365] Fallback order for Node 0: 0 
[  403.377374] Built 1 zonelists, mobility grouping on.  Total pages: 552308
[  403.377379] Policy zone: Normal
[  403.446608] docker0: port 1(veth3b3dfa7) entered blocking state
[  403.446619] docker0: port 1(veth3b3dfa7) entered disabled state
[  403.446628] veth3b3dfa7: entered allmulticast mode
[  403.446647] veth3b3dfa7: entered promiscuous mode
[  403.452268] eth0: renamed from veth4118bad
[  403.452643] docker0: port 1(veth3b3dfa7) entered blocking state
[  403.452652] docker0: port 1(veth3b3dfa7) entered forwarding state
[2m2026-09-07T22:34:31.359738Z[0m [32m INFO[0m [2mlighter_vmm::streams[0m[2m:[0m port published through a stream [3mpublished[0m[2m=[0mtcp [::]:5398 [3maddr[0m[2m=[0m[::]:5398 [3mdst[0m[2m=[0m[fd6c:6967:6874::2]:5398
[2m2026-09-07T22:34:31.359766Z[0m [32m INFO[0m [2mlighter_docker[0m[2m:[0m port forwarded [3mpublished[0m[2m=[0mtcp [::]:5398
[2m2026-09-07T22:34:31.359839Z[0m [32m INFO[0m [2mlighter_vmm::streams[0m[2m:[0m port published through a stream [3mpublished[0m[2m=[0mtcp 0.0.0.0:5398 [3maddr[0m[2m=[0m0.0.0.0:5398 [3mdst[0m[2m=[0m192.168.127.2:5398
[2m2026-09-07T22:34:31.359850Z[0m [32m INFO[0m [2mlighter_docker[0m[2m:[0m port forwarded [3mpublished[0m[2m=[0mtcp 0.0.0.0:5398
[  403.547141] docker0: port 2(veth686a20d) entered blocking state
[  403.547152] docker0: port 2(veth686a20d) entered disabled state
[  403.547160] veth686a20d: entered allmulticast mode
[  403.547179] veth686a20d: entered promiscuous mode
[  403.550656] eth0: renamed from veth0c30103
[  403.551089] docker0: port 2(veth686a20d) entered blocking state
[  403.551127] docker0: port 2(veth686a20d) entered forwarding state
[2m2026-09-07T22:34:31.455449Z[0m [32m INFO[0m [2mlighter_vmm::streams[0m[2m:[0m port published through a stream [3mpublished[0m[2m=[0mtcp [::]:5397 [3maddr[0m[2m=[0m[::]:5397 [3mdst[0m[2m=[0m[fd6c:6967:6874::2]:5397
[2m2026-09-07T22:34:31.455478Z[0m [32m INFO[0m [2mlighter_docker[0m[2m:[0m port forwarded [3mpublished[0m[2m=[0mtcp [::]:5397
[2m2026-09-07T22:34:31.455526Z[0m [32m INFO[0m [2mlighter_vmm::streams[0m[2m:[0m port published through a stream [3mpublished[0m[2m=[0mtcp 0.0.0.0:5397 [3maddr[0m[2m=[0m0.0.0.0:5397 [3mdst[0m[2m=[0m192.168.127.2:5397
[2m2026-09-07T22:34:31.455536Z[0m [32m INFO[0m [2mlighter_docker[0m[2m:[0m port forwarded [3mpublished[0m[2m=[0mtcp 0.0.0.0:5397
AGENT sockmap=on
[  403.703437] docker0: port 3(vethc53d972) entered blocking state
[  403.703448] docker0: port 3(vethc53d972) entered disabled state
[  403.703457] vethc53d972: entered allmulticast mode
[  403.703476] vethc53d972: entered promiscuous mode
[  403.707090] eth0: renamed from vethefcc380
[  403.707483] docker0: port 3(vethc53d972) entered blocking state
[  403.707491] docker0: port 3(vethc53d972) entered forwarding state
[  406.739576] docker0: port 3(vethc53d972) entered disabled state
[  406.739610] vethefcc380: renamed from eth0
[  406.763021] docker0: port 3(vethc53d972) entered disabled state
[  406.763280] vethc53d972 (unregistering): left allmulticast mode
[  406.763290] vethc53d972 (unregistering): left promiscuous mode
[  406.763295] docker0: port 3(vethc53d972) entered disabled state
[  406.887053] docker0: port 3(vethd3aa23a) entered blocking state
[  406.887064] docker0: port 3(vethd3aa23a) entered disabled state
[  406.887071] vethd3aa23a: entered allmulticast mode
[  406.887090] vethd3aa23a: entered promiscuous mode
[  406.890712] eth0: renamed from veth36a3540
[  406.891093] docker0: port 3(vethd3aa23a) entered blocking state
[  406.891101] docker0: port 3(vethd3aa23a) entered forwarding state
[  409.922827] docker0: port 3(vethd3aa23a) entered disabled state
[  409.922863] veth36a3540: renamed from eth0
[  409.952006] docker0: port 3(vethd3aa23a) entered disabled state
[  409.952289] vethd3aa23a (unregistering): left allmulticast mode
[  409.952299] vethd3aa23a (unregistering): left promiscuous mode
[  409.952304] docker0: port 3(vethd3aa23a) entered disabled state
[  410.073431] docker0: port 3(vethcecd7d6) entered blocking state
[  410.073440] docker0: port 3(vethcecd7d6) entered disabled state
[  410.073442] vethcecd7d6: entered allmulticast mode
[  410.073457] vethcecd7d6: entered promiscuous mode
[  410.076895] eth0: renamed from vethf10fd4a
[  410.077281] docker0: port 3(vethcecd7d6) entered blocking state
[  410.077290] docker0: port 3(vethcecd7d6) entered forwarding state
[  413.101657] docker0: port 3(vethcecd7d6) entered disabled state
[  413.101695] vethf10fd4a: renamed from eth0
[  413.119406] docker0: port 3(vethcecd7d6) entered disabled state
[  413.119700] vethcecd7d6 (unregistering): left allmulticast mode
[  413.119709] vethcecd7d6 (unregistering): left promiscuous mode
[  413.119715] docker0: port 3(vethcecd7d6) entered disabled state
[  413.245349] docker0: port 3(vethbe81e85) entered blocking state
[  413.245359] docker0: port 3(vethbe81e85) entered disabled state
[  413.245368] vethbe81e85: entered allmulticast mode
[  413.245387] vethbe81e85: entered promiscuous mode
[  413.248862] eth0: renamed from vethae7d371
[  413.249224] docker0: port 3(vethbe81e85) entered blocking state
[  413.249233] docker0: port 3(vethbe81e85) entered forwarding state
[  416.274974] vethae7d371: renamed from eth0
[  416.292902] docker0: port 3(vethbe81e85) entered disabled state
[  416.296340] docker0: port 3(vethbe81e85) entered disabled state
[  416.296655] vethbe81e85 (unregistering): left allmulticast mode
[  416.296664] vethbe81e85 (unregistering): left promiscuous mode
[  416.296670] docker0: port 3(vethbe81e85) entered disabled state
[  416.416368] docker0: port 3(veth503bc3c) entered blocking state
[  416.416378] docker0: port 3(veth503bc3c) entered disabled state
[  416.416385] veth503bc3c: entered allmulticast mode
[  416.416404] veth503bc3c: entered promiscuous mode
[  416.420039] eth0: renamed from veth0fe323f
[  416.420402] docker0: port 3(veth503bc3c) entered blocking state
[  416.420410] docker0: port 3(veth503bc3c) entered forwarding state
[  419.444702] docker0: port 3(veth503bc3c) entered disabled state
[  419.444736] veth0fe323f: renamed from eth0
[  419.463348] docker0: port 3(veth503bc3c) entered disabled state
[  419.463620] veth503bc3c (unregistering): left allmulticast mode
[  419.463629] veth503bc3c (unregistering): left promiscuous mode
[  419.463635] docker0: port 3(veth503bc3c) entered disabled state
[  419.590920] docker0: port 3(veth40c1ed9) entered blocking state
[  419.590931] docker0: port 3(veth40c1ed9) entered disabled state
[  419.590941] veth40c1ed9: entered allmulticast mode
[  419.590962] veth40c1ed9: entered promiscuous mode
[  419.594425] eth0: renamed from vethcb1363a
[  419.594701] docker0: port 3(veth40c1ed9) entered blocking state
[  419.594722] docker0: port 3(veth40c1ed9) entered forwarding state
[  422.619313] docker0: port 3(veth40c1ed9) entered disabled state
[  422.619346] vethcb1363a: renamed from eth0
[  422.647624] docker0: port 3(veth40c1ed9) entered disabled state
[  422.647906] veth40c1ed9 (unregistering): left allmulticast mode
[  422.647917] veth40c1ed9 (unregistering): left promiscuous mode
[  422.647923] docker0: port 3(veth40c1ed9) entered disabled state
[  440.986645] docker0: port 3(veth9fdd875) entered blocking state
[  440.986656] docker0: port 3(veth9fdd875) entered disabled state
[  440.986665] veth9fdd875: entered allmulticast mode
[  440.986679] veth9fdd875: entered promiscuous mode
[  440.989950] eth0: renamed from veth2f164ca
[  440.990335] docker0: port 3(veth9fdd875) entered blocking state
[  440.990345] docker0: port 3(veth9fdd875) entered forwarding state
[  444.045264] docker0: port 3(veth9fdd875) entered disabled state
[  444.045302] veth2f164ca: renamed from eth0
[  444.075270] docker0: port 3(veth9fdd875) entered disabled state
[  444.075567] veth9fdd875 (unregistering): left allmulticast mode
[  444.075577] veth9fdd875 (unregistering): left promiscuous mode
[  444.075583] docker0: port 3(veth9fdd875) entered disabled state
[  444.193886] docker0: port 3(veth9885223) entered blocking state
[  444.193895] docker0: port 3(veth9885223) entered disabled state
[  444.193899] veth9885223: entered allmulticast mode
[  444.193913] veth9885223: entered promiscuous mode
[  444.197369] eth0: renamed from veth776444f
[  444.197732] docker0: port 3(veth9885223) entered blocking state
[  444.197738] docker0: port 3(veth9885223) entered forwarding state
[  447.245381] docker0: port 3(veth9885223) entered disabled state
[  447.245417] veth776444f: renamed from eth0
[  447.263694] docker0: port 3(veth9885223) entered disabled state
[  447.263961] veth9885223 (unregistering): left allmulticast mode
[  447.263969] veth9885223 (unregistering): left promiscuous mode
[  447.263975] docker0: port 3(veth9885223) entered disabled state
[  447.414408] docker0: port 3(veth6931ed1) entered blocking state
[  447.414417] docker0: port 3(veth6931ed1) entered disabled state
[  447.414421] veth6931ed1: entered allmulticast mode
[  447.414437] veth6931ed1: entered promiscuous mode
[  447.418018] eth0: renamed from vethbf2eff1
[  447.418415] docker0: port 3(veth6931ed1) entered blocking state
[  447.418425] docker0: port 3(veth6931ed1) entered forwarding state
[  450.469437] docker0: port 3(veth6931ed1) entered disabled state
[  450.469474] vethbf2eff1: renamed from eth0
[  450.483689] docker0: port 3(veth6931ed1) entered disabled state
[  450.483938] veth6931ed1 (unregistering): left allmulticast mode
[  450.483947] veth6931ed1 (unregistering): left promiscuous mode
[  450.483953] docker0: port 3(veth6931ed1) entered disabled state
[  452.055776] docker0: port 3(veth905d9ef) entered blocking state
[  452.055788] docker0: port 3(veth905d9ef) entered disabled state
[  452.055797] veth905d9ef: entered allmulticast mode
[  452.055819] veth905d9ef: entered promiscuous mode
[  452.059096] eth0: renamed from veth6070d41
[  452.059477] docker0: port 3(veth905d9ef) entered blocking state
[  452.059484] docker0: port 3(veth905d9ef) entered forwarding state
[  452.157957] veth6070d41: renamed from eth0
[  452.158251] docker0: port 3(veth905d9ef) entered disabled state
[  452.180054] docker0: port 3(veth905d9ef) entered disabled state
[  452.180314] veth905d9ef (unregistering): left allmulticast mode
[  452.180323] veth905d9ef (unregistering): left promiscuous mode
[  452.180329] docker0: port 3(veth905d9ef) entered disabled state
[  452.254345] docker0: port 3(veth7942479) entered blocking state
[  452.254355] docker0: port 3(veth7942479) entered disabled state
[  452.254369] veth7942479: entered allmulticast mode
[  452.254383] veth7942479: entered promiscuous mode
[  452.257214] eth0: renamed from veth2785619
[  452.257551] docker0: port 3(veth7942479) entered blocking state
[  452.257567] docker0: port 3(veth7942479) entered forwarding state
[  452.345930] docker0: port 3(veth7942479) entered disabled state
[  452.345964] veth2785619: renamed from eth0
[  452.371066] docker0: port 3(veth7942479) entered disabled state
[  452.371332] veth7942479 (unregistering): left allmulticast mode
[  452.371341] veth7942479 (unregistering): left promiscuous mode
[  452.371346] docker0: port 3(veth7942479) entered disabled state
[  452.460737] docker0: port 3(vethf00f261) entered blocking state
[  452.460748] docker0: port 3(vethf00f261) entered disabled state
[  452.460755] vethf00f261: entered allmulticast mode
[  452.460774] vethf00f261: entered promiscuous mode
[  452.464153] eth0: renamed from veth3b334c0
[  452.464540] docker0: port 3(vethf00f261) entered blocking state
[  452.464549] docker0: port 3(vethf00f261) entered forwarding state
[  452.569073] docker0: port 3(vethf00f261) entered disabled state
[  452.569121] veth3b334c0: renamed from eth0
[  452.591122] docker0: port 3(vethf00f261) entered disabled state
[  452.591407] vethf00f261 (unregistering): left allmulticast mode
[  452.591429] vethf00f261 (unregistering): left promiscuous mode
[  452.591433] docker0: port 3(vethf00f261) entered disabled state
[  452.719003] docker0: port 1(veth3b3dfa7) entered disabled state
[  452.719126] veth4118bad: renamed from eth0
[  452.753269] docker0: port 1(veth3b3dfa7) entered disabled state
[  452.753826] veth3b3dfa7 (unregistering): left allmulticast mode
[  452.753838] veth3b3dfa7 (unregistering): left promiscuous mode
[  452.753844] docker0: port 1(veth3b3dfa7) entered disabled state
[  452.763163] docker0: port 2(veth686a20d) entered disabled state
[  452.763242] veth0c30103: renamed from eth0
[2m2026-09-07T22:35:20.687447Z[0m [32m INFO[0m [2mlighter_docker[0m[2m:[0m port forward withdrawn [3mpublished[0m[2m=[0mtcp [::]:5398
[2m2026-09-07T22:35:20.687645Z[0m [32m INFO[0m [2mlighter_docker[0m[2m:[0m port forward withdrawn [3mpublished[0m[2m=[0mtcp 0.0.0.0:5398
[  452.806274] docker0: port 2(veth686a20d) entered disabled state
[  452.806519] veth686a20d (unregistering): left allmulticast mode
[  452.806521] veth686a20d (unregistering): left promiscuous mode
[  452.806523] docker0: port 2(veth686a20d) entered disabled state
[2m2026-09-07T22:35:20.742231Z[0m [32m INFO[0m [2mlighter_docker[0m[2m:[0m port forward withdrawn [3mpublished[0m[2m=[0mtcp 0.0.0.0:5397
[2m2026-09-07T22:35:20.742428Z[0m [32m INFO[0m [2mlighter_docker[0m[2m:[0m port forward withdrawn [3mpublished[0m[2m=[0mtcp [::]:5397
[2m2026-09-07T22:35:30.237823Z[0m [32m INFO[0m [2mlighter_vmm::virtio::mem[0m[2m:[0m virtio-mem offer [3mrequested_mib[0m[2m=[0m512 [3mplugged_mib[0m[2m=[0m3072
[  462.356245] virtio_mem virtio8: plugged size: 0xc0000000
[  462.356298] virtio_mem virtio8: requested size: 0x20000000
[2m2026-09-07T22:35:30.340856Z[0m [32m INFO[0m [2mlighter_vmm::virtio::mem[0m[2m:[0m virtio-mem offer [3mrequested_mib[0m[2m=[0m0 [3mplugged_mib[0m[2m=[0m2560
[  462.472027] virtio_mem virtio8: plugged size: 0xa0000000
[  462.472038] virtio_mem virtio8: requested size: 0x0
[  462.625428] Fallback order for Node 0: 0 
[  462.625440] Built 1 zonelists, mobility grouping on.  Total pages: 520084
[  462.625445] Policy zone: Normal
[2m2026-09-07T22:36:30.832427Z[0m [32m INFO[0m [2mlighter_vmm::memory_policy[0m[2m:[0m virtio-mem: an unplug the guest could not finish; keeping the block [3mplugged_mib[0m[2m=[0m1152
[2m2026-09-07T22:36:30.832598Z[0m [32m INFO[0m [2mlighter_vmm::virtio::mem[0m[2m:[0m virtio-mem offer [3mrequested_mib[0m[2m=[0m1152 [3mplugged_mib[0m[2m=[0m1152
[  522.950096] virtio_mem virtio8: plugged size: 0x48000000
[  522.950153] virtio_mem virtio8: requested size: 0x48000000
[2m2026-09-07T22:36:35.873351Z[0m [32m INFO[0m [2mlighter_vmm::virtio::mem[0m[2m:[0m virtio-mem offer [3mrequested_mib[0m[2m=[0m0 [3mplugged_mib[0m[2m=[0m1152
[  527.990711] virtio_mem virtio8: plugged size: 0x48000000
[  527.990759] virtio_mem virtio8: requested size: 0x0
