[2m2026-09-07T23:49:47.711040Z[0m [32m INFO[0m [2mlighter_vmm::net[0m[2m:[0m network started [3mgateway[0m[2m=[0m"192.168.127.1" [3mguest[0m[2m=[0m"192.168.127.2" [3mmtu[0m[2m=[0m1500
[2m2026-09-07T23:49:47.711192Z[0m [32m INFO[0m [2mlighter_vmm::machine[0m[2m:[0m attached disk [3mpath[0m[2m=[0m/var/folders/t_/gbzzqq_x4hvg4qdrhspkp37m0000gn/T/lighter-rootfs.bpqtICB8QV.ext4 [3mcapacity_mib[0m[2m=[0m2048 [3mallocated_kib[0m[2m=[0m2097152
[2m2026-09-07T23:49:47.711289Z[0m [32m INFO[0m [2mlighter_vmm::machine[0m[2m:[0m attached disk [3mpath[0m[2m=[0m/var/folders/t_/gbzzqq_x4hvg4qdrhspkp37m0000gn/T/lighter-bench.XlrsnGGIO9/data.img [3mcapacity_mib[0m[2m=[0m131072 [3mallocated_kib[0m[2m=[0m0
[2m2026-09-07T23:49:47.713380Z[0m [32m INFO[0m [2mlighter_fs::server[0m[2m:[0m share opened [3mroot[0m[2m=[0m~/.lighter-bench/lighter [3mattr_ms[0m[2m=[0m100 [3mentry_ms[0m[2m=[0m100 [3mdir_entry_ms[0m[2m=[0m1000 [3mwatched[0m[2m=[0mtrue [3mdescriptors[0m[2m=[0m10240
[2m2026-09-07T23:49:47.714203Z[0m [32m INFO[0m [2mlighter_fs::server[0m[2m:[0m share opened [3mroot[0m[2m=[0m/Library/Apple/usr/libexec/oah/RosettaLinux [3mattr_ms[0m[2m=[0m100 [3mentry_ms[0m[2m=[0m100 [3mdir_entry_ms[0m[2m=[0m1000 [3mwatched[0m[2m=[0mtrue [3mdescriptors[0m[2m=[0m10240
[2m2026-09-07T23:49:47.717872Z[0m [32m INFO[0m [2mlighter_vmm::machine[0m[2m:[0m machine started [3mvcpus[0m[2m=[0m8 [3mram_mib[0m[2m=[0m1024 [3mentry[0m[2m=[0m0x40000000 [3mdtb[0m[2m=[0m0x43400000
[2m2026-09-07T23:49:47.718191Z[0m [32m INFO[0m [2mlighter_vmm::vsock_proxy[0m[2m:[0m proxying a socket into the guest [3mpath[0m[2m=[0m/var/folders/t_/gbzzqq_x4hvg4qdrhspkp37m0000gn/T/lighter-bench.XlrsnGGIO9/docker.sock [3mguest_port[0m[2m=[0m2375
[2m2026-09-07T23:49:47.718264Z[0m [32m INFO[0m [2mlighter_vmm::vsock_proxy[0m[2m:[0m proxying a socket into the guest [3mpath[0m[2m=[0m/var/folders/t_/gbzzqq_x4hvg4qdrhspkp37m0000gn/T/lighter-bench.XlrsnGGIO9/control.sock [3mguest_port[0m[2m=[0m2376
[2m2026-09-07T23:49:47.718375Z[0m [33m WARN[0m [2mlighter_vmm::virtio::mmio[0m[2m:[0m queue notified before the driver was ready [3mdevice[0m[2m=[0m"virtio-vsock" [3mindex[0m[2m=[0m0
[    0.000000] Booting Linux on physical CPU 0x0000000000 [0x610f0000]
[    0.000000] Linux version 6.18.49-lighter (root@cc682f9944e9) (gcc (Debian 12.2.0-14+deb12u1) 12.2.0, GNU ld (GNU Binutils for Debian) 2.40) #1 SMP Mon Sep  7 19:57:38 UTC 2026
[    0.000000] KASLR disabled due to lack of seed
[    0.000000] Machine model: linux,dummy-virt
[    0.000000] efi: UEFI not found.
[    0.000000] OF: reserved mem: Reserved memory: No reserved-memory node in the DT
[    0.000000] NUMA: Faking a node at [mem 0x0000000040000000-0x000000007fffffff]
[    0.000000] NODE_DATA(0) allocated [mem 0x7fe05d00-0x7fe0847f]
[    0.000000] Zone ranges:
[    0.000000]   DMA      [mem 0x0000000040000000-0x000000007fffffff]
[    0.000000]   DMA32    empty
[    0.000000]   Normal   empty
[    0.000000] Movable zone start for each node
[    0.000000] Early memory node ranges
[    0.000000]   node   0: [mem 0x0000000040000000-0x000000007fffffff]
[    0.000000] Initmem setup node 0 [mem 0x0000000040000000-0x000000007fffffff]
[    0.000000] cma: Reserved 32 MiB at 0x000000007cc00000
[    0.000000] psci: probing for conduit method from DT.
[    0.000000] psci: PSCIv1.1 detected in firmware.
[    0.000000] psci: Using standard PSCI v0.2 function IDs
[    0.000000] psci: Trusted OS migration not required
[    0.000000] psci: SMC Calling Convention v1.0
[    0.000000] percpu: Embedded 23 pages/cpu s63320 r0 d30888 u94208
[    0.000000] Detected PIPT I-cache on CPU0
[    0.000000] CPU features: detected: Address authentication (IMP DEF algorithm)
[    0.000000] CPU features: detected: GICv3 CPU interface
[    0.000000] CPU features: detected: Spectre-v4
[    0.000000] CPU features: detected: Spectre-BHB
[    0.000000] alternatives: applying boot alternatives
[    0.000000] Kernel command line: console=ttyAMA0 panic=-1 root=/dev/vda rw init=/sbin/lighter-init psi=0 idle.poll_ns=50000 lighter.time=1788824986 lighter.share=bench:/mnt/bench  lighter.rosetta 
[    0.000000] printk: log buffer data + meta data: 131072 + 458752 = 589824 bytes
[    0.000000] Dentry cache hash table entries: 131072 (order: 8, 1048576 bytes, linear)
[    0.000000] Inode-cache hash table entries: 65536 (order: 7, 524288 bytes, linear)
[    0.000000] software IO TLB: SWIOTLB bounce buffer size adjusted to 1MB
[    0.000000] software IO TLB: area num 8.
[    0.000000] software IO TLB: SWIOTLB bounce buffer size roundup to 2MB
[    0.000000] software IO TLB: mapped [mem 0x000000007c980000-0x000000007cb80000] (2MB)
[    0.000000] Fallback order for Node 0: 0 
[    0.000000] Built 1 zonelists, mobility grouping on.  Total pages: 262144
[    0.000000] Policy zone: DMA
[    0.000000] mem auto-init: stack:off, heap alloc:off, heap free:off
[    0.000000] SLUB: HWalign=64, Order=0-3, MinObjects=0, CPUs=8, Nodes=1
[    0.000000] rcu: Hierarchical RCU implementation.
[    0.000000] rcu: 	RCU event tracing is enabled.
[    0.000000] rcu: 	RCU restricting CPUs from NR_CPUS=512 to nr_cpu_ids=8.
[    0.000000] 	Tracing variant of Tasks RCU enabled.
[    0.000000] rcu: RCU calculated value of scheduler-enlistment delay is 25 jiffies.
[    0.000000] rcu: Adjusting geometry for rcu_fanout_leaf=16, nr_cpu_ids=8
[    0.000000] RCU Tasks Trace: Setting shift to 3 and lim to 1 rcu_task_cb_adjust=1 rcu_task_cpu_ids=8.
[    0.000000] NR_IRQS: 64, nr_irqs: 64, preallocated irqs: 0
[    0.000000] GICv3: 988 SPIs implemented
[    0.000000] GICv3: 0 Extended SPIs implemented
[    0.000000] Root IRQ handler: gic_handle_irq
[    0.000000] GICv3: GICv3 features: 16 PPIs, RSS
[    0.000000] GICv3: GICD_CTLR.DS=1, SCR_EL3.FIQ=0
[    0.000000] GICv3: CPU0: found redistributor 0 region 0:0x00000000080a0000
[    0.000000] rcu: srcu_init: Setting srcu_struct sizes based on contention.
[    0.000000] clocksource: jiffies: mask: 0xffffffff max_cycles: 0xffffffff, max_idle_ns: 7645041785100000 ns
[    0.000000] arch_timer: cp15 timer running at 24.00MHz (virt).
[    0.000000] clocksource: arch_sys_counter: mask: 0xffffffffffffff max_cycles: 0x588fe9dc0, max_idle_ns: 440795202592 ns
[    0.000000] sched_clock: 56 bits at 24MHz, resolution 41ns, wraps every 4398046511097ns
[    0.000071] Console: colour dummy device 80x25
[    0.000095] Calibrating delay loop (skipped), value calculated using timer frequency.. 48.00 BogoMIPS (lpj=96000)
[    0.000096] pid_max: default: 32768 minimum: 301
[    0.000126] LSM: initializing lsm=capability
[    0.000210] Mount-cache hash table entries: 2048 (order: 2, 16384 bytes, linear)
[    0.000213] Mountpoint-cache hash table entries: 2048 (order: 2, 16384 bytes, linear)
[    0.000565] cacheinfo: Unable to detect cache hierarchy for CPU 0
[    0.000751] Apple TSO: available per thread (PR_SET_MEM_MODEL); boot value off
[    0.000781] rcu: Hierarchical SRCU implementation.
[    0.000782] rcu: 	Max phase no-delay instances is 1000.
[    0.000836] Timer migration: 1 hierarchy levels; 8 children per group; 1 crossnode level
[    0.000896] EFI services will not be available.
[    0.001003] smp: Bringing up secondary CPUs ...
[    0.001167] Detected PIPT I-cache on CPU1
[    0.001180] GICv3: CPU1: found redistributor 1 region 0:0x00000000080c0000
[    0.001221] CPU1: Booted secondary processor 0x0000000001 [0x610f0000]
[    0.001419] Detected PIPT I-cache on CPU2
[    0.001433] GICv3: CPU2: found redistributor 2 region 0:0x00000000080e0000
[    0.001473] CPU2: Booted secondary processor 0x0000000002 [0x610f0000]
[    0.001630] Detected PIPT I-cache on CPU3
[    0.001645] GICv3: CPU3: found redistributor 3 region 0:0x0000000008100000
[    0.001685] CPU3: Booted secondary processor 0x0000000003 [0x610f0000]
[    0.001855] Detected PIPT I-cache on CPU4
[    0.001872] GICv3: CPU4: found redistributor 4 region 0:0x0000000008120000
[    0.001912] CPU4: Booted secondary processor 0x0000000004 [0x610f0000]
[    0.002070] Detected PIPT I-cache on CPU5
[    0.002089] GICv3: CPU5: found redistributor 5 region 0:0x0000000008140000
[    0.002129] CPU5: Booted secondary processor 0x0000000005 [0x610f0000]
[    0.002281] Detected PIPT I-cache on CPU6
[    0.002301] GICv3: CPU6: found redistributor 6 region 0:0x0000000008160000
[    0.002341] CPU6: Booted secondary processor 0x0000000006 [0x610f0000]
[    0.002512] Detected PIPT I-cache on CPU7
[    0.002534] GICv3: CPU7: found redistributor 7 region 0:0x0000000008180000
[    0.002574] CPU7: Booted secondary processor 0x0000000007 [0x610f0000]
[    0.002602] smp: Brought up 1 node, 8 CPUs
[    0.002603] SMP: Total of 8 processors activated.
[    0.002603] CPU: All CPU(s) started at EL1
[    0.002613] CPU features: detected: ARMv8.4 Translation Table Level
[    0.002614] CPU features: detected: Data cache clean to the PoU not required for I/D coherence
[    0.002614] CPU features: detected: Common not Private translations
[    0.002614] CPU features: detected: CRC32 instructions
[    0.002614] CPU features: detected: Data independent timing control (DIT)
[    0.002615] CPU features: detected: E0PD
[    0.002615] CPU features: detected: Generic authentication (IMP DEF algorithm)
[    0.002616] CPU features: detected: RCpc load-acquire (LDAPR)
[    0.002616] CPU features: detected: LSE atomic instructions
[    0.002617] CPU features: detected: Privileged Access Never
[    0.002617] CPU features: detected: RAS Extension Support
[    0.002617] CPU features: detected: Speculation barrier (SB)
[    0.002618] CPU features: detected: TLB range maintenance instructions
[    0.002926] alternatives: applying system-wide alternatives
[    0.005278] Memory: 935880K/1048576K available (19008K kernel code, 6390K rwdata, 12684K rodata, 12224K init, 709K bss, 74108K reserved, 32768K cma-reserved)
[    0.005376] devtmpfs: initialized
[    0.005663] posixtimers hash table entries: 4096 (order: 4, 65536 bytes, linear)
[    0.005701] futex hash table entries: 2048 (131072 bytes on 1 NUMA nodes, total 128 KiB, linear).
[    0.005734] 19952 pages in range for non-PLT usage
[    0.005734] 511472 pages in range for PLT usage
[    0.005750] pinctrl core: initialized pinctrl subsystem
[    0.005927] DMI not present or invalid.
[    0.006945] NET: Registered PF_NETLINK/PF_ROUTE protocol family
[    0.007148] DMA: preallocated 128 KiB GFP_KERNEL pool for atomic allocations
[    0.007227] DMA: preallocated 128 KiB GFP_KERNEL|GFP_DMA pool for atomic allocations
[    0.007324] DMA: preallocated 128 KiB GFP_KERNEL|GFP_DMA32 pool for atomic allocations
[    0.007403] thermal_sys: Registered thermal governor 'step_wise'
[    0.007404] thermal_sys: Registered thermal governor 'power_allocator'
[    0.007408] cpuidle: using governor menu
[    0.007421] NET: Registered PF_QIPCRTR protocol family
[    0.007445] hw-breakpoint: found 6 breakpoint and 4 watchpoint registers.
[    0.007551] ASID allocator initialised with 256 entries
[    0.007741] Serial: AMBA PL011 UART driver
[    0.007911] c000000.pl011: ttyAMA0 at MMIO 0xc000000 (irq = 13, base_baud = 0) is a PL011 rev1
[    0.007968] printk: console [ttyAMA0] enabled
[    0.008696] HugeTLB: registered 1.00 GiB page size, pre-allocated 0 pages
[    0.008697] HugeTLB: 0 KiB vmemmap can be freed for a 1.00 GiB page
[    0.008697] HugeTLB: registered 32.0 MiB page size, pre-allocated 0 pages
[    0.008701] HugeTLB: 0 KiB vmemmap can be freed for a 32.0 MiB page
[    0.008702] HugeTLB: registered 2.00 MiB page size, pre-allocated 0 pages
[    0.008702] HugeTLB: 0 KiB vmemmap can be freed for a 2.00 MiB page
[    0.008702] HugeTLB: registered 64.0 KiB page size, pre-allocated 0 pages
[    0.008702] HugeTLB: 0 KiB vmemmap can be freed for a 64.0 KiB page
[    0.009914] raid6: skipped pq benchmark and selected neonx8
[    0.009915] raid6: using neon recovery algorithm
[    0.009940] ACPI: Interpreter disabled.
[    0.010084] iommu: Default domain type: Translated
[    0.010085] iommu: DMA domain TLB invalidation policy: strict mode
[    0.013614] pps_core: LinuxPPS API ver. 1 registered
[    0.013614] pps_core: Software ver. 5.3.6 - Copyright 2005-2007 Rodolfo Giometti <giometti@linux.it>
[    0.013615] PTP clock support registered
[    0.013624] EDAC MC: Ver: 3.0.0
[    0.013685] scmi_core: SCMI protocol bus registered
[    0.013845] FPGA manager framework
[    0.014024] nfc: nfc_init: NFC Core ver 0.1
[    0.014031] NET: Registered PF_NFC protocol family
[    0.014167] clocksource: Switched to clocksource arch_sys_counter
[    0.014261] VFS: Disk quotas dquot_6.6.0
[    0.014266] VFS: Dquot-cache hash table entries: 512 (order 0, 4096 bytes)
[    0.014604] pnp: PnP ACPI: disabled
[    0.015127] NET: Registered PF_INET protocol family
[2m2026-09-07T23:49:47.763781Z[0m [33m WARN[0m [2mlighter_vmm::virtio::mmio[0m[2m:[0m queue notified before the driver was ready [3mdevice[0m[2m=[0m"virtio-vsock" [3mindex[0m[2m=[0m0
[    0.015179] IP idents hash table entries: 16384 (order: 5, 131072 bytes, linear)
[2m2026-09-07T23:49:47.763901Z[0m [33m WARN[0m [2mlighter_vmm::virtio::mmio[0m[2m:[0m queue notified before the driver was ready [3mdevice[0m[2m=[0m"fs" [3mindex[0m[2m=[0m5
[2m2026-09-07T23:49:47.763923Z[0m [32m INFO[0m [2mlighter_fs::cache[0m[2m:[0m cache lifetime set by whether the guest can be told to forget [3minvalidation[0m[2m=[0m"push" [3mattr_ms[0m[2m=[0m20000 [3mentry_ms[0m[2m=[0m20000
[    0.015344] tcp_listen_portaddr_hash hash table entries: 512 (order: 1, 8192 bytes, linear)
[2m2026-09-07T23:49:47.764089Z[0m [32m INFO[0m [2mlighter_vmm::virtio::fs[0m[2m:[0m share activated [3mtag[0m[2m=[0mbench [3mroot[0m[2m=[0m~/.lighter-bench/lighter
[    0.015346] Table-perturb hash table entries: 65536 (order: 6, 262144 bytes, linear)
[2m2026-09-07T23:49:47.764351Z[0m [33m WARN[0m [2mlighter_vmm::virtio::mmio[0m[2m:[0m queue notified before the driver was ready [3mdevice[0m[2m=[0m"fs" [3mindex[0m[2m=[0m5
[2m2026-09-07T23:49:47.764360Z[0m [32m INFO[0m [2mlighter_fs::cache[0m[2m:[0m cache lifetime set by whether the guest can be told to forget [3minvalidation[0m[2m=[0m"push" [3mattr_ms[0m[2m=[0m20000 [3mentry_ms[0m[2m=[0m20000
[    0.015348] TCP established hash table entries: 8192 (order: 4, 65536 bytes, linear)
[2m2026-09-07T23:49:47.764489Z[0m [32m INFO[0m [2mlighter_vmm::virtio::fs[0m[2m:[0m share activated [3mtag[0m[2m=[0mrosetta [3mroot[0m[2m=[0m/Library/Apple/usr/libexec/oah/RosettaLinux
[    0.015363] TCP bind hash table entries: 8192 (order: 6, 262144 bytes, linear)
[    0.015412] TCP: Hash tables configured (established 8192 bind 8192)
[    0.015446] UDP hash table entries: 512 (order: 3, 32768 bytes, linear)
[    0.015453] UDP-Lite hash table entries: 512 (order: 3, 32768 bytes, linear)
[    0.015472] NET: Registered PF_UNIX/PF_LOCAL protocol family
[    0.015619] kvm [1]: HYP mode not available
[    0.015743] Initialise system trusted keyrings
[    0.015822] workingset: timestamp_bits=42 max_order=18 bucket_order=0
[    0.015864] squashfs: version 4.0 (2009/01/31) Phillip Lougher
[    0.015891] fuse: init (API version 7.45)
[    0.015949] SGI XFS with ACLs, security attributes, scrub, repair, no debug enabled
[    0.016120] 9p: Installing v9fs 9p2000 file system support
[    0.022138] NET: Registered PF_ALG protocol family
[    0.022142] xor: measuring software checksum speed
[    0.022322]    8regs           : 18307 MB/sec
[    0.022399]    32regs          : 42655 MB/sec
[    0.022465]    arm64_neon      : 50057 MB/sec
[    0.022466] xor: using function: arm64_neon (50057 MB/sec)
[    0.022472] Key type asymmetric registered
[    0.022473] Asymmetric key parser 'x509' registered
[    0.022478] Block layer SCSI generic (bsg) driver version 0.4 loaded (major 239)
[    0.022479] io scheduler mq-deadline registered
[    0.022479] io scheduler kyber registered
[    0.022483] io scheduler bfq registered
[    0.030345] ledtrig-cpu: registered to indicate activity on CPUs
[    0.030368] IPMI message handler: version 39.2
[    0.030372] ipmi device interface
[    0.030456] ipmi_si: IPMI System Interface driver
[    0.030466] ipmi_si: Unable to find any System Interface(s)
[    0.032229] virtiofs virtio4: discovered new tag: bench
[    0.032694] virtiofs virtio5: discovered new tag: rosetta
[    0.033226] Free page reporting enabled
[    0.033305] virtio_mem virtio8: start address: 0x80000000
[    0.033306] virtio_mem virtio8: region size: 0xc0000000
[    0.033306] virtio_mem virtio8: device block size: 0x8000000
[    0.033307] virtio_mem virtio8: nid: 0
[    0.033307] virtio_mem virtio8: memory block size: 0x8000000
[    0.033308] virtio_mem virtio8: big block size: 0x8000000
[    0.033401] virtio_mem virtio8: plugged size: 0x0
[    0.033402] virtio_mem virtio8: requested size: 0xc0000000
[    0.034015] Fallback order for Node 0: 0 
[    0.034016] Built 1 zonelists, mobility grouping on.  Total pages: 267393
[    0.034017] Policy zone: DMA
[    0.034752] Serial: 8250/16550 driver, 4 ports, IRQ sharing enabled
[    0.035048] msm_serial: driver initialized
[    0.035073] SuperH (H)SCI(F) driver initialized
[    0.035082] STM32 USART driver initialized
[    0.035362] random: crng init done
[    0.038486] Fallback order for Node 0: 0 
[    0.038487] Built 1 zonelists, mobility grouping on.  Total pages: 490481
[    0.038488] Policy zone: Normal
[    0.039425] loop: module loaded
[    0.043520] virtio_blk virtio0: 8/0/0 default/read/poll queues
[    0.044052] virtio_blk virtio0: [vda] 4194304 512-byte logical blocks (2.15 GB/2.00 GiB)
[    0.044572] virtio_blk virtio1: 8/0/0 default/read/poll queues
[    0.045067] virtio_blk virtio1: [vdb] 268435456 512-byte logical blocks (137 GB/128 GiB)
[    0.045377] zram: Added device: zram0
[    0.046115] tun: Universal TUN/TAP device driver, 1.6
[    0.046927] VFIO - User Level meta-driver version: 0.3
[    0.048860]  cs_system_cfg: CoreSight Configuration manager initialised
[    0.049123] gnss: GNSS driver registered with major 503
[    0.049341] GACT probability NOT on
[    0.049350] Mirror/redirect action on
[    0.049629] IPVS: Registered protocols ()
[    0.049639] IPVS: Connection hash table configured (size=4096, memory=32Kbytes)
[    0.049663] IPVS: ipvs loaded.
[    0.049693] Initializing XFRM netlink socket
[    0.049703] NET: Registered PF_INET6 protocol family
[    0.049887] Segment Routing with IPv6
[    0.049890] In-situ OAM (IOAM) with IPv6
[    0.049906] sit: IPv6, IPv4 and MPLS over IPv4 tunneling driver
[    0.049972] NET: Registered PF_PACKET protocol family
[    0.050007] 8021q: 802.1Q VLAN Support v1.8
[    0.050030] 9pnet: Installing 9P2000 support
[    0.050036] Key type dns_resolver registered
[    0.050059] NET: Registered PF_VSOCK protocol family
[    0.051717] registered taskstats version 1
[    0.051765] Loading compiled-in X.509 certificates
[    0.052597] Demotion targets for Node 0: null
[    0.052741] Btrfs loaded, zoned=no, fsverity=no
[    0.052849] clk: Disabling unused clocks
[    0.052850] PM: genpd: Disabling unused power domains
[    0.053124] check access for rdinit=/init failed: -2, ignoring
[    0.057867] EXT4-fs (vda): mounted filesystem b6b766ac-cd49-44a5-aac0-ad1817245fe0 r/w with ordered data mode. Quota mode: none.
[    0.057884] VFS: Mounted root (ext4 filesystem) on device 254:0.
[    0.058067] devtmpfs: mounted
[    0.058837] Freeing unused kernel memory: 12224K
[    0.058868] Run /sbin/lighter-init as init process
INIT clock=2026-09-07T23:49:46Z
INIT filesystems=ok
INIT formatting=/dev/vdb fs=btrfs mkfs=
INIT data_fs=btrfs
INIT data_opts=noatime,nodatacow,commit=30,thread_pool=1
[    0.136585] BTRFS: device label lighter-data devid 1 transid 8 /dev/vdb (254:16) scanned by mount (137)
[    0.137020] BTRFS info (device vdb): first mount of filesystem 788764d8-9171-4bb1-8a73-998ef1cb4097
[    0.137046] BTRFS info (device vdb): using crc32c (crc32c-lib) checksum algorithm
[    0.137845] BTRFS info (device vdb): checking UUID tree
[    0.137938] BTRFS info (device vdb): setting nodatasum
[    0.137939] BTRFS info (device vdb): setting nodatacow
INIT data=mounted[    0.137940] BTRFS info (device vdb): turning on async discard
[    0.137940] BTRFS info (device vdb): enabling free space tree

INIT fstrim=10ms
[    0.145228] zram0: detected capacity change from 0 to 4194304
[    0.148166] Adding 2097148k swap on /dev/zram0.  Priority:100 extents:1 across:2097148k SS
INIT zram=on
[    0.149166] rcu: RCU calculated value of scheduler-enlistment delay is 25 jiffies.
[2m2026-09-07T23:49:47.881866Z[0m [32m INFO[0m [2mlighter_fs::server[0m[2m:[0m filesystem negotiated [3mguest[0m[2m=[0m7.45 [3mmax_write[0m[2m=[0m262144 [3mreaddirplus[0m[2m=[0mtrue [3mcreate_dialect[0m[2m=[0mtrue
INIT binfmt=x86_64 via=rosetta
[2m2026-09-07T23:49:47.882867Z[0m [32m INFO[0m [2mlighter_fs::server[0m[2m:[0m filesystem negotiated [3mguest[0m[2m=[0m7.45 [3mmax_write[0m[2m=[0m262144 [3mreaddirplus[0m[2m=[0mtrue [3mcreate_dialect[0m[2m=[0mtrue
INIT share=bench at=/mnt/bench
INIT dhcp=ok t=0.16
INIT ipv6=ok
INIT dockerd=ready after=100ms t=0.29
AGENT listening port=2375
AGENT udp-inbound
AGENT inbound port=2378
AGENT tcp-proxy port=15201
AGENT dns addr=192.168.127.2
AGENT udp-proxy port=15202
AGENT listening port=2376
AGENT udp-proxy port=15202
AGENT clock=set trip_us=106 attempt=0
INIT streams=on
INIT ready t=0.30
[2m2026-09-07T23:49:55.496492Z[0m [32m INFO[0m [2mlighter_vmm::virtio::mem[0m[2m:[0m virtio-mem offer [3mrequested_mib[0m[2m=[0m512 [3mplugged_mib[0m[2m=[0m3072
[    7.764931] virtio_mem virtio8: plugged size: 0xc0000000
[    7.764946] virtio_mem virtio8: requested size: 0x20000000
[    8.028891] Fallback order for Node 0: 0 
[    8.028902] Built 1 zonelists, mobility grouping on.  Total pages: 520084
[    8.028908] Policy zone: Normal
[2m2026-09-07T23:49:56.268411Z[0m [32m INFO[0m [2mlighter_vmm::virtio::mem[0m[2m:[0m virtio-mem offer [3mrequested_mib[0m[2m=[0m0 [3mplugged_mib[0m[2m=[0m512
[    8.536821] virtio_mem virtio8: plugged size: 0x20000000
[    8.536835] virtio_mem virtio8: requested size: 0x0
[2m2026-09-07T23:50:02.941320Z[0m [32m INFO[0m [2mlighter_vmm::virtio::mem[0m[2m:[0m virtio-mem offer [3mrequested_mib[0m[2m=[0m3072 [3mplugged_mib[0m[2m=[0m384
[   15.209630] virtio_mem virtio8: plugged size: 0x18000000
[   15.209642] virtio_mem virtio8: requested size: 0xc0000000
[   15.210404] Fallback order for Node 0: 0 
[   15.210414] Built 1 zonelists, mobility grouping on.  Total pages: 358772
[   15.210419] Policy zone: Normal
[   15.489148] docker0: port 1(veth96873c0) entered blocking state
[   15.489160] docker0: port 1(veth96873c0) entered disabled state
[   15.489172] veth96873c0: entered allmulticast mode
[   15.489195] veth96873c0: entered promiscuous mode
[   15.577842] eth0: renamed from veth624d5c7
[   15.578250] docker0: port 1(veth96873c0) entered blocking state
[   15.578273] docker0: port 1(veth96873c0) entered forwarding state
AGENT sockmap=on
[   27.830765] docker0: port 1(veth96873c0) entered disabled state
[   27.830798] veth624d5c7: renamed from eth0
[   27.858885] docker0: port 1(veth96873c0) entered disabled state
[   27.859193] veth96873c0 (unregistering): left allmulticast mode
[   27.859203] veth96873c0 (unregistering): left promiscuous mode
[   27.859209] docker0: port 1(veth96873c0) entered disabled state
[   28.251155] docker0: port 1(vethda0a438) entered blocking state
[   28.251167] docker0: port 1(vethda0a438) entered disabled state
[   28.251176] vethda0a438: entered allmulticast mode
[   28.251192] vethda0a438: entered promiscuous mode
[   28.254880] eth0: renamed from vethee2fcec
[   28.255187] docker0: port 1(vethda0a438) entered blocking state
[   28.255198] docker0: port 1(vethda0a438) entered forwarding state
[2m2026-09-07T23:50:22.938556Z[0m [33m WARN[0m [2mlighter_fs::inode[0m[2m:[0m the share is holding more descriptors than it may [3mopen[0m[2m=[0m6244 [3mbudget[0m[2m=[0m6144 [3minodes[0m[2m=[0m13779 [3mlive[0m[2m=[0m13779 [3mexamined[0m[2m=[0m8192 [3mparked[0m[2m=[0m0 [3munheld[0m[2m=[0m6 [3mused[0m[2m=[0m0 [3mprivileged[0m[2m=[0m0 [3munparkable[0m[2m=[0m0
[   46.271212] docker0: port 1(vethda0a438) entered disabled state
[   46.271249] vethee2fcec: renamed from eth0
[   46.298837] docker0: port 1(vethda0a438) entered disabled state
[   46.298964] vethda0a438 (unregistering): left allmulticast mode
[   46.298965] vethda0a438 (unregistering): left promiscuous mode
[   46.298967] docker0: port 1(vethda0a438) entered disabled state
[   46.465096] docker0: port 1(vethc3c27ff) entered blocking state
[   46.465108] docker0: port 1(vethc3c27ff) entered disabled state
[   46.465117] vethc3c27ff: entered allmulticast mode
[   46.465135] vethc3c27ff: entered promiscuous mode
[   46.468435] eth0: renamed from veth8f5c126
[   46.468777] docker0: port 1(vethc3c27ff) entered blocking state
[   46.468787] docker0: port 1(vethc3c27ff) entered forwarding state
[   80.998795] docker0: port 1(vethc3c27ff) entered disabled state
[   80.998954] veth8f5c126: renamed from eth0
[   81.011205] docker0: port 1(vethc3c27ff) entered disabled state
[   81.011603] vethc3c27ff (unregistering): left allmulticast mode
[   81.011617] vethc3c27ff (unregistering): left promiscuous mode
[   81.011623] docker0: port 1(vethc3c27ff) entered disabled state
[   81.485221] docker0: port 1(vethff82ad4) entered blocking state
[   81.485232] docker0: port 1(vethff82ad4) entered disabled state
[   81.485243] vethff82ad4: entered allmulticast mode
[   81.485269] vethff82ad4: entered promiscuous mode
[   81.488984] eth0: renamed from veth2d65d62
[   81.489364] docker0: port 1(vethff82ad4) entered blocking state
[   81.489371] docker0: port 1(vethff82ad4) entered forwarding state
[  129.527876] docker0: port 1(vethff82ad4) entered disabled state
[  129.527911] veth2d65d62: renamed from eth0
[  129.555212] docker0: port 1(vethff82ad4) entered disabled state
[  129.555507] vethff82ad4 (unregistering): left allmulticast mode
[  129.555516] vethff82ad4 (unregistering): left promiscuous mode
[  129.555522] docker0: port 1(vethff82ad4) entered disabled state
[  129.752759] docker0: port 1(vethbd2f0d3) entered blocking state
[  129.752773] docker0: port 1(vethbd2f0d3) entered disabled state
[  129.752780] vethbd2f0d3: entered allmulticast mode
[  129.752799] vethbd2f0d3: entered promiscuous mode
[  129.755831] eth0: renamed from veth05031f3
[  129.756198] docker0: port 1(vethbd2f0d3) entered blocking state
[  129.756207] docker0: port 1(vethbd2f0d3) entered forwarding state
[2m2026-09-07T23:52:05.640660Z[0m [33m WARN[0m [2mlighter_fs::inode[0m[2m:[0m the share is holding more descriptors than it may [3mopen[0m[2m=[0m6256 [3mbudget[0m[2m=[0m6144 [3minodes[0m[2m=[0m64023 [3mlive[0m[2m=[0m64023 [3mexamined[0m[2m=[0m8192 [3mparked[0m[2m=[0m0 [3munheld[0m[2m=[0m33 [3mused[0m[2m=[0m0 [3mprivileged[0m[2m=[0m0 [3munparkable[0m[2m=[0m0
[  163.486855] veth05031f3: renamed from eth0
[  163.486982] docker0: port 1(vethbd2f0d3) entered disabled state
[  163.510603] docker0: port 1(vethbd2f0d3) entered disabled state
[  163.510860] vethbd2f0d3 (unregistering): left allmulticast mode
[  163.510869] vethbd2f0d3 (unregistering): left promiscuous mode
[  163.510874] docker0: port 1(vethbd2f0d3) entered disabled state
[  163.718537] docker0: port 1(veth2b6060f) entered blocking state
[  163.718547] docker0: port 1(veth2b6060f) entered disabled state
[  163.718554] veth2b6060f: entered allmulticast mode
[  163.718573] veth2b6060f: entered promiscuous mode
[  163.723375] eth0: renamed from veth0f7c9e3
[  163.723818] docker0: port 1(veth2b6060f) entered blocking state
[  163.723825] docker0: port 1(veth2b6060f) entered forwarding state
[  206.519870] docker0: port 1(veth2b6060f) entered disabled state
[  206.519981] veth0f7c9e3: renamed from eth0
[  206.543167] docker0: port 1(veth2b6060f) entered disabled state
[  206.543535] veth2b6060f (unregistering): left allmulticast mode
[  206.543548] veth2b6060f (unregistering): left promiscuous mode
[  206.543554] docker0: port 1(veth2b6060f) entered disabled state
[  206.743633] docker0: port 1(veth53aa930) entered blocking state
[  206.743643] docker0: port 1(veth53aa930) entered disabled state
[  206.743651] veth53aa930: entered allmulticast mode
[  206.743783] veth53aa930: entered promiscuous mode
[  206.747757] eth0: renamed from vethc165776
[  206.748265] docker0: port 1(veth53aa930) entered blocking state
[  206.748278] docker0: port 1(veth53aa930) entered forwarding state
[  221.371087] docker0: port 1(veth53aa930) entered disabled state
[  221.371197] vethc165776: renamed from eth0
[  221.390934] docker0: port 1(veth53aa930) entered disabled state
[  221.391208] veth53aa930 (unregistering): left allmulticast mode
[  221.391218] veth53aa930 (unregistering): left promiscuous mode
[  221.391224] docker0: port 1(veth53aa930) entered disabled state
[  221.574377] docker0: port 1(vetha0b5ef1) entered blocking state
[  221.574387] docker0: port 1(vetha0b5ef1) entered disabled state
[  221.574394] vetha0b5ef1: entered allmulticast mode
[  221.574420] vetha0b5ef1: entered promiscuous mode
[  221.578515] eth0: renamed from veth63dd331
[  221.578788] docker0: port 1(vetha0b5ef1) entered blocking state
[  221.578797] docker0: port 1(vetha0b5ef1) entered forwarding state
[  227.792954] docker0: port 1(vetha0b5ef1) entered disabled state
[  227.793018] veth63dd331: renamed from eth0
[  227.810880] docker0: port 1(vetha0b5ef1) entered disabled state
[  227.811177] vetha0b5ef1 (unregistering): left allmulticast mode
[  227.811189] vetha0b5ef1 (unregistering): left promiscuous mode
[  227.811195] docker0: port 1(vetha0b5ef1) entered disabled state
[  228.021505] docker0: port 1(veth70e6f64) entered blocking state
[  228.021517] docker0: port 1(veth70e6f64) entered disabled state
[  228.021525] veth70e6f64: entered allmulticast mode
[  228.021546] veth70e6f64: entered promiscuous mode
[  228.024908] eth0: renamed from veth7b5426c
[  228.025357] docker0: port 1(veth70e6f64) entered blocking state
[  228.025369] docker0: port 1(veth70e6f64) entered forwarding state
[  228.450674] docker0: port 1(veth70e6f64) entered disabled state
[  228.450723] veth7b5426c: renamed from eth0
[  228.482735] docker0: port 1(veth70e6f64) entered disabled state
[  228.483000] veth70e6f64 (unregistering): left allmulticast mode
[  228.483010] veth70e6f64 (unregistering): left promiscuous mode
[  228.483016] docker0: port 1(veth70e6f64) entered disabled state
[  228.631852] docker0: port 1(vethd1dcc2d) entered blocking state
[  228.631863] docker0: port 1(vethd1dcc2d) entered disabled state
[  228.631870] vethd1dcc2d: entered allmulticast mode
[  228.631888] vethd1dcc2d: entered promiscuous mode
[  228.635288] eth0: renamed from vethf4246bc
[  228.635736] docker0: port 1(vethd1dcc2d) entered blocking state
[  228.635751] docker0: port 1(vethd1dcc2d) entered forwarding state
[2m2026-09-07T23:53:39.008595Z[0m [33m WARN[0m [2mlighter_fs::inode[0m[2m:[0m the share is holding more descriptors than it may [3mopen[0m[2m=[0m6241 [3mbudget[0m[2m=[0m6144 [3minodes[0m[2m=[0m164653 [3mlive[0m[2m=[0m164653 [3mexamined[0m[2m=[0m8192 [3mparked[0m[2m=[0m0 [3munheld[0m[2m=[0m0 [3mused[0m[2m=[0m0 [3mprivileged[0m[2m=[0m0 [3munparkable[0m[2m=[0m0
[2m2026-09-07T23:53:45.874736Z[0m [32m INFO[0m [2mlighter_vmm::memory_policy[0m[2m:[0m balloon target [3mtarget_mib[0m[2m=[0m256
[2m2026-09-07T23:53:52.538915Z[0m [32m INFO[0m [2mlighter_vmm::memory_policy[0m[2m:[0m balloon target [3mtarget_mib[0m[2m=[0m0
[  256.420475] docker0: port 1(vethd1dcc2d) entered disabled state
[  256.420608] vethf4246bc: renamed from eth0
[  256.443727] docker0: port 1(vethd1dcc2d) entered disabled state
[  256.444124] vethd1dcc2d (unregistering): left allmulticast mode
[  256.444141] vethd1dcc2d (unregistering): left promiscuous mode
[  256.444147] docker0: port 1(vethd1dcc2d) entered disabled state
[  256.711346] docker0: port 1(veth7170c7e) entered blocking state
[  256.711361] docker0: port 1(veth7170c7e) entered disabled state
[  256.711371] veth7170c7e: entered allmulticast mode
[  256.711397] veth7170c7e: entered promiscuous mode
[  256.716308] eth0: renamed from veth3d69e02
[  256.716815] docker0: port 1(veth7170c7e) entered blocking state
[  256.716827] docker0: port 1(veth7170c7e) entered forwarding state
[  283.564544] docker0: port 1(veth7170c7e) entered disabled state
[  283.564682] veth3d69e02: renamed from eth0
[  283.589238] docker0: port 1(veth7170c7e) entered disabled state
[  283.589631] veth7170c7e (unregistering): left allmulticast mode
[  283.589646] veth7170c7e (unregistering): left promiscuous mode
[  283.589656] docker0: port 1(veth7170c7e) entered disabled state
