[2m2026-09-08T00:08:41.071487Z[0m [32m INFO[0m [2mlighter_vmm::net[0m[2m:[0m network started [3mgateway[0m[2m=[0m"192.168.127.1" [3mguest[0m[2m=[0m"192.168.127.2" [3mmtu[0m[2m=[0m1500
[2m2026-09-08T00:08:41.071680Z[0m [32m INFO[0m [2mlighter_vmm::machine[0m[2m:[0m attached disk [3mpath[0m[2m=[0m/var/folders/t_/gbzzqq_x4hvg4qdrhspkp37m0000gn/T/lighter-rootfs.ObvwCypXe2.ext4 [3mcapacity_mib[0m[2m=[0m2048 [3mallocated_kib[0m[2m=[0m2097152
[2m2026-09-08T00:08:41.071784Z[0m [32m INFO[0m [2mlighter_vmm::machine[0m[2m:[0m attached disk [3mpath[0m[2m=[0m/var/folders/t_/gbzzqq_x4hvg4qdrhspkp37m0000gn/T/lighter-bench.BCSuDiSunK/data.img [3mcapacity_mib[0m[2m=[0m131072 [3mallocated_kib[0m[2m=[0m0
[2m2026-09-08T00:08:41.072717Z[0m [32m INFO[0m [2mlighter_fs::server[0m[2m:[0m share opened [3mroot[0m[2m=[0m~/.lighter-bench/lighter [3mattr_ms[0m[2m=[0m100 [3mentry_ms[0m[2m=[0m100 [3mdir_entry_ms[0m[2m=[0m1000 [3mwatched[0m[2m=[0mtrue [3mdescriptors[0m[2m=[0m10240
[2m2026-09-08T00:08:41.074005Z[0m [32m INFO[0m [2mlighter_fs::server[0m[2m:[0m share opened [3mroot[0m[2m=[0m/Library/Apple/usr/libexec/oah/RosettaLinux [3mattr_ms[0m[2m=[0m100 [3mentry_ms[0m[2m=[0m100 [3mdir_entry_ms[0m[2m=[0m1000 [3mwatched[0m[2m=[0mtrue [3mdescriptors[0m[2m=[0m10240
[2m2026-09-08T00:08:41.078130Z[0m [32m INFO[0m [2mlighter_vmm::machine[0m[2m:[0m machine started [3mvcpus[0m[2m=[0m8 [3mram_mib[0m[2m=[0m1024 [3mentry[0m[2m=[0m0x40000000 [3mdtb[0m[2m=[0m0x43400000
[2m2026-09-08T00:08:41.078533Z[0m [32m INFO[0m [2mlighter_vmm::vsock_proxy[0m[2m:[0m proxying a socket into the guest [3mpath[0m[2m=[0m/var/folders/t_/gbzzqq_x4hvg4qdrhspkp37m0000gn/T/lighter-bench.BCSuDiSunK/docker.sock [3mguest_port[0m[2m=[0m2375
[2m2026-09-08T00:08:41.078611Z[0m [32m INFO[0m [2mlighter_vmm::vsock_proxy[0m[2m:[0m proxying a socket into the guest [3mpath[0m[2m=[0m/var/folders/t_/gbzzqq_x4hvg4qdrhspkp37m0000gn/T/lighter-bench.BCSuDiSunK/control.sock [3mguest_port[0m[2m=[0m2376
[2m2026-09-08T00:08:41.078694Z[0m [33m WARN[0m [2mlighter_vmm::virtio::mmio[0m[2m:[0m queue notified before the driver was ready [3mdevice[0m[2m=[0m"virtio-vsock" [3mindex[0m[2m=[0m0
[    0.000000] Booting Linux on physical CPU 0x0000000000 [0x610f0000]
[    0.000000] Linux version 6.18.49-lighter (root@cc682f9944e9) (gcc (Debian 12.2.0-14+deb12u1) 12.2.0, GNU ld (GNU Binutils for Debian) 2.40) #1 SMP Mon Sep  7 19:57:38 UTC 2026
[    0.000000] KASLR disabled due to lack of seed
[    0.000000] Machine model: linux,dummy-virt
[    0.000000] efi: UEFI not found.
[    0.000000] OF: reserved mem: Reserved memory: No reserved-memory node in the DT
[    0.000000] NUMA: Faking a node at [mem 0x0000000040000000-0x000000007fffffff]
[    0.000000] NODE_DATA(0) allocated [mem 0x7fe05d00-0x7fe0847f]
[    0.000000] Zone ranges:
[    0.000000]   DMA      [mem 0x0000000040000000-0x000000007fffffff]
[    0.000000]   DMA32    empty
[    0.000000]   Normal   empty
[    0.000000] Movable zone start for each node
[    0.000000] Early memory node ranges
[    0.000000]   node   0: [mem 0x0000000040000000-0x000000007fffffff]
[    0.000000] Initmem setup node 0 [mem 0x0000000040000000-0x000000007fffffff]
[    0.000000] cma: Reserved 32 MiB at 0x000000007cc00000
[    0.000000] psci: probing for conduit method from DT.
[    0.000000] psci: PSCIv1.1 detected in firmware.
[    0.000000] psci: Using standard PSCI v0.2 function IDs
[    0.000000] psci: Trusted OS migration not required
[    0.000000] psci: SMC Calling Convention v1.0
[    0.000000] percpu: Embedded 23 pages/cpu s63320 r0 d30888 u94208
[    0.000000] Detected PIPT I-cache on CPU0
[    0.000000] CPU features: detected: Address authentication (IMP DEF algorithm)
[    0.000000] CPU features: detected: GICv3 CPU interface
[    0.000000] CPU features: detected: Spectre-v4
[    0.000000] CPU features: detected: Spectre-BHB
[    0.000000] alternatives: applying boot alternatives
[    0.000000] Kernel command line: console=ttyAMA0 panic=-1 root=/dev/vda rw init=/sbin/lighter-init psi=0 idle.poll_ns=50000 lighter.time=1788826120 lighter.share=bench:/mnt/bench  lighter.rosetta 
[    0.000000] printk: log buffer data + meta data: 131072 + 458752 = 589824 bytes
[    0.000000] Dentry cache hash table entries: 131072 (order: 8, 1048576 bytes, linear)
[    0.000000] Inode-cache hash table entries: 65536 (order: 7, 524288 bytes, linear)
[    0.000000] software IO TLB: SWIOTLB bounce buffer size adjusted to 1MB
[    0.000000] software IO TLB: area num 8.
[    0.000000] software IO TLB: SWIOTLB bounce buffer size roundup to 2MB
[    0.000000] software IO TLB: mapped [mem 0x000000007c980000-0x000000007cb80000] (2MB)
[    0.000000] Fallback order for Node 0: 0 
[    0.000000] Built 1 zonelists, mobility grouping on.  Total pages: 262144
[    0.000000] Policy zone: DMA
[    0.000000] mem auto-init: stack:off, heap alloc:off, heap free:off
[    0.000000] SLUB: HWalign=64, Order=0-3, MinObjects=0, CPUs=8, Nodes=1
[    0.000000] rcu: Hierarchical RCU implementation.
[    0.000000] rcu: 	RCU event tracing is enabled.
[    0.000000] rcu: 	RCU restricting CPUs from NR_CPUS=512 to nr_cpu_ids=8.
[    0.000000] 	Tracing variant of Tasks RCU enabled.
[    0.000000] rcu: RCU calculated value of scheduler-enlistment delay is 25 jiffies.
[    0.000000] rcu: Adjusting geometry for rcu_fanout_leaf=16, nr_cpu_ids=8
[    0.000000] RCU Tasks Trace: Setting shift to 3 and lim to 1 rcu_task_cb_adjust=1 rcu_task_cpu_ids=8.
[    0.000000] NR_IRQS: 64, nr_irqs: 64, preallocated irqs: 0
[    0.000000] GICv3: 988 SPIs implemented
[    0.000000] GICv3: 0 Extended SPIs implemented
[    0.000000] Root IRQ handler: gic_handle_irq
[    0.000000] GICv3: GICv3 features: 16 PPIs, RSS
[    0.000000] GICv3: GICD_CTLR.DS=1, SCR_EL3.FIQ=0
[    0.000000] GICv3: CPU0: found redistributor 0 region 0:0x00000000080a0000
[    0.000000] rcu: srcu_init: Setting srcu_struct sizes based on contention.
[    0.000000] clocksource: jiffies: mask: 0xffffffff max_cycles: 0xffffffff, max_idle_ns: 7645041785100000 ns
[    0.000000] arch_timer: cp15 timer running at 24.00MHz (virt).
[    0.000000] clocksource: arch_sys_counter: mask: 0xffffffffffffff max_cycles: 0x588fe9dc0, max_idle_ns: 440795202592 ns
[    0.000000] sched_clock: 56 bits at 24MHz, resolution 41ns, wraps every 4398046511097ns
[    0.000072] Console: colour dummy device 80x25
[    0.000097] Calibrating delay loop (skipped), value calculated using timer frequency.. 48.00 BogoMIPS (lpj=96000)
[    0.000098] pid_max: default: 32768 minimum: 301
[    0.000127] LSM: initializing lsm=capability
[    0.000215] Mount-cache hash table entries: 2048 (order: 2, 16384 bytes, linear)
[    0.000218] Mountpoint-cache hash table entries: 2048 (order: 2, 16384 bytes, linear)
[    0.000569] cacheinfo: Unable to detect cache hierarchy for CPU 0
[    0.000760] Apple TSO: available per thread (PR_SET_MEM_MODEL); boot value off
[    0.000792] rcu: Hierarchical SRCU implementation.
[    0.000792] rcu: 	Max phase no-delay instances is 1000.
[    0.000847] Timer migration: 1 hierarchy levels; 8 children per group; 1 crossnode level
[    0.000908] EFI services will not be available.
[    0.001017] smp: Bringing up secondary CPUs ...
[    0.001183] Detected PIPT I-cache on CPU1
[    0.001195] GICv3: CPU1: found redistributor 1 region 0:0x00000000080c0000
[    0.001235] CPU1: Booted secondary processor 0x0000000001 [0x610f0000]
[    0.001488] Detected PIPT I-cache on CPU2
[    0.001503] GICv3: CPU2: found redistributor 2 region 0:0x00000000080e0000
[    0.001544] CPU2: Booted secondary processor 0x0000000002 [0x610f0000]
[    0.001806] Detected PIPT I-cache on CPU3
[    0.001821] GICv3: CPU3: found redistributor 3 region 0:0x0000000008100000
[    0.001860] CPU3: Booted secondary processor 0x0000000003 [0x610f0000]
[    0.002138] Detected PIPT I-cache on CPU4
[    0.002158] GICv3: CPU4: found redistributor 4 region 0:0x0000000008120000
[    0.002199] CPU4: Booted secondary processor 0x0000000004 [0x610f0000]
[    0.002448] Detected PIPT I-cache on CPU5
[    0.002466] GICv3: CPU5: found redistributor 5 region 0:0x0000000008140000
[    0.002505] CPU5: Booted secondary processor 0x0000000005 [0x610f0000]
[    0.002736] Detected PIPT I-cache on CPU6
[    0.002758] GICv3: CPU6: found redistributor 6 region 0:0x0000000008160000
[    0.002797] CPU6: Booted secondary processor 0x0000000006 [0x610f0000]
[    0.003053] Detected PIPT I-cache on CPU7
[    0.003076] GICv3: CPU7: found redistributor 7 region 0:0x0000000008180000
[    0.003121] CPU7: Booted secondary processor 0x0000000007 [0x610f0000]
[    0.003201] smp: Brought up 1 node, 8 CPUs
[    0.003202] SMP: Total of 8 processors activated.
[    0.003203] CPU: All CPU(s) started at EL1
[    0.003213] CPU features: detected: ARMv8.4 Translation Table Level
[    0.003213] CPU features: detected: Data cache clean to the PoU not required for I/D coherence
[    0.003214] CPU features: detected: Common not Private translations
[    0.003214] CPU features: detected: CRC32 instructions
[    0.003214] CPU features: detected: Data independent timing control (DIT)
[    0.003215] CPU features: detected: E0PD
[    0.003215] CPU features: detected: Generic authentication (IMP DEF algorithm)
[    0.003216] CPU features: detected: RCpc load-acquire (LDAPR)
[    0.003216] CPU features: detected: LSE atomic instructions
[    0.003216] CPU features: detected: Privileged Access Never
[    0.003217] CPU features: detected: RAS Extension Support
[    0.003217] CPU features: detected: Speculation barrier (SB)
[    0.003217] CPU features: detected: TLB range maintenance instructions
[    0.003344] alternatives: applying system-wide alternatives
[    0.005688] Memory: 935880K/1048576K available (19008K kernel code, 6390K rwdata, 12684K rodata, 12224K init, 709K bss, 74108K reserved, 32768K cma-reserved)
[    0.005823] devtmpfs: initialized
[    0.006168] posixtimers hash table entries: 4096 (order: 4, 65536 bytes, linear)
[    0.006210] futex hash table entries: 2048 (131072 bytes on 1 NUMA nodes, total 128 KiB, linear).
[    0.006242] 19952 pages in range for non-PLT usage
[    0.006242] 511472 pages in range for PLT usage
[    0.006257] pinctrl core: initialized pinctrl subsystem
[    0.006436] DMI not present or invalid.
[    0.007553] NET: Registered PF_NETLINK/PF_ROUTE protocol family
[    0.007804] DMA: preallocated 128 KiB GFP_KERNEL pool for atomic allocations
[    0.007879] DMA: preallocated 128 KiB GFP_KERNEL|GFP_DMA pool for atomic allocations
[    0.007975] DMA: preallocated 128 KiB GFP_KERNEL|GFP_DMA32 pool for atomic allocations
[    0.008052] thermal_sys: Registered thermal governor 'step_wise'
[    0.008052] thermal_sys: Registered thermal governor 'power_allocator'
[    0.008057] cpuidle: using governor menu
[    0.008069] NET: Registered PF_QIPCRTR protocol family
[    0.008094] hw-breakpoint: found 6 breakpoint and 4 watchpoint registers.
[    0.008210] ASID allocator initialised with 256 entries
[    0.008391] Serial: AMBA PL011 UART driver
[    0.008561] c000000.pl011: ttyAMA0 at MMIO 0xc000000 (irq = 13, base_baud = 0) is a PL011 rev1
[    0.008618] printk: console [ttyAMA0] enabled
[    0.009399] HugeTLB: registered 1.00 GiB page size, pre-allocated 0 pages
[    0.009400] HugeTLB: 0 KiB vmemmap can be freed for a 1.00 GiB page
[    0.009400] HugeTLB: registered 32.0 MiB page size, pre-allocated 0 pages
[    0.009405] HugeTLB: 0 KiB vmemmap can be freed for a 32.0 MiB page
[    0.009406] HugeTLB: registered 2.00 MiB page size, pre-allocated 0 pages
[    0.009406] HugeTLB: 0 KiB vmemmap can be freed for a 2.00 MiB page
[    0.009406] HugeTLB: registered 64.0 KiB page size, pre-allocated 0 pages
[    0.009407] HugeTLB: 0 KiB vmemmap can be freed for a 64.0 KiB page
[    0.010585] raid6: skipped pq benchmark and selected neonx8
[2m2026-09-08T00:08:41.124176Z[0m [33m WARN[0m [2mlighter_vmm::virtio::mmio[0m[2m:[0m queue notified before the driver was ready [3mdevice[0m[2m=[0m"virtio-vsock" [3mindex[0m[2m=[0m0
[    0.010586] raid6: using neon recovery algorithm
[2m2026-09-08T00:08:41.124339Z[0m [33m WARN[0m [2mlighter_vmm::virtio::mmio[0m[2m:[0m queue notified before the driver was ready [3mdevice[0m[2m=[0m"fs" [3mindex[0m[2m=[0m5
[2m2026-09-08T00:08:41.124355Z[0m [32m INFO[0m [2mlighter_fs::cache[0m[2m:[0m cache lifetime set by whether the guest can be told to forget [3minvalidation[0m[2m=[0m"push" [3mattr_ms[0m[2m=[0m20000 [3mentry_ms[0m[2m=[0m20000
[    0.010612] ACPI: Interpreter disabled.
[    0.010765] iommu: Default domain type: Translated
[2m2026-09-08T00:08:41.124510Z[0m [32m INFO[0m [2mlighter_vmm::virtio::fs[0m[2m:[0m share activated [3mtag[0m[2m=[0mbench [3mroot[0m[2m=[0m~/.lighter-bench/lighter
[    0.010766] iommu: DMA domain TLB invalidation policy: strict mode
[2m2026-09-08T00:08:41.124767Z[0m [33m WARN[0m [2mlighter_vmm::virtio::mmio[0m[2m:[0m queue notified before the driver was ready [3mdevice[0m[2m=[0m"fs" [3mindex[0m[2m=[0m5
[2m2026-09-08T00:08:41.124775Z[0m [32m INFO[0m [2mlighter_fs::cache[0m[2m:[0m cache lifetime set by whether the guest can be told to forget [3minvalidation[0m[2m=[0m"push" [3mattr_ms[0m[2m=[0m20000 [3mentry_ms[0m[2m=[0m20000
[    0.015163] pps_core: LinuxPPS API ver. 1 registered
[2m2026-09-08T00:08:41.124913Z[0m [32m INFO[0m [2mlighter_vmm::virtio::fs[0m[2m:[0m share activated [3mtag[0m[2m=[0mrosetta [3mroot[0m[2m=[0m/Library/Apple/usr/libexec/oah/RosettaLinux
[    0.015164] pps_core: Software ver. 5.3.6 - Copyright 2005-2007 Rodolfo Giometti <giometti@linux.it>
[    0.015165] PTP clock support registered
[    0.015174] EDAC MC: Ver: 3.0.0
[    0.015285] scmi_core: SCMI protocol bus registered
[    0.015394] FPGA manager framework
[    0.015549] nfc: nfc_init: NFC Core ver 0.1
[    0.015554] NET: Registered PF_NFC protocol family
[    0.017173] clocksource: Switched to clocksource arch_sys_counter
[    0.017261] VFS: Disk quotas dquot_6.6.0
[    0.017271] VFS: Dquot-cache hash table entries: 512 (order 0, 4096 bytes)
[    0.017412] pnp: PnP ACPI: disabled
[    0.017999] NET: Registered PF_INET protocol family
[    0.018068] IP idents hash table entries: 16384 (order: 5, 131072 bytes, linear)
[    0.018232] tcp_listen_portaddr_hash hash table entries: 512 (order: 1, 8192 bytes, linear)
[    0.018234] Table-perturb hash table entries: 65536 (order: 6, 262144 bytes, linear)
[    0.018236] TCP established hash table entries: 8192 (order: 4, 65536 bytes, linear)
[    0.018252] TCP bind hash table entries: 8192 (order: 6, 262144 bytes, linear)
[    0.018304] TCP: Hash tables configured (established 8192 bind 8192)
[    0.018338] UDP hash table entries: 512 (order: 3, 32768 bytes, linear)
[    0.018346] UDP-Lite hash table entries: 512 (order: 3, 32768 bytes, linear)
[    0.018365] NET: Registered PF_UNIX/PF_LOCAL protocol family
[    0.018599] kvm [1]: HYP mode not available
[    0.018819] Initialise system trusted keyrings
[    0.018939] workingset: timestamp_bits=42 max_order=18 bucket_order=0
[    0.018987] squashfs: version 4.0 (2009/01/31) Phillip Lougher
[    0.019041] fuse: init (API version 7.45)
[    0.019111] SGI XFS with ACLs, security attributes, scrub, repair, no debug enabled
[    0.019319] 9p: Installing v9fs 9p2000 file system support
[    0.025391] NET: Registered PF_ALG protocol family
[    0.025395] xor: measuring software checksum speed
[    0.025561]    8regs           : 19789 MB/sec
[    0.025638]    32regs          : 42701 MB/sec
[    0.025707]    arm64_neon      : 48159 MB/sec
[    0.025707] xor: using function: arm64_neon (48159 MB/sec)
[    0.025708] Key type asymmetric registered
[    0.025709] Asymmetric key parser 'x509' registered
[    0.025721] Block layer SCSI generic (bsg) driver version 0.4 loaded (major 239)
[    0.025722] io scheduler mq-deadline registered
[    0.025722] io scheduler kyber registered
[    0.025726] io scheduler bfq registered
[    0.030236] ledtrig-cpu: registered to indicate activity on CPUs
[    0.030247] IPMI message handler: version 39.2
[    0.030250] ipmi device interface
[    0.030335] ipmi_si: IPMI System Interface driver
[    0.030344] ipmi_si: Unable to find any System Interface(s)
[    0.032111] virtiofs virtio4: discovered new tag: bench
[    0.032562] virtiofs virtio5: discovered new tag: rosetta
[    0.033136] Free page reporting enabled
[    0.033253] virtio_mem virtio8: start address: 0x80000000
[    0.033254] virtio_mem virtio8: region size: 0xc0000000
[    0.033255] virtio_mem virtio8: device block size: 0x8000000
[    0.033255] virtio_mem virtio8: nid: 0
[    0.033256] virtio_mem virtio8: memory block size: 0x8000000
[    0.033256] virtio_mem virtio8: big block size: 0x8000000
[    0.033320] virtio_mem virtio8: plugged size: 0x0
[    0.033320] virtio_mem virtio8: requested size: 0xc0000000
[    0.034041] Fallback order for Node 0: 0 
[    0.034043] Built 1 zonelists, mobility grouping on.  Total pages: 267393
[    0.034043] Policy zone: DMA
[    0.037728] Serial: 8250/16550 driver, 4 ports, IRQ sharing enabled
[    0.038058] msm_serial: driver initialized
[    0.038082] SuperH (H)SCI(F) driver initialized
[    0.038092] STM32 USART driver initialized
[    0.038407] random: crng init done
[    0.038584] Fallback order for Node 0: 0 
[    0.038585] Built 1 zonelists, mobility grouping on.  Total pages: 490481
[    0.038585] Policy zone: Normal
[    0.042494] loop: module loaded
[    0.047311] virtio_blk virtio0: 8/0/0 default/read/poll queues
[    0.047817] virtio_blk virtio0: [vda] 4194304 512-byte logical blocks (2.15 GB/2.00 GiB)
[    0.048893] virtio_blk virtio1: 8/0/0 default/read/poll queues
[    0.049382] virtio_blk virtio1: [vdb] 268435456 512-byte logical blocks (137 GB/128 GiB)
[    0.049615] zram: Added device: zram0
[    0.050235] tun: Universal TUN/TAP device driver, 1.6
[    0.050908] VFIO - User Level meta-driver version: 0.3
[    0.052555]  cs_system_cfg: CoreSight Configuration manager initialised
[    0.052772] gnss: GNSS driver registered with major 503
[    0.052975] GACT probability NOT on
[    0.052981] Mirror/redirect action on
[    0.053279] IPVS: Registered protocols ()
[    0.053288] IPVS: Connection hash table configured (size=4096, memory=32Kbytes)
[    0.053311] IPVS: ipvs loaded.
[    0.053341] Initializing XFRM netlink socket
[    0.053352] NET: Registered PF_INET6 protocol family
[    0.053527] Segment Routing with IPv6
[    0.053529] In-situ OAM (IOAM) with IPv6
[    0.053543] sit: IPv6, IPv4 and MPLS over IPv4 tunneling driver
[    0.053596] NET: Registered PF_PACKET protocol family
[    0.053684] 8021q: 802.1Q VLAN Support v1.8
[    0.053708] 9pnet: Installing 9P2000 support
[    0.053713] Key type dns_resolver registered
[    0.053749] NET: Registered PF_VSOCK protocol family
[    0.055367] registered taskstats version 1
[    0.055413] Loading compiled-in X.509 certificates
[    0.056249] Demotion targets for Node 0: null
[    0.056387] Btrfs loaded, zoned=no, fsverity=no
[    0.056486] clk: Disabling unused clocks
[    0.056487] PM: genpd: Disabling unused power domains
[    0.056772] check access for rdinit=/init failed: -2, ignoring
[    0.062997] EXT4-fs (vda): mounted filesystem b6b766ac-cd49-44a5-aac0-ad1817245fe0 r/w with ordered data mode. Quota mode: none.
[    0.063011] VFS: Mounted root (ext4 filesystem) on device 254:0.
[    0.063205] devtmpfs: mounted
[    0.063999] Freeing unused kernel memory: 12224K
[    0.064035] Run /sbin/lighter-init as init process
INIT clock=2026-09-08T00:08:40Z
INIT filesystems=ok
INIT formatting=/dev/vdb fs=btrfs mkfs=
INIT data_fs=btrfs
INIT data_opts=noatime,nodatacow,commit=30,thread_pool=1
[    0.151791] BTRFS: device label lighter-data devid 1 transid 8 /dev/vdb (254:16) scanned by mount (136)
[    0.152028] BTRFS info (device vdb): first mount of filesystem 6d9055ec-fe0e-4817-8441-0f58ef1385be
[    0.152041] BTRFS info (device vdb): using crc32c (crc32c-lib) checksum algorithm
[    0.152721] BTRFS info (device vdb): checking UUID tree
[    0.152820] BTRFS info (device vdb): setting nodatasum
[    0.152824] BTRFS info (device vdb): setting nodatacow
INIT data=mounted[    0.152837] BTRFS info (device vdb): turning on async discard
[    0.152839] BTRFS info (device vdb): enabling free space tree

INIT fstrim=9ms
[    0.159850] zram0: detected capacity change from 0 to 4194304
[    0.162404] Adding 2097148k swap on /dev/zram0.  Priority:100 extents:1 across:2097148k SS
INIT zram=on
[    0.163329] rcu: RCU calculated value of scheduler-enlistment delay is 25 jiffies.
[2m2026-09-08T00:08:41.256602Z[0m [32m INFO[0m [2mlighter_fs::server[0m[2m:[0m filesystem negotiated [3mguest[0m[2m=[0m7.45 [3mmax_write[0m[2m=[0m262144 [3mreaddirplus[0m[2m=[0mtrue [3mcreate_dialect[0m[2m=[0mtrue
INIT binfmt=x86_64 via=rosetta
[2m2026-09-08T00:08:41.257538Z[0m [32m INFO[0m [2mlighter_fs::server[0m[2m:[0m filesystem negotiated [3mguest[0m[2m=[0m7.45 [3mmax_write[0m[2m=[0m262144 [3mreaddirplus[0m[2m=[0mtrue [3mcreate_dialect[0m[2m=[0mtrue
INIT share=bench at=/mnt/bench
INIT dhcp=ok t=0.17
INIT ipv6=ok
INIT dockerd=ready after=100ms t=0.30
AGENT listening port=2375
AGENT inbound port=2378
AGENT tcp-proxy port=15201
AGENT listening port=2376
AGENT dns addr=192.168.127.2
AGENT udp-inbound
AGENT clock=set trip_us=38 attempt=0
AGENT udp-proxy port=15202
AGENT udp-proxy port=15202
INIT streams=on
INIT ready t=0.31
[2m2026-09-08T00:08:48.886958Z[0m [32m INFO[0m [2mlighter_vmm::virtio::mem[0m[2m:[0m virtio-mem offer [3mrequested_mib[0m[2m=[0m384 [3mplugged_mib[0m[2m=[0m3072
[    7.794706] virtio_mem virtio8: plugged size: 0xc0000000
[    7.794720] virtio_mem virtio8: requested size: 0x18000000
[    8.058341] Fallback order for Node 0: 0 
[    8.058353] Built 1 zonelists, mobility grouping on.  Total pages: 520084
[    8.058358] Policy zone: Normal
[2m2026-09-08T00:08:49.911919Z[0m [32m INFO[0m [2mlighter_vmm::virtio::mem[0m[2m:[0m virtio-mem offer [3mrequested_mib[0m[2m=[0m0 [3mplugged_mib[0m[2m=[0m384
[    8.819647] virtio_mem virtio8: plugged size: 0x18000000
[    8.819662] virtio_mem virtio8: requested size: 0x0
[2m2026-09-08T00:08:56.263904Z[0m [32m INFO[0m [2mlighter_vmm::virtio::mem[0m[2m:[0m virtio-mem offer [3mrequested_mib[0m[2m=[0m3072 [3mplugged_mib[0m[2m=[0m384
[   15.171456] virtio_mem virtio8: plugged size: 0x18000000
[   15.171471] virtio_mem virtio8: requested size: 0xc0000000
[   15.172286] Fallback order for Node 0: 0 
[   15.172298] Built 1 zonelists, mobility grouping on.  Total pages: 358772
[   15.172303] Policy zone: Normal
[   15.539422] docker0: port 1(veth4ab19ee) entered blocking state
[   15.539435] docker0: port 1(veth4ab19ee) entered disabled state
[   15.539444] veth4ab19ee: entered allmulticast mode
[   15.539466] veth4ab19ee: entered promiscuous mode
[   15.544483] eth0: renamed from vetha16a0b1
[   15.544908] docker0: port 1(veth4ab19ee) entered blocking state
[   15.544915] docker0: port 1(veth4ab19ee) entered forwarding state
AGENT sockmap=on
[   27.930209] docker0: port 1(veth4ab19ee) entered disabled state
[   27.930242] vetha16a0b1: renamed from eth0
[   27.957722] docker0: port 1(veth4ab19ee) entered disabled state
[   27.958024] veth4ab19ee (unregistering): left allmulticast mode
[   27.958034] veth4ab19ee (unregistering): left promiscuous mode
[   27.958040] docker0: port 1(veth4ab19ee) entered disabled state
[   28.543657] docker0: port 1(vethc584541) entered blocking state
[   28.543670] docker0: port 1(vethc584541) entered disabled state
[   28.543679] vethc584541: entered allmulticast mode
[   28.543694] vethc584541: entered promiscuous mode
[   28.547064] eth0: renamed from veth7896af9
[   28.547434] docker0: port 1(vethc584541) entered blocking state
[   28.547441] docker0: port 1(vethc584541) entered forwarding state
[2m2026-09-08T00:09:16.748474Z[0m [33m WARN[0m [2mlighter_fs::inode[0m[2m:[0m the share is holding more descriptors than it may [3mopen[0m[2m=[0m6242 [3mbudget[0m[2m=[0m6144 [3minodes[0m[2m=[0m13471 [3mlive[0m[2m=[0m13471 [3mexamined[0m[2m=[0m8192 [3mparked[0m[2m=[0m0 [3munheld[0m[2m=[0m1 [3mused[0m[2m=[0m1 [3mprivileged[0m[2m=[0m0 [3munparkable[0m[2m=[0m0
[   47.657511] docker0: port 1(vethc584541) entered disabled state
[   47.657546] veth7896af9: renamed from eth0
[   47.693874] docker0: port 1(vethc584541) entered disabled state
[   47.694172] vethc584541 (unregistering): left allmulticast mode
[   47.694182] vethc584541 (unregistering): left promiscuous mode
[   47.694188] docker0: port 1(vethc584541) entered disabled state
[   47.843905] docker0: port 1(veth7aabdb6) entered blocking state
[   47.843917] docker0: port 1(veth7aabdb6) entered disabled state
[   47.843932] veth7aabdb6: entered allmulticast mode
[   47.843952] veth7aabdb6: entered promiscuous mode
[   47.847873] eth0: renamed from veth2a878f3
[   47.848243] docker0: port 1(veth7aabdb6) entered blocking state
[   47.848250] docker0: port 1(veth7aabdb6) entered forwarding state
[   62.214056] virtio_vsock: the large receive buffer was refused; posting a small one
[   62.225897] virtio_vsock: the large receive buffer was refused; posting a small one
[   62.231234] virtio_vsock: the large receive buffer was refused; posting a small one
[   62.231290] virtio_vsock: the large receive buffer was refused; posting a small one
[   62.231367] virtio_vsock: the large receive buffer was refused; posting a small one
[   84.324434] docker0: port 1(veth7aabdb6) entered disabled state
[   84.324542] veth2a878f3: renamed from eth0
[   84.348946] docker0: port 1(veth7aabdb6) entered disabled state
[   84.349397] veth7aabdb6 (unregistering): left allmulticast mode
[   84.349414] veth7aabdb6 (unregistering): left promiscuous mode
[   84.349425] docker0: port 1(veth7aabdb6) entered disabled state
[   84.852004] docker0: port 1(veth5e1a344) entered blocking state
[   84.852018] docker0: port 1(veth5e1a344) entered disabled state
[   84.852026] veth5e1a344: entered allmulticast mode
[   84.852048] veth5e1a344: entered promiscuous mode
[   84.855999] eth0: renamed from veth39a2f0f
[   84.856571] docker0: port 1(veth5e1a344) entered blocking state
[   84.856581] docker0: port 1(veth5e1a344) entered forwarding state
[  134.578593] docker0: port 1(veth5e1a344) entered disabled state
[  134.578686] veth39a2f0f: renamed from eth0
[  134.606631] docker0: port 1(veth5e1a344) entered disabled state
[  134.606994] veth5e1a344 (unregistering): left allmulticast mode
[  134.607009] veth5e1a344 (unregistering): left promiscuous mode
[  134.607015] docker0: port 1(veth5e1a344) entered disabled state
[  134.828371] docker0: port 1(veth9fa6e47) entered blocking state
[  134.828384] docker0: port 1(veth9fa6e47) entered disabled state
[  134.828391] veth9fa6e47: entered allmulticast mode
[  134.828414] veth9fa6e47: entered promiscuous mode
[  134.833804] eth0: renamed from vethec2924d
[  134.834254] docker0: port 1(veth9fa6e47) entered blocking state
[  134.834262] docker0: port 1(veth9fa6e47) entered forwarding state
[2m2026-09-08T00:11:04.236317Z[0m [33m WARN[0m [2mlighter_fs::inode[0m[2m:[0m the share is holding more descriptors than it may [3mopen[0m[2m=[0m6285 [3mbudget[0m[2m=[0m6144 [3minodes[0m[2m=[0m65049 [3mlive[0m[2m=[0m65049 [3mexamined[0m[2m=[0m8192 [3mparked[0m[2m=[0m0 [3munheld[0m[2m=[0m44 [3mused[0m[2m=[0m0 [3mprivileged[0m[2m=[0m0 [3munparkable[0m[2m=[0m0
[2m2026-09-08T00:11:27.017027Z[0m [33m WARN[0m [2mlighter_fs::inode[0m[2m:[0m the share is holding more descriptors than it may [3mopen[0m[2m=[0m6266 [3mbudget[0m[2m=[0m6144 [3minodes[0m[2m=[0m78372 [3mlive[0m[2m=[0m78372 [3mexamined[0m[2m=[0m8192 [3mparked[0m[2m=[0m17 [3munheld[0m[2m=[0m564 [3mused[0m[2m=[0m0 [3mprivileged[0m[2m=[0m0 [3munparkable[0m[2m=[0m0
[  170.835665] docker0: port 1(veth9fa6e47) entered disabled state
[  170.835741] vethec2924d: renamed from eth0
[  170.853617] docker0: port 1(veth9fa6e47) entered disabled state
[  170.853867] veth9fa6e47 (unregistering): left allmulticast mode
[  170.853875] veth9fa6e47 (unregistering): left promiscuous mode
[  170.853881] docker0: port 1(veth9fa6e47) entered disabled state
[  171.079473] docker0: port 1(veth3f65979) entered blocking state
[  171.079482] docker0: port 1(veth3f65979) entered disabled state
[  171.079487] veth3f65979: entered allmulticast mode
[  171.079502] veth3f65979: entered promiscuous mode
[  171.082973] eth0: renamed from veth13d65d9
[  171.083164] docker0: port 1(veth3f65979) entered blocking state
[  171.083171] docker0: port 1(veth3f65979) entered forwarding state
[  217.120821] docker0: port 1(veth3f65979) entered disabled state
[  217.120965] veth13d65d9: renamed from eth0
[  217.146722] docker0: port 1(veth3f65979) entered disabled state
[  217.147165] veth3f65979 (unregistering): left allmulticast mode
[  217.147181] veth3f65979 (unregistering): left promiscuous mode
[  217.147187] docker0: port 1(veth3f65979) entered disabled state
[  217.355724] docker0: port 1(veth2883d37) entered blocking state
[  217.355737] docker0: port 1(veth2883d37) entered disabled state
[  217.355745] veth2883d37: entered allmulticast mode
[  217.355771] veth2883d37: entered promiscuous mode
[  217.359748] eth0: renamed from veth900a378
[  217.360354] docker0: port 1(veth2883d37) entered blocking state
[  217.360361] docker0: port 1(veth2883d37) entered forwarding state
[  232.865911] docker0: port 1(veth2883d37) entered disabled state
[  232.866002] veth900a378: renamed from eth0
[  232.885930] docker0: port 1(veth2883d37) entered disabled state
[  232.886274] veth2883d37 (unregistering): left allmulticast mode
[  232.886288] veth2883d37 (unregistering): left promiscuous mode
[  232.886294] docker0: port 1(veth2883d37) entered disabled state
[  233.051613] docker0: port 1(veth8533081) entered blocking state
[  233.051627] docker0: port 1(veth8533081) entered disabled state
[  233.051637] veth8533081: entered allmulticast mode
[  233.051666] veth8533081: entered promiscuous mode
[  233.055417] eth0: renamed from veth3007e97
[  233.056029] docker0: port 1(veth8533081) entered blocking state
[  233.056038] docker0: port 1(veth8533081) entered forwarding state
[  240.797512] docker0: port 1(veth8533081) entered disabled state
[  240.797547] veth3007e97: renamed from eth0
[  240.813673] docker0: port 1(veth8533081) entered disabled state
[  240.813947] veth8533081 (unregistering): left allmulticast mode
[  240.813957] veth8533081 (unregistering): left promiscuous mode
[  240.813963] docker0: port 1(veth8533081) entered disabled state
[  241.010111] docker0: port 1(vethe9eea2a) entered blocking state
[  241.010133] docker0: port 1(vethe9eea2a) entered disabled state
[  241.010151] vethe9eea2a: entered allmulticast mode
[  241.010183] vethe9eea2a: entered promiscuous mode
[  241.014586] eth0: renamed from vethb4094ff
[  241.015008] docker0: port 1(vethe9eea2a) entered blocking state
[  241.015018] docker0: port 1(vethe9eea2a) entered forwarding state
[  241.461140] vethb4094ff: renamed from eth0
[  241.461263] docker0: port 1(vethe9eea2a) entered disabled state
[  241.489399] docker0: port 1(vethe9eea2a) entered disabled state
[  241.489660] vethe9eea2a (unregistering): left allmulticast mode
[  241.489669] vethe9eea2a (unregistering): left promiscuous mode
[  241.489675] docker0: port 1(vethe9eea2a) entered disabled state
[  241.639310] docker0: port 1(veth0971cd0) entered blocking state
[  241.639322] docker0: port 1(veth0971cd0) entered disabled state
[  241.639329] veth0971cd0: entered allmulticast mode
[  241.639347] veth0971cd0: entered promiscuous mode
[  241.643336] eth0: renamed from veth31942e5
[  241.644228] docker0: port 1(veth0971cd0) entered blocking state
[  241.644236] docker0: port 1(veth0971cd0) entered forwarding state
[2m2026-09-08T00:12:44.179144Z[0m [32m INFO[0m [2mlighter_vmm::memory_policy[0m[2m:[0m balloon target [3mtarget_mib[0m[2m=[0m256
[2m2026-09-08T00:12:44.584505Z[0m [33m WARN[0m [2mlighter_fs::inode[0m[2m:[0m the share is holding more descriptors than it may [3mopen[0m[2m=[0m6241 [3mbudget[0m[2m=[0m6144 [3minodes[0m[2m=[0m145389 [3mlive[0m[2m=[0m145389 [3mexamined[0m[2m=[0m8192 [3mparked[0m[2m=[0m0 [3munheld[0m[2m=[0m0 [3mused[0m[2m=[0m0 [3mprivileged[0m[2m=[0m0 [3munparkable[0m[2m=[0m0
[2m2026-09-08T00:12:50.024612Z[0m [32m INFO[0m [2mlighter_vmm::memory_policy[0m[2m:[0m balloon target [3mtarget_mib[0m[2m=[0m0
[2m2026-09-08T00:13:09.294552Z[0m [32m INFO[0m [2mlighter_vmm::memory_policy[0m[2m:[0m balloon target [3mtarget_mib[0m[2m=[0m256
[  273.283311] docker0: port 1(veth0971cd0) entered disabled state
[  273.283430] veth31942e5: renamed from eth0
[  273.310639] docker0: port 1(veth0971cd0) entered disabled state
[  273.311064] veth0971cd0 (unregistering): left allmulticast mode
[  273.311079] veth0971cd0 (unregistering): left promiscuous mode
[  273.311086] docker0: port 1(veth0971cd0) entered disabled state
[  273.552700] docker0: port 1(veth4d5f786) entered blocking state
[  273.552711] docker0: port 1(veth4d5f786) entered disabled state
[  273.552719] veth4d5f786: entered allmulticast mode
[  273.552740] veth4d5f786: entered promiscuous mode
[  273.557188] eth0: renamed from veth9b3d9f0
[  273.558905] docker0: port 1(veth4d5f786) entered blocking state
[  273.558916] docker0: port 1(veth4d5f786) entered forwarding state
[2m2026-09-08T00:13:14.783390Z[0m [32m INFO[0m [2mlighter_vmm::memory_policy[0m[2m:[0m balloon target [3mtarget_mib[0m[2m=[0m0
[  299.118179] docker0: port 1(veth4d5f786) entered disabled state
[  299.118310] veth9b3d9f0: renamed from eth0
[  299.142348] docker0: port 1(veth4d5f786) entered disabled state
[  299.142721] veth4d5f786 (unregistering): left allmulticast mode
[  299.142739] veth4d5f786 (unregistering): left promiscuous mode
[  299.142744] docker0: port 1(veth4d5f786) entered disabled state
