==> orbstack: warming caches (not timed)
==> orbstack: npm-install 8569 8472 8525  (cpu ms: user=6930 sys=20320 user=6970 sys=22090 user=7000 sys=21970)
==> orbstack: pnpm-install 5007 4930 4902  (cpu ms: user=2220 sys=21220 user=2090 sys=19230 user=2120 sys=19050)
==> orbstack: yarn-install 8177 7967 7860  (cpu ms: user=5900 sys=26810 user=5950 sys=26100 user=5800 sys=25570)
==> orbstack: materializing the package tree
==> orbstack: ripgrep 991 1001 1041  (cpu ms: user=270 sys=7450 user=330 sys=7560 user=360 sys=7810)
==> orbstack: find-walk 771 452 452  (cpu ms: user=40 sys=720 user=50 sys=400 user=40 sys=410)
==> orbstack: copy-tree 9672 9581 9141  (cpu ms: user=890 sys=8780 user=840 sys=12050 user=840 sys=11600)
==> orbstack: rm-rf 3347 3283 3366  (cpu ms: user=830 sys=12350 user=1000 sys=17770 user=830 sys=12110)
==> orbstack: cpu-sha256 5677 5657 5673  (cpu ms: user=5330 sys=380 user=5340 sys=360 user=5410 sys=330)
==> orbstack: container-start 253 251 251
==> orbstack: watch-latency 11 99 2
==> orbstack: memory peak=5699 after15s=2776 after60s=1720 (MiB)
==> orbstack: net-tcp-egress 95601 88475 95130
==> orbstack: net-tcp-egress-r 51481 50504 53358
==> orbstack: net-tcp-port 52302 51138 53604
==> orbstack: net-tcp-port-r 90391 88275 86705
==> orbstack: net-udp 3073 3026 2788
==> orbstack: net-connect-rate 21151 21557 20400
==> orbstack: net-http-latency 76 74 73
==> orbstack: net-dns 261 269 262
==> orbstack: power-idle (a minute of quiet, then a minute of samples) cpu=2 ms/s wakeups=120/s pkg-idle-wakeups=2/s (powermetrics)
==> orbstack: boot (a cold stop, then a start, 3 times; untimed round first) 1143/1455 1144/1441 1235/1546
INVALID: competing VM PIDs: 54765
