    Finished `release` profile [optimized] target(s) in 0.01s
==> lighter: warming caches (not timed)
==> lighter: npm-install 6201 6410 6363  (cpu ms: user=6990 sys=10260 user=7240 sys=10640 user=6930 sys=10660)
==> lighter: pnpm-install 4390 3889 3905  (cpu ms: user=2970 sys=11660 user=2650 sys=10250 user=2510 sys=10510)
==> lighter: yarn-install 5204 5032 5271  (cpu ms: user=5680 sys=10120 user=5350 sys=10050 user=5640 sys=10060)
==> lighter: materializing the package tree
==> lighter: ripgrep 1914 87 81  (cpu ms: user=280 sys=4570 user=280 sys=370 user=230 sys=370)
==> lighter: find-walk 113 94 93  (cpu ms: user=30 sys=80 user=50 sys=60 user=40 sys=60)
==> lighter: copy-tree 3451 3411 3664  (cpu ms: user=650 sys=1850 user=810 sys=3890 user=770 sys=4300)
==> lighter: rm-rf 2438 2579 2538  (cpu ms: user=800 sys=4190 user=690 sys=4200 user=650 sys=4050)
==> lighter: cpu-sha256 3105 3039 2999  (cpu ms: user=4890 sys=440 user=4840 sys=410 user=4840 sys=350)
==> lighter: container-start 152 139 153
==> lighter: watch-latency 137 1 2
==> lighter: memory peak=3925 after15s=884 after60s=905 (MiB)
==> lighter: net-tcp-egress 88216 87752 91136
==> lighter: net-tcp-egress-r 82243 79503 85515
==> lighter: net-tcp-port 78334 83134 83043
==> lighter: net-tcp-port-r 90271 89684 90346
==> lighter: net-udp 5045 5003 4977
==> lighter: net-connect-rate 16345 16622 16734
==> lighter: net-http-latency 105 77 62
==> lighter: net-dns 38 43 42
==> lighter: power-idle (a minute of quiet, then a minute of samples) cpu=3 ms/s wakeups=56/s pkg-idle-wakeups=1/s (powermetrics)
==> lighter: boot (a cold stop, then a start, 3 times; untimed round first) 1564/1712 1575/1722 1646/1808
==> lighter: memory idle=361 MiB, a minute after a cold start

==> results in benchmarks/results/050-1b0caab-m5-a1-3-share.csv
