2026-09-07T23:35:34.740834Z  INFO lighter_vmm::net: network started gateway="192.168.127.1" guest="192.168.127.2" mtu=1500
2026-09-07T23:35:34.740979Z  INFO lighter_vmm::machine: attached disk path=/var/folders/43/y9_kklv94ks4dt0rtcddmgf00000gn/T/lighter-rootfs.Rqtpd8Uh7t.ext4 capacity_mib=2048 allocated_kib=2097152
2026-09-07T23:35:34.741060Z  INFO lighter_vmm::machine: attached disk path=/var/folders/43/y9_kklv94ks4dt0rtcddmgf00000gn/T/lighter-bench.StLzyBXffP/data.img capacity_mib=131072 allocated_kib=0
2026-09-07T23:35:34.741823Z  INFO lighter_fs::server: share opened root=~/.lighter-bench/lighter attr_ms=100 entry_ms=100 dir_entry_ms=1000 watched=true descriptors=184320
2026-09-07T23:35:34.744428Z  INFO lighter_fs::server: share opened root=/Library/Apple/usr/libexec/oah/RosettaLinux attr_ms=100 entry_ms=100 dir_entry_ms=1000 watched=true descriptors=184320
2026-09-07T23:35:34.746637Z  INFO lighter_vmm::machine: machine started vcpus=8 ram_mib=4096 entry=0x40000000 dtb=0x43400000
2026-09-07T23:35:34.747132Z  INFO lighter_vmm::vsock_proxy: proxying a socket into the guest path=/var/folders/43/y9_kklv94ks4dt0rtcddmgf00000gn/T/lighter-bench.StLzyBXffP/docker.sock guest_port=2375
2026-09-07T23:35:34.747191Z  INFO lighter_vmm::vsock_proxy: proxying a socket into the guest path=/var/folders/43/y9_kklv94ks4dt0rtcddmgf00000gn/T/lighter-bench.StLzyBXffP/control.sock guest_port=2376
2026-09-07T23:35:34.747258Z  WARN lighter_vmm::virtio::mmio: queue notified before the driver was ready device="virtio-vsock" index=0
[    0.000000] Booting Linux on physical CPU 0x0000000000 [0x610f0000]
[    0.000000] Linux version 6.18.49-lighter (root@cc682f9944e9) (gcc (Debian 12.2.0-14+deb12u1) 12.2.0, GNU ld (GNU Binutils for Debian) 2.40) #1 SMP Mon Sep  7 19:57:38 UTC 2026
[    0.000000] KASLR disabled due to lack of seed
[    0.000000] Machine model: linux,dummy-virt
[    0.000000] efi: UEFI not found.
[    0.000000] OF: reserved mem: Reserved memory: No reserved-memory node in the DT
[    0.000000] NUMA: Faking a node at [mem 0x0000000040000000-0x000000013fffffff]
[    0.000000] NODE_DATA(0) allocated [mem 0x13f802d00-0x13f80547f]
[    0.000000] Zone ranges:
[    0.000000]   DMA      [mem 0x0000000040000000-0x00000000ffffffff]
[    0.000000]   DMA32    empty
[    0.000000]   Normal   [mem 0x0000000100000000-0x000000013fffffff]
[    0.000000] Movable zone start for each node
[    0.000000] Early memory node ranges
[    0.000000]   node   0: [mem 0x0000000040000000-0x000000013fffffff]
[    0.000000] Initmem setup node 0 [mem 0x0000000040000000-0x000000013fffffff]
[    0.000000] cma: Reserved 32 MiB at 0x00000000fe000000
[    0.000000] psci: probing for conduit method from DT.
[    0.000000] psci: PSCIv1.1 detected in firmware.
[    0.000000] psci: Using standard PSCI v0.2 function IDs
[    0.000000] psci: Trusted OS migration not required
[    0.000000] psci: SMC Calling Convention v1.0
[    0.000000] percpu: Embedded 23 pages/cpu s63320 r0 d30888 u94208
[    0.000000] Detected PIPT I-cache on CPU0
[    0.000000] CPU features: detected: Address authentication (IMP DEF algorithm)
[    0.000000] CPU features: detected: GICv3 CPU interface
[    0.000000] CPU features: detected: Spectre-v4
[    0.000000] CPU features: detected: Spectre-BHB
[    0.000000] alternatives: applying boot alternatives
[    0.000000] Kernel command line: console=ttyAMA0 panic=-1 root=/dev/vda rw init=/sbin/lighter-init psi=0 idle.poll_ns=200000 lighter.time=1788824133 lighter.share=bench:/mnt/bench  lighter.rosetta 
[    0.000000] printk: log buffer data + meta data: 131072 + 458752 = 589824 bytes
[    0.000000] Dentry cache hash table entries: 524288 (order: 10, 4194304 bytes, linear)
[    0.000000] Inode-cache hash table entries: 262144 (order: 9, 2097152 bytes, linear)
[    0.000000] software IO TLB: area num 8.
[    0.000000] software IO TLB: mapped [mem 0x00000000fa000000-0x00000000fe000000] (64MB)
[    0.000000] Fallback order for Node 0: 0 
[    0.000000] Built 1 zonelists, mobility grouping on.  Total pages: 1048576
[    0.000000] Policy zone: Normal
[    0.000000] mem auto-init: stack:off, heap alloc:off, heap free:off
[    0.000000] SLUB: HWalign=64, Order=0-3, MinObjects=0, CPUs=8, Nodes=1
[    0.000000] rcu: Hierarchical RCU implementation.
[    0.000000] rcu: 	RCU event tracing is enabled.
[    0.000000] rcu: 	RCU restricting CPUs from NR_CPUS=512 to nr_cpu_ids=8.
[    0.000000] 	Tracing variant of Tasks RCU enabled.
[    0.000000] rcu: RCU calculated value of scheduler-enlistment delay is 25 jiffies.
[    0.000000] rcu: Adjusting geometry for rcu_fanout_leaf=16, nr_cpu_ids=8
[    0.000000] RCU Tasks Trace: Setting shift to 3 and lim to 1 rcu_task_cb_adjust=1 rcu_task_cpu_ids=8.
[    0.000000] NR_IRQS: 64, nr_irqs: 64, preallocated irqs: 0
[    0.000000] GICv3: 988 SPIs implemented
[    0.000000] GICv3: 0 Extended SPIs implemented
[    0.000000] Root IRQ handler: gic_handle_irq
[    0.000000] GICv3: GICv3 features: 16 PPIs, RSS
[    0.000000] GICv3: GICD_CTLR.DS=1, SCR_EL3.FIQ=0
[    0.000000] GICv3: CPU0: found redistributor 0 region 0:0x00000000080a0000
[    0.000000] rcu: srcu_init: Setting srcu_struct sizes based on contention.
[    0.000000] clocksource: jiffies: mask: 0xffffffff max_cycles: 0xffffffff, max_idle_ns: 7645041785100000 ns
[    0.000000] arch_timer: cp15 timer running at 24.00MHz (virt).
[    0.000000] clocksource: arch_sys_counter: mask: 0xffffffffffffff max_cycles: 0x588fe9dc0, max_idle_ns: 440795202592 ns
[    0.000000] sched_clock: 56 bits at 24MHz, resolution 41ns, wraps every 4398046511097ns
[    0.000060] Console: colour dummy device 80x25
[    0.000089] Calibrating delay loop (skipped), value calculated using timer frequency.. 48.00 BogoMIPS (lpj=96000)
[    0.000090] pid_max: default: 32768 minimum: 301
[    0.000108] LSM: initializing lsm=capability
[    0.000159] Mount-cache hash table entries: 8192 (order: 4, 65536 bytes, linear)
[    0.000166] Mountpoint-cache hash table entries: 8192 (order: 4, 65536 bytes, linear)
[    0.000430] cacheinfo: Unable to detect cache hierarchy for CPU 0
[    0.000583] Apple TSO: available per thread (PR_SET_MEM_MODEL); boot value off
[    0.000611] rcu: Hierarchical SRCU implementation.
[    0.000612] rcu: 	Max phase no-delay instances is 1000.
[    0.000654] Timer migration: 1 hierarchy levels; 8 children per group; 1 crossnode level
[    0.000699] EFI services will not be available.
[    0.000788] smp: Bringing up secondary CPUs ...
[    0.000931] Detected PIPT I-cache on CPU1
[    0.000950] GICv3: CPU1: found redistributor 1 region 0:0x00000000080c0000
[    0.000991] CPU1: Booted secondary processor 0x0000000001 [0x610f0000]
[    0.001181] Detected PIPT I-cache on CPU2
[    0.001195] GICv3: CPU2: found redistributor 2 region 0:0x00000000080e0000
[    0.001234] CPU2: Booted secondary processor 0x0000000002 [0x610f0000]
[    0.001360] Detected PIPT I-cache on CPU3
[    0.001375] GICv3: CPU3: found redistributor 3 region 0:0x0000000008100000
[    0.001413] CPU3: Booted secondary processor 0x0000000003 [0x610f0000]
[    0.001544] Detected PIPT I-cache on CPU4
[    0.001561] GICv3: CPU4: found redistributor 4 region 0:0x0000000008120000
[    0.001599] CPU4: Booted secondary processor 0x0000000004 [0x610f0000]
[    0.001724] Detected PIPT I-cache on CPU5
[    0.001743] GICv3: CPU5: found redistributor 5 region 0:0x0000000008140000
[    0.001780] CPU5: Booted secondary processor 0x0000000005 [0x610f0000]
[    0.001901] Detected PIPT I-cache on CPU6
[    0.001921] GICv3: CPU6: found redistributor 6 region 0:0x0000000008160000
[    0.001958] CPU6: Booted secondary processor 0x0000000006 [0x610f0000]
[    0.002088] Detected PIPT I-cache on CPU7
[    0.002110] GICv3: CPU7: found redistributor 7 region 0:0x0000000008180000
[    0.002147] CPU7: Booted secondary processor 0x0000000007 [0x610f0000]
[    0.002160] smp: Brought up 1 node, 8 CPUs
[    0.002161] SMP: Total of 8 processors activated.
[    0.002161] CPU: All CPU(s) started at EL1
[    0.002171] CPU features: detected: Branch Target Identification
[    0.002171] CPU features: detected: ARMv8.4 Translation Table Level
[    0.002172] CPU features: detected: Data cache clean to the PoU not required for I/D coherence
[    0.002172] CPU features: detected: Common not Private translations
[    0.002172] CPU features: detected: CRC32 instructions
[    0.002172] CPU features: detected: Data independent timing control (DIT)
[    0.002173] CPU features: detected: E0PD
[    0.002173] CPU features: detected: Enhanced Privileged Access Never
[    0.002173] CPU features: detected: Generic authentication (IMP DEF algorithm)
[    0.002174] CPU features: detected: RCpc load-acquire (LDAPR)
[    0.002174] CPU features: detected: LSE atomic instructions
[    0.002174] CPU features: detected: Privileged Access Never
[    0.002174] CPU features: detected: RAS Extension Support
[    0.002175] CPU features: detected: Speculation barrier (SB)
[    0.002175] CPU features: detected: TLB range maintenance instructions
[    0.002266] alternatives: applying system-wide alternatives
[    0.003734] Memory: 3957332K/4194304K available (19008K kernel code, 6390K rwdata, 12684K rodata, 12224K init, 709K bss, 198256K reserved, 32768K cma-reserved)
[    0.003858] devtmpfs: initialized
[    0.004150] posixtimers hash table entries: 4096 (order: 4, 65536 bytes, linear)
[    0.004174] futex hash table entries: 2048 (131072 bytes on 1 NUMA nodes, total 128 KiB, linear).
[    0.004204] 19952 pages in range for non-PLT usage
[    0.004204] 511472 pages in range for PLT usage
[    0.004218] pinctrl core: initialized pinctrl subsystem
[    0.004333] DMI not present or invalid.
[    0.005060] NET: Registered PF_NETLINK/PF_ROUTE protocol family
[    0.005309] DMA: preallocated 512 KiB GFP_KERNEL pool for atomic allocations
[    0.005371] DMA: preallocated 512 KiB GFP_KERNEL|GFP_DMA pool for atomic allocations
[    0.005441] DMA: preallocated 512 KiB GFP_KERNEL|GFP_DMA32 pool for atomic allocations
[    0.005502] thermal_sys: Registered thermal governor 'step_wise'
[    0.005503] thermal_sys: Registered thermal governor 'power_allocator'
[    0.005507] cpuidle: using governor menu
[    0.005515] NET: Registered PF_QIPCRTR protocol family
[    0.005530] hw-breakpoint: found 6 breakpoint and 4 watchpoint registers.
[    0.005633] ASID allocator initialised with 65536 entries
[    0.005757] Serial: AMBA PL011 UART driver
[    0.005883] c000000.pl011: ttyAMA0 at MMIO 0xc000000 (irq = 13, base_baud = 0) is a PL011 rev1
[    0.005914] printk: console [ttyAMA0] enabled
[    0.006538] HugeTLB: registered 1.00 GiB page size, pre-allocated 0 pages
[    0.006539] HugeTLB: 0 KiB vmemmap can be freed for a 1.00 GiB page
[    0.006539] HugeTLB: registered 32.0 MiB page size, pre-allocated 0 pages
[    0.006543] HugeTLB: 0 KiB vmemmap can be freed for a 32.0 MiB page
[    0.006543] HugeTLB: registered 2.00 MiB page size, pre-allocated 0 pages
[    0.006543] HugeTLB: 0 KiB vmemmap can be freed for a 2.00 MiB page
[    0.006543] HugeTLB: registered 64.0 KiB page size, pre-allocated 0 pages
[    0.006543] HugeTLB: 0 KiB vmemmap can be freed for a 64.0 KiB page
[    0.007544] raid6: skipped pq benchmark and selected neonx8
[    0.007545] raid6: using neon recovery algorithm
[    0.007561] ACPI: Interpreter disabled.
[    0.007667] iommu: Default domain type: Translated
[    0.007667] iommu: DMA domain TLB invalidation policy: strict mode
[    0.009320] pps_core: LinuxPPS API ver. 1 registered
[    0.009320] pps_core: Software ver. 5.3.6 - Copyright 2005-2007 Rodolfo Giometti <giometti@linux.it>
[    0.009321] PTP clock support registered
[    0.009328] EDAC MC: Ver: 3.0.0
[    0.009405] scmi_core: SCMI protocol bus registered
[    0.009463] FPGA manager framework
[    0.009584] nfc: nfc_init: NFC Core ver 0.1
[    0.009588] NET: Registered PF_NFC protocol family
[    0.009656] clocksource: Switched to clocksource arch_sys_counter
[    0.009710] VFS: Disk quotas dquot_6.6.0
[    0.009711] VFS: Dquot-cache hash table entries: 512 (order 0, 4096 bytes)
[    0.009797] pnp: PnP ACPI: disabled
[    0.010357] NET: Registered PF_INET protocol family
[    0.010433] IP idents hash table entries: 65536 (order: 7, 524288 bytes, linear)
[    0.010756] tcp_listen_portaddr_hash hash table entries: 2048 (order: 3, 32768 bytes, linear)
[    0.010761] Table-perturb hash table entries: 65536 (order: 6, 262144 bytes, linear)
[    0.010762] TCP established hash table entries: 32768 (order: 6, 262144 bytes, linear)
[    0.010798] TCP bind hash table entries: 32768 (order: 8, 1048576 bytes, linear)
[    0.010933] TCP: Hash tables configured (established 32768 bind 32768)
[    0.010959] UDP hash table entries: 2048 (order: 5, 131072 bytes, linear)
[    0.010977] UDP-Lite hash table entries: 2048 (order: 5, 131072 bytes, linear)
[    0.011009] NET: Registered PF_UNIX/PF_LOCAL protocol family
[    0.011349] kvm [1]: HYP mode not available
[    0.011413] Initialise system trusted keyrings
[    0.011484] workingset: timestamp_bits=42 max_order=20 bucket_order=0
[    0.011515] squashfs: version 4.0 (2009/01/31) Phillip Lougher
[    0.011522] fuse: init (API version 7.45)
[    0.011560] SGI XFS with ACLs, security attributes, scrub, repair, no debug enabled
[    0.011660] 9p: Installing v9fs 9p2000 file system support
[    0.017302] NET: Registered PF_ALG protocol family
[    0.017305] xor: measuring software checksum speed
[    0.017368]    8regs           : 52251 MB/sec
[    0.017423]    32regs          : 59925 MB/sec
[    0.017466]    arm64_neon      : 77731 MB/sec
[    0.017466] xor: using function: arm64_neon (77731 MB/sec)
[    0.017475] Key type asymmetric registered
[    0.017475] Asymmetric key parser 'x509' registered
[    0.017485] Block layer SCSI generic (bsg) driver version 0.4 loaded (major 239)
[    0.017485] io scheduler mq-deadline registered
2026-09-07T23:35:34.802125Z  WARN lighter_vmm::virtio::mmio: queue notified before the driver was ready device="virtio-vsock" index=0
[    0.017486] io scheduler kyber registered
[    0.017489] io scheduler bfq registered
2026-09-07T23:35:34.802292Z  WARN lighter_vmm::virtio::mmio: queue notified before the driver was ready device="fs" index=5
2026-09-07T23:35:34.802309Z  INFO lighter_fs::cache: cache lifetime set by whether the guest can be told to forget invalidation="push" attr_ms=20000 entry_ms=20000
[    0.030570] ledtrig-cpu: registered to indicate activity on CPUs
2026-09-07T23:35:34.802421Z  INFO lighter_vmm::virtio::fs: share activated tag=bench root=~/.lighter-bench/lighter
[    0.030575] IPMI message handler: version 39.2
[    0.030578] ipmi device interface
2026-09-07T23:35:34.802669Z  WARN lighter_vmm::virtio::mmio: queue notified before the driver was ready device="fs" index=5
2026-09-07T23:35:34.802677Z  INFO lighter_fs::cache: cache lifetime set by whether the guest can be told to forget invalidation="push" attr_ms=20000 entry_ms=20000
[    0.030633] ipmi_si: IPMI System Interface driver
2026-09-07T23:35:34.802777Z  INFO lighter_vmm::virtio::fs: share activated tag=rosetta root=/Library/Apple/usr/libexec/oah/RosettaLinux
[    0.030637] ipmi_si: Unable to find any System Interface(s)
[    0.032086] virtiofs virtio4: discovered new tag: bench
[    0.032485] virtiofs virtio5: discovered new tag: rosetta
[    0.033023] Free page reporting enabled
[    0.033105] virtio_mem virtio8: start address: 0x140000000
[    0.033106] virtio_mem virtio8: region size: 0x300000000
[    0.033106] virtio_mem virtio8: device block size: 0x8000000
[    0.033106] virtio_mem virtio8: nid: 0
[    0.033107] virtio_mem virtio8: memory block size: 0x8000000
[    0.033108] virtio_mem virtio8: big block size: 0x8000000
[    0.033136] virtio_mem virtio8: plugged size: 0x0
[    0.033136] virtio_mem virtio8: requested size: 0x300000000
[    0.033578] Fallback order for Node 0: 0 
[    0.033579] Built 1 zonelists, mobility grouping on.  Total pages: 1014343
[    0.033580] Policy zone: Normal
[    0.034148] Serial: 8250/16550 driver, 4 ports, IRQ sharing enabled
[    0.034348] msm_serial: driver initialized
[    0.034365] SuperH (H)SCI(F) driver initialized
[    0.034370] STM32 USART driver initialized
[    0.034542] random: crng init done
[    0.038438] loop: module loaded
[    0.073120] virtio_blk virtio0: 8/0/0 default/read/poll queues
[    0.073461] virtio_blk virtio0: [vda] 4194304 512-byte logical blocks (2.15 GB/2.00 GiB)
[    0.075750] virtio_blk virtio1: 8/0/0 default/read/poll queues
[    0.076076] virtio_blk virtio1: [vdb] 268435456 512-byte logical blocks (137 GB/128 GiB)
[    0.076272] zram: Added device: zram0
[    0.076697] tun: Universal TUN/TAP device driver, 1.6
[    0.077190] VFIO - User Level meta-driver version: 0.3
[    0.078332]  cs_system_cfg: CoreSight Configuration manager initialised
[    0.078486] gnss: GNSS driver registered with major 503
[    0.078621] GACT probability NOT on
[    0.078622] Mirror/redirect action on
[    0.079185] IPVS: Registered protocols ()
[    0.079193] IPVS: Connection hash table configured (size=4096, memory=32Kbytes)
[    0.079213] IPVS: ipvs loaded.
[    0.079238] Initializing XFRM netlink socket
[    0.079243] NET: Registered PF_INET6 protocol family
[    0.079414] Segment Routing with IPv6
[    0.079416] In-situ OAM (IOAM) with IPv6
[    0.079424] sit: IPv6, IPv4 and MPLS over IPv4 tunneling driver
[    0.079465] NET: Registered PF_PACKET protocol family
[    0.079506] 8021q: 802.1Q VLAN Support v1.8
[    0.079535] 9pnet: Installing 9P2000 support
[    0.079540] Key type dns_resolver registered
[    0.079570] NET: Registered PF_VSOCK protocol family
[    0.080683] registered taskstats version 1
[    0.080709] Loading compiled-in X.509 certificates
[    0.081251] Demotion targets for Node 0: null
[    0.081340] Btrfs loaded, zoned=no, fsverity=no
[    0.081419] clk: Disabling unused clocks
[    0.081420] PM: genpd: Disabling unused power domains
[    0.081738] check access for rdinit=/init failed: -2, ignoring
[    0.098757] EXT4-fs (vda): mounted filesystem b6b766ac-cd49-44a5-aac0-ad1817245fe0 r/w with ordered data mode. Quota mode: none.
[    0.098781] VFS: Mounted root (ext4 filesystem) on device 254:0.
[    0.099044] devtmpfs: mounted
[    0.099347] Freeing unused kernel memory: 12224K
[    0.099362] Run /sbin/lighter-init as init process
INIT clock=2026-09-07T23:35:33Z
INIT filesystems=ok
INIT formatting=/dev/vdb fs=btrfs mkfs=
INIT data_fs=btrfs
INIT data_opts=noatime,nodatacow,commit=30,thread_pool=1
[    0.176078] BTRFS: device label lighter-data devid 1 transid 8 /dev/vdb (254:16) scanned by mount (138)
[    0.176232] BTRFS info (device vdb): first mount of filesystem 0f6d5e5c-0d80-403c-b01c-ee38cab98769
[    0.176244] BTRFS info (device vdb): using crc32c (crc32c-lib) checksum algorithm
[    0.176737] BTRFS info (device vdb): checking UUID tree
[    0.176744] BTRFS info (device vdb): setting nodatasum
INIT data=mounted[    0.176744] BTRFS info (device vdb): setting nodatacow
[    0.176744] BTRFS info (device vdb): turning on async discard

[    0.176745] BTRFS info (device vdb): enabling free space tree
INIT fstrim=0ms
[    0.181772] zram0: detected capacity change from 0 to 4194304
[    0.184025] Adding 2097148k swap on /dev/zram0.  Priority:100 extents:1 across:2097148k SS
INIT zram=on
[    0.184771] rcu: RCU calculated value of scheduler-enlistment delay is 25 jiffies.
2026-09-07T23:35:34.955731Z  INFO lighter_fs::server: filesystem negotiated guest=7.45 max_write=262144 readdirplus=true create_dialect=true
INIT binfmt=x86_64 via=rosetta
2026-09-07T23:35:34.956532Z  INFO lighter_fs::server: filesystem negotiated guest=7.45 max_write=262144 readdirplus=true create_dialect=true
INIT share=bench at=/mnt/bench
INIT dhcp=ok t=0.19
INIT ipv6=ok
INIT dockerd=ready after=50ms t=0.25
AGENT listening port=2375
AGENT tcp-proxy port=15201
AGENT inbound port=2378
AGENT listening port=2376
AGENT udp-inbound
AGENT dns addr=192.168.127.2
AGENT udp-proxy port=15202
AGENT clock=set trip_us=15 attempt=0
AGENT udp-proxy port=15202
INIT streams=on
INIT ready t=0.26
2026-09-07T23:35:43.221479Z  INFO lighter_vmm::virtio::mem: virtio-mem offer requested_mib=512 plugged_mib=12288
[    8.451435] virtio_mem virtio8: plugged size: 0x300000000
[    8.451452] virtio_mem virtio8: requested size: 0x20000000
2026-09-07T23:35:43.486501Z  INFO lighter_vmm::virtio::mem: virtio-mem offer requested_mib=0 plugged_mib=8960
[    8.716451] virtio_mem virtio8: plugged size: 0x230000000
[    8.716460] virtio_mem virtio8: requested size: 0x0
[    9.090978] Fallback order for Node 0: 0 
[    9.090987] Built 1 zonelists, mobility grouping on.  Total pages: 2049623
[    9.090992] Policy zone: Normal
2026-09-07T23:35:44.366883Z  INFO lighter_vmm::virtio::mem: virtio-mem offer requested_mib=12288 plugged_mib=128
[    9.596820] virtio_mem virtio8: plugged size: 0x8000000
[    9.596831] virtio_mem virtio8: requested size: 0x300000000
[    9.597435] Fallback order for Node 0: 0 
[    9.597443] Built 1 zonelists, mobility grouping on.  Total pages: 1049655
[    9.597447] Policy zone: Normal
[    9.819722] docker0: port 1(veth730322d) entered blocking state
[    9.819733] docker0: port 1(veth730322d) entered disabled state
[    9.819740] veth730322d: entered allmulticast mode
[    9.819755] veth730322d: entered promiscuous mode
[    9.888986] eth0: renamed from vethd0e8041
[    9.897760] docker0: port 1(veth730322d) entered blocking state
[    9.897769] docker0: port 1(veth730322d) entered forwarding state
AGENT sockmap=on
[   19.733380] docker0: port 1(veth730322d) entered disabled state
[   19.733410] vethd0e8041: renamed from eth0
[   19.753206] docker0: port 1(veth730322d) entered disabled state
[   19.753416] veth730322d (unregistering): left allmulticast mode
[   19.753422] veth730322d (unregistering): left promiscuous mode
[   19.753423] docker0: port 1(veth730322d) entered disabled state
[   19.915358] docker0: port 1(veth1466944) entered blocking state
[   19.915366] docker0: port 1(veth1466944) entered disabled state
[   19.915368] veth1466944: entered allmulticast mode
[   19.915379] veth1466944: entered promiscuous mode
[   19.917418] eth0: renamed from veth213e1ea
[   19.917687] docker0: port 1(veth1466944) entered blocking state
[   19.917694] docker0: port 1(veth1466944) entered forwarding state
[   32.809955] docker0: port 1(veth1466944) entered disabled state
[   32.809983] veth213e1ea: renamed from eth0
[   32.841396] docker0: port 1(veth1466944) entered disabled state
[   32.841475] veth1466944 (unregistering): left allmulticast mode
[   32.841476] veth1466944 (unregistering): left promiscuous mode
[   32.841477] docker0: port 1(veth1466944) entered disabled state
[   32.937927] docker0: port 1(veth6c15db9) entered blocking state
[   32.937938] docker0: port 1(veth6c15db9) entered disabled state
[   32.937947] veth6c15db9: entered allmulticast mode
[   32.937960] veth6c15db9: entered promiscuous mode
[   32.940257] eth0: renamed from veth0fc1666
[   32.940572] docker0: port 1(veth6c15db9) entered blocking state
[   32.940578] docker0: port 1(veth6c15db9) entered forwarding state
[   68.670985] docker0: port 1(veth6c15db9) entered disabled state
[   68.671030] veth0fc1666: renamed from eth0
[   68.689146] docker0: port 1(veth6c15db9) entered disabled state
[   68.689408] veth6c15db9 (unregistering): left allmulticast mode
[   68.689429] veth6c15db9 (unregistering): left promiscuous mode
[   68.689432] docker0: port 1(veth6c15db9) entered disabled state
[   69.235627] docker0: port 1(veth1a8f3c2) entered blocking state
[   69.235635] docker0: port 1(veth1a8f3c2) entered disabled state
[   69.235641] veth1a8f3c2: entered allmulticast mode
[   69.235655] veth1a8f3c2: entered promiscuous mode
[   69.238253] eth0: renamed from veth5baa605
[   69.238457] docker0: port 1(veth1a8f3c2) entered blocking state
[   69.238468] docker0: port 1(veth1a8f3c2) entered forwarding state
[   99.488556] docker0: port 1(veth1a8f3c2) entered disabled state
[   99.488585] veth5baa605: renamed from eth0
[   99.506703] docker0: port 1(veth1a8f3c2) entered disabled state
[   99.507001] veth1a8f3c2 (unregistering): left allmulticast mode
[   99.507012] veth1a8f3c2 (unregistering): left promiscuous mode
[   99.507018] docker0: port 1(veth1a8f3c2) entered disabled state
[   99.670891] docker0: port 1(veth6437aa8) entered blocking state
[   99.670899] docker0: port 1(veth6437aa8) entered disabled state
[   99.670901] veth6437aa8: entered allmulticast mode
[   99.670912] veth6437aa8: entered promiscuous mode
[   99.673175] eth0: renamed from veth292971a
[   99.673441] docker0: port 1(veth6437aa8) entered blocking state
[   99.673450] docker0: port 1(veth6437aa8) entered forwarding state
2026-09-07T23:37:20.802038Z  WARN lighter_fs::server: an acknowledged setattr failed to apply errno=116
2026-09-07T23:37:30.136148Z  WARN lighter_fs::server: an acknowledged setattr failed to apply errno=116
2026-09-07T23:37:37.189198Z  WARN lighter_fs::server: an acknowledged setattr failed to apply errno=116
2026-09-07T23:37:37.561392Z  WARN lighter_fs::server: an acknowledged setattr failed to apply errno=116
[  123.611278] docker0: port 1(veth6437aa8) entered disabled state
[  123.611303] veth292971a: renamed from eth0
[  123.634184] docker0: port 1(veth6437aa8) entered disabled state
[  123.634423] veth6437aa8 (unregistering): left allmulticast mode
[  123.634428] veth6437aa8 (unregistering): left promiscuous mode
[  123.634430] docker0: port 1(veth6437aa8) entered disabled state
[  123.772608] docker0: port 1(veth12c34da) entered blocking state
[  123.772619] docker0: port 1(veth12c34da) entered disabled state
[  123.772625] veth12c34da: entered allmulticast mode
[  123.772641] veth12c34da: entered promiscuous mode
[  123.774855] eth0: renamed from vethbf7fe89
[  123.775108] docker0: port 1(veth12c34da) entered blocking state
[  123.775114] docker0: port 1(veth12c34da) entered forwarding state
[  149.610900] docker0: port 1(veth12c34da) entered disabled state
[  149.610934] vethbf7fe89: renamed from eth0
[  149.630239] docker0: port 1(veth12c34da) entered disabled state
[  149.630487] veth12c34da (unregistering): left allmulticast mode
[  149.630494] veth12c34da (unregistering): left promiscuous mode
[  149.630495] docker0: port 1(veth12c34da) entered disabled state
[  149.767065] docker0: port 1(vethc6dd52b) entered blocking state
[  149.767072] docker0: port 1(vethc6dd52b) entered disabled state
[  149.767074] vethc6dd52b: entered allmulticast mode
[  149.767086] vethc6dd52b: entered promiscuous mode
[  149.769265] eth0: renamed from vetha6dcc12
[  149.769558] docker0: port 1(vethc6dd52b) entered blocking state
[  149.769565] docker0: port 1(vethc6dd52b) entered forwarding state
[  159.072765] docker0: port 1(vethc6dd52b) entered disabled state
[  159.072789] vetha6dcc12: renamed from eth0
[  159.093219] docker0: port 1(vethc6dd52b) entered disabled state
[  159.093448] vethc6dd52b (unregistering): left allmulticast mode
[  159.093454] vethc6dd52b (unregistering): left promiscuous mode
[  159.093455] docker0: port 1(vethc6dd52b) entered disabled state
[  159.195144] docker0: port 1(veth709b02d) entered blocking state
[  159.195156] docker0: port 1(veth709b02d) entered disabled state
[  159.195161] veth709b02d: entered allmulticast mode
[  159.195179] veth709b02d: entered promiscuous mode
[  159.197504] eth0: renamed from vethee0f710
[  159.197789] docker0: port 1(veth709b02d) entered blocking state
[  159.197794] docker0: port 1(veth709b02d) entered forwarding state
[  161.277098] docker0: port 1(veth709b02d) entered disabled state
[  161.277125] vethee0f710: renamed from eth0
[  161.313578] docker0: port 1(veth709b02d) entered disabled state
[  161.313820] veth709b02d (unregistering): left allmulticast mode
[  161.313826] veth709b02d (unregistering): left promiscuous mode
[  161.313827] docker0: port 1(veth709b02d) entered disabled state
[  161.457209] docker0: port 1(vethf810082) entered blocking state
[  161.457216] docker0: port 1(vethf810082) entered disabled state
[  161.457220] vethf810082: entered allmulticast mode
[  161.457232] vethf810082: entered promiscuous mode
[  161.459510] eth0: renamed from veth7ec1a1c
[  161.459802] docker0: port 1(vethf810082) entered blocking state
[  161.459812] docker0: port 1(vethf810082) entered forwarding state
[  161.784726] docker0: port 1(vethf810082) entered disabled state
[  161.784751] veth7ec1a1c: renamed from eth0
[  161.809824] docker0: port 1(vethf810082) entered disabled state
[  161.810067] vethf810082 (unregistering): left allmulticast mode
[  161.810073] vethf810082 (unregistering): left promiscuous mode
[  161.810074] docker0: port 1(vethf810082) entered disabled state
[  161.925104] docker0: port 1(veth0a7ecd9) entered blocking state
[  161.925112] docker0: port 1(veth0a7ecd9) entered disabled state
[  161.925114] veth0a7ecd9: entered allmulticast mode
[  161.925126] veth0a7ecd9: entered promiscuous mode
[  161.927328] eth0: renamed from veth8449d9d
[  161.927621] docker0: port 1(veth0a7ecd9) entered blocking state
[  161.927628] docker0: port 1(veth0a7ecd9) entered forwarding state
[  178.758774] docker0: port 1(veth0a7ecd9) entered disabled state
[  178.758801] veth8449d9d: renamed from eth0
[  178.773085] docker0: port 1(veth0a7ecd9) entered disabled state
[  178.773269] veth0a7ecd9 (unregistering): left allmulticast mode
[  178.773271] veth0a7ecd9 (unregistering): left promiscuous mode
[  178.773272] docker0: port 1(veth0a7ecd9) entered disabled state
[  178.915433] docker0: port 1(veth35e13ee) entered blocking state
[  178.915443] docker0: port 1(veth35e13ee) entered disabled state
[  178.915449] veth35e13ee: entered allmulticast mode
[  178.915461] veth35e13ee: entered promiscuous mode
[  178.917438] eth0: renamed from vethe13e2e9
[  178.917692] docker0: port 1(veth35e13ee) entered blocking state
[  178.917733] docker0: port 1(veth35e13ee) entered forwarding state
2026-09-07T23:38:42.412608Z  WARN lighter_fs::inode: the share is holding more descriptors than it may open=122851 budget=120960 inodes=240873 live=240873 examined=8192 parked=0 unheld=0 used=0 privileged=0 unparkable=0
[  198.142138] docker0: port 1(veth35e13ee) entered disabled state
[  198.142167] vethe13e2e9: renamed from eth0
[  198.169338] docker0: port 1(veth35e13ee) entered disabled state
[  198.169569] veth35e13ee (unregistering): left allmulticast mode
[  198.169577] veth35e13ee (unregistering): left promiscuous mode
[  198.169582] docker0: port 1(veth35e13ee) entered disabled state
