2026-09-07T22:59:29.155311Z  INFO lighter_vmm::net: network started gateway="192.168.127.1" guest="192.168.127.2" mtu=1500
2026-09-07T22:59:29.155467Z  INFO lighter_vmm::machine: attached disk path=/var/folders/43/y9_kklv94ks4dt0rtcddmgf00000gn/T/lighter-rootfs.iA4pdY2anc.ext4 capacity_mib=2048 allocated_kib=2097152
2026-09-07T22:59:29.155552Z  INFO lighter_vmm::machine: attached disk path=/var/folders/43/y9_kklv94ks4dt0rtcddmgf00000gn/T/lighter-bench.zfohhhgjGn/data.img capacity_mib=131072 allocated_kib=0
2026-09-07T22:59:29.156290Z  INFO lighter_fs::server: share opened root=~/.lighter-bench/lighter attr_ms=100 entry_ms=100 dir_entry_ms=1000 watched=true descriptors=184320
2026-09-07T22:59:29.156733Z  INFO lighter_fs::server: share opened root=/Library/Apple/usr/libexec/oah/RosettaLinux attr_ms=100 entry_ms=100 dir_entry_ms=1000 watched=true descriptors=184320
2026-09-07T22:59:29.157284Z  INFO lighter_vmm::machine: machine started vcpus=8 ram_mib=4096 entry=0x40000000 dtb=0x43400000
2026-09-07T22:59:29.157769Z  INFO lighter_vmm::vsock_proxy: proxying a socket into the guest path=/var/folders/43/y9_kklv94ks4dt0rtcddmgf00000gn/T/lighter-bench.zfohhhgjGn/docker.sock guest_port=2375
2026-09-07T22:59:29.157838Z  INFO lighter_vmm::vsock_proxy: proxying a socket into the guest path=/var/folders/43/y9_kklv94ks4dt0rtcddmgf00000gn/T/lighter-bench.zfohhhgjGn/control.sock guest_port=2376
2026-09-07T22:59:29.157917Z  WARN lighter_vmm::virtio::mmio: queue notified before the driver was ready device="virtio-vsock" index=0
[    0.000000] Booting Linux on physical CPU 0x0000000000 [0x610f0000]
[    0.000000] Linux version 6.18.49-lighter (root@cc682f9944e9) (gcc (Debian 12.2.0-14+deb12u1) 12.2.0, GNU ld (GNU Binutils for Debian) 2.40) #1 SMP Mon Sep  7 19:57:38 UTC 2026
[    0.000000] KASLR disabled due to lack of seed
[    0.000000] Machine model: linux,dummy-virt
[    0.000000] efi: UEFI not found.
[    0.000000] OF: reserved mem: Reserved memory: No reserved-memory node in the DT
[    0.000000] NUMA: Faking a node at [mem 0x0000000040000000-0x000000013fffffff]
[    0.000000] NODE_DATA(0) allocated [mem 0x13f802d00-0x13f80547f]
[    0.000000] Zone ranges:
[    0.000000]   DMA      [mem 0x0000000040000000-0x00000000ffffffff]
[    0.000000]   DMA32    empty
[    0.000000]   Normal   [mem 0x0000000100000000-0x000000013fffffff]
[    0.000000] Movable zone start for each node
[    0.000000] Early memory node ranges
[    0.000000]   node   0: [mem 0x0000000040000000-0x000000013fffffff]
[    0.000000] Initmem setup node 0 [mem 0x0000000040000000-0x000000013fffffff]
[    0.000000] cma: Reserved 32 MiB at 0x00000000fe000000
[    0.000000] psci: probing for conduit method from DT.
[    0.000000] psci: PSCIv1.1 detected in firmware.
[    0.000000] psci: Using standard PSCI v0.2 function IDs
[    0.000000] psci: Trusted OS migration not required
[    0.000000] psci: SMC Calling Convention v1.0
[    0.000000] percpu: Embedded 23 pages/cpu s63320 r0 d30888 u94208
[    0.000000] Detected PIPT I-cache on CPU0
[    0.000000] CPU features: detected: Address authentication (IMP DEF algorithm)
[    0.000000] CPU features: detected: GICv3 CPU interface
[    0.000000] CPU features: detected: Spectre-v4
[    0.000000] CPU features: detected: Spectre-BHB
[    0.000000] alternatives: applying boot alternatives
[    0.000000] Kernel command line: console=ttyAMA0 panic=-1 root=/dev/vda rw init=/sbin/lighter-init psi=0 idle.poll_ns=200000 lighter.time=1788821967 lighter.share=bench:/mnt/bench  lighter.rosetta 
[    0.000000] printk: log buffer data + meta data: 131072 + 458752 = 589824 bytes
[    0.000000] Dentry cache hash table entries: 524288 (order: 10, 4194304 bytes, linear)
[    0.000000] Inode-cache hash table entries: 262144 (order: 9, 2097152 bytes, linear)
[    0.000000] software IO TLB: area num 8.
[    0.000000] software IO TLB: mapped [mem 0x00000000fa000000-0x00000000fe000000] (64MB)
[    0.000000] Fallback order for Node 0: 0 
[    0.000000] Built 1 zonelists, mobility grouping on.  Total pages: 1048576
[    0.000000] Policy zone: Normal
[    0.000000] mem auto-init: stack:off, heap alloc:off, heap free:off
[    0.000000] SLUB: HWalign=64, Order=0-3, MinObjects=0, CPUs=8, Nodes=1
[    0.000000] rcu: Hierarchical RCU implementation.
[    0.000000] rcu: 	RCU event tracing is enabled.
[    0.000000] rcu: 	RCU restricting CPUs from NR_CPUS=512 to nr_cpu_ids=8.
[    0.000000] 	Tracing variant of Tasks RCU enabled.
[    0.000000] rcu: RCU calculated value of scheduler-enlistment delay is 25 jiffies.
[    0.000000] rcu: Adjusting geometry for rcu_fanout_leaf=16, nr_cpu_ids=8
[    0.000000] RCU Tasks Trace: Setting shift to 3 and lim to 1 rcu_task_cb_adjust=1 rcu_task_cpu_ids=8.
[    0.000000] NR_IRQS: 64, nr_irqs: 64, preallocated irqs: 0
[    0.000000] GICv3: 988 SPIs implemented
[    0.000000] GICv3: 0 Extended SPIs implemented
[    0.000000] Root IRQ handler: gic_handle_irq
[    0.000000] GICv3: GICv3 features: 16 PPIs, RSS
[    0.000000] GICv3: GICD_CTLR.DS=1, SCR_EL3.FIQ=0
[    0.000000] GICv3: CPU0: found redistributor 0 region 0:0x00000000080a0000
[    0.000000] rcu: srcu_init: Setting srcu_struct sizes based on contention.
[    0.000000] clocksource: jiffies: mask: 0xffffffff max_cycles: 0xffffffff, max_idle_ns: 7645041785100000 ns
[    0.000000] arch_timer: cp15 timer running at 24.00MHz (virt).
[    0.000000] clocksource: arch_sys_counter: mask: 0xffffffffffffff max_cycles: 0x588fe9dc0, max_idle_ns: 440795202592 ns
[    0.000000] sched_clock: 56 bits at 24MHz, resolution 41ns, wraps every 4398046511097ns
[    0.000053] Console: colour dummy device 80x25
[    0.000071] Calibrating delay loop (skipped), value calculated using timer frequency.. 48.00 BogoMIPS (lpj=96000)
[    0.000071] pid_max: default: 32768 minimum: 301
[    0.000086] LSM: initializing lsm=capability
[    0.000137] Mount-cache hash table entries: 8192 (order: 4, 65536 bytes, linear)
[    0.000153] Mountpoint-cache hash table entries: 8192 (order: 4, 65536 bytes, linear)
[    0.000406] cacheinfo: Unable to detect cache hierarchy for CPU 0
[    0.000552] Apple TSO: available per thread (PR_SET_MEM_MODEL); boot value off
[    0.000579] rcu: Hierarchical SRCU implementation.
[    0.000579] rcu: 	Max phase no-delay instances is 1000.
[    0.000622] Timer migration: 1 hierarchy levels; 8 children per group; 1 crossnode level
[    0.000664] EFI services will not be available.
[    0.000747] smp: Bringing up secondary CPUs ...
[    0.000874] Detected PIPT I-cache on CPU1
[    0.000887] GICv3: CPU1: found redistributor 1 region 0:0x00000000080c0000
[    0.000925] CPU1: Booted secondary processor 0x0000000001 [0x610f0000]
[    0.001092] Detected PIPT I-cache on CPU2
[    0.001106] GICv3: CPU2: found redistributor 2 region 0:0x00000000080e0000
[    0.001142] CPU2: Booted secondary processor 0x0000000002 [0x610f0000]
[    0.001257] Detected PIPT I-cache on CPU3
[    0.001272] GICv3: CPU3: found redistributor 3 region 0:0x0000000008100000
[    0.001307] CPU3: Booted secondary processor 0x0000000003 [0x610f0000]
[    0.001435] Detected PIPT I-cache on CPU4
[    0.001452] GICv3: CPU4: found redistributor 4 region 0:0x0000000008120000
[    0.001487] CPU4: Booted secondary processor 0x0000000004 [0x610f0000]
[    0.001623] Detected PIPT I-cache on CPU5
[    0.001641] GICv3: CPU5: found redistributor 5 region 0:0x0000000008140000
[    0.001676] CPU5: Booted secondary processor 0x0000000005 [0x610f0000]
[    0.001788] Detected PIPT I-cache on CPU6
[    0.001807] GICv3: CPU6: found redistributor 6 region 0:0x0000000008160000
[    0.001843] CPU6: Booted secondary processor 0x0000000006 [0x610f0000]
[    0.001971] Detected PIPT I-cache on CPU7
[    0.001992] GICv3: CPU7: found redistributor 7 region 0:0x0000000008180000
[    0.002027] CPU7: Booted secondary processor 0x0000000007 [0x610f0000]
[    0.002039] smp: Brought up 1 node, 8 CPUs
[    0.002040] SMP: Total of 8 processors activated.
[    0.002040] CPU: All CPU(s) started at EL1
[    0.002049] CPU features: detected: Branch Target Identification
[    0.002049] CPU features: detected: ARMv8.4 Translation Table Level
[    0.002049] CPU features: detected: Data cache clean to the PoU not required for I/D coherence
[    0.002050] CPU features: detected: Common not Private translations
[    0.002050] CPU features: detected: CRC32 instructions
[    0.002050] CPU features: detected: Data independent timing control (DIT)
[    0.002050] CPU features: detected: E0PD
[    0.002050] CPU features: detected: Enhanced Privileged Access Never
[    0.002051] CPU features: detected: Generic authentication (IMP DEF algorithm)
[    0.002051] CPU features: detected: RCpc load-acquire (LDAPR)
[    0.002051] CPU features: detected: LSE atomic instructions
[    0.002052] CPU features: detected: Privileged Access Never
[    0.002052] CPU features: detected: RAS Extension Support
[    0.002052] CPU features: detected: Speculation barrier (SB)
[    0.002052] CPU features: detected: TLB range maintenance instructions
[    0.002180] alternatives: applying system-wide alternatives
[    0.003640] Memory: 3957332K/4194304K available (19008K kernel code, 6390K rwdata, 12684K rodata, 12224K init, 709K bss, 198256K reserved, 32768K cma-reserved)
[    0.003746] devtmpfs: initialized
[    0.004023] posixtimers hash table entries: 4096 (order: 4, 65536 bytes, linear)
[    0.004045] futex hash table entries: 2048 (131072 bytes on 1 NUMA nodes, total 128 KiB, linear).
[    0.004068] 19952 pages in range for non-PLT usage
[    0.004069] 511472 pages in range for PLT usage
[    0.004081] pinctrl core: initialized pinctrl subsystem
[    0.004197] DMI not present or invalid.
[    0.004824] NET: Registered PF_NETLINK/PF_ROUTE protocol family
[    0.005040] DMA: preallocated 512 KiB GFP_KERNEL pool for atomic allocations
[    0.005100] DMA: preallocated 512 KiB GFP_KERNEL|GFP_DMA pool for atomic allocations
[    0.005158] DMA: preallocated 512 KiB GFP_KERNEL|GFP_DMA32 pool for atomic allocations
[    0.005221] thermal_sys: Registered thermal governor 'step_wise'
[    0.005221] thermal_sys: Registered thermal governor 'power_allocator'
[    0.005225] cpuidle: using governor menu
[    0.005233] NET: Registered PF_QIPCRTR protocol family
[    0.005248] hw-breakpoint: found 6 breakpoint and 4 watchpoint registers.
[    0.005324] ASID allocator initialised with 65536 entries
[    0.005443] Serial: AMBA PL011 UART driver
[    0.005577] c000000.pl011: ttyAMA0 at MMIO 0xc000000 (irq = 13, base_baud = 0) is a PL011 rev1
[    0.005608] printk: console [ttyAMA0] enabled
[    0.006228] HugeTLB: registered 1.00 GiB page size, pre-allocated 0 pages
[    0.006228] HugeTLB: 0 KiB vmemmap can be freed for a 1.00 GiB page
[    0.006228] HugeTLB: registered 32.0 MiB page size, pre-allocated 0 pages
[    0.006232] HugeTLB: 0 KiB vmemmap can be freed for a 32.0 MiB page
[    0.006232] HugeTLB: registered 2.00 MiB page size, pre-allocated 0 pages
[    0.006232] HugeTLB: 0 KiB vmemmap can be freed for a 2.00 MiB page
[    0.006233] HugeTLB: registered 64.0 KiB page size, pre-allocated 0 pages
[    0.006233] HugeTLB: 0 KiB vmemmap can be freed for a 64.0 KiB page
[    0.007276] raid6: skipped pq benchmark and selected neonx8
[    0.007277] raid6: using neon recovery algorithm
[    0.007294] ACPI: Interpreter disabled.
[    0.007398] iommu: Default domain type: Translated
[    0.007399] iommu: DMA domain TLB invalidation policy: strict mode
[    0.009332] pps_core: LinuxPPS API ver. 1 registered
[    0.009332] pps_core: Software ver. 5.3.6 - Copyright 2005-2007 Rodolfo Giometti <giometti@linux.it>
[    0.009333] PTP clock support registered
[    0.009340] EDAC MC: Ver: 3.0.0
[    0.009428] scmi_core: SCMI protocol bus registered
[    0.009482] FPGA manager framework
[    0.009571] nfc: nfc_init: NFC Core ver 0.1
[    0.009575] NET: Registered PF_NFC protocol family
[    0.009959] clocksource: Switched to clocksource arch_sys_counter
[    0.010014] VFS: Disk quotas dquot_6.6.0
[    0.010015] VFS: Dquot-cache hash table entries: 512 (order 0, 4096 bytes)
[    0.010174] pnp: PnP ACPI: disabled
[    0.010549] NET: Registered PF_INET protocol family
[    0.010623] IP idents hash table entries: 65536 (order: 7, 524288 bytes, linear)
[    0.010943] tcp_listen_portaddr_hash hash table entries: 2048 (order: 3, 32768 bytes, linear)
2026-09-07T22:59:29.207034Z  WARN lighter_vmm::virtio::mmio: queue notified before the driver was ready device="virtio-vsock" index=0
2026-09-07T22:59:29.207208Z  WARN lighter_vmm::virtio::mmio: queue notified before the driver was ready device="fs" index=5
2026-09-07T22:59:29.207222Z  INFO lighter_fs::cache: cache lifetime set by whether the guest can be told to forget invalidation="push" attr_ms=20000 entry_ms=20000
[    0.010948] Table-perturb hash table entries: 65536 (order: 6, 262144 bytes, linear)
2026-09-07T22:59:29.207338Z  INFO lighter_vmm::virtio::fs: share activated tag=bench root=~/.lighter-bench/lighter
[    0.010949] TCP established hash table entries: 32768 (order: 6, 262144 bytes, linear)
2026-09-07T22:59:29.207558Z  WARN lighter_vmm::virtio::mmio: queue notified before the driver was ready device="fs" index=5
2026-09-07T22:59:29.207565Z  INFO lighter_fs::cache: cache lifetime set by whether the guest can be told to forget invalidation="push" attr_ms=20000 entry_ms=20000
[    0.010985] TCP bind hash table entries: 32768 (order: 8, 1048576 bytes, linear)
2026-09-07T22:59:29.207655Z  INFO lighter_vmm::virtio::fs: share activated tag=rosetta root=/Library/Apple/usr/libexec/oah/RosettaLinux
[    0.011113] TCP: Hash tables configured (established 32768 bind 32768)
[    0.011133] UDP hash table entries: 2048 (order: 5, 131072 bytes, linear)
[    0.011155] UDP-Lite hash table entries: 2048 (order: 5, 131072 bytes, linear)
[    0.011197] NET: Registered PF_UNIX/PF_LOCAL protocol family
[    0.011491] kvm [1]: HYP mode not available
[    0.011611] Initialise system trusted keyrings
[    0.011642] workingset: timestamp_bits=42 max_order=20 bucket_order=0
[    0.011678] squashfs: version 4.0 (2009/01/31) Phillip Lougher
[    0.011685] fuse: init (API version 7.45)
[    0.011725] SGI XFS with ACLs, security attributes, scrub, repair, no debug enabled
[    0.011812] 9p: Installing v9fs 9p2000 file system support
[    0.017428] NET: Registered PF_ALG protocol family
[    0.017431] xor: measuring software checksum speed
[    0.017492]    8regs           : 53712 MB/sec
[    0.017547]    32regs          : 60757 MB/sec
[    0.017589]    arm64_neon      : 77425 MB/sec
[    0.017590] xor: using function: arm64_neon (77425 MB/sec)
[    0.017595] Key type asymmetric registered
[    0.017595] Asymmetric key parser 'x509' registered
[    0.017605] Block layer SCSI generic (bsg) driver version 0.4 loaded (major 239)
[    0.017606] io scheduler mq-deadline registered
[    0.017606] io scheduler kyber registered
[    0.017610] io scheduler bfq registered
[    0.026686] ledtrig-cpu: registered to indicate activity on CPUs
[    0.026692] IPMI message handler: version 39.2
[    0.026694] ipmi device interface
[    0.026738] ipmi_si: IPMI System Interface driver
[    0.026743] ipmi_si: Unable to find any System Interface(s)
[    0.027902] virtiofs virtio4: discovered new tag: bench
[    0.028265] virtiofs virtio5: discovered new tag: rosetta
[    0.028676] Free page reporting enabled
[    0.028765] virtio_mem virtio8: start address: 0x140000000
[    0.028765] virtio_mem virtio8: region size: 0x300000000
[    0.028765] virtio_mem virtio8: device block size: 0x8000000
[    0.028766] virtio_mem virtio8: nid: 0
[    0.028766] virtio_mem virtio8: memory block size: 0x8000000
[    0.028767] virtio_mem virtio8: big block size: 0x8000000
[    0.028837] virtio_mem virtio8: plugged size: 0x0
[    0.028838] virtio_mem virtio8: requested size: 0x300000000
[    0.029294] Fallback order for Node 0: 0 
[    0.029295] Built 1 zonelists, mobility grouping on.  Total pages: 1014343
[    0.029295] Policy zone: Normal
[    0.030422] Serial: 8250/16550 driver, 4 ports, IRQ sharing enabled
[    0.030632] msm_serial: driver initialized
[    0.030646] SuperH (H)SCI(F) driver initialized
[    0.030651] STM32 USART driver initialized
[    0.030836] random: crng init done
[    0.038627] loop: module loaded
[    0.039978] virtio_blk virtio0: 8/0/0 default/read/poll queues
[    0.040317] virtio_blk virtio0: [vda] 4194304 512-byte logical blocks (2.15 GB/2.00 GiB)
[    0.042660] virtio_blk virtio1: 8/0/0 default/read/poll queues
[    0.042996] virtio_blk virtio1: [vdb] 268435456 512-byte logical blocks (137 GB/128 GiB)
[    0.043200] zram: Added device: zram0
[    0.043635] tun: Universal TUN/TAP device driver, 1.6
[    0.044171] VFIO - User Level meta-driver version: 0.3
[    0.045439]  cs_system_cfg: CoreSight Configuration manager initialised
[    0.045631] gnss: GNSS driver registered with major 503
[    0.045759] GACT probability NOT on
[    0.045760] Mirror/redirect action on
[    0.046379] IPVS: Registered protocols ()
[    0.046388] IPVS: Connection hash table configured (size=4096, memory=32Kbytes)
[    0.046410] IPVS: ipvs loaded.
[    0.046436] Initializing XFRM netlink socket
[    0.046441] NET: Registered PF_INET6 protocol family
[    0.046617] Segment Routing with IPv6
[    0.046619] In-situ OAM (IOAM) with IPv6
[    0.046626] sit: IPv6, IPv4 and MPLS over IPv4 tunneling driver
[    0.046674] NET: Registered PF_PACKET protocol family
[    0.046697] 8021q: 802.1Q VLAN Support v1.8
[    0.046726] 9pnet: Installing 9P2000 support
[    0.046731] Key type dns_resolver registered
[    0.046757] NET: Registered PF_VSOCK protocol family
[    0.047949] registered taskstats version 1
[    0.047987] Loading compiled-in X.509 certificates
[    0.048604] Demotion targets for Node 0: null
[    0.048695] Btrfs loaded, zoned=no, fsverity=no
[    0.048775] clk: Disabling unused clocks
[    0.048776] PM: genpd: Disabling unused power domains
[    0.049130] check access for rdinit=/init failed: -2, ignoring
[    0.063387] EXT4-fs (vda): mounted filesystem b6b766ac-cd49-44a5-aac0-ad1817245fe0 r/w with ordered data mode. Quota mode: none.
[    0.063405] VFS: Mounted root (ext4 filesystem) on device 254:0.
[    0.063615] devtmpfs: mounted
[    0.063942] Freeing unused kernel memory: 12224K
[    0.063954] Run /sbin/lighter-init as init process
INIT clock=2026-09-07T22:59:27Z
INIT filesystems=ok
INIT formatting=/dev/vdb fs=btrfs mkfs=
INIT data_fs=btrfs
INIT data_opts=noatime,nodatacow,commit=30,thread_pool=1
[    0.132523] BTRFS: device label lighter-data devid 1 transid 8 /dev/vdb (254:16) scanned by mount (137)
[    0.132682] BTRFS info (device vdb): first mount of filesystem 24f0e2b5-dd40-45f2-938d-9444c8aa311e
[    0.132696] BTRFS info (device vdb): using crc32c (crc32c-lib) checksum algorithm
[    0.133041] BTRFS info (device vdb): checking UUID tree
[    0.133049] BTRFS info (device vdb): setting nodatasum
INIT data=mounted[    0.133049] BTRFS info (device vdb): setting nodatacow
[    0.133049] BTRFS info (device vdb): turning on async discard

[    0.133050] BTRFS info (device vdb): enabling free space tree
INIT fstrim=0ms
[    0.138443] zram0: detected capacity change from 0 to 4194304
[    0.140399] Adding 2097148k swap on /dev/zram0.  Priority:100 extents:1 across:2097148k SS
INIT zram=on
[    0.141303] rcu: RCU calculated value of scheduler-enlistment delay is 25 jiffies.
2026-09-07T22:59:29.321480Z  INFO lighter_fs::server: filesystem negotiated guest=7.45 max_write=262144 readdirplus=true create_dialect=true
INIT binfmt=x86_64 via=rosetta
2026-09-07T22:59:29.322242Z  INFO lighter_fs::server: filesystem negotiated guest=7.45 max_write=262144 readdirplus=true create_dialect=true
INIT share=bench at=/mnt/bench
INIT dhcp=ok t=0.14
INIT ipv6=ok
INIT dockerd=ready after=50ms t=0.21
AGENT tcp-proxy port=15201
AGENT inbound port=2378
AGENT listening port=2375
AGENT listening port=2376
AGENT dns addr=192.168.127.2
AGENT udp-inbound
AGENT udp-proxy port=15202
AGENT udp-proxy port=15202
AGENT clock=set trip_us=30 attempt=0
INIT streams=on
INIT ready t=0.21
2026-09-07T22:59:37.585406Z  INFO lighter_vmm::virtio::mem: virtio-mem offer requested_mib=512 plugged_mib=12288
[    8.406208] virtio_mem virtio8: plugged size: 0x300000000
[    8.406222] virtio_mem virtio8: requested size: 0x20000000
2026-09-07T22:59:37.856438Z  INFO lighter_vmm::virtio::mem: virtio-mem offer requested_mib=0 plugged_mib=8832
[    8.677613] virtio_mem virtio8: plugged size: 0x228000000
[    8.677624] virtio_mem virtio8: requested size: 0x0
[    9.055450] Fallback order for Node 0: 0 
[    9.055461] Built 1 zonelists, mobility grouping on.  Total pages: 2049623
[    9.055467] Policy zone: Normal
2026-09-07T22:59:38.772205Z  INFO lighter_vmm::virtio::mem: virtio-mem offer requested_mib=12288 plugged_mib=128
[    9.592982] virtio_mem virtio8: plugged size: 0x8000000
[    9.592992] virtio_mem virtio8: requested size: 0x300000000
[    9.593547] Fallback order for Node 0: 0 
[    9.593558] Built 1 zonelists, mobility grouping on.  Total pages: 1049655
[    9.593562] Policy zone: Normal
[    9.801416] docker0: port 1(veth346cc25) entered blocking state
[    9.801427] docker0: port 1(veth346cc25) entered disabled state
[    9.801439] veth346cc25: entered allmulticast mode
[    9.801460] veth346cc25: entered promiscuous mode
[    9.907201] eth0: renamed from vetha80f30b
[    9.917629] docker0: port 1(veth346cc25) entered blocking state
[    9.917652] docker0: port 1(veth346cc25) entered forwarding state
AGENT sockmap=on
[   18.572767] docker0: port 1(veth346cc25) entered disabled state
[   18.572807] vetha80f30b: renamed from eth0
[   18.588191] docker0: port 1(veth346cc25) entered disabled state
[   18.588389] veth346cc25 (unregistering): left allmulticast mode
[   18.588394] veth346cc25 (unregistering): left promiscuous mode
[   18.588395] docker0: port 1(veth346cc25) entered disabled state
[   18.735709] docker0: port 1(vethb3150bc) entered blocking state
[   18.735719] docker0: port 1(vethb3150bc) entered disabled state
[   18.735726] vethb3150bc: entered allmulticast mode
[   18.735741] vethb3150bc: entered promiscuous mode
[   18.737725] eth0: renamed from vethf2d861a
[   18.738058] docker0: port 1(vethb3150bc) entered blocking state
[   18.738067] docker0: port 1(vethb3150bc) entered forwarding state
[   34.190291] docker0: port 1(vethb3150bc) entered disabled state
[   34.190323] vethf2d861a: renamed from eth0
[   34.221581] docker0: port 1(vethb3150bc) entered disabled state
[   34.221808] vethb3150bc (unregistering): left allmulticast mode
[   34.221814] vethb3150bc (unregistering): left promiscuous mode
[   34.221816] docker0: port 1(vethb3150bc) entered disabled state
[   34.313750] docker0: port 1(veth1a78e7d) entered blocking state
[   34.313761] docker0: port 1(veth1a78e7d) entered disabled state
[   34.313768] veth1a78e7d: entered allmulticast mode
[   34.313784] veth1a78e7d: entered promiscuous mode
[   34.316884] eth0: renamed from vetheb45894
[   34.317322] docker0: port 1(veth1a78e7d) entered blocking state
[   34.317333] docker0: port 1(veth1a78e7d) entered forwarding state
[   70.593492] docker0: port 1(veth1a78e7d) entered disabled state
[   70.593559] vetheb45894: renamed from eth0
[   70.614803] docker0: port 1(veth1a78e7d) entered disabled state
[   70.615056] veth1a78e7d (unregistering): left allmulticast mode
[   70.615062] veth1a78e7d (unregistering): left promiscuous mode
[   70.615064] docker0: port 1(veth1a78e7d) entered disabled state
[   71.219601] docker0: port 1(veth195b3e1) entered blocking state
[   71.219610] docker0: port 1(veth195b3e1) entered disabled state
[   71.219613] veth195b3e1: entered allmulticast mode
[   71.219624] veth195b3e1: entered promiscuous mode
[   71.221743] eth0: renamed from vethfa7917d
[   71.222020] docker0: port 1(veth195b3e1) entered blocking state
[   71.222030] docker0: port 1(veth195b3e1) entered forwarding state
[  101.990193] docker0: port 1(veth195b3e1) entered disabled state
[  101.990434] vethfa7917d: renamed from eth0
[  102.011198] docker0: port 1(veth195b3e1) entered disabled state
[  102.011572] veth195b3e1 (unregistering): left allmulticast mode
[  102.011581] veth195b3e1 (unregistering): left promiscuous mode
[  102.011583] docker0: port 1(veth195b3e1) entered disabled state
[  102.152096] docker0: port 1(veth15ad42c) entered blocking state
[  102.152106] docker0: port 1(veth15ad42c) entered disabled state
[  102.152111] veth15ad42c: entered allmulticast mode
[  102.152127] veth15ad42c: entered promiscuous mode
[  102.154416] eth0: renamed from veth704e2be
[  102.154711] docker0: port 1(veth15ad42c) entered blocking state
[  102.154722] docker0: port 1(veth15ad42c) entered forwarding state
2026-09-07T23:01:33.752499Z  WARN lighter_fs::server: an acknowledged setattr failed to apply errno=116
[  126.079757] docker0: port 1(veth15ad42c) entered disabled state
[  126.079784] veth704e2be: renamed from eth0
[  126.105844] docker0: port 1(veth15ad42c) entered disabled state
[  126.106087] veth15ad42c (unregistering): left allmulticast mode
[  126.106095] veth15ad42c (unregistering): left promiscuous mode
[  126.106100] docker0: port 1(veth15ad42c) entered disabled state
[  126.251373] docker0: port 1(veth200ee90) entered blocking state
[  126.251380] docker0: port 1(veth200ee90) entered disabled state
[  126.251695] veth200ee90: entered allmulticast mode
[  126.251710] veth200ee90: entered promiscuous mode
[  126.254141] eth0: renamed from veth6cf591e
[  126.254390] docker0: port 1(veth200ee90) entered blocking state
[  126.254398] docker0: port 1(veth200ee90) entered forwarding state
[  151.708604] docker0: port 1(veth200ee90) entered disabled state
[  151.708635] veth6cf591e: renamed from eth0
[  151.725955] docker0: port 1(veth200ee90) entered disabled state
[  151.726177] veth200ee90 (unregistering): left allmulticast mode
[  151.726183] veth200ee90 (unregistering): left promiscuous mode
[  151.726184] docker0: port 1(veth200ee90) entered disabled state
[  151.876472] docker0: port 1(vethc1774dd) entered blocking state
[  151.876484] docker0: port 1(vethc1774dd) entered disabled state
[  151.876492] vethc1774dd: entered allmulticast mode
[  151.876510] vethc1774dd: entered promiscuous mode
[  151.879543] eth0: renamed from veth652a14a
[  151.879918] docker0: port 1(vethc1774dd) entered blocking state
[  151.879943] docker0: port 1(vethc1774dd) entered forwarding state
[  161.323959] docker0: port 1(vethc1774dd) entered disabled state
[  161.323990] veth652a14a: renamed from eth0
[  161.346115] docker0: port 1(vethc1774dd) entered disabled state
[  161.346335] vethc1774dd (unregistering): left allmulticast mode
[  161.346341] vethc1774dd (unregistering): left promiscuous mode
[  161.346343] docker0: port 1(vethc1774dd) entered disabled state
[  161.449593] docker0: port 1(veth7e4d310) entered blocking state
[  161.449603] docker0: port 1(veth7e4d310) entered disabled state
[  161.449610] veth7e4d310: entered allmulticast mode
[  161.449622] veth7e4d310: entered promiscuous mode
[  161.451732] eth0: renamed from vethf571a94
[  161.451982] docker0: port 1(veth7e4d310) entered blocking state
[  161.451988] docker0: port 1(veth7e4d310) entered forwarding state
[  163.562024] docker0: port 1(veth7e4d310) entered disabled state
[  163.562053] vethf571a94: renamed from eth0
[  163.589310] docker0: port 1(veth7e4d310) entered disabled state
[  163.589546] veth7e4d310 (unregistering): left allmulticast mode
[  163.589552] veth7e4d310 (unregistering): left promiscuous mode
[  163.589553] docker0: port 1(veth7e4d310) entered disabled state
[  163.733635] docker0: port 1(vethff919d5) entered blocking state
[  163.733646] docker0: port 1(vethff919d5) entered disabled state
[  163.733652] vethff919d5: entered allmulticast mode
[  163.733669] vethff919d5: entered promiscuous mode
[  163.736781] eth0: renamed from veth8d5bd1d
[  163.737208] docker0: port 1(vethff919d5) entered blocking state
[  163.737216] docker0: port 1(vethff919d5) entered forwarding state
[  164.072238] docker0: port 1(vethff919d5) entered disabled state
[  164.072308] veth8d5bd1d: renamed from eth0
[  164.097849] docker0: port 1(vethff919d5) entered disabled state
[  164.097980] vethff919d5 (unregistering): left allmulticast mode
[  164.097982] vethff919d5 (unregistering): left promiscuous mode
[  164.097984] docker0: port 1(vethff919d5) entered disabled state
[  164.219462] docker0: port 1(veth0a49070) entered blocking state
[  164.219470] docker0: port 1(veth0a49070) entered disabled state
[  164.219474] veth0a49070: entered allmulticast mode
[  164.219485] veth0a49070: entered promiscuous mode
[  164.222014] eth0: renamed from veth2748794
[  164.222181] docker0: port 1(veth0a49070) entered blocking state
[  164.222187] docker0: port 1(veth0a49070) entered forwarding state
[  180.252339] docker0: port 1(veth0a49070) entered disabled state
[  180.252367] veth2748794: renamed from eth0
[  180.269915] docker0: port 1(veth0a49070) entered disabled state
[  180.270005] veth0a49070 (unregistering): left allmulticast mode
[  180.270007] veth0a49070 (unregistering): left promiscuous mode
[  180.270007] docker0: port 1(veth0a49070) entered disabled state
[  180.420923] docker0: port 1(veth963c740) entered blocking state
[  180.420933] docker0: port 1(veth963c740) entered disabled state
[  180.420939] veth963c740: entered allmulticast mode
[  180.420955] veth963c740: entered promiscuous mode
[  180.423402] eth0: renamed from veth3a7ef62
[  180.423742] docker0: port 1(veth963c740) entered blocking state
[  180.423752] docker0: port 1(veth963c740) entered forwarding state
2026-09-07T23:02:30.903988Z  WARN lighter_fs::inode: the share is holding more descriptors than it may open=122851 budget=120960 inodes=221051 live=221051 examined=8192 parked=0 unheld=0 used=0 privileged=0 unparkable=0
[  199.073096] docker0: port 1(veth963c740) entered disabled state
[  199.073144] veth3a7ef62: renamed from eth0
[  199.090157] docker0: port 1(veth963c740) entered disabled state
[  199.090237] veth963c740 (unregistering): left allmulticast mode
[  199.090239] veth963c740 (unregistering): left promiscuous mode
[  199.090239] docker0: port 1(veth963c740) entered disabled state
[  199.238801] docker0: port 1(vethc5a78e5) entered blocking state
[  199.238812] docker0: port 1(vethc5a78e5) entered disabled state
[  199.238818] vethc5a78e5: entered allmulticast mode
[  199.238834] vethc5a78e5: entered promiscuous mode
[  199.241073] eth0: renamed from veth28f70b0
[  199.241469] docker0: port 1(vethc5a78e5) entered blocking state
[  199.241479] docker0: port 1(vethc5a78e5) entered forwarding state
[  208.427755] docker0: port 1(vethc5a78e5) entered disabled state
[  208.427795] veth28f70b0: renamed from eth0
[  208.454401] docker0: port 1(vethc5a78e5) entered disabled state
[  208.454779] vethc5a78e5 (unregistering): left allmulticast mode
[  208.454790] vethc5a78e5 (unregistering): left promiscuous mode
[  208.454795] docker0: port 1(vethc5a78e5) entered disabled state
[  210.815360] docker0: port 1(vetha521504) entered blocking state
[  210.815367] docker0: port 1(vetha521504) entered disabled state
[  210.815371] vetha521504: entered allmulticast mode
[  210.815383] vetha521504: entered promiscuous mode
[  210.817687] eth0: renamed from veth4ff9dee
[  210.817966] docker0: port 1(vetha521504) entered blocking state
[  210.817974] docker0: port 1(vetha521504) entered forwarding state
[  210.845982] docker0: port 1(vetha521504) entered disabled state
[  210.846172] veth4ff9dee: renamed from eth0
[  210.873430] docker0: port 1(vetha521504) entered disabled state
[  210.873661] vetha521504 (unregistering): left allmulticast mode
[  210.873669] vetha521504 (unregistering): left promiscuous mode
[  210.873674] docker0: port 1(vetha521504) entered disabled state
[  211.062769] docker0: port 1(vethabdbdeb) entered blocking state
[  211.062780] docker0: port 1(vethabdbdeb) entered disabled state
[  211.062787] vethabdbdeb: entered allmulticast mode
[  211.062802] vethabdbdeb: entered promiscuous mode
[  211.064902] eth0: renamed from vethe0eec3a
[  211.065050] docker0: port 1(vethabdbdeb) entered blocking state
[  211.065056] docker0: port 1(vethabdbdeb) entered forwarding state
[  211.093069] docker0: port 1(vethabdbdeb) entered disabled state
[  211.093100] vethe0eec3a: renamed from eth0
[  211.109519] docker0: port 1(vethabdbdeb) entered disabled state
[  211.109725] vethabdbdeb (unregistering): left allmulticast mode
[  211.109731] vethabdbdeb (unregistering): left promiscuous mode
[  211.109732] docker0: port 1(vethabdbdeb) entered disabled state
[  211.224521] docker0: port 1(vethf722654) entered blocking state
[  211.224528] docker0: port 1(vethf722654) entered disabled state
[  211.224532] vethf722654: entered allmulticast mode
[  211.224543] vethf722654: entered promiscuous mode
[  211.227454] eth0: renamed from vethdbe2b35
[  211.227811] docker0: port 1(vethf722654) entered blocking state
[  211.227817] docker0: port 1(vethf722654) entered forwarding state
[  211.252279] docker0: port 1(vethf722654) entered disabled state
[  211.252304] vethdbe2b35: renamed from eth0
[  211.269893] docker0: port 1(vethf722654) entered disabled state
[  211.270123] vethf722654 (unregistering): left allmulticast mode
[  211.270132] vethf722654 (unregistering): left promiscuous mode
[  211.270137] docker0: port 1(vethf722654) entered disabled state
[  211.390860] docker0: port 1(veth6ddf4f5) entered blocking state
[  211.390867] docker0: port 1(veth6ddf4f5) entered disabled state
[  211.390870] veth6ddf4f5: entered allmulticast mode
[  211.390882] veth6ddf4f5: entered promiscuous mode
[  211.393019] eth0: renamed from veth1db3fd3
[  211.393352] docker0: port 1(veth6ddf4f5) entered blocking state
[  211.393361] docker0: port 1(veth6ddf4f5) entered forwarding state
[  211.433142] docker0: port 1(veth6ddf4f5) entered disabled state
[  211.433170] veth1db3fd3: renamed from eth0
[  211.449400] docker0: port 1(veth6ddf4f5) entered disabled state
[  211.449626] veth6ddf4f5 (unregistering): left allmulticast mode
[  211.449632] veth6ddf4f5 (unregistering): left promiscuous mode
[  211.449632] docker0: port 1(veth6ddf4f5) entered disabled state
[  211.548208] docker0: port 1(veth3c62ea4) entered blocking state
[  211.548216] docker0: port 1(veth3c62ea4) entered disabled state
[  211.548219] veth3c62ea4: entered allmulticast mode
[  211.548230] veth3c62ea4: entered promiscuous mode
[  211.550538] eth0: renamed from veth867f5fd
[  211.550827] docker0: port 1(veth3c62ea4) entered blocking state
[  211.550835] docker0: port 1(veth3c62ea4) entered forwarding state
[  211.724593] docker0: port 1(veth3c62ea4) entered disabled state
[  211.724634] veth867f5fd: renamed from eth0
[  211.743039] docker0: port 1(veth3c62ea4) entered disabled state
[  211.743313] veth3c62ea4 (unregistering): left allmulticast mode
[  211.743323] veth3c62ea4 (unregistering): left promiscuous mode
[  211.743328] docker0: port 1(veth3c62ea4) entered disabled state
2026-09-07T23:03:04.142822Z  INFO lighter_vmm::virtio::mem: virtio-mem offer requested_mib=7552 plugged_mib=12288
[  214.970897] virtio_mem virtio8: plugged size: 0x300000000
[  214.970913] virtio_mem virtio8: requested size: 0x1d8000000
2026-09-07T23:03:04.172185Z  INFO lighter_vmm::virtio::mem: virtio-mem offer requested_mib=2816 plugged_mib=12160
[  215.000266] virtio_mem virtio8: plugged size: 0x2f8000000
[  215.000275] virtio_mem virtio8: requested size: 0xb0000000
2026-09-07T23:03:05.184449Z  INFO lighter_vmm::virtio::mem: virtio-mem offer requested_mib=0 plugged_mib=7296
[  216.012534] virtio_mem virtio8: plugged size: 0x1c8000000
[  216.012544] virtio_mem virtio8: requested size: 0x0
[  216.581210] Fallback order for Node 0: 0 
[  216.581221] Built 1 zonelists, mobility grouping on.  Total pages: 2049623
[  216.581227] Policy zone: Normal
2026-09-07T23:03:06.055985Z  INFO lighter_vmm::virtio::mem: virtio-mem offer requested_mib=12288 plugged_mib=384
[  216.884027] virtio_mem virtio8: plugged size: 0x18000000
[  216.884036] virtio_mem virtio8: requested size: 0x300000000
[  216.884475] Fallback order for Node 0: 0 
[  216.884485] Built 1 zonelists, mobility grouping on.  Total pages: 1114167
[  216.884486] Policy zone: Normal
[  216.963969] docker0: port 1(vethc34e274) entered blocking state
[  216.963978] docker0: port 1(vethc34e274) entered disabled state
[  216.963981] vethc34e274: entered allmulticast mode
[  216.963992] vethc34e274: entered promiscuous mode
[  216.966603] eth0: renamed from vetha340aa1
[  216.966781] docker0: port 1(vethc34e274) entered blocking state
[  216.966788] docker0: port 1(vethc34e274) entered forwarding state
[  229.656092] docker0: port 1(vethc34e274) entered disabled state
[  229.656128] vetha340aa1: renamed from eth0
[  229.682149] docker0: port 1(vethc34e274) entered disabled state
[  229.682228] vethc34e274 (unregistering): left allmulticast mode
[  229.682230] vethc34e274 (unregistering): left promiscuous mode
[  229.682231] docker0: port 1(vethc34e274) entered disabled state
2026-09-07T23:03:22.043735Z  INFO lighter_vmm::virtio::mem: virtio-mem offer requested_mib=2176 plugged_mib=12288
[  232.871682] virtio_mem virtio8: plugged size: 0x300000000
[  232.871703] virtio_mem virtio8: requested size: 0x88000000
2026-09-07T23:03:22.279660Z  INFO lighter_vmm::virtio::mem: virtio-mem offer requested_mib=0 plugged_mib=9472
[  233.107597] virtio_mem virtio8: plugged size: 0x250000000
[  233.107607] virtio_mem virtio8: requested size: 0x0
[  233.892149] Fallback order for Node 0: 0 
[  233.892161] Built 1 zonelists, mobility grouping on.  Total pages: 2049623
[  233.892165] Policy zone: Normal
2026-09-07T23:04:19.277074Z  INFO lighter_vmm::virtio::mem: virtio-mem offer requested_mib=12288 plugged_mib=384
[  290.104585] virtio_mem virtio8: plugged size: 0x18000000
[  290.104596] virtio_mem virtio8: requested size: 0x300000000
[  290.105209] Fallback order for Node 0: 0 
[  290.105220] Built 1 zonelists, mobility grouping on.  Total pages: 1114167
[  290.105224] Policy zone: Normal
[  290.181916] docker0: port 1(veth02b9de6) entered blocking state
[  290.181927] docker0: port 1(veth02b9de6) entered disabled state
[  290.181933] veth02b9de6: entered allmulticast mode
[  290.181963] veth02b9de6: entered promiscuous mode
[  290.184790] eth0: renamed from vethdcf3d2b
[  290.185159] docker0: port 1(veth02b9de6) entered blocking state
[  290.185167] docker0: port 1(veth02b9de6) entered forwarding state
2026-09-07T23:04:19.378034Z  INFO lighter_vmm::streams: port published through a stream published=tcp [::]:5398 addr=[::]:5398 dst=[fd6c:6967:6874::2]:5398
2026-09-07T23:04:19.378075Z  INFO lighter_docker: port forwarded published=tcp [::]:5398
2026-09-07T23:04:19.378182Z  INFO lighter_vmm::streams: port published through a stream published=tcp 0.0.0.0:5398 addr=0.0.0.0:5398 dst=192.168.127.2:5398
2026-09-07T23:04:19.378188Z  INFO lighter_docker: port forwarded published=tcp 0.0.0.0:5398
[  290.264034] docker0: port 2(veth75ca253) entered blocking state
[  290.264060] docker0: port 2(veth75ca253) entered disabled state
[  290.264074] veth75ca253: entered allmulticast mode
[  290.264095] veth75ca253: entered promiscuous mode
[  290.266610] eth0: renamed from vethb25b397
[  290.266961] docker0: port 2(veth75ca253) entered blocking state
[  290.266971] docker0: port 2(veth75ca253) entered forwarding state
2026-09-07T23:04:19.461486Z  INFO lighter_vmm::streams: port published through a stream published=tcp 0.0.0.0:5397 addr=0.0.0.0:5397 dst=192.168.127.2:5397
2026-09-07T23:04:19.461517Z  INFO lighter_docker: port forwarded published=tcp 0.0.0.0:5397
2026-09-07T23:04:19.461568Z  INFO lighter_vmm::streams: port published through a stream published=tcp [::]:5397 addr=[::]:5397 dst=[fd6c:6967:6874::2]:5397
2026-09-07T23:04:19.461574Z  INFO lighter_docker: port forwarded published=tcp [::]:5397
AGENT sockmap=on
[  290.382593] docker0: port 3(vethfc48ddd) entered blocking state
[  290.382602] docker0: port 3(vethfc48ddd) entered disabled state
[  290.382608] vethfc48ddd: entered allmulticast mode
[  290.382620] vethfc48ddd: entered promiscuous mode
[  290.384894] eth0: renamed from veth57a2f8c
[  290.385156] docker0: port 3(vethfc48ddd) entered blocking state
[  290.385164] docker0: port 3(vethfc48ddd) entered forwarding state
[  293.407362] docker0: port 3(vethfc48ddd) entered disabled state
[  293.407392] veth57a2f8c: renamed from eth0
[  293.421610] docker0: port 3(vethfc48ddd) entered disabled state
[  293.421834] vethfc48ddd (unregistering): left allmulticast mode
[  293.421841] vethfc48ddd (unregistering): left promiscuous mode
[  293.421850] docker0: port 3(vethfc48ddd) entered disabled state
[  293.528449] docker0: port 3(vethf624b56) entered blocking state
[  293.528456] docker0: port 3(vethf624b56) entered disabled state
[  293.528458] vethf624b56: entered allmulticast mode
[  293.528471] vethf624b56: entered promiscuous mode
[  293.531268] eth0: renamed from veth6e05621
[  293.531574] docker0: port 3(vethf624b56) entered blocking state
[  293.531582] docker0: port 3(vethf624b56) entered forwarding state
[  296.558471] veth6e05621: renamed from eth0
[  296.558644] docker0: port 3(vethf624b56) entered disabled state
[  296.573864] docker0: port 3(vethf624b56) entered disabled state
[  296.574095] vethf624b56 (unregistering): left allmulticast mode
[  296.574101] vethf624b56 (unregistering): left promiscuous mode
[  296.574102] docker0: port 3(vethf624b56) entered disabled state
[  296.690854] docker0: port 3(veth0df0a87) entered blocking state
[  296.690863] docker0: port 3(veth0df0a87) entered disabled state
[  296.690869] veth0df0a87: entered allmulticast mode
[  296.690885] veth0df0a87: entered promiscuous mode
[  296.692908] eth0: renamed from vethce66158
[  296.693052] docker0: port 3(veth0df0a87) entered blocking state
[  296.693057] docker0: port 3(veth0df0a87) entered forwarding state
[  299.722916] docker0: port 3(veth0df0a87) entered disabled state
[  299.722945] vethce66158: renamed from eth0
[  299.740673] docker0: port 3(veth0df0a87) entered disabled state
[  299.740796] veth0df0a87 (unregistering): left allmulticast mode
[  299.740799] veth0df0a87 (unregistering): left promiscuous mode
[  299.740800] docker0: port 3(veth0df0a87) entered disabled state
[  299.867395] docker0: port 3(veth917aebf) entered blocking state
[  299.867401] docker0: port 3(veth917aebf) entered disabled state
[  299.867404] veth917aebf: entered allmulticast mode
[  299.867416] veth917aebf: entered promiscuous mode
[  299.869564] eth0: renamed from veth38777f2
[  299.869884] docker0: port 3(veth917aebf) entered blocking state
[  299.869891] docker0: port 3(veth917aebf) entered forwarding state
[  302.889067] docker0: port 3(veth917aebf) entered disabled state
[  302.889094] veth38777f2: renamed from eth0
[  302.909449] docker0: port 3(veth917aebf) entered disabled state
[  302.909681] veth917aebf (unregistering): left allmulticast mode
[  302.909688] veth917aebf (unregistering): left promiscuous mode
[  302.909693] docker0: port 3(veth917aebf) entered disabled state
[  303.023459] docker0: port 3(vethd30322d) entered blocking state
[  303.023468] docker0: port 3(vethd30322d) entered disabled state
[  303.023475] vethd30322d: entered allmulticast mode
[  303.023491] vethd30322d: entered promiscuous mode
[  303.025621] eth0: renamed from vethf92063e
[  303.025896] docker0: port 3(vethd30322d) entered blocking state
[  303.025904] docker0: port 3(vethd30322d) entered forwarding state
[  306.055181] docker0: port 3(vethd30322d) entered disabled state
[  306.055214] vethf92063e: renamed from eth0
[  306.078274] docker0: port 3(vethd30322d) entered disabled state
[  306.078521] vethd30322d (unregistering): left allmulticast mode
[  306.078529] vethd30322d (unregistering): left promiscuous mode
[  306.078534] docker0: port 3(vethd30322d) entered disabled state
[  306.198778] docker0: port 3(vethdb4e198) entered blocking state
[  306.198785] docker0: port 3(vethdb4e198) entered disabled state
[  306.198789] vethdb4e198: entered allmulticast mode
[  306.198802] vethdb4e198: entered promiscuous mode
[  306.201152] eth0: renamed from vethd7faa99
[  306.201318] docker0: port 3(vethdb4e198) entered blocking state
[  306.201319] docker0: port 3(vethdb4e198) entered forwarding state
[  309.221732] docker0: port 3(vethdb4e198) entered disabled state
[  309.221760] vethd7faa99: renamed from eth0
[  309.236646] docker0: port 3(vethdb4e198) entered disabled state
[  309.236920] vethdb4e198 (unregistering): left allmulticast mode
[  309.236936] vethdb4e198 (unregistering): left promiscuous mode
[  309.236941] docker0: port 3(vethdb4e198) entered disabled state
[  327.577920] docker0: port 3(veth1d4fc93) entered blocking state
[  327.577934] docker0: port 3(veth1d4fc93) entered disabled state
[  327.577953] veth1d4fc93: entered allmulticast mode
[  327.577974] veth1d4fc93: entered promiscuous mode
[  327.580876] eth0: renamed from veth8e17acf
[  327.581201] docker0: port 3(veth1d4fc93) entered blocking state
[  327.581209] docker0: port 3(veth1d4fc93) entered forwarding state
[  330.636701] docker0: port 3(veth1d4fc93) entered disabled state
[  330.636742] veth8e17acf: renamed from eth0
[  330.654682] docker0: port 3(veth1d4fc93) entered disabled state
[  330.654968] veth1d4fc93 (unregistering): left allmulticast mode
[  330.654974] veth1d4fc93 (unregistering): left promiscuous mode
[  330.654976] docker0: port 3(veth1d4fc93) entered disabled state
[  330.768735] docker0: port 3(veth2f21ed8) entered blocking state
[  330.768746] docker0: port 3(veth2f21ed8) entered disabled state
[  330.768755] veth2f21ed8: entered allmulticast mode
[  330.768773] veth2f21ed8: entered promiscuous mode
[  330.772254] eth0: renamed from veth967ca74
[  330.772590] docker0: port 3(veth2f21ed8) entered blocking state
[  330.772601] docker0: port 3(veth2f21ed8) entered forwarding state
[  333.832729] docker0: port 3(veth2f21ed8) entered disabled state
[  333.832774] veth967ca74: renamed from eth0
[  333.846858] docker0: port 3(veth2f21ed8) entered disabled state
[  333.846966] veth2f21ed8 (unregistering): left allmulticast mode
[  333.846968] veth2f21ed8 (unregistering): left promiscuous mode
[  333.846968] docker0: port 3(veth2f21ed8) entered disabled state
[  333.969724] docker0: port 3(veth2788aa2) entered blocking state
[  333.969734] docker0: port 3(veth2788aa2) entered disabled state
[  333.969745] veth2788aa2: entered allmulticast mode
[  333.969771] veth2788aa2: entered promiscuous mode
[  333.972414] eth0: renamed from vethb02234e
[  333.972707] docker0: port 3(veth2788aa2) entered blocking state
[  333.972716] docker0: port 3(veth2788aa2) entered forwarding state
[  337.015617] docker0: port 3(veth2788aa2) entered disabled state
[  337.015648] vethb02234e: renamed from eth0
[  337.042378] docker0: port 3(veth2788aa2) entered disabled state
[  337.042673] veth2788aa2 (unregistering): left allmulticast mode
[  337.042681] veth2788aa2 (unregistering): left promiscuous mode
[  337.042683] docker0: port 3(veth2788aa2) entered disabled state
[  338.103681] docker0: port 3(veth96644a5) entered blocking state
[  338.103693] docker0: port 3(veth96644a5) entered disabled state
[  338.103703] veth96644a5: entered allmulticast mode
[  338.103719] veth96644a5: entered promiscuous mode
[  338.108530] eth0: renamed from vethe6f1e1b
[  338.108810] docker0: port 3(veth96644a5) entered blocking state
[  338.108819] docker0: port 3(veth96644a5) entered forwarding state
[  338.181175] docker0: port 3(veth96644a5) entered disabled state
[  338.181233] vethe6f1e1b: renamed from eth0
[  338.214140] docker0: port 3(veth96644a5) entered disabled state
[  338.214409] veth96644a5 (unregistering): left allmulticast mode
[  338.214415] veth96644a5 (unregistering): left promiscuous mode
[  338.214415] docker0: port 3(veth96644a5) entered disabled state
[  338.300227] docker0: port 3(veth636aa91) entered blocking state
[  338.300237] docker0: port 3(veth636aa91) entered disabled state
[  338.300244] veth636aa91: entered allmulticast mode
[  338.300261] veth636aa91: entered promiscuous mode
[  338.302894] eth0: renamed from veth6c84454
[  338.303175] docker0: port 3(veth636aa91) entered blocking state
[  338.303183] docker0: port 3(veth636aa91) entered forwarding state
[  338.365002] docker0: port 3(veth636aa91) entered disabled state
[  338.365031] veth6c84454: renamed from eth0
[  338.382541] docker0: port 3(veth636aa91) entered disabled state
[  338.382878] veth636aa91 (unregistering): left allmulticast mode
[  338.382903] veth636aa91 (unregistering): left promiscuous mode
[  338.382908] docker0: port 3(veth636aa91) entered disabled state
[  338.463862] docker0: port 3(veth83acf2d) entered blocking state
[  338.463873] docker0: port 3(veth83acf2d) entered disabled state
[  338.463885] veth83acf2d: entered allmulticast mode
[  338.463898] veth83acf2d: entered promiscuous mode
[  338.466868] eth0: renamed from veth0d8aea2
[  338.467196] docker0: port 3(veth83acf2d) entered blocking state
[  338.467206] docker0: port 3(veth83acf2d) entered forwarding state
[  338.525228] docker0: port 3(veth83acf2d) entered disabled state
[  338.525261] veth0d8aea2: renamed from eth0
[  338.542441] docker0: port 3(veth83acf2d) entered disabled state
[  338.542691] veth83acf2d (unregistering): left allmulticast mode
[  338.542698] veth83acf2d (unregistering): left promiscuous mode
[  338.542699] docker0: port 3(veth83acf2d) entered disabled state
[  338.652305] docker0: port 1(veth02b9de6) entered disabled state
[  338.652381] vethdcf3d2b: renamed from eth0
[  338.672979] docker0: port 1(veth02b9de6) entered disabled state
[  338.673224] veth02b9de6 (unregistering): left allmulticast mode
[  338.673230] veth02b9de6 (unregistering): left promiscuous mode
[  338.673232] docker0: port 1(veth02b9de6) entered disabled state
[  338.682300] docker0: port 2(veth75ca253) entered disabled state
[  338.682327] vethb25b397: renamed from eth0
2026-09-07T23:05:07.888898Z  INFO lighter_docker: port forward withdrawn published=tcp [::]:5398
2026-09-07T23:05:07.889070Z  INFO lighter_docker: port forward withdrawn published=tcp 0.0.0.0:5398
[  338.716513] docker0: port 2(veth75ca253) entered disabled state
[  338.716743] veth75ca253 (unregistering): left allmulticast mode
[  338.716749] veth75ca253 (unregistering): left promiscuous mode
[  338.716750] docker0: port 2(veth75ca253) entered disabled state
2026-09-07T23:05:07.940103Z  INFO lighter_docker: port forward withdrawn published=tcp [::]:5397
2026-09-07T23:05:07.940388Z  INFO lighter_docker: port forward withdrawn published=tcp 0.0.0.0:5397
2026-09-07T23:05:10.935273Z  INFO lighter_vmm::virtio::mem: virtio-mem offer requested_mib=1024 plugged_mib=12288
[  341.766015] virtio_mem virtio8: plugged size: 0x300000000
[  341.766026] virtio_mem virtio8: requested size: 0x40000000
2026-09-07T23:05:11.007217Z  INFO lighter_vmm::virtio::mem: virtio-mem offer requested_mib=0 plugged_mib=11648
[  341.834384] virtio_mem virtio8: plugged size: 0x2d8000000
[  341.834396] virtio_mem virtio8: requested size: 0x0
[  342.427359] Fallback order for Node 0: 0 
[  342.427370] Built 1 zonelists, mobility grouping on.  Total pages: 2049623
[  342.427375] Policy zone: Normal
2026-09-07T23:06:11.420879Z  INFO lighter_vmm::memory_policy: virtio-mem: an unplug the guest could not finish; keeping the block plugged_mib=384
2026-09-07T23:06:11.420915Z  INFO lighter_vmm::virtio::mem: virtio-mem offer requested_mib=384 plugged_mib=384
[  402.247609] virtio_mem virtio8: plugged size: 0x18000000
[  402.247624] virtio_mem virtio8: requested size: 0x18000000
2026-09-07T23:06:16.457299Z  INFO lighter_vmm::virtio::mem: virtio-mem offer requested_mib=0 plugged_mib=384
[  407.283980] virtio_mem virtio8: plugged size: 0x18000000
[  407.283995] virtio_mem virtio8: requested size: 0x0
