Installed lighter 0.5.0 (Linux 6.18.49).
lighter will start when you log in.
Stopped.
staged 0.5.1
PASS: concurrent updater refused
Installed lighter 0.5.1 (Linux 6.18.49).
PASS: stopped upgrade remains stopped
PASS: interrupted transaction recovers previous stopped release
Already installed: 0.5.0
Starting lighter (2 cores, 2048 MiB)…
Docker 28.3.3 on linux/arm64
Running as pid 60289; the docker CLI now points at it.
Unable to find image 'alpine:3.21' locally
3.21: Pulling from library/alpine
2dd7199cff98: Pulling fs layer
2dd7199cff98: Verifying Checksum
2dd7199cff98: Download complete
2dd7199cff98: Pull complete
Digest: sha256:48b0309ca019d89d40f670aa1bc06e426dc0931948452e8491e3d65087abc07d
Status: Downloaded newer image for alpine:3.21
staged 0.5.1
staged 0.5.1
PASS: tampered kernel rejected before stopping VM
Installed lighter 0.5.1 (Linux 6.18.49).
PASS: explicit running upgrade preserved container and volume
staged 0.5.2
PASS: failed boot rolled back and restored running container and volume
  installation  install script; /private/tmp/lighter-staged.pDgsQT/u/.lighter/releases/0.5.1/bin/lighter
  CLI version   0.5.1
  installed     0.5.1
  kernel image  6.18.49
  running       0.5.1
  kernel        6.18.49
  downloaded    0.5.2
lighter is running.
  pid        60660
  docker     28.3.3 on linux/arm64
  memory     371 MiB
  socket     /tmp/lighter-staged.pDgsQT/u/.lighter/docker.sock
Stopped.
failed to scan /private/tmp/lighter-staged.pDgsQT/u/.lighter/releases/0.5.1/share/lighter/lighter.app: -10814
 from spotlightfailed to scan /private/tmp/lighter-staged.pDgsQT/u/.lighter/releases/0.5.2/share/lighter/lighter.app: -10814
 from spotlightfailed to scan /private/tmp/lighter-staged.pDgsQT/u/Library/Application Support/lighter/updates/4c0cf3e3361ddfc5c3249995/release-0.5.2/share/lighter/lighter.app: -10814
 from spotlightfailed to scan /private/tmp/lighter-staged.pDgsQT/u/Library/Application Support/lighter/updates/4c0cf3e3361ddfc5c3249995/release-0.5.1/share/lighter/lighter.app: -10814
 from spotlightTemporary test bundle cleanup: 5 paths, 4 errors
