Not running.
Saved. Restart for it to take effect: `lighter restart`
  cpus       4
  memory     4096 MiB
  disk       64 GiB
  publish    localhost (wildcard publishes on loopback)
  share      <repo>
Starting lighter (4 cores, 4096 MiB)…
Docker 28.3.3 on linux/arm64
Running as pid 60701; use DOCKER_HOST=unix:///private/var/folders/t_/gbzzqq_x4hvg4qdrhspkp37m0000gn/T/lighter-kind-m1-uqogyroy/docker.sock
Traceback (most recent call last):
  File "<repo>/scripts/test-kind.py", line 711, in <module>
    raise SystemExit(main())
                     ~~~~^^
  File "<repo>/scripts/test-kind.py", line 188, in main
    kind=cmd([a.kind, "version"]).stdout.strip(),
         ~~~^^^^^^^^^^^^^^^^^^^^^
  File "<repo>/scripts/test-kind.py", line 72, in cmd
    p = sp.run(args, env=env, capture_output=True, text=True, timeout=timeout)
  File "/opt/homebrew/Cellar/python@3.14/3.14.7/Frameworks/Python.framework/Versions/3.14/lib/python3.14/subprocess.py", line 555, in run
    with Popen(*popenargs, **kwargs) as process:
         ~~~~~^^^^^^^^^^^^^^^^^^^^^^
  File "/opt/homebrew/Cellar/python@3.14/3.14.7/Frameworks/Python.framework/Versions/3.14/lib/python3.14/subprocess.py", line 1039, in __init__
    self._execute_child(args, executable, preexec_fn, close_fds,
    ~~~~~~~~~~~~~~~~~~~^^^^^^^^^^^^^^^^^^^^^^^^^^^^^^^^^^^^^^^^^
                        pass_fds, cwd, env,
                        ^^^^^^^^^^^^^^^^^^^
    ...<5 lines>...
                        gid, gids, uid, umask,
                        ^^^^^^^^^^^^^^^^^^^^^^
                        start_new_session, process_group)
                        ^^^^^^^^^^^^^^^^^^^^^^^^^^^^^^^^^
  File "/opt/homebrew/Cellar/python@3.14/3.14.7/Frameworks/Python.framework/Versions/3.14/lib/python3.14/subprocess.py", line 1990, in _execute_child
    raise child_exception_type(errno_num, err_msg, err_filename)
FileNotFoundError: [Errno 2] No such file or directory: '<repo>/.logs/kind-m1/bin/kind'
